Namespace(allow_short_run=False, audio_feature='wav2vec-large-c-UTT', base_model='LSTM', batch_size=32, branch_fusion='addition', data_root='/data2/yb/paper/GCNet_TPAMI_modality_jepa_20260818/dataset/IEMOCAP', dataset='IEMOCAPSix', dropout=0.5, epochs=100, fold_index=5, graph_conv_variant='original', hidden=200, l2=1e-05, loss_recon=True, lower_bound=False, lr=0.001, mask_bank_root='/data2/yb/paper/experiments/mpfilm_iemocap6_20260824/mask_banks', mask_seed=69, mask_type='constant-0.3', n_classes=6, n_speakers=2, no_cuda=False, num_folder=5, num_threads=6, output_dir='/data2/yb/paper/experiments/second_graph_aggregation_iemocap6_20260825_phase_b/formal/rtdr/miss_0p3/seed_69/fold_5/saved', post_graph_context='bilstm', pre_graph_context='bilstm', reccls_flag=False, relation_track_routing='diagonal', second_graph_aggregation='add', seed=69, text_feature='deberta-large-4-UTT', time_attn=False, video_feature='manet_UTT', windowf=2, windowp=2)
====== Reading Data =======
audio dimension: 512; text dimension: 1024; video dimension: 1024
stage-aware mask bundle: sha256=bbc9aacf683e226f489818713e409f1cd562b4e84048b1d6253a31441307ae01 requested=0.3000 realized=0.3021
====== Training and Evaluation =======
>>>>> Cross-validation: training on the 5 folder >>>>>
Step1: build model (each folder has its own model)
Model have 36419816 paramerters in total
Graph NN with LSTM as base model.
Step2: training (multiple epoches)
sample number: 5810.0
sample number: 1623.0
sample number: 1623.0
epoch:1; train_fscore:19.03%; train_loss:3.4301; train_loss1:1.7226; train_loss2:1.7075
sample number: 5810.0
sample number: 1623.0
sample number: 1623.0
epoch:2; train_fscore:20.47%; train_loss:3.6197; train_loss1:2.0553; train_loss2:1.5644
sample number: 5810.0
sample number: 1623.0
sample number: 1623.0
epoch:3; train_fscore:25.03%; train_loss:3.0335; train_loss1:1.5701; train_loss2:1.4634
sample number: 5810.0
sample number: 1623.0
sample number: 1623.0
epoch:4; train_fscore:26.00%; train_loss:2.8003; train_loss1:1.5381; train_loss2:1.2622
sample number: 5810.0
sample number: 1623.0
sample number: 1623.0
epoch:5; train_fscore:39.23%; train_loss:2.6222; train_loss1:1.4571; train_loss2:1.1652
sample number: 5810.0
sample number: 1623.0
sample number: 1623.0
epoch:6; train_fscore:29.03%; train_loss:2.7865; train_loss1:1.6262; train_loss2:1.1602
sample number: 5810.0
sample number: 1623.0
sample number: 1623.0
epoch:7; train_fscore:25.71%; train_loss:2.453; train_loss1:1.5079; train_loss2:0.9451
sample number: 5810.0
sample number: 1623.0
sample number: 1623.0
epoch:8; train_fscore:26.81%; train_loss:2.2253; train_loss1:1.454; train_loss2:0.7713
sample number: 5810.0
sample number: 1623.0
sample number: 1623.0
epoch:9; train_fscore:29.08%; train_loss:2.0899; train_loss1:1.4782; train_loss2:0.6117
sample number: 5810.0
sample number: 1623.0
sample number: 1623.0
epoch:10; train_fscore:32.91%; train_loss:2.023; train_loss1:1.4194; train_loss2:0.6035
sample number: 5810.0
sample number: 1623.0
sample number: 1623.0
epoch:11; train_fscore:36.36%; train_loss:1.83; train_loss1:1.3371; train_loss2:0.4929
sample number: 5810.0
sample number: 1623.0
sample number: 1623.0
epoch:12; train_fscore:32.65%; train_loss:1.8557; train_loss1:1.3897; train_loss2:0.466
sample number: 5810.0
sample number: 1623.0
sample number: 1623.0
epoch:13; train_fscore:35.32%; train_loss:1.8986; train_loss1:1.4012; train_loss2:0.4974
sample number: 5810.0
sample number: 1623.0
sample number: 1623.0
epoch:14; train_fscore:40.61%; train_loss:1.7595; train_loss1:1.3155; train_loss2:0.444
sample number: 5810.0
sample number: 1623.0
sample number: 1623.0
epoch:15; train_fscore:39.15%; train_loss:1.7529; train_loss1:1.2666; train_loss2:0.4863
sample number: 5810.0
sample number: 1623.0
sample number: 1623.0
epoch:16; train_fscore:43.39%; train_loss:1.6247; train_loss1:1.18; train_loss2:0.4447
sample number: 5810.0
sample number: 1623.0
sample number: 1623.0
epoch:17; train_fscore:43.78%; train_loss:1.6338; train_loss1:1.1763; train_loss2:0.4575
sample number: 5810.0
sample number: 1623.0
sample number: 1623.0
epoch:18; train_fscore:48.90%; train_loss:1.5764; train_loss1:1.1549; train_loss2:0.4215
sample number: 5810.0
sample number: 1623.0
sample number: 1623.0
epoch:19; train_fscore:50.41%; train_loss:1.5406; train_loss1:1.1117; train_loss2:0.4289
sample number: 5810.0
sample number: 1623.0
sample number: 1623.0
epoch:20; train_fscore:50.32%; train_loss:1.5862; train_loss1:1.1174; train_loss2:0.4688
sample number: 5810.0
sample number: 1623.0
sample number: 1623.0
epoch:21; train_fscore:51.96%; train_loss:1.5302; train_loss1:1.0858; train_loss2:0.4444
sample number: 5810.0
sample number: 1623.0
sample number: 1623.0
epoch:22; train_fscore:52.89%; train_loss:1.5083; train_loss1:1.0463; train_loss2:0.462
sample number: 5810.0
sample number: 1623.0
sample number: 1623.0
epoch:23; train_fscore:55.21%; train_loss:1.4366; train_loss1:1.0358; train_loss2:0.4008
sample number: 5810.0
sample number: 1623.0
sample number: 1623.0
epoch:24; train_fscore:55.27%; train_loss:1.403; train_loss1:0.9956; train_loss2:0.4074
sample number: 5810.0
sample number: 1623.0
sample number: 1623.0
epoch:25; train_fscore:56.45%; train_loss:1.4038; train_loss1:0.9994; train_loss2:0.4044
sample number: 5810.0
sample number: 1623.0
sample number: 1623.0
epoch:26; train_fscore:54.25%; train_loss:1.4364; train_loss1:1.0119; train_loss2:0.4245
sample number: 5810.0
sample number: 1623.0
sample number: 1623.0
epoch:27; train_fscore:56.14%; train_loss:1.4168; train_loss1:0.9886; train_loss2:0.4281
sample number: 5810.0
sample number: 1623.0
sample number: 1623.0
epoch:28; train_fscore:57.51%; train_loss:1.3801; train_loss1:0.9655; train_loss2:0.4146
sample number: 5810.0
sample number: 1623.0
sample number: 1623.0
epoch:29; train_fscore:55.88%; train_loss:1.4039; train_loss1:0.9592; train_loss2:0.4447
sample number: 5810.0
sample number: 1623.0
sample number: 1623.0
epoch:30; train_fscore:60.32%; train_loss:1.352; train_loss1:0.9327; train_loss2:0.4193
sample number: 5810.0
sample number: 1623.0
sample number: 1623.0
epoch:31; train_fscore:61.07%; train_loss:1.3468; train_loss1:0.9232; train_loss2:0.4236
sample number: 5810.0
sample number: 1623.0
sample number: 1623.0
epoch:32; train_fscore:58.45%; train_loss:1.4029; train_loss1:0.9531; train_loss2:0.4498
sample number: 5810.0
sample number: 1623.0
sample number: 1623.0
epoch:33; train_fscore:60.20%; train_loss:1.3361; train_loss1:0.9222; train_loss2:0.4139
sample number: 5810.0
sample number: 1623.0
sample number: 1623.0
epoch:34; train_fscore:60.09%; train_loss:1.3263; train_loss1:0.9208; train_loss2:0.4055
sample number: 5810.0
sample number: 1623.0
sample number: 1623.0
epoch:35; train_fscore:60.35%; train_loss:1.3154; train_loss1:0.8951; train_loss2:0.4203
sample number: 5810.0
sample number: 1623.0
sample number: 1623.0
epoch:36; train_fscore:61.73%; train_loss:1.3322; train_loss1:0.884; train_loss2:0.4482
sample number: 5810.0
sample number: 1623.0
sample number: 1623.0
epoch:37; train_fscore:62.10%; train_loss:1.2997; train_loss1:0.8819; train_loss2:0.4179
sample number: 5810.0
sample number: 1623.0
sample number: 1623.0
epoch:38; train_fscore:63.47%; train_loss:1.3008; train_loss1:0.8769; train_loss2:0.4239
sample number: 5810.0
sample number: 1623.0
sample number: 1623.0
epoch:39; train_fscore:62.78%; train_loss:1.3096; train_loss1:0.8741; train_loss2:0.4355
sample number: 5810.0
sample number: 1623.0
sample number: 1623.0
epoch:40; train_fscore:62.44%; train_loss:1.2621; train_loss1:0.8647; train_loss2:0.3975
sample number: 5810.0
sample number: 1623.0
sample number: 1623.0
epoch:41; train_fscore:64.07%; train_loss:1.2961; train_loss1:0.8443; train_loss2:0.4519
sample number: 5810.0
sample number: 1623.0
sample number: 1623.0
epoch:42; train_fscore:64.19%; train_loss:1.2456; train_loss1:0.8431; train_loss2:0.4025
sample number: 5810.0
sample number: 1623.0
sample number: 1623.0
epoch:43; train_fscore:63.16%; train_loss:1.2822; train_loss1:0.8435; train_loss2:0.4386
sample number: 5810.0
sample number: 1623.0
sample number: 1623.0
epoch:44; train_fscore:62.59%; train_loss:1.2724; train_loss1:0.868; train_loss2:0.4044
sample number: 5810.0
sample number: 1623.0
sample number: 1623.0
epoch:45; train_fscore:65.31%; train_loss:1.2838; train_loss1:0.8231; train_loss2:0.4608
sample number: 5810.0
sample number: 1623.0
sample number: 1623.0
epoch:46; train_fscore:62.00%; train_loss:1.3158; train_loss1:0.8543; train_loss2:0.4615
sample number: 5810.0
sample number: 1623.0
sample number: 1623.0
epoch:47; train_fscore:64.44%; train_loss:1.2313; train_loss1:0.8272; train_loss2:0.4041
sample number: 5810.0
sample number: 1623.0
sample number: 1623.0
epoch:48; train_fscore:65.59%; train_loss:1.2157; train_loss1:0.8147; train_loss2:0.4009
sample number: 5810.0
sample number: 1623.0
sample number: 1623.0
epoch:49; train_fscore:65.58%; train_loss:1.2448; train_loss1:0.8202; train_loss2:0.4246
sample number: 5810.0
sample number: 1623.0
sample number: 1623.0
epoch:50; train_fscore:65.95%; train_loss:1.2257; train_loss1:0.7998; train_loss2:0.426
sample number: 5810.0
sample number: 1623.0
sample number: 1623.0
epoch:51; train_fscore:68.35%; train_loss:1.2067; train_loss1:0.7771; train_loss2:0.4296
sample number: 5810.0
sample number: 1623.0
sample number: 1623.0
epoch:52; train_fscore:71.30%; train_loss:1.1274; train_loss1:0.7206; train_loss2:0.4068
sample number: 5810.0
sample number: 1623.0
sample number: 1623.0
epoch:53; train_fscore:68.97%; train_loss:1.211; train_loss1:0.7441; train_loss2:0.4669
sample number: 5810.0
sample number: 1623.0
sample number: 1623.0
epoch:54; train_fscore:70.13%; train_loss:1.1466; train_loss1:0.7328; train_loss2:0.4138
sample number: 5810.0
sample number: 1623.0
sample number: 1623.0
epoch:55; train_fscore:73.13%; train_loss:1.0911; train_loss1:0.6892; train_loss2:0.4019
sample number: 5810.0
sample number: 1623.0
sample number: 1623.0
epoch:56; train_fscore:73.25%; train_loss:1.1398; train_loss1:0.673; train_loss2:0.4667
sample number: 5810.0
sample number: 1623.0
sample number: 1623.0
epoch:57; train_fscore:74.14%; train_loss:1.0949; train_loss1:0.6563; train_loss2:0.4386
sample number: 5810.0
sample number: 1623.0
sample number: 1623.0
epoch:58; train_fscore:73.17%; train_loss:1.0873; train_loss1:0.656; train_loss2:0.4313
sample number: 5810.0
sample number: 1623.0
sample number: 1623.0
epoch:59; train_fscore:76.22%; train_loss:1.0421; train_loss1:0.6244; train_loss2:0.4177
sample number: 5810.0
sample number: 1623.0
sample number: 1623.0
epoch:60; train_fscore:75.33%; train_loss:1.036; train_loss1:0.6193; train_loss2:0.4167
sample number: 5810.0
sample number: 1623.0
sample number: 1623.0
epoch:61; train_fscore:76.55%; train_loss:0.9729; train_loss1:0.599; train_loss2:0.374
sample number: 5810.0
sample number: 1623.0
sample number: 1623.0
epoch:62; train_fscore:75.35%; train_loss:1.0112; train_loss1:0.6075; train_loss2:0.4037
sample number: 5810.0
sample number: 1623.0
sample number: 1623.0
epoch:63; train_fscore:74.39%; train_loss:1.0544; train_loss1:0.6247; train_loss2:0.4297
sample number: 5810.0
sample number: 1623.0
sample number: 1623.0
epoch:64; train_fscore:76.78%; train_loss:1.0263; train_loss1:0.596; train_loss2:0.4303
sample number: 5810.0
sample number: 1623.0
sample number: 1623.0
epoch:65; train_fscore:76.95%; train_loss:0.9766; train_loss1:0.5757; train_loss2:0.4009
sample number: 5810.0
sample number: 1623.0
sample number: 1623.0
epoch:66; train_fscore:77.97%; train_loss:0.9495; train_loss1:0.5546; train_loss2:0.3949
sample number: 5810.0
sample number: 1623.0
sample number: 1623.0
epoch:67; train_fscore:76.55%; train_loss:0.9748; train_loss1:0.5814; train_loss2:0.3934
sample number: 5810.0
sample number: 1623.0
sample number: 1623.0
epoch:68; train_fscore:78.34%; train_loss:1.0311; train_loss1:0.5573; train_loss2:0.4739
sample number: 5810.0
sample number: 1623.0
sample number: 1623.0
epoch:69; train_fscore:77.71%; train_loss:0.9937; train_loss1:0.5652; train_loss2:0.4285
sample number: 5810.0
sample number: 1623.0
sample number: 1623.0
epoch:70; train_fscore:79.16%; train_loss:0.9524; train_loss1:0.5405; train_loss2:0.4119
sample number: 5810.0
sample number: 1623.0
sample number: 1623.0
epoch:71; train_fscore:80.74%; train_loss:0.892; train_loss1:0.5093; train_loss2:0.3826
sample number: 5810.0
sample number: 1623.0
sample number: 1623.0
epoch:72; train_fscore:78.69%; train_loss:0.9427; train_loss1:0.5324; train_loss2:0.4103
sample number: 5810.0
sample number: 1623.0
sample number: 1623.0
epoch:73; train_fscore:77.98%; train_loss:0.972; train_loss1:0.5418; train_loss2:0.4302
sample number: 5810.0
sample number: 1623.0
sample number: 1623.0
epoch:74; train_fscore:77.11%; train_loss:1.0111; train_loss1:0.599; train_loss2:0.4121
sample number: 5810.0
sample number: 1623.0
sample number: 1623.0
epoch:75; train_fscore:78.38%; train_loss:1.0183; train_loss1:0.537; train_loss2:0.4814
sample number: 5810.0
sample number: 1623.0
sample number: 1623.0
epoch:76; train_fscore:78.82%; train_loss:1.0; train_loss1:0.5367; train_loss2:0.4633
sample number: 5810.0
sample number: 1623.0
sample number: 1623.0
epoch:77; train_fscore:79.29%; train_loss:0.9172; train_loss1:0.5392; train_loss2:0.3779
sample number: 5810.0
sample number: 1623.0
sample number: 1623.0
epoch:78; train_fscore:79.45%; train_loss:0.9407; train_loss1:0.5209; train_loss2:0.4198
sample number: 5810.0
sample number: 1623.0
sample number: 1623.0
epoch:79; train_fscore:81.14%; train_loss:0.9313; train_loss1:0.4841; train_loss2:0.4472
sample number: 5810.0
sample number: 1623.0
sample number: 1623.0
epoch:80; train_fscore:81.41%; train_loss:0.8828; train_loss1:0.4801; train_loss2:0.4027
sample number: 5810.0
sample number: 1623.0
sample number: 1623.0
epoch:81; train_fscore:82.40%; train_loss:0.8506; train_loss1:0.4546; train_loss2:0.396
sample number: 5810.0
sample number: 1623.0
sample number: 1623.0
epoch:82; train_fscore:82.33%; train_loss:0.8697; train_loss1:0.4417; train_loss2:0.4281
sample number: 5810.0
sample number: 1623.0
sample number: 1623.0
epoch:83; train_fscore:82.30%; train_loss:0.8852; train_loss1:0.4477; train_loss2:0.4374
sample number: 5810.0
sample number: 1623.0
sample number: 1623.0
epoch:84; train_fscore:82.14%; train_loss:0.8881; train_loss1:0.4398; train_loss2:0.4483
sample number: 5810.0
sample number: 1623.0
sample number: 1623.0
epoch:85; train_fscore:82.88%; train_loss:0.8357; train_loss1:0.4309; train_loss2:0.4048
sample number: 5810.0
sample number: 1623.0
sample number: 1623.0
epoch:86; train_fscore:81.12%; train_loss:0.8626; train_loss1:0.4731; train_loss2:0.3895
sample number: 5810.0
sample number: 1623.0
sample number: 1623.0
epoch:87; train_fscore:81.80%; train_loss:0.884; train_loss1:0.4488; train_loss2:0.4352
sample number: 5810.0
sample number: 1623.0
sample number: 1623.0
epoch:88; train_fscore:82.15%; train_loss:0.8409; train_loss1:0.4547; train_loss2:0.3862
sample number: 5810.0
sample number: 1623.0
sample number: 1623.0
epoch:89; train_fscore:81.52%; train_loss:0.8897; train_loss1:0.4523; train_loss2:0.4374
sample number: 5810.0
sample number: 1623.0
sample number: 1623.0
epoch:90; train_fscore:82.91%; train_loss:0.8305; train_loss1:0.4379; train_loss2:0.3926
sample number: 5810.0
sample number: 1623.0
sample number: 1623.0
epoch:91; train_fscore:83.13%; train_loss:0.8539; train_loss1:0.425; train_loss2:0.4289
sample number: 5810.0
sample number: 1623.0
sample number: 1623.0
epoch:92; train_fscore:83.05%; train_loss:0.8434; train_loss1:0.4244; train_loss2:0.419
sample number: 5810.0
sample number: 1623.0
sample number: 1623.0
epoch:93; train_fscore:83.52%; train_loss:0.8434; train_loss1:0.4161; train_loss2:0.4273
sample number: 5810.0
sample number: 1623.0
sample number: 1623.0
epoch:94; train_fscore:83.67%; train_loss:0.8253; train_loss1:0.4098; train_loss2:0.4155
sample number: 5810.0
sample number: 1623.0
sample number: 1623.0
epoch:95; train_fscore:84.50%; train_loss:0.8178; train_loss1:0.3857; train_loss2:0.4321
sample number: 5810.0
sample number: 1623.0
sample number: 1623.0
epoch:96; train_fscore:85.41%; train_loss:0.8087; train_loss1:0.3822; train_loss2:0.4265
sample number: 5810.0
sample number: 1623.0
sample number: 1623.0
epoch:97; train_fscore:85.74%; train_loss:0.7691; train_loss1:0.3713; train_loss2:0.3978
sample number: 5810.0
sample number: 1623.0
sample number: 1623.0
epoch:98; train_fscore:85.61%; train_loss:0.7714; train_loss1:0.3672; train_loss2:0.4043
sample number: 5810.0
sample number: 1623.0
sample number: 1623.0
epoch:99; train_fscore:84.70%; train_loss:0.8043; train_loss1:0.3851; train_loss2:0.4192
sample number: 5810.0
sample number: 1623.0
sample number: 1623.0
epoch:100; train_fscore:84.73%; train_loss:0.841; train_loss1:0.383; train_loss2:0.458
Step3: saving and testing on the 5 folder
>>>>> Finish: training on the 5 folder, duration: 362.054883480072 >>>>>
====== Saving =======
SMOKE_ONLY=False
save results in /data2/yb/paper/experiments/second_graph_aggregation_iemocap6_20260825_phase_b/formal/rtdr/miss_0p3/seed_69/fold_5/saved/iemocapsix_original_addition_relationtrack_diagonal_f5_s69_m0p3_1787700516.5371976.npz
