Namespace(allow_short_run=False, audio_feature='wav2vec-large-c-UTT', base_model='LSTM', batch_size=32, branch_fusion='addition', data_root='/data2/yb/paper/GCNet_TPAMI_modality_jepa_20260818/dataset/IEMOCAP', dataset='IEMOCAPSix', dropout=0.5, epochs=100, fold_index=5, graph_conv_variant='original', hidden=200, l2=1e-05, loss_recon=True, lower_bound=False, lr=0.001, mask_bank_root='/data2/yb/paper/experiments/mpfilm_iemocap6_20260824/mask_banks', mask_seed=66, mask_type='constant-0.5', n_classes=6, n_speakers=2, no_cuda=False, num_folder=5, num_threads=6, output_dir='/data2/yb/paper/experiments/second_graph_aggregation_iemocap6_20260825/formal/soft_medoid/miss_0p5/seed_66/fold_5/saved', post_graph_context='bilstm', pre_graph_context='bilstm', reccls_flag=False, second_graph_aggregation='soft_medoid', seed=66, text_feature='deberta-large-4-UTT', time_attn=False, video_feature='manet_UTT', windowf=2, windowp=2)
====== Reading Data =======
audio dimension: 512; text dimension: 1024; video dimension: 1024
stage-aware mask bundle: sha256=bb80c56c917d1db989c65ece1718b3aaae4c4ac88802208de2183ac3475d9c90 requested=0.5000 realized=0.5028
====== Training and Evaluation =======
>>>>> Cross-validation: training on the 5 folder >>>>>
Step1: build model (each folder has its own model)
Model have 36419816 paramerters in total
Graph NN with LSTM as base model.
Step2: training (multiple epoches)
sample number: 5810.0
sample number: 1623.0
sample number: 1623.0
epoch:1; train_fscore:10.51%; train_loss:4.6449; train_loss1:1.8022; train_loss2:2.8427
sample number: 5810.0
sample number: 1623.0
sample number: 1623.0
epoch:2; train_fscore:15.79%; train_loss:4.1862; train_loss1:1.9613; train_loss2:2.2249
sample number: 5810.0
sample number: 1623.0
sample number: 1623.0
epoch:3; train_fscore:15.11%; train_loss:3.7193; train_loss1:1.7677; train_loss2:1.9515
sample number: 5810.0
sample number: 1623.0
sample number: 1623.0
epoch:4; train_fscore:12.44%; train_loss:3.5291; train_loss1:1.7828; train_loss2:1.7463
sample number: 5810.0
sample number: 1623.0
sample number: 1623.0
epoch:5; train_fscore:14.77%; train_loss:3.3623; train_loss1:1.7458; train_loss2:1.6165
sample number: 5810.0
sample number: 1623.0
sample number: 1623.0
epoch:6; train_fscore:15.05%; train_loss:2.9617; train_loss1:1.7521; train_loss2:1.2096
sample number: 5810.0
sample number: 1623.0
sample number: 1623.0
epoch:7; train_fscore:15.25%; train_loss:2.8845; train_loss1:1.7725; train_loss2:1.112
sample number: 5810.0
sample number: 1623.0
sample number: 1623.0
epoch:8; train_fscore:16.22%; train_loss:2.6733; train_loss1:1.7579; train_loss2:0.9154
sample number: 5810.0
sample number: 1623.0
sample number: 1623.0
epoch:9; train_fscore:14.62%; train_loss:2.6032; train_loss1:1.7729; train_loss2:0.8303
sample number: 5810.0
sample number: 1623.0
sample number: 1623.0
epoch:10; train_fscore:21.37%; train_loss:2.4839; train_loss1:1.6913; train_loss2:0.7926
sample number: 5810.0
sample number: 1623.0
sample number: 1623.0
epoch:11; train_fscore:25.37%; train_loss:2.4253; train_loss1:1.6567; train_loss2:0.7686
sample number: 5810.0
sample number: 1623.0
sample number: 1623.0
epoch:12; train_fscore:25.14%; train_loss:2.4028; train_loss1:1.6547; train_loss2:0.7481
sample number: 5810.0
sample number: 1623.0
sample number: 1623.0
epoch:13; train_fscore:19.39%; train_loss:2.4186; train_loss1:1.6472; train_loss2:0.7714
sample number: 5810.0
sample number: 1623.0
sample number: 1623.0
epoch:14; train_fscore:24.87%; train_loss:2.2781; train_loss1:1.531; train_loss2:0.747
sample number: 5810.0
sample number: 1623.0
sample number: 1623.0
epoch:15; train_fscore:25.82%; train_loss:2.2256; train_loss1:1.5304; train_loss2:0.6952
sample number: 5810.0
sample number: 1623.0
sample number: 1623.0
epoch:16; train_fscore:25.97%; train_loss:2.2409; train_loss1:1.5133; train_loss2:0.7276
sample number: 5810.0
sample number: 1623.0
sample number: 1623.0
epoch:17; train_fscore:27.38%; train_loss:2.2831; train_loss1:1.4861; train_loss2:0.7971
sample number: 5810.0
sample number: 1623.0
sample number: 1623.0
epoch:18; train_fscore:30.00%; train_loss:2.2555; train_loss1:1.5236; train_loss2:0.7319
sample number: 5810.0
sample number: 1623.0
sample number: 1623.0
epoch:19; train_fscore:23.74%; train_loss:2.1918; train_loss1:1.4533; train_loss2:0.7385
sample number: 5810.0
sample number: 1623.0
sample number: 1623.0
epoch:20; train_fscore:26.25%; train_loss:2.2268; train_loss1:1.4787; train_loss2:0.7481
sample number: 5810.0
sample number: 1623.0
sample number: 1623.0
epoch:21; train_fscore:26.67%; train_loss:2.1255; train_loss1:1.4664; train_loss2:0.659
sample number: 5810.0
sample number: 1623.0
sample number: 1623.0
epoch:22; train_fscore:33.19%; train_loss:2.1561; train_loss1:1.3689; train_loss2:0.7872
sample number: 5810.0
sample number: 1623.0
sample number: 1623.0
epoch:23; train_fscore:31.89%; train_loss:2.0523; train_loss1:1.322; train_loss2:0.7303
sample number: 5810.0
sample number: 1623.0
sample number: 1623.0
epoch:24; train_fscore:37.54%; train_loss:2.0213; train_loss1:1.2697; train_loss2:0.7516
sample number: 5810.0
sample number: 1623.0
sample number: 1623.0
epoch:25; train_fscore:37.54%; train_loss:2.0142; train_loss1:1.2849; train_loss2:0.7293
sample number: 5810.0
sample number: 1623.0
sample number: 1623.0
epoch:26; train_fscore:33.75%; train_loss:2.0864; train_loss1:1.3702; train_loss2:0.7162
sample number: 5810.0
sample number: 1623.0
sample number: 1623.0
epoch:27; train_fscore:32.32%; train_loss:2.0781; train_loss1:1.3801; train_loss2:0.698
sample number: 5810.0
sample number: 1623.0
sample number: 1623.0
epoch:28; train_fscore:35.69%; train_loss:2.0012; train_loss1:1.3161; train_loss2:0.6851
sample number: 5810.0
sample number: 1623.0
sample number: 1623.0
epoch:29; train_fscore:37.45%; train_loss:1.9998; train_loss1:1.2626; train_loss2:0.7372
sample number: 5810.0
sample number: 1623.0
sample number: 1623.0
epoch:30; train_fscore:36.06%; train_loss:1.8857; train_loss1:1.2634; train_loss2:0.6223
sample number: 5810.0
sample number: 1623.0
sample number: 1623.0
epoch:31; train_fscore:41.69%; train_loss:1.9413; train_loss1:1.2522; train_loss2:0.6891
sample number: 5810.0
sample number: 1623.0
sample number: 1623.0
epoch:32; train_fscore:39.07%; train_loss:1.9972; train_loss1:1.2267; train_loss2:0.7705
sample number: 5810.0
sample number: 1623.0
sample number: 1623.0
epoch:33; train_fscore:44.16%; train_loss:1.9368; train_loss1:1.2135; train_loss2:0.7233
sample number: 5810.0
sample number: 1623.0
sample number: 1623.0
epoch:34; train_fscore:39.88%; train_loss:1.9594; train_loss1:1.2339; train_loss2:0.7255
sample number: 5810.0
sample number: 1623.0
sample number: 1623.0
epoch:35; train_fscore:44.44%; train_loss:2.0362; train_loss1:1.2169; train_loss2:0.8194
sample number: 5810.0
sample number: 1623.0
sample number: 1623.0
epoch:36; train_fscore:38.28%; train_loss:1.9114; train_loss1:1.221; train_loss2:0.6904
sample number: 5810.0
sample number: 1623.0
sample number: 1623.0
epoch:37; train_fscore:44.62%; train_loss:1.9152; train_loss1:1.1674; train_loss2:0.7478
sample number: 5810.0
sample number: 1623.0
sample number: 1623.0
epoch:38; train_fscore:47.29%; train_loss:1.8557; train_loss1:1.1414; train_loss2:0.7143
sample number: 5810.0
sample number: 1623.0
sample number: 1623.0
epoch:39; train_fscore:49.15%; train_loss:1.7514; train_loss1:1.1272; train_loss2:0.6242
sample number: 5810.0
sample number: 1623.0
sample number: 1623.0
epoch:40; train_fscore:47.81%; train_loss:1.7971; train_loss1:1.1256; train_loss2:0.6715
sample number: 5810.0
sample number: 1623.0
sample number: 1623.0
epoch:41; train_fscore:51.94%; train_loss:1.9455; train_loss1:1.1173; train_loss2:0.8282
sample number: 5810.0
sample number: 1623.0
sample number: 1623.0
epoch:42; train_fscore:46.42%; train_loss:1.8227; train_loss1:1.1449; train_loss2:0.6778
sample number: 5810.0
sample number: 1623.0
sample number: 1623.0
epoch:43; train_fscore:51.84%; train_loss:1.8423; train_loss1:1.1037; train_loss2:0.7386
sample number: 5810.0
sample number: 1623.0
sample number: 1623.0
epoch:44; train_fscore:46.29%; train_loss:1.8478; train_loss1:1.1429; train_loss2:0.7049
sample number: 5810.0
sample number: 1623.0
sample number: 1623.0
epoch:45; train_fscore:50.32%; train_loss:1.8035; train_loss1:1.1214; train_loss2:0.6821
sample number: 5810.0
sample number: 1623.0
sample number: 1623.0
epoch:46; train_fscore:41.30%; train_loss:1.9043; train_loss1:1.1889; train_loss2:0.7154
sample number: 5810.0
sample number: 1623.0
sample number: 1623.0
epoch:47; train_fscore:50.27%; train_loss:1.7804; train_loss1:1.1007; train_loss2:0.6797
sample number: 5810.0
sample number: 1623.0
sample number: 1623.0
epoch:48; train_fscore:50.05%; train_loss:1.8162; train_loss1:1.0857; train_loss2:0.7304
sample number: 5810.0
sample number: 1623.0
sample number: 1623.0
epoch:49; train_fscore:54.27%; train_loss:1.7729; train_loss1:1.0615; train_loss2:0.7114
sample number: 5810.0
sample number: 1623.0
sample number: 1623.0
epoch:50; train_fscore:52.78%; train_loss:1.7837; train_loss1:1.0217; train_loss2:0.762
sample number: 5810.0
sample number: 1623.0
sample number: 1623.0
epoch:51; train_fscore:56.33%; train_loss:1.7657; train_loss1:1.0132; train_loss2:0.7525
sample number: 5810.0
sample number: 1623.0
sample number: 1623.0
epoch:52; train_fscore:53.18%; train_loss:1.7449; train_loss1:1.0188; train_loss2:0.7261
sample number: 5810.0
sample number: 1623.0
sample number: 1623.0
epoch:53; train_fscore:54.75%; train_loss:1.7376; train_loss1:1.0218; train_loss2:0.7158
sample number: 5810.0
sample number: 1623.0
sample number: 1623.0
epoch:54; train_fscore:54.89%; train_loss:1.6909; train_loss1:1.0109; train_loss2:0.68
sample number: 5810.0
sample number: 1623.0
sample number: 1623.0
epoch:55; train_fscore:54.24%; train_loss:1.6982; train_loss1:1.0174; train_loss2:0.6808
sample number: 5810.0
sample number: 1623.0
sample number: 1623.0
epoch:56; train_fscore:56.77%; train_loss:1.6954; train_loss1:1.0018; train_loss2:0.6936
sample number: 5810.0
sample number: 1623.0
sample number: 1623.0
epoch:57; train_fscore:57.26%; train_loss:1.6909; train_loss1:0.9718; train_loss2:0.7191
sample number: 5810.0
sample number: 1623.0
sample number: 1623.0
epoch:58; train_fscore:58.75%; train_loss:1.6317; train_loss1:0.9608; train_loss2:0.6708
sample number: 5810.0
sample number: 1623.0
sample number: 1623.0
epoch:59; train_fscore:58.43%; train_loss:1.734; train_loss1:0.963; train_loss2:0.771
sample number: 5810.0
sample number: 1623.0
sample number: 1623.0
epoch:60; train_fscore:57.79%; train_loss:1.6632; train_loss1:0.9553; train_loss2:0.7079
sample number: 5810.0
sample number: 1623.0
sample number: 1623.0
epoch:61; train_fscore:57.35%; train_loss:1.7082; train_loss1:0.9679; train_loss2:0.7403
sample number: 5810.0
sample number: 1623.0
sample number: 1623.0
epoch:62; train_fscore:61.18%; train_loss:1.6457; train_loss1:0.9309; train_loss2:0.7148
sample number: 5810.0
sample number: 1623.0
sample number: 1623.0
epoch:63; train_fscore:59.64%; train_loss:1.645; train_loss1:0.9351; train_loss2:0.7099
sample number: 5810.0
sample number: 1623.0
sample number: 1623.0
epoch:64; train_fscore:60.06%; train_loss:1.6139; train_loss1:0.9265; train_loss2:0.6874
sample number: 5810.0
sample number: 1623.0
sample number: 1623.0
epoch:65; train_fscore:58.57%; train_loss:1.642; train_loss1:0.9352; train_loss2:0.7068
sample number: 5810.0
sample number: 1623.0
sample number: 1623.0
epoch:66; train_fscore:60.15%; train_loss:1.5822; train_loss1:0.9042; train_loss2:0.678
sample number: 5810.0
sample number: 1623.0
sample number: 1623.0
epoch:67; train_fscore:60.70%; train_loss:1.6287; train_loss1:0.8929; train_loss2:0.7358
sample number: 5810.0
sample number: 1623.0
sample number: 1623.0
epoch:68; train_fscore:61.16%; train_loss:1.5998; train_loss1:0.9106; train_loss2:0.6892
sample number: 5810.0
sample number: 1623.0
sample number: 1623.0
epoch:69; train_fscore:60.24%; train_loss:1.6466; train_loss1:0.9228; train_loss2:0.7238
sample number: 5810.0
sample number: 1623.0
sample number: 1623.0
epoch:70; train_fscore:61.09%; train_loss:1.6098; train_loss1:0.9336; train_loss2:0.6762
sample number: 5810.0
sample number: 1623.0
sample number: 1623.0
epoch:71; train_fscore:61.94%; train_loss:1.549; train_loss1:0.876; train_loss2:0.673
sample number: 5810.0
sample number: 1623.0
sample number: 1623.0
epoch:72; train_fscore:62.08%; train_loss:1.6252; train_loss1:0.8855; train_loss2:0.7397
sample number: 5810.0
sample number: 1623.0
sample number: 1623.0
epoch:73; train_fscore:63.40%; train_loss:1.587; train_loss1:0.8614; train_loss2:0.7256
sample number: 5810.0
sample number: 1623.0
sample number: 1623.0
epoch:74; train_fscore:63.91%; train_loss:1.5349; train_loss1:0.8686; train_loss2:0.6663
sample number: 5810.0
sample number: 1623.0
sample number: 1623.0
epoch:75; train_fscore:64.76%; train_loss:1.5436; train_loss1:0.8472; train_loss2:0.6964
sample number: 5810.0
sample number: 1623.0
sample number: 1623.0
epoch:76; train_fscore:65.11%; train_loss:1.5353; train_loss1:0.8226; train_loss2:0.7127
sample number: 5810.0
sample number: 1623.0
sample number: 1623.0
epoch:77; train_fscore:65.07%; train_loss:1.5364; train_loss1:0.8319; train_loss2:0.7045
sample number: 5810.0
sample number: 1623.0
sample number: 1623.0
epoch:78; train_fscore:64.31%; train_loss:1.5378; train_loss1:0.8293; train_loss2:0.7085
sample number: 5810.0
sample number: 1623.0
sample number: 1623.0
epoch:79; train_fscore:64.86%; train_loss:1.5079; train_loss1:0.8136; train_loss2:0.6943
sample number: 5810.0
sample number: 1623.0
sample number: 1623.0
epoch:80; train_fscore:65.45%; train_loss:1.4987; train_loss1:0.812; train_loss2:0.6867
sample number: 5810.0
sample number: 1623.0
sample number: 1623.0
epoch:81; train_fscore:65.67%; train_loss:1.5182; train_loss1:0.8027; train_loss2:0.7155
sample number: 5810.0
sample number: 1623.0
sample number: 1623.0
epoch:82; train_fscore:66.80%; train_loss:1.5139; train_loss1:0.7894; train_loss2:0.7244
sample number: 5810.0
sample number: 1623.0
sample number: 1623.0
epoch:83; train_fscore:67.00%; train_loss:1.4423; train_loss1:0.7852; train_loss2:0.6571
sample number: 5810.0
sample number: 1623.0
sample number: 1623.0
epoch:84; train_fscore:67.82%; train_loss:1.5027; train_loss1:0.7717; train_loss2:0.731
sample number: 5810.0
sample number: 1623.0
sample number: 1623.0
epoch:85; train_fscore:68.23%; train_loss:1.4667; train_loss1:0.7528; train_loss2:0.7139
sample number: 5810.0
sample number: 1623.0
sample number: 1623.0
epoch:86; train_fscore:66.08%; train_loss:1.4969; train_loss1:0.7767; train_loss2:0.7202
sample number: 5810.0
sample number: 1623.0
sample number: 1623.0
epoch:87; train_fscore:67.32%; train_loss:1.4373; train_loss1:0.7768; train_loss2:0.6605
sample number: 5810.0
sample number: 1623.0
sample number: 1623.0
epoch:88; train_fscore:67.09%; train_loss:1.5124; train_loss1:0.7931; train_loss2:0.7193
sample number: 5810.0
sample number: 1623.0
sample number: 1623.0
epoch:89; train_fscore:67.69%; train_loss:1.4611; train_loss1:0.7756; train_loss2:0.6855
sample number: 5810.0
sample number: 1623.0
sample number: 1623.0
epoch:90; train_fscore:69.09%; train_loss:1.4433; train_loss1:0.7341; train_loss2:0.7092
sample number: 5810.0
sample number: 1623.0
sample number: 1623.0
epoch:91; train_fscore:69.55%; train_loss:1.421; train_loss1:0.7104; train_loss2:0.7106
sample number: 5810.0
sample number: 1623.0
sample number: 1623.0
epoch:92; train_fscore:71.48%; train_loss:1.33; train_loss1:0.693; train_loss2:0.637
sample number: 5810.0
sample number: 1623.0
sample number: 1623.0
epoch:93; train_fscore:70.38%; train_loss:1.44; train_loss1:0.7087; train_loss2:0.7313
sample number: 5810.0
sample number: 1623.0
sample number: 1623.0
epoch:94; train_fscore:71.28%; train_loss:1.4093; train_loss1:0.6964; train_loss2:0.7129
sample number: 5810.0
sample number: 1623.0
sample number: 1623.0
epoch:95; train_fscore:71.88%; train_loss:1.3537; train_loss1:0.6957; train_loss2:0.6581
sample number: 5810.0
sample number: 1623.0
sample number: 1623.0
epoch:96; train_fscore:69.91%; train_loss:1.4225; train_loss1:0.7238; train_loss2:0.6988
sample number: 5810.0
sample number: 1623.0
sample number: 1623.0
epoch:97; train_fscore:71.99%; train_loss:1.3956; train_loss1:0.6902; train_loss2:0.7054
sample number: 5810.0
sample number: 1623.0
sample number: 1623.0
epoch:98; train_fscore:73.51%; train_loss:1.3211; train_loss1:0.664; train_loss2:0.6571
sample number: 5810.0
sample number: 1623.0
sample number: 1623.0
epoch:99; train_fscore:73.68%; train_loss:1.3888; train_loss1:0.6594; train_loss2:0.7294
sample number: 5810.0
sample number: 1623.0
sample number: 1623.0
epoch:100; train_fscore:73.79%; train_loss:1.3693; train_loss1:0.6476; train_loss2:0.7218
Step3: saving and testing on the 5 folder
>>>>> Finish: training on the 5 folder, duration: 341.413587808609 >>>>>
====== Saving =======
SMOKE_ONLY=False
save results in /data2/yb/paper/experiments/second_graph_aggregation_iemocap6_20260825/formal/soft_medoid/miss_0p5/seed_66/fold_5/saved/iemocapsix_original_addition_secondagg_soft_medoid_f5_s66_m0p5_1787707026.9627924.npz
