Namespace(allow_short_run=False, audio_feature='wav2vec-large-c-UTT', base_model='LSTM', batch_size=32, branch_fusion='addition', data_root='/data2/yb/paper/GCNet_TPAMI_modality_jepa_20260818/dataset/IEMOCAP', dataset='IEMOCAPSix', dropout=0.5, epochs=100, fold_index=5, graph_conv_variant='original', hidden=200, l2=1e-05, loss_recon=True, lower_bound=False, lr=0.001, mask_bank_root='/data2/yb/paper/experiments/mpfilm_iemocap6_20260824/mask_banks', mask_seed=66, mask_type='constant-0.1', n_classes=6, n_speakers=2, no_cuda=False, num_folder=5, num_threads=6, output_dir='/data2/yb/paper/experiments/second_graph_aggregation_iemocap6_20260825_phase_b/formal/rtdr/miss_0p1/seed_66/fold_5/saved', post_graph_context='bilstm', pre_graph_context='bilstm', reccls_flag=False, relation_track_routing='diagonal', second_graph_aggregation='add', seed=66, text_feature='deberta-large-4-UTT', time_attn=False, video_feature='manet_UTT', windowf=2, windowp=2)
====== Reading Data =======
audio dimension: 512; text dimension: 1024; video dimension: 1024
stage-aware mask bundle: sha256=ce876f801d3fe5f05e31e33c8923e65514b03a50f652ea493b5f7ca63b275067 requested=0.1000 realized=0.1018
====== Training and Evaluation =======
>>>>> Cross-validation: training on the 5 folder >>>>>
Step1: build model (each folder has its own model)
Model have 36419816 paramerters in total
Graph NN with LSTM as base model.
Step2: training (multiple epoches)
sample number: 5810.0
sample number: 1623.0
sample number: 1623.0
epoch:1; train_fscore:10.50%; train_loss:2.3938; train_loss1:1.8028; train_loss2:0.5909
sample number: 5810.0
sample number: 1623.0
sample number: 1623.0
epoch:2; train_fscore:14.30%; train_loss:2.3363; train_loss1:1.7622; train_loss2:0.574
sample number: 5810.0
sample number: 1623.0
sample number: 1623.0
epoch:3; train_fscore:19.63%; train_loss:2.0968; train_loss1:1.6575; train_loss2:0.4393
sample number: 5810.0
sample number: 1623.0
sample number: 1623.0
epoch:4; train_fscore:24.22%; train_loss:2.0625; train_loss1:1.5697; train_loss2:0.4927
sample number: 5810.0
sample number: 1623.0
sample number: 1623.0
epoch:5; train_fscore:27.85%; train_loss:1.9499; train_loss1:1.5033; train_loss2:0.4466
sample number: 5810.0
sample number: 1623.0
sample number: 1623.0
epoch:6; train_fscore:34.89%; train_loss:1.8458; train_loss1:1.4396; train_loss2:0.4062
sample number: 5810.0
sample number: 1623.0
sample number: 1623.0
epoch:7; train_fscore:42.77%; train_loss:1.7008; train_loss1:1.2861; train_loss2:0.4147
sample number: 5810.0
sample number: 1623.0
sample number: 1623.0
epoch:8; train_fscore:37.32%; train_loss:1.8592; train_loss1:1.4225; train_loss2:0.4367
sample number: 5810.0
sample number: 1623.0
sample number: 1623.0
epoch:9; train_fscore:40.38%; train_loss:1.7201; train_loss1:1.3385; train_loss2:0.3816
sample number: 5810.0
sample number: 1623.0
sample number: 1623.0
epoch:10; train_fscore:43.82%; train_loss:1.646; train_loss1:1.2589; train_loss2:0.3872
sample number: 5810.0
sample number: 1623.0
sample number: 1623.0
epoch:11; train_fscore:43.88%; train_loss:1.6213; train_loss1:1.3154; train_loss2:0.3059
sample number: 5810.0
sample number: 1623.0
sample number: 1623.0
epoch:12; train_fscore:46.67%; train_loss:1.4622; train_loss1:1.1726; train_loss2:0.2895
sample number: 5810.0
sample number: 1623.0
sample number: 1623.0
epoch:13; train_fscore:48.57%; train_loss:1.4572; train_loss1:1.1638; train_loss2:0.2934
sample number: 5810.0
sample number: 1623.0
sample number: 1623.0
epoch:14; train_fscore:49.51%; train_loss:1.3705; train_loss1:1.1504; train_loss2:0.22
sample number: 5810.0
sample number: 1623.0
sample number: 1623.0
epoch:15; train_fscore:51.05%; train_loss:1.2905; train_loss1:1.0677; train_loss2:0.2228
sample number: 5810.0
sample number: 1623.0
sample number: 1623.0
epoch:16; train_fscore:55.61%; train_loss:1.2711; train_loss1:1.0521; train_loss2:0.219
sample number: 5810.0
sample number: 1623.0
sample number: 1623.0
epoch:17; train_fscore:52.52%; train_loss:1.2761; train_loss1:1.0703; train_loss2:0.2057
sample number: 5810.0
sample number: 1623.0
sample number: 1623.0
epoch:18; train_fscore:53.14%; train_loss:1.2191; train_loss1:1.051; train_loss2:0.1682
sample number: 5810.0
sample number: 1623.0
sample number: 1623.0
epoch:19; train_fscore:54.02%; train_loss:1.1913; train_loss1:1.029; train_loss2:0.1624
sample number: 5810.0
sample number: 1623.0
sample number: 1623.0
epoch:20; train_fscore:52.77%; train_loss:1.169; train_loss1:1.0282; train_loss2:0.1408
sample number: 5810.0
sample number: 1623.0
sample number: 1623.0
epoch:21; train_fscore:56.10%; train_loss:1.1181; train_loss1:0.9828; train_loss2:0.1353
sample number: 5810.0
sample number: 1623.0
sample number: 1623.0
epoch:22; train_fscore:58.92%; train_loss:1.1097; train_loss1:0.9592; train_loss2:0.1505
sample number: 5810.0
sample number: 1623.0
sample number: 1623.0
epoch:23; train_fscore:59.50%; train_loss:1.1168; train_loss1:0.9536; train_loss2:0.1632
sample number: 5810.0
sample number: 1623.0
sample number: 1623.0
epoch:24; train_fscore:58.93%; train_loss:1.0988; train_loss1:0.9394; train_loss2:0.1594
sample number: 5810.0
sample number: 1623.0
sample number: 1623.0
epoch:25; train_fscore:58.41%; train_loss:1.0781; train_loss1:0.9325; train_loss2:0.1456
sample number: 5810.0
sample number: 1623.0
sample number: 1623.0
epoch:26; train_fscore:60.09%; train_loss:1.0352; train_loss1:0.9054; train_loss2:0.1298
sample number: 5810.0
sample number: 1623.0
sample number: 1623.0
epoch:27; train_fscore:61.64%; train_loss:1.0503; train_loss1:0.8925; train_loss2:0.1577
sample number: 5810.0
sample number: 1623.0
sample number: 1623.0
epoch:28; train_fscore:61.52%; train_loss:1.0307; train_loss1:0.8891; train_loss2:0.1416
sample number: 5810.0
sample number: 1623.0
sample number: 1623.0
epoch:29; train_fscore:61.81%; train_loss:1.0587; train_loss1:0.9106; train_loss2:0.148
sample number: 5810.0
sample number: 1623.0
sample number: 1623.0
epoch:30; train_fscore:64.84%; train_loss:0.9783; train_loss1:0.8474; train_loss2:0.1309
sample number: 5810.0
sample number: 1623.0
sample number: 1623.0
epoch:31; train_fscore:65.39%; train_loss:0.9585; train_loss1:0.823; train_loss2:0.1355
sample number: 5810.0
sample number: 1623.0
sample number: 1623.0
epoch:32; train_fscore:64.13%; train_loss:1.0255; train_loss1:0.833; train_loss2:0.1925
sample number: 5810.0
sample number: 1623.0
sample number: 1623.0
epoch:33; train_fscore:63.93%; train_loss:0.9685; train_loss1:0.83; train_loss2:0.1385
sample number: 5810.0
sample number: 1623.0
sample number: 1623.0
epoch:34; train_fscore:66.44%; train_loss:0.9436; train_loss1:0.801; train_loss2:0.1426
sample number: 5810.0
sample number: 1623.0
sample number: 1623.0
epoch:35; train_fscore:67.87%; train_loss:0.9423; train_loss1:0.774; train_loss2:0.1683
sample number: 5810.0
sample number: 1623.0
sample number: 1623.0
epoch:36; train_fscore:69.33%; train_loss:0.918; train_loss1:0.7508; train_loss2:0.1671
sample number: 5810.0
sample number: 1623.0
sample number: 1623.0
epoch:37; train_fscore:69.12%; train_loss:0.9146; train_loss1:0.7399; train_loss2:0.1747
sample number: 5810.0
sample number: 1623.0
sample number: 1623.0
epoch:38; train_fscore:69.91%; train_loss:0.8814; train_loss1:0.7293; train_loss2:0.1521
sample number: 5810.0
sample number: 1623.0
sample number: 1623.0
epoch:39; train_fscore:71.26%; train_loss:0.8276; train_loss1:0.7056; train_loss2:0.1219
sample number: 5810.0
sample number: 1623.0
sample number: 1623.0
epoch:40; train_fscore:70.82%; train_loss:0.8488; train_loss1:0.7048; train_loss2:0.144
sample number: 5810.0
sample number: 1623.0
sample number: 1623.0
epoch:41; train_fscore:72.78%; train_loss:0.8476; train_loss1:0.6817; train_loss2:0.1659
sample number: 5810.0
sample number: 1623.0
sample number: 1623.0
epoch:42; train_fscore:73.77%; train_loss:0.8054; train_loss1:0.6586; train_loss2:0.1468
sample number: 5810.0
sample number: 1623.0
sample number: 1623.0
epoch:43; train_fscore:72.74%; train_loss:0.8232; train_loss1:0.6735; train_loss2:0.1497
sample number: 5810.0
sample number: 1623.0
sample number: 1623.0
epoch:44; train_fscore:73.36%; train_loss:0.8043; train_loss1:0.6513; train_loss2:0.153
sample number: 5810.0
sample number: 1623.0
sample number: 1623.0
epoch:45; train_fscore:76.08%; train_loss:0.7582; train_loss1:0.6155; train_loss2:0.1427
sample number: 5810.0
sample number: 1623.0
sample number: 1623.0
epoch:46; train_fscore:75.98%; train_loss:0.7487; train_loss1:0.5975; train_loss2:0.1512
sample number: 5810.0
sample number: 1623.0
sample number: 1623.0
epoch:47; train_fscore:77.63%; train_loss:0.7205; train_loss1:0.5722; train_loss2:0.1483
sample number: 5810.0
sample number: 1623.0
sample number: 1623.0
epoch:48; train_fscore:77.64%; train_loss:0.7197; train_loss1:0.5748; train_loss2:0.1449
sample number: 5810.0
sample number: 1623.0
sample number: 1623.0
epoch:49; train_fscore:77.51%; train_loss:0.7419; train_loss1:0.5895; train_loss2:0.1524
sample number: 5810.0
sample number: 1623.0
sample number: 1623.0
epoch:50; train_fscore:78.78%; train_loss:0.7159; train_loss1:0.5442; train_loss2:0.1717
sample number: 5810.0
sample number: 1623.0
sample number: 1623.0
epoch:51; train_fscore:78.31%; train_loss:0.7006; train_loss1:0.544; train_loss2:0.1566
sample number: 5810.0
sample number: 1623.0
sample number: 1623.0
epoch:52; train_fscore:79.17%; train_loss:0.6696; train_loss1:0.516; train_loss2:0.1536
sample number: 5810.0
sample number: 1623.0
sample number: 1623.0
epoch:53; train_fscore:80.37%; train_loss:0.6535; train_loss1:0.5006; train_loss2:0.1529
sample number: 5810.0
sample number: 1623.0
sample number: 1623.0
epoch:54; train_fscore:80.39%; train_loss:0.6131; train_loss1:0.4918; train_loss2:0.1214
sample number: 5810.0
sample number: 1623.0
sample number: 1623.0
epoch:55; train_fscore:80.69%; train_loss:0.6483; train_loss1:0.4926; train_loss2:0.1557
sample number: 5810.0
sample number: 1623.0
sample number: 1623.0
epoch:56; train_fscore:78.89%; train_loss:0.6863; train_loss1:0.5225; train_loss2:0.1638
sample number: 5810.0
sample number: 1623.0
sample number: 1623.0
epoch:57; train_fscore:79.44%; train_loss:0.6688; train_loss1:0.5172; train_loss2:0.1516
sample number: 5810.0
sample number: 1623.0
sample number: 1623.0
epoch:58; train_fscore:81.15%; train_loss:0.6045; train_loss1:0.4736; train_loss2:0.1308
sample number: 5810.0
sample number: 1623.0
sample number: 1623.0
epoch:59; train_fscore:81.20%; train_loss:0.6555; train_loss1:0.4839; train_loss2:0.1716
sample number: 5810.0
sample number: 1623.0
sample number: 1623.0
epoch:60; train_fscore:80.73%; train_loss:0.633; train_loss1:0.4837; train_loss2:0.1493
sample number: 5810.0
sample number: 1623.0
sample number: 1623.0
epoch:61; train_fscore:82.51%; train_loss:0.5759; train_loss1:0.4428; train_loss2:0.1331
sample number: 5810.0
sample number: 1623.0
sample number: 1623.0
epoch:62; train_fscore:82.61%; train_loss:0.5941; train_loss1:0.4425; train_loss2:0.1515
sample number: 5810.0
sample number: 1623.0
sample number: 1623.0
epoch:63; train_fscore:83.96%; train_loss:0.5395; train_loss1:0.4033; train_loss2:0.1362
sample number: 5810.0
sample number: 1623.0
sample number: 1623.0
epoch:64; train_fscore:84.94%; train_loss:0.5074; train_loss1:0.3769; train_loss2:0.1305
sample number: 5810.0
sample number: 1623.0
sample number: 1623.0
epoch:65; train_fscore:85.12%; train_loss:0.5077; train_loss1:0.3707; train_loss2:0.137
sample number: 5810.0
sample number: 1623.0
sample number: 1623.0
epoch:66; train_fscore:85.47%; train_loss:0.5092; train_loss1:0.3625; train_loss2:0.1467
sample number: 5810.0
sample number: 1623.0
sample number: 1623.0
epoch:67; train_fscore:86.50%; train_loss:0.4779; train_loss1:0.3417; train_loss2:0.1362
sample number: 5810.0
sample number: 1623.0
sample number: 1623.0
epoch:68; train_fscore:86.66%; train_loss:0.5014; train_loss1:0.3371; train_loss2:0.1643
sample number: 5810.0
sample number: 1623.0
sample number: 1623.0
epoch:69; train_fscore:87.36%; train_loss:0.4561; train_loss1:0.3201; train_loss2:0.1361
sample number: 5810.0
sample number: 1623.0
sample number: 1623.0
epoch:70; train_fscore:87.83%; train_loss:0.4366; train_loss1:0.309; train_loss2:0.1276
sample number: 5810.0
sample number: 1623.0
sample number: 1623.0
epoch:71; train_fscore:87.63%; train_loss:0.4495; train_loss1:0.3112; train_loss2:0.1383
sample number: 5810.0
sample number: 1623.0
sample number: 1623.0
epoch:72; train_fscore:87.22%; train_loss:0.4541; train_loss1:0.3194; train_loss2:0.1346
sample number: 5810.0
sample number: 1623.0
sample number: 1623.0
epoch:73; train_fscore:88.28%; train_loss:0.4229; train_loss1:0.2969; train_loss2:0.126
sample number: 5810.0
sample number: 1623.0
sample number: 1623.0
epoch:74; train_fscore:87.23%; train_loss:0.4614; train_loss1:0.3181; train_loss2:0.1432
sample number: 5810.0
sample number: 1623.0
sample number: 1623.0
epoch:75; train_fscore:87.01%; train_loss:0.4504; train_loss1:0.3145; train_loss2:0.1359
sample number: 5810.0
sample number: 1623.0
sample number: 1623.0
epoch:76; train_fscore:87.02%; train_loss:0.465; train_loss1:0.3183; train_loss2:0.1467
sample number: 5810.0
sample number: 1623.0
sample number: 1623.0
epoch:77; train_fscore:88.33%; train_loss:0.4302; train_loss1:0.2943; train_loss2:0.1359
sample number: 5810.0
sample number: 1623.0
sample number: 1623.0
epoch:78; train_fscore:88.52%; train_loss:0.4345; train_loss1:0.3024; train_loss2:0.1321
sample number: 5810.0
sample number: 1623.0
sample number: 1623.0
epoch:79; train_fscore:87.34%; train_loss:0.4457; train_loss1:0.3084; train_loss2:0.1374
sample number: 5810.0
sample number: 1623.0
sample number: 1623.0
epoch:80; train_fscore:88.49%; train_loss:0.4536; train_loss1:0.2974; train_loss2:0.1563
sample number: 5810.0
sample number: 1623.0
sample number: 1623.0
epoch:81; train_fscore:87.77%; train_loss:0.4635; train_loss1:0.3247; train_loss2:0.1388
sample number: 5810.0
sample number: 1623.0
sample number: 1623.0
epoch:82; train_fscore:87.35%; train_loss:0.4961; train_loss1:0.3262; train_loss2:0.1699
sample number: 5810.0
sample number: 1623.0
sample number: 1623.0
epoch:83; train_fscore:87.78%; train_loss:0.4375; train_loss1:0.3183; train_loss2:0.1192
sample number: 5810.0
sample number: 1623.0
sample number: 1623.0
epoch:84; train_fscore:88.56%; train_loss:0.4535; train_loss1:0.2947; train_loss2:0.1588
sample number: 5810.0
sample number: 1623.0
sample number: 1623.0
epoch:85; train_fscore:89.14%; train_loss:0.4359; train_loss1:0.2776; train_loss2:0.1583
sample number: 5810.0
sample number: 1623.0
sample number: 1623.0
epoch:86; train_fscore:91.15%; train_loss:0.3734; train_loss1:0.2383; train_loss2:0.135
sample number: 5810.0
sample number: 1623.0
sample number: 1623.0
epoch:87; train_fscore:91.88%; train_loss:0.3758; train_loss1:0.2173; train_loss2:0.1585
sample number: 5810.0
sample number: 1623.0
sample number: 1623.0
epoch:88; train_fscore:91.68%; train_loss:0.3659; train_loss1:0.2089; train_loss2:0.157
sample number: 5810.0
sample number: 1623.0
sample number: 1623.0
epoch:89; train_fscore:92.21%; train_loss:0.3397; train_loss1:0.2021; train_loss2:0.1376
sample number: 5810.0
sample number: 1623.0
sample number: 1623.0
epoch:90; train_fscore:93.17%; train_loss:0.33; train_loss1:0.1819; train_loss2:0.1481
sample number: 5810.0
sample number: 1623.0
sample number: 1623.0
epoch:91; train_fscore:93.30%; train_loss:0.3219; train_loss1:0.1727; train_loss2:0.1492
sample number: 5810.0
sample number: 1623.0
sample number: 1623.0
epoch:92; train_fscore:93.73%; train_loss:0.3042; train_loss1:0.1692; train_loss2:0.135
sample number: 5810.0
sample number: 1623.0
sample number: 1623.0
epoch:93; train_fscore:93.10%; train_loss:0.3236; train_loss1:0.1747; train_loss2:0.1489
sample number: 5810.0
sample number: 1623.0
sample number: 1623.0
epoch:94; train_fscore:93.15%; train_loss:0.3353; train_loss1:0.1817; train_loss2:0.1536
sample number: 5810.0
sample number: 1623.0
sample number: 1623.0
epoch:95; train_fscore:93.52%; train_loss:0.3148; train_loss1:0.1674; train_loss2:0.1474
sample number: 5810.0
sample number: 1623.0
sample number: 1623.0
epoch:96; train_fscore:94.14%; train_loss:0.2863; train_loss1:0.1522; train_loss2:0.1342
sample number: 5810.0
sample number: 1623.0
sample number: 1623.0
epoch:97; train_fscore:93.97%; train_loss:0.2921; train_loss1:0.1521; train_loss2:0.1399
sample number: 5810.0
sample number: 1623.0
sample number: 1623.0
epoch:98; train_fscore:93.97%; train_loss:0.2841; train_loss1:0.1597; train_loss2:0.1244
sample number: 5810.0
sample number: 1623.0
sample number: 1623.0
epoch:99; train_fscore:94.80%; train_loss:0.3; train_loss1:0.1433; train_loss2:0.1567
sample number: 5810.0
sample number: 1623.0
sample number: 1623.0
epoch:100; train_fscore:94.59%; train_loss:0.2758; train_loss1:0.1398; train_loss2:0.136
Step3: saving and testing on the 5 folder
>>>>> Finish: training on the 5 folder, duration: 363.92945885658264 >>>>>
====== Saving =======
SMOKE_ONLY=False
save results in /data2/yb/paper/experiments/second_graph_aggregation_iemocap6_20260825_phase_b/formal/rtdr/miss_0p1/seed_66/fold_5/saved/iemocapsix_original_addition_relationtrack_diagonal_f5_s66_m0p1_1787700131.5966418.npz
