Namespace(allow_short_run=False, audio_feature='wav2vec-large-c-UTT', base_model='LSTM', batch_size=32, branch_fusion='addition', data_root='/data2/yb/paper/GCNet_TPAMI_modality_jepa_20260818/dataset/IEMOCAP', dataset='IEMOCAPSix', dropout=0.5, epochs=100, fold_index=5, graph_conv_variant='original', hidden=200, l2=1e-05, loss_recon=True, lower_bound=False, lr=0.001, mask_bank_root='/data2/yb/paper/experiments/mpfilm_iemocap6_20260824/mask_banks', mask_seed=67, mask_type='constant-0.5', n_classes=6, n_speakers=2, no_cuda=False, num_folder=5, num_threads=6, output_dir='/data2/yb/paper/experiments/second_graph_aggregation_iemocap6_20260825_phase_b/formal/rtdr/miss_0p5/seed_67/fold_5/saved', post_graph_context='bilstm', pre_graph_context='bilstm', reccls_flag=False, relation_track_routing='diagonal', second_graph_aggregation='add', seed=67, text_feature='deberta-large-4-UTT', time_attn=False, video_feature='manet_UTT', windowf=2, windowp=2)
====== Reading Data =======
audio dimension: 512; text dimension: 1024; video dimension: 1024
stage-aware mask bundle: sha256=3c71477ffce402e88dd6792b75e563937f19f19f089335a9dbb9748ad4772915 requested=0.5000 realized=0.5028
====== Training and Evaluation =======
>>>>> Cross-validation: training on the 5 folder >>>>>
Step1: build model (each folder has its own model)
Model have 36419816 paramerters in total
Graph NN with LSTM as base model.
Step2: training (multiple epoches)
sample number: 5810.0
sample number: 1623.0
sample number: 1623.0
epoch:1; train_fscore:14.72%; train_loss:4.7195; train_loss1:1.8789; train_loss2:2.8405
sample number: 5810.0
sample number: 1623.0
sample number: 1623.0
epoch:2; train_fscore:18.35%; train_loss:4.2379; train_loss1:1.7557; train_loss2:2.4822
sample number: 5810.0
sample number: 1623.0
sample number: 1623.0
epoch:3; train_fscore:14.02%; train_loss:3.8342; train_loss1:1.8377; train_loss2:1.9965
sample number: 5810.0
sample number: 1623.0
sample number: 1623.0
epoch:4; train_fscore:9.96%; train_loss:3.6852; train_loss1:1.789; train_loss2:1.8962
sample number: 5810.0
sample number: 1623.0
sample number: 1623.0
epoch:5; train_fscore:14.16%; train_loss:3.3662; train_loss1:1.7603; train_loss2:1.6059
sample number: 5810.0
sample number: 1623.0
sample number: 1623.0
epoch:6; train_fscore:18.61%; train_loss:3.1762; train_loss1:1.6913; train_loss2:1.4848
sample number: 5810.0
sample number: 1623.0
sample number: 1623.0
epoch:7; train_fscore:21.16%; train_loss:2.7604; train_loss1:1.6173; train_loss2:1.1431
sample number: 5810.0
sample number: 1623.0
sample number: 1623.0
epoch:8; train_fscore:26.25%; train_loss:2.4213; train_loss1:1.5602; train_loss2:0.8611
sample number: 5810.0
sample number: 1623.0
sample number: 1623.0
epoch:9; train_fscore:23.55%; train_loss:2.5317; train_loss1:1.7161; train_loss2:0.8156
sample number: 5810.0
sample number: 1623.0
sample number: 1623.0
epoch:10; train_fscore:23.02%; train_loss:2.39; train_loss1:1.6087; train_loss2:0.7813
sample number: 5810.0
sample number: 1623.0
sample number: 1623.0
epoch:11; train_fscore:24.31%; train_loss:2.2678; train_loss1:1.5598; train_loss2:0.708
sample number: 5810.0
sample number: 1623.0
sample number: 1623.0
epoch:12; train_fscore:24.22%; train_loss:2.3252; train_loss1:1.5465; train_loss2:0.7788
sample number: 5810.0
sample number: 1623.0
sample number: 1623.0
epoch:13; train_fscore:26.54%; train_loss:2.3138; train_loss1:1.5249; train_loss2:0.7889
sample number: 5810.0
sample number: 1623.0
sample number: 1623.0
epoch:14; train_fscore:27.16%; train_loss:2.2534; train_loss1:1.5104; train_loss2:0.743
sample number: 5810.0
sample number: 1623.0
sample number: 1623.0
epoch:15; train_fscore:27.91%; train_loss:2.1943; train_loss1:1.4941; train_loss2:0.7002
sample number: 5810.0
sample number: 1623.0
sample number: 1623.0
epoch:16; train_fscore:29.96%; train_loss:2.2166; train_loss1:1.4629; train_loss2:0.7537
sample number: 5810.0
sample number: 1623.0
sample number: 1623.0
epoch:17; train_fscore:27.39%; train_loss:2.1478; train_loss1:1.4626; train_loss2:0.6851
sample number: 5810.0
sample number: 1623.0
sample number: 1623.0
epoch:18; train_fscore:27.89%; train_loss:2.1076; train_loss1:1.42; train_loss2:0.6875
sample number: 5810.0
sample number: 1623.0
sample number: 1623.0
epoch:19; train_fscore:32.13%; train_loss:2.1024; train_loss1:1.3651; train_loss2:0.7373
sample number: 5810.0
sample number: 1623.0
sample number: 1623.0
epoch:20; train_fscore:31.12%; train_loss:2.0927; train_loss1:1.4413; train_loss2:0.6514
sample number: 5810.0
sample number: 1623.0
sample number: 1623.0
epoch:21; train_fscore:34.12%; train_loss:2.07; train_loss1:1.3232; train_loss2:0.7467
sample number: 5810.0
sample number: 1623.0
sample number: 1623.0
epoch:22; train_fscore:32.25%; train_loss:2.0181; train_loss1:1.3171; train_loss2:0.7011
sample number: 5810.0
sample number: 1623.0
sample number: 1623.0
epoch:23; train_fscore:39.42%; train_loss:2.0489; train_loss1:1.2917; train_loss2:0.7572
sample number: 5810.0
sample number: 1623.0
sample number: 1623.0
epoch:24; train_fscore:41.39%; train_loss:1.8833; train_loss1:1.2392; train_loss2:0.6441
sample number: 5810.0
sample number: 1623.0
sample number: 1623.0
epoch:25; train_fscore:41.40%; train_loss:1.9014; train_loss1:1.2348; train_loss2:0.6666
sample number: 5810.0
sample number: 1623.0
sample number: 1623.0
epoch:26; train_fscore:41.98%; train_loss:1.9726; train_loss1:1.2621; train_loss2:0.7105
sample number: 5810.0
sample number: 1623.0
sample number: 1623.0
epoch:27; train_fscore:39.46%; train_loss:2.0053; train_loss1:1.2872; train_loss2:0.7181
sample number: 5810.0
sample number: 1623.0
sample number: 1623.0
epoch:28; train_fscore:38.30%; train_loss:1.9998; train_loss1:1.2913; train_loss2:0.7085
sample number: 5810.0
sample number: 1623.0
sample number: 1623.0
epoch:29; train_fscore:40.11%; train_loss:1.9489; train_loss1:1.2369; train_loss2:0.712
sample number: 5810.0
sample number: 1623.0
sample number: 1623.0
epoch:30; train_fscore:41.37%; train_loss:1.9002; train_loss1:1.2135; train_loss2:0.6867
sample number: 5810.0
sample number: 1623.0
sample number: 1623.0
epoch:31; train_fscore:46.32%; train_loss:1.8696; train_loss1:1.1655; train_loss2:0.7041
sample number: 5810.0
sample number: 1623.0
sample number: 1623.0
epoch:32; train_fscore:41.62%; train_loss:1.884; train_loss1:1.1691; train_loss2:0.7148
sample number: 5810.0
sample number: 1623.0
sample number: 1623.0
epoch:33; train_fscore:51.04%; train_loss:1.8588; train_loss1:1.1324; train_loss2:0.7265
sample number: 5810.0
sample number: 1623.0
sample number: 1623.0
epoch:34; train_fscore:48.45%; train_loss:1.8431; train_loss1:1.1252; train_loss2:0.7179
sample number: 5810.0
sample number: 1623.0
sample number: 1623.0
epoch:35; train_fscore:48.59%; train_loss:1.9043; train_loss1:1.1452; train_loss2:0.7591
sample number: 5810.0
sample number: 1623.0
sample number: 1623.0
epoch:36; train_fscore:49.06%; train_loss:1.8223; train_loss1:1.1298; train_loss2:0.6925
sample number: 5810.0
sample number: 1623.0
sample number: 1623.0
epoch:37; train_fscore:48.74%; train_loss:1.8144; train_loss1:1.1278; train_loss2:0.6866
sample number: 5810.0
sample number: 1623.0
sample number: 1623.0
epoch:38; train_fscore:49.88%; train_loss:1.7819; train_loss1:1.1256; train_loss2:0.6564
sample number: 5810.0
sample number: 1623.0
sample number: 1623.0
epoch:39; train_fscore:49.05%; train_loss:1.8461; train_loss1:1.1238; train_loss2:0.7222
sample number: 5810.0
sample number: 1623.0
sample number: 1623.0
epoch:40; train_fscore:51.20%; train_loss:1.7531; train_loss1:1.0937; train_loss2:0.6594
sample number: 5810.0
sample number: 1623.0
sample number: 1623.0
epoch:41; train_fscore:51.56%; train_loss:1.8833; train_loss1:1.0792; train_loss2:0.8041
sample number: 5810.0
sample number: 1623.0
sample number: 1623.0
epoch:42; train_fscore:52.08%; train_loss:1.7515; train_loss1:1.0421; train_loss2:0.7094
sample number: 5810.0
sample number: 1623.0
sample number: 1623.0
epoch:43; train_fscore:54.15%; train_loss:1.7008; train_loss1:1.028; train_loss2:0.6728
sample number: 5810.0
sample number: 1623.0
sample number: 1623.0
epoch:44; train_fscore:52.75%; train_loss:1.7803; train_loss1:1.0408; train_loss2:0.7395
sample number: 5810.0
sample number: 1623.0
sample number: 1623.0
epoch:45; train_fscore:53.97%; train_loss:1.6975; train_loss1:1.0208; train_loss2:0.6767
sample number: 5810.0
sample number: 1623.0
sample number: 1623.0
epoch:46; train_fscore:55.33%; train_loss:1.6971; train_loss1:1.0011; train_loss2:0.696
sample number: 5810.0
sample number: 1623.0
sample number: 1623.0
epoch:47; train_fscore:56.29%; train_loss:1.6802; train_loss1:0.9863; train_loss2:0.6938
sample number: 5810.0
sample number: 1623.0
sample number: 1623.0
epoch:48; train_fscore:57.07%; train_loss:1.7166; train_loss1:0.9826; train_loss2:0.7341
sample number: 5810.0
sample number: 1623.0
sample number: 1623.0
epoch:49; train_fscore:58.22%; train_loss:1.6301; train_loss1:0.9473; train_loss2:0.6828
sample number: 5810.0
sample number: 1623.0
sample number: 1623.0
epoch:50; train_fscore:57.53%; train_loss:1.679; train_loss1:0.9702; train_loss2:0.7088
sample number: 5810.0
sample number: 1623.0
sample number: 1623.0
epoch:51; train_fscore:58.10%; train_loss:1.6299; train_loss1:0.9629; train_loss2:0.667
sample number: 5810.0
sample number: 1623.0
sample number: 1623.0
epoch:52; train_fscore:59.04%; train_loss:1.682; train_loss1:0.9456; train_loss2:0.7364
sample number: 5810.0
sample number: 1623.0
sample number: 1623.0
epoch:53; train_fscore:57.86%; train_loss:1.6829; train_loss1:0.954; train_loss2:0.7289
sample number: 5810.0
sample number: 1623.0
sample number: 1623.0
epoch:54; train_fscore:58.98%; train_loss:1.672; train_loss1:0.9247; train_loss2:0.7473
sample number: 5810.0
sample number: 1623.0
sample number: 1623.0
epoch:55; train_fscore:59.92%; train_loss:1.5665; train_loss1:0.9205; train_loss2:0.646
sample number: 5810.0
sample number: 1623.0
sample number: 1623.0
epoch:56; train_fscore:59.87%; train_loss:1.6246; train_loss1:0.9234; train_loss2:0.7012
sample number: 5810.0
sample number: 1623.0
sample number: 1623.0
epoch:57; train_fscore:61.21%; train_loss:1.5578; train_loss1:0.9082; train_loss2:0.6496
sample number: 5810.0
sample number: 1623.0
sample number: 1623.0
epoch:58; train_fscore:60.53%; train_loss:1.6377; train_loss1:0.9036; train_loss2:0.734
sample number: 5810.0
sample number: 1623.0
sample number: 1623.0
epoch:59; train_fscore:62.45%; train_loss:1.6208; train_loss1:0.872; train_loss2:0.7488
sample number: 5810.0
sample number: 1623.0
sample number: 1623.0
epoch:60; train_fscore:63.69%; train_loss:1.5959; train_loss1:0.8654; train_loss2:0.7305
sample number: 5810.0
sample number: 1623.0
sample number: 1623.0
epoch:61; train_fscore:64.41%; train_loss:1.5818; train_loss1:0.8596; train_loss2:0.7222
sample number: 5810.0
sample number: 1623.0
sample number: 1623.0
epoch:62; train_fscore:63.30%; train_loss:1.5864; train_loss1:0.8831; train_loss2:0.7033
sample number: 5810.0
sample number: 1623.0
sample number: 1623.0
epoch:63; train_fscore:60.61%; train_loss:1.5866; train_loss1:0.8866; train_loss2:0.6999
sample number: 5810.0
sample number: 1623.0
sample number: 1623.0
epoch:64; train_fscore:63.59%; train_loss:1.6177; train_loss1:0.8651; train_loss2:0.7525
sample number: 5810.0
sample number: 1623.0
sample number: 1623.0
epoch:65; train_fscore:62.90%; train_loss:1.5259; train_loss1:0.8637; train_loss2:0.6621
sample number: 5810.0
sample number: 1623.0
sample number: 1623.0
epoch:66; train_fscore:61.77%; train_loss:1.5871; train_loss1:0.8694; train_loss2:0.7177
sample number: 5810.0
sample number: 1623.0
sample number: 1623.0
epoch:67; train_fscore:64.41%; train_loss:1.5577; train_loss1:0.8468; train_loss2:0.7109
sample number: 5810.0
sample number: 1623.0
sample number: 1623.0
epoch:68; train_fscore:63.06%; train_loss:1.5399; train_loss1:0.8711; train_loss2:0.6688
sample number: 5810.0
sample number: 1623.0
sample number: 1623.0
epoch:69; train_fscore:64.83%; train_loss:1.5058; train_loss1:0.8194; train_loss2:0.6864
sample number: 5810.0
sample number: 1623.0
sample number: 1623.0
epoch:70; train_fscore:64.18%; train_loss:1.513; train_loss1:0.8303; train_loss2:0.6826
sample number: 5810.0
sample number: 1623.0
sample number: 1623.0
epoch:71; train_fscore:65.03%; train_loss:1.6079; train_loss1:0.8287; train_loss2:0.7792
sample number: 5810.0
sample number: 1623.0
sample number: 1623.0
epoch:72; train_fscore:68.37%; train_loss:1.4872; train_loss1:0.7917; train_loss2:0.6956
sample number: 5810.0
sample number: 1623.0
sample number: 1623.0
epoch:73; train_fscore:67.54%; train_loss:1.4821; train_loss1:0.7647; train_loss2:0.7174
sample number: 5810.0
sample number: 1623.0
sample number: 1623.0
epoch:74; train_fscore:68.57%; train_loss:1.4718; train_loss1:0.76; train_loss2:0.7118
sample number: 5810.0
sample number: 1623.0
sample number: 1623.0
epoch:75; train_fscore:68.43%; train_loss:1.4625; train_loss1:0.7594; train_loss2:0.7031
sample number: 5810.0
sample number: 1623.0
sample number: 1623.0
epoch:76; train_fscore:71.35%; train_loss:1.4269; train_loss1:0.7147; train_loss2:0.7121
sample number: 5810.0
sample number: 1623.0
sample number: 1623.0
epoch:77; train_fscore:72.49%; train_loss:1.3476; train_loss1:0.6957; train_loss2:0.652
sample number: 5810.0
sample number: 1623.0
sample number: 1623.0
epoch:78; train_fscore:71.07%; train_loss:1.4361; train_loss1:0.7261; train_loss2:0.71
sample number: 5810.0
sample number: 1623.0
sample number: 1623.0
epoch:79; train_fscore:70.15%; train_loss:1.4274; train_loss1:0.7361; train_loss2:0.6913
sample number: 5810.0
sample number: 1623.0
sample number: 1623.0
epoch:80; train_fscore:71.82%; train_loss:1.3936; train_loss1:0.7085; train_loss2:0.6851
sample number: 5810.0
sample number: 1623.0
sample number: 1623.0
epoch:81; train_fscore:71.54%; train_loss:1.412; train_loss1:0.7086; train_loss2:0.7035
sample number: 5810.0
sample number: 1623.0
sample number: 1623.0
epoch:82; train_fscore:72.53%; train_loss:1.3556; train_loss1:0.6967; train_loss2:0.6589
sample number: 5810.0
sample number: 1623.0
sample number: 1623.0
epoch:83; train_fscore:71.77%; train_loss:1.3302; train_loss1:0.6897; train_loss2:0.6405
sample number: 5810.0
sample number: 1623.0
sample number: 1623.0
epoch:84; train_fscore:71.79%; train_loss:1.3131; train_loss1:0.6853; train_loss2:0.6278
sample number: 5810.0
sample number: 1623.0
sample number: 1623.0
epoch:85; train_fscore:72.00%; train_loss:1.4055; train_loss1:0.6773; train_loss2:0.7282
sample number: 5810.0
sample number: 1623.0
sample number: 1623.0
epoch:86; train_fscore:71.80%; train_loss:1.4071; train_loss1:0.6907; train_loss2:0.7163
sample number: 5810.0
sample number: 1623.0
sample number: 1623.0
epoch:87; train_fscore:71.34%; train_loss:1.3315; train_loss1:0.7104; train_loss2:0.6212
sample number: 5810.0
sample number: 1623.0
sample number: 1623.0
epoch:88; train_fscore:72.01%; train_loss:1.4778; train_loss1:0.7019; train_loss2:0.7758
sample number: 5810.0
sample number: 1623.0
sample number: 1623.0
epoch:89; train_fscore:71.28%; train_loss:1.357; train_loss1:0.7211; train_loss2:0.6359
sample number: 5810.0
sample number: 1623.0
sample number: 1623.0
epoch:90; train_fscore:68.93%; train_loss:1.4493; train_loss1:0.7561; train_loss2:0.6933
sample number: 5810.0
sample number: 1623.0
sample number: 1623.0
epoch:91; train_fscore:69.21%; train_loss:1.4435; train_loss1:0.7363; train_loss2:0.7071
sample number: 5810.0
sample number: 1623.0
sample number: 1623.0
epoch:92; train_fscore:67.94%; train_loss:1.48; train_loss1:0.7466; train_loss2:0.7334
sample number: 5810.0
sample number: 1623.0
sample number: 1623.0
epoch:93; train_fscore:71.88%; train_loss:1.429; train_loss1:0.6958; train_loss2:0.7332
sample number: 5810.0
sample number: 1623.0
sample number: 1623.0
epoch:94; train_fscore:72.61%; train_loss:1.4162; train_loss1:0.68; train_loss2:0.7361
sample number: 5810.0
sample number: 1623.0
sample number: 1623.0
epoch:95; train_fscore:73.64%; train_loss:1.3727; train_loss1:0.6622; train_loss2:0.7106
sample number: 5810.0
sample number: 1623.0
sample number: 1623.0
epoch:96; train_fscore:71.80%; train_loss:1.3711; train_loss1:0.6627; train_loss2:0.7085
sample number: 5810.0
sample number: 1623.0
sample number: 1623.0
epoch:97; train_fscore:73.35%; train_loss:1.3248; train_loss1:0.6465; train_loss2:0.6784
sample number: 5810.0
sample number: 1623.0
sample number: 1623.0
epoch:98; train_fscore:73.10%; train_loss:1.3284; train_loss1:0.6541; train_loss2:0.6743
sample number: 5810.0
sample number: 1623.0
sample number: 1623.0
epoch:99; train_fscore:74.12%; train_loss:1.3413; train_loss1:0.6279; train_loss2:0.7134
sample number: 5810.0
sample number: 1623.0
sample number: 1623.0
epoch:100; train_fscore:74.65%; train_loss:1.2787; train_loss1:0.6175; train_loss2:0.6612
Step3: saving and testing on the 5 folder
>>>>> Finish: training on the 5 folder, duration: 362.5541913509369 >>>>>
====== Saving =======
SMOKE_ONLY=False
save results in /data2/yb/paper/experiments/second_graph_aggregation_iemocap6_20260825_phase_b/formal/rtdr/miss_0p5/seed_67/fold_5/saved/iemocapsix_original_addition_relationtrack_diagonal_f5_s67_m0p5_1787699469.573518.npz
