Namespace(allow_short_run=False, audio_feature='wav2vec-large-c-UTT', base_model='LSTM', batch_size=32, branch_fusion='addition', data_root='/data2/yb/paper/GCNet_TPAMI_modality_jepa_20260818/dataset/IEMOCAP', dataset='IEMOCAPSix', dropout=0.5, epochs=100, fold_index=5, graph_conv_variant='original', hidden=200, l2=1e-05, loss_recon=True, lower_bound=False, lr=0.001, mask_bank_root='/data2/yb/paper/experiments/mpfilm_iemocap6_20260824/mask_banks', mask_seed=68, mask_type='constant-0.7', n_classes=6, n_speakers=2, no_cuda=False, num_folder=5, num_threads=6, output_dir='/data2/yb/paper/experiments/second_graph_aggregation_iemocap6_20260825/formal/soft_medoid/miss_0p7/seed_68/fold_5/saved', post_graph_context='bilstm', pre_graph_context='bilstm', reccls_flag=False, second_graph_aggregation='soft_medoid', seed=68, text_feature='deberta-large-4-UTT', time_attn=False, video_feature='manet_UTT', windowf=2, windowp=2)
====== Reading Data =======
audio dimension: 512; text dimension: 1024; video dimension: 1024
stage-aware mask bundle: sha256=f79970a397a92a56cfca5d144309311b15de11b14729d174b274e2cd73408f6f requested=0.7000 realized=0.6667
====== Training and Evaluation =======
>>>>> Cross-validation: training on the 5 folder >>>>>
Step1: build model (each folder has its own model)
Model have 36419816 paramerters in total
Graph NN with LSTM as base model.
Step2: training (multiple epoches)
sample number: 5810.0
sample number: 1623.0
sample number: 1623.0
epoch:1; train_fscore:17.82%; train_loss:5.4038; train_loss1:1.803; train_loss2:3.6008
sample number: 5810.0
sample number: 1623.0
sample number: 1623.0
epoch:2; train_fscore:14.93%; train_loss:4.9114; train_loss1:1.7947; train_loss2:3.1167
sample number: 5810.0
sample number: 1623.0
sample number: 1623.0
epoch:3; train_fscore:14.80%; train_loss:4.3062; train_loss1:1.7552; train_loss2:2.551
sample number: 5810.0
sample number: 1623.0
sample number: 1623.0
epoch:4; train_fscore:16.69%; train_loss:4.0719; train_loss1:1.835; train_loss2:2.2369
sample number: 5810.0
sample number: 1623.0
sample number: 1623.0
epoch:5; train_fscore:14.63%; train_loss:3.6868; train_loss1:1.8281; train_loss2:1.8587
sample number: 5810.0
sample number: 1623.0
sample number: 1623.0
epoch:6; train_fscore:13.02%; train_loss:3.175; train_loss1:1.8029; train_loss2:1.3721
sample number: 5810.0
sample number: 1623.0
sample number: 1623.0
epoch:7; train_fscore:15.08%; train_loss:2.9522; train_loss1:1.7496; train_loss2:1.2026
sample number: 5810.0
sample number: 1623.0
sample number: 1623.0
epoch:8; train_fscore:18.70%; train_loss:2.8596; train_loss1:1.7194; train_loss2:1.1401
sample number: 5810.0
sample number: 1623.0
sample number: 1623.0
epoch:9; train_fscore:24.16%; train_loss:2.659; train_loss1:1.6363; train_loss2:1.0227
sample number: 5810.0
sample number: 1623.0
sample number: 1623.0
epoch:10; train_fscore:19.82%; train_loss:2.6101; train_loss1:1.6318; train_loss2:0.9782
sample number: 5810.0
sample number: 1623.0
sample number: 1623.0
epoch:11; train_fscore:26.44%; train_loss:2.6507; train_loss1:1.6473; train_loss2:1.0034
sample number: 5810.0
sample number: 1623.0
sample number: 1623.0
epoch:12; train_fscore:21.75%; train_loss:2.5889; train_loss1:1.602; train_loss2:0.987
sample number: 5810.0
sample number: 1623.0
sample number: 1623.0
epoch:13; train_fscore:25.42%; train_loss:2.5102; train_loss1:1.555; train_loss2:0.9552
sample number: 5810.0
sample number: 1623.0
sample number: 1623.0
epoch:14; train_fscore:25.17%; train_loss:2.5918; train_loss1:1.5319; train_loss2:1.0599
sample number: 5810.0
sample number: 1623.0
sample number: 1623.0
epoch:15; train_fscore:28.69%; train_loss:2.5177; train_loss1:1.5101; train_loss2:1.0076
sample number: 5810.0
sample number: 1623.0
sample number: 1623.0
epoch:16; train_fscore:27.39%; train_loss:2.4457; train_loss1:1.4736; train_loss2:0.9722
sample number: 5810.0
sample number: 1623.0
sample number: 1623.0
epoch:17; train_fscore:23.11%; train_loss:2.4805; train_loss1:1.5469; train_loss2:0.9336
sample number: 5810.0
sample number: 1623.0
sample number: 1623.0
epoch:18; train_fscore:26.14%; train_loss:2.4926; train_loss1:1.4889; train_loss2:1.0038
sample number: 5810.0
sample number: 1623.0
sample number: 1623.0
epoch:19; train_fscore:28.64%; train_loss:2.5048; train_loss1:1.4592; train_loss2:1.0456
sample number: 5810.0
sample number: 1623.0
sample number: 1623.0
epoch:20; train_fscore:30.63%; train_loss:2.3659; train_loss1:1.4538; train_loss2:0.9121
sample number: 5810.0
sample number: 1623.0
sample number: 1623.0
epoch:21; train_fscore:28.62%; train_loss:2.4202; train_loss1:1.4545; train_loss2:0.9657
sample number: 5810.0
sample number: 1623.0
sample number: 1623.0
epoch:22; train_fscore:28.08%; train_loss:2.3854; train_loss1:1.428; train_loss2:0.9575
sample number: 5810.0
sample number: 1623.0
sample number: 1623.0
epoch:23; train_fscore:32.24%; train_loss:2.3857; train_loss1:1.4122; train_loss2:0.9734
sample number: 5810.0
sample number: 1623.0
sample number: 1623.0
epoch:24; train_fscore:33.35%; train_loss:2.331; train_loss1:1.4071; train_loss2:0.9239
sample number: 5810.0
sample number: 1623.0
sample number: 1623.0
epoch:25; train_fscore:39.29%; train_loss:2.1499; train_loss1:1.3024; train_loss2:0.8475
sample number: 5810.0
sample number: 1623.0
sample number: 1623.0
epoch:26; train_fscore:35.24%; train_loss:2.3193; train_loss1:1.4123; train_loss2:0.9069
sample number: 5810.0
sample number: 1623.0
sample number: 1623.0
epoch:27; train_fscore:32.72%; train_loss:2.2489; train_loss1:1.3313; train_loss2:0.9176
sample number: 5810.0
sample number: 1623.0
sample number: 1623.0
epoch:28; train_fscore:32.21%; train_loss:2.3465; train_loss1:1.3933; train_loss2:0.9532
sample number: 5810.0
sample number: 1623.0
sample number: 1623.0
epoch:29; train_fscore:36.55%; train_loss:2.2052; train_loss1:1.2685; train_loss2:0.9368
sample number: 5810.0
sample number: 1623.0
sample number: 1623.0
epoch:30; train_fscore:40.23%; train_loss:2.1721; train_loss1:1.2718; train_loss2:0.9003
sample number: 5810.0
sample number: 1623.0
sample number: 1623.0
epoch:31; train_fscore:41.56%; train_loss:2.2266; train_loss1:1.2369; train_loss2:0.9897
sample number: 5810.0
sample number: 1623.0
sample number: 1623.0
epoch:32; train_fscore:40.47%; train_loss:2.1836; train_loss1:1.2367; train_loss2:0.9469
sample number: 5810.0
sample number: 1623.0
sample number: 1623.0
epoch:33; train_fscore:41.57%; train_loss:2.1938; train_loss1:1.2138; train_loss2:0.98
sample number: 5810.0
sample number: 1623.0
sample number: 1623.0
epoch:34; train_fscore:41.77%; train_loss:2.2131; train_loss1:1.173; train_loss2:1.0401
sample number: 5810.0
sample number: 1623.0
sample number: 1623.0
epoch:35; train_fscore:46.97%; train_loss:2.1179; train_loss1:1.1784; train_loss2:0.9395
sample number: 5810.0
sample number: 1623.0
sample number: 1623.0
epoch:36; train_fscore:46.68%; train_loss:2.1083; train_loss1:1.113; train_loss2:0.9953
sample number: 5810.0
sample number: 1623.0
sample number: 1623.0
epoch:37; train_fscore:51.79%; train_loss:2.0462; train_loss1:1.0857; train_loss2:0.9605
sample number: 5810.0
sample number: 1623.0
sample number: 1623.0
epoch:38; train_fscore:52.44%; train_loss:2.1135; train_loss1:1.0867; train_loss2:1.0268
sample number: 5810.0
sample number: 1623.0
sample number: 1623.0
epoch:39; train_fscore:50.85%; train_loss:2.0283; train_loss1:1.083; train_loss2:0.9453
sample number: 5810.0
sample number: 1623.0
sample number: 1623.0
epoch:40; train_fscore:52.28%; train_loss:2.0679; train_loss1:1.1002; train_loss2:0.9678
sample number: 5810.0
sample number: 1623.0
sample number: 1623.0
epoch:41; train_fscore:50.51%; train_loss:2.0317; train_loss1:1.0881; train_loss2:0.9435
sample number: 5810.0
sample number: 1623.0
sample number: 1623.0
epoch:42; train_fscore:52.47%; train_loss:2.0225; train_loss1:1.0782; train_loss2:0.9443
sample number: 5810.0
sample number: 1623.0
sample number: 1623.0
epoch:43; train_fscore:52.55%; train_loss:2.0807; train_loss1:1.0664; train_loss2:1.0143
sample number: 5810.0
sample number: 1623.0
sample number: 1623.0
epoch:44; train_fscore:56.32%; train_loss:1.9613; train_loss1:1.0244; train_loss2:0.9369
sample number: 5810.0
sample number: 1623.0
sample number: 1623.0
epoch:45; train_fscore:55.58%; train_loss:1.9219; train_loss1:1.0169; train_loss2:0.905
sample number: 5810.0
sample number: 1623.0
sample number: 1623.0
epoch:46; train_fscore:55.84%; train_loss:1.8484; train_loss1:1.0001; train_loss2:0.8483
sample number: 5810.0
sample number: 1623.0
sample number: 1623.0
epoch:47; train_fscore:56.75%; train_loss:1.9666; train_loss1:0.996; train_loss2:0.9706
sample number: 5810.0
sample number: 1623.0
sample number: 1623.0
epoch:48; train_fscore:56.29%; train_loss:1.9736; train_loss1:1.0037; train_loss2:0.9699
sample number: 5810.0
sample number: 1623.0
sample number: 1623.0
epoch:49; train_fscore:57.51%; train_loss:1.9966; train_loss1:1.0; train_loss2:0.9966
sample number: 5810.0
sample number: 1623.0
sample number: 1623.0
epoch:50; train_fscore:56.50%; train_loss:2.0047; train_loss1:0.9814; train_loss2:1.0233
sample number: 5810.0
sample number: 1623.0
sample number: 1623.0
epoch:51; train_fscore:58.49%; train_loss:1.9936; train_loss1:0.9623; train_loss2:1.0313
sample number: 5810.0
sample number: 1623.0
sample number: 1623.0
epoch:52; train_fscore:58.33%; train_loss:1.8986; train_loss1:0.965; train_loss2:0.9336
sample number: 5810.0
sample number: 1623.0
sample number: 1623.0
epoch:53; train_fscore:61.77%; train_loss:1.8245; train_loss1:0.916; train_loss2:0.9085
sample number: 5810.0
sample number: 1623.0
sample number: 1623.0
epoch:54; train_fscore:59.81%; train_loss:1.8123; train_loss1:0.939; train_loss2:0.8733
sample number: 5810.0
sample number: 1623.0
sample number: 1623.0
epoch:55; train_fscore:58.68%; train_loss:1.8608; train_loss1:0.9326; train_loss2:0.9283
sample number: 5810.0
sample number: 1623.0
sample number: 1623.0
epoch:56; train_fscore:61.23%; train_loss:1.8659; train_loss1:0.9058; train_loss2:0.96
sample number: 5810.0
sample number: 1623.0
sample number: 1623.0
epoch:57; train_fscore:62.80%; train_loss:1.8315; train_loss1:0.8849; train_loss2:0.9466
sample number: 5810.0
sample number: 1623.0
sample number: 1623.0
epoch:58; train_fscore:62.46%; train_loss:1.83; train_loss1:0.9131; train_loss2:0.9169
sample number: 5810.0
sample number: 1623.0
sample number: 1623.0
epoch:59; train_fscore:61.06%; train_loss:1.785; train_loss1:0.8958; train_loss2:0.8892
sample number: 5810.0
sample number: 1623.0
sample number: 1623.0
epoch:60; train_fscore:62.07%; train_loss:1.7955; train_loss1:0.8933; train_loss2:0.9022
sample number: 5810.0
sample number: 1623.0
sample number: 1623.0
epoch:61; train_fscore:63.12%; train_loss:1.7642; train_loss1:0.8724; train_loss2:0.8918
sample number: 5810.0
sample number: 1623.0
sample number: 1623.0
epoch:62; train_fscore:63.32%; train_loss:1.8277; train_loss1:0.8748; train_loss2:0.9528
sample number: 5810.0
sample number: 1623.0
sample number: 1623.0
epoch:63; train_fscore:63.31%; train_loss:1.8417; train_loss1:0.8715; train_loss2:0.9702
sample number: 5810.0
sample number: 1623.0
sample number: 1623.0
epoch:64; train_fscore:61.98%; train_loss:1.8574; train_loss1:0.8734; train_loss2:0.984
sample number: 5810.0
sample number: 1623.0
sample number: 1623.0
epoch:65; train_fscore:62.64%; train_loss:1.7866; train_loss1:0.8618; train_loss2:0.9248
sample number: 5810.0
sample number: 1623.0
sample number: 1623.0
epoch:66; train_fscore:64.13%; train_loss:1.7482; train_loss1:0.8612; train_loss2:0.887
sample number: 5810.0
sample number: 1623.0
sample number: 1623.0
epoch:67; train_fscore:62.12%; train_loss:1.7968; train_loss1:0.8696; train_loss2:0.9272
sample number: 5810.0
sample number: 1623.0
sample number: 1623.0
epoch:68; train_fscore:63.16%; train_loss:1.9123; train_loss1:0.8863; train_loss2:1.026
sample number: 5810.0
sample number: 1623.0
sample number: 1623.0
epoch:69; train_fscore:62.38%; train_loss:1.7993; train_loss1:0.8856; train_loss2:0.9137
sample number: 5810.0
sample number: 1623.0
sample number: 1623.0
epoch:70; train_fscore:63.61%; train_loss:1.804; train_loss1:0.8685; train_loss2:0.9355
sample number: 5810.0
sample number: 1623.0
sample number: 1623.0
epoch:71; train_fscore:63.32%; train_loss:1.7498; train_loss1:0.8568; train_loss2:0.893
sample number: 5810.0
sample number: 1623.0
sample number: 1623.0
epoch:72; train_fscore:63.28%; train_loss:1.8073; train_loss1:0.8701; train_loss2:0.9373
sample number: 5810.0
sample number: 1623.0
sample number: 1623.0
epoch:73; train_fscore:65.55%; train_loss:1.741; train_loss1:0.8232; train_loss2:0.9178
sample number: 5810.0
sample number: 1623.0
sample number: 1623.0
epoch:74; train_fscore:67.84%; train_loss:1.8; train_loss1:0.7944; train_loss2:1.0056
sample number: 5810.0
sample number: 1623.0
sample number: 1623.0
epoch:75; train_fscore:66.87%; train_loss:1.7142; train_loss1:0.7913; train_loss2:0.9229
sample number: 5810.0
sample number: 1623.0
sample number: 1623.0
epoch:76; train_fscore:65.43%; train_loss:1.7422; train_loss1:0.8138; train_loss2:0.9284
sample number: 5810.0
sample number: 1623.0
sample number: 1623.0
epoch:77; train_fscore:65.91%; train_loss:1.7379; train_loss1:0.7993; train_loss2:0.9386
sample number: 5810.0
sample number: 1623.0
sample number: 1623.0
epoch:78; train_fscore:68.46%; train_loss:1.686; train_loss1:0.7667; train_loss2:0.9193
sample number: 5810.0
sample number: 1623.0
sample number: 1623.0
epoch:79; train_fscore:67.20%; train_loss:1.6222; train_loss1:0.7665; train_loss2:0.8557
sample number: 5810.0
sample number: 1623.0
sample number: 1623.0
epoch:80; train_fscore:68.01%; train_loss:1.6521; train_loss1:0.7623; train_loss2:0.8898
sample number: 5810.0
sample number: 1623.0
sample number: 1623.0
epoch:81; train_fscore:66.94%; train_loss:1.8001; train_loss1:0.7826; train_loss2:1.0175
sample number: 5810.0
sample number: 1623.0
sample number: 1623.0
epoch:82; train_fscore:67.31%; train_loss:1.7018; train_loss1:0.775; train_loss2:0.9268
sample number: 5810.0
sample number: 1623.0
sample number: 1623.0
epoch:83; train_fscore:65.49%; train_loss:1.6731; train_loss1:0.8087; train_loss2:0.8643
sample number: 5810.0
sample number: 1623.0
sample number: 1623.0
epoch:84; train_fscore:70.33%; train_loss:1.6962; train_loss1:0.7464; train_loss2:0.9498
sample number: 5810.0
sample number: 1623.0
sample number: 1623.0
epoch:85; train_fscore:69.00%; train_loss:1.6237; train_loss1:0.7512; train_loss2:0.8725
sample number: 5810.0
sample number: 1623.0
sample number: 1623.0
epoch:86; train_fscore:71.43%; train_loss:1.6158; train_loss1:0.7299; train_loss2:0.8859
sample number: 5810.0
sample number: 1623.0
sample number: 1623.0
epoch:87; train_fscore:69.89%; train_loss:1.6633; train_loss1:0.731; train_loss2:0.9323
sample number: 5810.0
sample number: 1623.0
sample number: 1623.0
epoch:88; train_fscore:70.81%; train_loss:1.6468; train_loss1:0.7112; train_loss2:0.9357
sample number: 5810.0
sample number: 1623.0
sample number: 1623.0
epoch:89; train_fscore:72.04%; train_loss:1.673; train_loss1:0.7031; train_loss2:0.9698
sample number: 5810.0
sample number: 1623.0
sample number: 1623.0
epoch:90; train_fscore:73.59%; train_loss:1.6019; train_loss1:0.6655; train_loss2:0.9364
sample number: 5810.0
sample number: 1623.0
sample number: 1623.0
epoch:91; train_fscore:73.54%; train_loss:1.5729; train_loss1:0.6609; train_loss2:0.912
sample number: 5810.0
sample number: 1623.0
sample number: 1623.0
epoch:92; train_fscore:71.36%; train_loss:1.6231; train_loss1:0.6919; train_loss2:0.9312
sample number: 5810.0
sample number: 1623.0
sample number: 1623.0
epoch:93; train_fscore:73.10%; train_loss:1.5851; train_loss1:0.6666; train_loss2:0.9185
sample number: 5810.0
sample number: 1623.0
sample number: 1623.0
epoch:94; train_fscore:72.79%; train_loss:1.568; train_loss1:0.6617; train_loss2:0.9064
sample number: 5810.0
sample number: 1623.0
sample number: 1623.0
epoch:95; train_fscore:74.79%; train_loss:1.5484; train_loss1:0.6273; train_loss2:0.921
sample number: 5810.0
sample number: 1623.0
sample number: 1623.0
epoch:96; train_fscore:75.17%; train_loss:1.5727; train_loss1:0.6204; train_loss2:0.9523
sample number: 5810.0
sample number: 1623.0
sample number: 1623.0
epoch:97; train_fscore:75.61%; train_loss:1.5053; train_loss1:0.6166; train_loss2:0.8887
sample number: 5810.0
sample number: 1623.0
sample number: 1623.0
epoch:98; train_fscore:73.93%; train_loss:1.5753; train_loss1:0.6479; train_loss2:0.9274
sample number: 5810.0
sample number: 1623.0
sample number: 1623.0
epoch:99; train_fscore:72.38%; train_loss:1.5575; train_loss1:0.681; train_loss2:0.8765
sample number: 5810.0
sample number: 1623.0
sample number: 1623.0
epoch:100; train_fscore:74.18%; train_loss:1.5499; train_loss1:0.6454; train_loss2:0.9045
Step3: saving and testing on the 5 folder
>>>>> Finish: training on the 5 folder, duration: 447.7319004535675 >>>>>
====== Saving =======
SMOKE_ONLY=False
save results in /data2/yb/paper/experiments/second_graph_aggregation_iemocap6_20260825/formal/soft_medoid/miss_0p7/seed_68/fold_5/saved/iemocapsix_original_addition_secondagg_soft_medoid_f5_s68_m0p7_1787675228.5894878.npz
