Namespace(allow_short_run=False, audio_feature='wav2vec-large-c-UTT', base_model='LSTM', batch_size=32, branch_fusion='addition', data_root='/data2/yb/paper/GCNet_TPAMI_modality_jepa_20260818/dataset/IEMOCAP', dataset='IEMOCAPSix', dropout=0.5, epochs=100, fold_index=5, graph_conv_variant='original', hidden=200, l2=1e-05, loss_recon=True, lower_bound=False, lr=0.001, mask_bank_root='/data2/yb/paper/experiments/mpfilm_iemocap6_20260824/mask_banks', mask_seed=66, mask_type='constant-0.6', n_classes=6, n_speakers=2, no_cuda=False, num_folder=5, num_threads=6, output_dir='/data2/yb/paper/experiments/second_graph_aggregation_iemocap6_20260825_phase_b/formal/rtdr/miss_0p6/seed_66/fold_5/saved', post_graph_context='bilstm', pre_graph_context='bilstm', reccls_flag=False, relation_track_routing='diagonal', second_graph_aggregation='add', seed=66, text_feature='deberta-large-4-UTT', time_attn=False, video_feature='manet_UTT', windowf=2, windowp=2)
====== Reading Data =======
audio dimension: 512; text dimension: 1024; video dimension: 1024
stage-aware mask bundle: sha256=933e5c1ba7e1459e28ec47b6037824eb5e1fcb6989d091588c6cfa5237c1ea1a requested=0.6000 realized=0.6038
====== Training and Evaluation =======
>>>>> Cross-validation: training on the 5 folder >>>>>
Step1: build model (each folder has its own model)
Model have 36419816 paramerters in total
Graph NN with LSTM as base model.
Step2: training (multiple epoches)
sample number: 5810.0
sample number: 1623.0
sample number: 1623.0
epoch:1; train_fscore:15.66%; train_loss:5.1675; train_loss1:1.7963; train_loss2:3.3712
sample number: 5810.0
sample number: 1623.0
sample number: 1623.0
epoch:2; train_fscore:16.09%; train_loss:4.5909; train_loss1:2.0171; train_loss2:2.5739
sample number: 5810.0
sample number: 1623.0
sample number: 1623.0
epoch:3; train_fscore:12.58%; train_loss:3.9307; train_loss1:1.78; train_loss2:2.1507
sample number: 5810.0
sample number: 1623.0
sample number: 1623.0
epoch:4; train_fscore:12.62%; train_loss:3.7689; train_loss1:1.7829; train_loss2:1.986
sample number: 5810.0
sample number: 1623.0
sample number: 1623.0
epoch:5; train_fscore:16.09%; train_loss:3.625; train_loss1:1.7559; train_loss2:1.8692
sample number: 5810.0
sample number: 1623.0
sample number: 1623.0
epoch:6; train_fscore:15.09%; train_loss:3.0739; train_loss1:1.7546; train_loss2:1.3193
sample number: 5810.0
sample number: 1623.0
sample number: 1623.0
epoch:7; train_fscore:18.07%; train_loss:2.9659; train_loss1:1.7693; train_loss2:1.1967
sample number: 5810.0
sample number: 1623.0
sample number: 1623.0
epoch:8; train_fscore:18.48%; train_loss:2.7287; train_loss1:1.699; train_loss2:1.0297
sample number: 5810.0
sample number: 1623.0
sample number: 1623.0
epoch:9; train_fscore:19.66%; train_loss:2.6646; train_loss1:1.6467; train_loss2:1.0179
sample number: 5810.0
sample number: 1623.0
sample number: 1623.0
epoch:10; train_fscore:24.83%; train_loss:2.5695; train_loss1:1.5993; train_loss2:0.9702
sample number: 5810.0
sample number: 1623.0
sample number: 1623.0
epoch:11; train_fscore:23.56%; train_loss:2.5317; train_loss1:1.5736; train_loss2:0.9581
sample number: 5810.0
sample number: 1623.0
sample number: 1623.0
epoch:12; train_fscore:28.88%; train_loss:2.3667; train_loss1:1.4994; train_loss2:0.8673
sample number: 5810.0
sample number: 1623.0
sample number: 1623.0
epoch:13; train_fscore:23.94%; train_loss:2.4202; train_loss1:1.5021; train_loss2:0.9182
sample number: 5810.0
sample number: 1623.0
sample number: 1623.0
epoch:14; train_fscore:33.13%; train_loss:2.2542; train_loss1:1.3843; train_loss2:0.87
sample number: 5810.0
sample number: 1623.0
sample number: 1623.0
epoch:15; train_fscore:23.82%; train_loss:2.2513; train_loss1:1.434; train_loss2:0.8173
sample number: 5810.0
sample number: 1623.0
sample number: 1623.0
epoch:16; train_fscore:29.59%; train_loss:2.278; train_loss1:1.3927; train_loss2:0.8853
sample number: 5810.0
sample number: 1623.0
sample number: 1623.0
epoch:17; train_fscore:31.69%; train_loss:2.3267; train_loss1:1.376; train_loss2:0.9507
sample number: 5810.0
sample number: 1623.0
sample number: 1623.0
epoch:18; train_fscore:38.29%; train_loss:2.2032; train_loss1:1.3292; train_loss2:0.8741
sample number: 5810.0
sample number: 1623.0
sample number: 1623.0
epoch:19; train_fscore:39.82%; train_loss:2.1835; train_loss1:1.3019; train_loss2:0.8817
sample number: 5810.0
sample number: 1623.0
sample number: 1623.0
epoch:20; train_fscore:35.29%; train_loss:2.2121; train_loss1:1.3365; train_loss2:0.8757
sample number: 5810.0
sample number: 1623.0
sample number: 1623.0
epoch:21; train_fscore:33.77%; train_loss:2.1375; train_loss1:1.3339; train_loss2:0.8036
sample number: 5810.0
sample number: 1623.0
sample number: 1623.0
epoch:22; train_fscore:35.24%; train_loss:2.2516; train_loss1:1.3235; train_loss2:0.9281
sample number: 5810.0
sample number: 1623.0
sample number: 1623.0
epoch:23; train_fscore:40.50%; train_loss:2.1924; train_loss1:1.3046; train_loss2:0.8879
sample number: 5810.0
sample number: 1623.0
sample number: 1623.0
epoch:24; train_fscore:38.80%; train_loss:2.1927; train_loss1:1.3043; train_loss2:0.8884
sample number: 5810.0
sample number: 1623.0
sample number: 1623.0
epoch:25; train_fscore:41.70%; train_loss:2.1888; train_loss1:1.2681; train_loss2:0.9207
sample number: 5810.0
sample number: 1623.0
sample number: 1623.0
epoch:26; train_fscore:35.60%; train_loss:2.1407; train_loss1:1.2883; train_loss2:0.8524
sample number: 5810.0
sample number: 1623.0
sample number: 1623.0
epoch:27; train_fscore:46.74%; train_loss:2.0567; train_loss1:1.2027; train_loss2:0.8541
sample number: 5810.0
sample number: 1623.0
sample number: 1623.0
epoch:28; train_fscore:44.78%; train_loss:2.0689; train_loss1:1.1955; train_loss2:0.8734
sample number: 5810.0
sample number: 1623.0
sample number: 1623.0
epoch:29; train_fscore:45.33%; train_loss:2.0753; train_loss1:1.1814; train_loss2:0.8939
sample number: 5810.0
sample number: 1623.0
sample number: 1623.0
epoch:30; train_fscore:42.99%; train_loss:1.994; train_loss1:1.234; train_loss2:0.76
sample number: 5810.0
sample number: 1623.0
sample number: 1623.0
epoch:31; train_fscore:44.91%; train_loss:2.0126; train_loss1:1.1977; train_loss2:0.8149
sample number: 5810.0
sample number: 1623.0
sample number: 1623.0
epoch:32; train_fscore:46.52%; train_loss:2.0514; train_loss1:1.1534; train_loss2:0.898
sample number: 5810.0
sample number: 1623.0
sample number: 1623.0
epoch:33; train_fscore:47.17%; train_loss:2.0561; train_loss1:1.1708; train_loss2:0.8853
sample number: 5810.0
sample number: 1623.0
sample number: 1623.0
epoch:34; train_fscore:44.94%; train_loss:1.9395; train_loss1:1.1519; train_loss2:0.7876
sample number: 5810.0
sample number: 1623.0
sample number: 1623.0
epoch:35; train_fscore:49.72%; train_loss:2.0493; train_loss1:1.114; train_loss2:0.9353
sample number: 5810.0
sample number: 1623.0
sample number: 1623.0
epoch:36; train_fscore:47.65%; train_loss:1.9883; train_loss1:1.116; train_loss2:0.8723
sample number: 5810.0
sample number: 1623.0
sample number: 1623.0
epoch:37; train_fscore:51.72%; train_loss:1.9636; train_loss1:1.0843; train_loss2:0.8794
sample number: 5810.0
sample number: 1623.0
sample number: 1623.0
epoch:38; train_fscore:49.64%; train_loss:1.9371; train_loss1:1.106; train_loss2:0.8312
sample number: 5810.0
sample number: 1623.0
sample number: 1623.0
epoch:39; train_fscore:49.16%; train_loss:1.8491; train_loss1:1.0962; train_loss2:0.7529
sample number: 5810.0
sample number: 1623.0
sample number: 1623.0
epoch:40; train_fscore:52.45%; train_loss:1.8432; train_loss1:1.0512; train_loss2:0.792
sample number: 5810.0
sample number: 1623.0
sample number: 1623.0
epoch:41; train_fscore:54.83%; train_loss:1.9421; train_loss1:1.0246; train_loss2:0.9175
sample number: 5810.0
sample number: 1623.0
sample number: 1623.0
epoch:42; train_fscore:55.70%; train_loss:1.803; train_loss1:0.9972; train_loss2:0.8059
sample number: 5810.0
sample number: 1623.0
sample number: 1623.0
epoch:43; train_fscore:56.83%; train_loss:1.8823; train_loss1:1.0005; train_loss2:0.8818
sample number: 5810.0
sample number: 1623.0
sample number: 1623.0
epoch:44; train_fscore:55.35%; train_loss:1.8338; train_loss1:0.9997; train_loss2:0.8341
sample number: 5810.0
sample number: 1623.0
sample number: 1623.0
epoch:45; train_fscore:56.40%; train_loss:1.8105; train_loss1:0.9795; train_loss2:0.8311
sample number: 5810.0
sample number: 1623.0
sample number: 1623.0
epoch:46; train_fscore:57.96%; train_loss:1.8462; train_loss1:0.9766; train_loss2:0.8696
sample number: 5810.0
sample number: 1623.0
sample number: 1623.0
epoch:47; train_fscore:57.90%; train_loss:1.7878; train_loss1:0.9497; train_loss2:0.8382
sample number: 5810.0
sample number: 1623.0
sample number: 1623.0
epoch:48; train_fscore:57.80%; train_loss:1.8148; train_loss1:0.9553; train_loss2:0.8595
sample number: 5810.0
sample number: 1623.0
sample number: 1623.0
epoch:49; train_fscore:58.83%; train_loss:1.7864; train_loss1:0.9435; train_loss2:0.8429
sample number: 5810.0
sample number: 1623.0
sample number: 1623.0
epoch:50; train_fscore:60.47%; train_loss:1.8326; train_loss1:0.9137; train_loss2:0.9189
sample number: 5810.0
sample number: 1623.0
sample number: 1623.0
epoch:51; train_fscore:60.17%; train_loss:1.8057; train_loss1:0.93; train_loss2:0.8758
sample number: 5810.0
sample number: 1623.0
sample number: 1623.0
epoch:52; train_fscore:58.31%; train_loss:1.8378; train_loss1:0.9789; train_loss2:0.8588
sample number: 5810.0
sample number: 1623.0
sample number: 1623.0
epoch:53; train_fscore:57.91%; train_loss:1.8652; train_loss1:0.9678; train_loss2:0.8975
sample number: 5810.0
sample number: 1623.0
sample number: 1623.0
epoch:54; train_fscore:58.85%; train_loss:1.7935; train_loss1:0.9537; train_loss2:0.8398
sample number: 5810.0
sample number: 1623.0
sample number: 1623.0
epoch:55; train_fscore:57.73%; train_loss:1.7947; train_loss1:0.9684; train_loss2:0.8263
sample number: 5810.0
sample number: 1623.0
sample number: 1623.0
epoch:56; train_fscore:55.67%; train_loss:1.8187; train_loss1:0.9852; train_loss2:0.8335
sample number: 5810.0
sample number: 1623.0
sample number: 1623.0
epoch:57; train_fscore:56.44%; train_loss:1.8283; train_loss1:0.9728; train_loss2:0.8555
sample number: 5810.0
sample number: 1623.0
sample number: 1623.0
epoch:58; train_fscore:58.43%; train_loss:1.7761; train_loss1:0.935; train_loss2:0.8411
sample number: 5810.0
sample number: 1623.0
sample number: 1623.0
epoch:59; train_fscore:58.87%; train_loss:1.8696; train_loss1:0.9444; train_loss2:0.9252
sample number: 5810.0
sample number: 1623.0
sample number: 1623.0
epoch:60; train_fscore:59.86%; train_loss:1.8218; train_loss1:0.9801; train_loss2:0.8418
sample number: 5810.0
sample number: 1623.0
sample number: 1623.0
epoch:61; train_fscore:56.74%; train_loss:1.8581; train_loss1:0.9774; train_loss2:0.8807
sample number: 5810.0
sample number: 1623.0
sample number: 1623.0
epoch:62; train_fscore:62.47%; train_loss:1.7507; train_loss1:0.9046; train_loss2:0.8461
sample number: 5810.0
sample number: 1623.0
sample number: 1623.0
epoch:63; train_fscore:61.88%; train_loss:1.7241; train_loss1:0.8886; train_loss2:0.8356
sample number: 5810.0
sample number: 1623.0
sample number: 1623.0
epoch:64; train_fscore:64.25%; train_loss:1.6738; train_loss1:0.8598; train_loss2:0.814
sample number: 5810.0
sample number: 1623.0
sample number: 1623.0
epoch:65; train_fscore:65.16%; train_loss:1.713; train_loss1:0.8763; train_loss2:0.8367
sample number: 5810.0
sample number: 1623.0
sample number: 1623.0
epoch:66; train_fscore:64.01%; train_loss:1.6833; train_loss1:0.8709; train_loss2:0.8124
sample number: 5810.0
sample number: 1623.0
sample number: 1623.0
epoch:67; train_fscore:64.60%; train_loss:1.7318; train_loss1:0.8543; train_loss2:0.8775
sample number: 5810.0
sample number: 1623.0
sample number: 1623.0
epoch:68; train_fscore:65.88%; train_loss:1.6271; train_loss1:0.8408; train_loss2:0.7863
sample number: 5810.0
sample number: 1623.0
sample number: 1623.0
epoch:69; train_fscore:67.34%; train_loss:1.6553; train_loss1:0.8112; train_loss2:0.8441
sample number: 5810.0
sample number: 1623.0
sample number: 1623.0
epoch:70; train_fscore:67.23%; train_loss:1.6141; train_loss1:0.8088; train_loss2:0.8053
sample number: 5810.0
sample number: 1623.0
sample number: 1623.0
epoch:71; train_fscore:65.27%; train_loss:1.6412; train_loss1:0.8442; train_loss2:0.7971
sample number: 5810.0
sample number: 1623.0
sample number: 1623.0
epoch:72; train_fscore:65.51%; train_loss:1.6813; train_loss1:0.8079; train_loss2:0.8735
sample number: 5810.0
sample number: 1623.0
sample number: 1623.0
epoch:73; train_fscore:66.26%; train_loss:1.6378; train_loss1:0.8021; train_loss2:0.8357
sample number: 5810.0
sample number: 1623.0
sample number: 1623.0
epoch:74; train_fscore:66.69%; train_loss:1.6194; train_loss1:0.8222; train_loss2:0.7972
sample number: 5810.0
sample number: 1623.0
sample number: 1623.0
epoch:75; train_fscore:66.21%; train_loss:1.6537; train_loss1:0.8127; train_loss2:0.841
sample number: 5810.0
sample number: 1623.0
sample number: 1623.0
epoch:76; train_fscore:67.19%; train_loss:1.6501; train_loss1:0.7772; train_loss2:0.8729
sample number: 5810.0
sample number: 1623.0
sample number: 1623.0
epoch:77; train_fscore:68.85%; train_loss:1.5675; train_loss1:0.7565; train_loss2:0.811
sample number: 5810.0
sample number: 1623.0
sample number: 1623.0
epoch:78; train_fscore:69.97%; train_loss:1.5704; train_loss1:0.7348; train_loss2:0.8356
sample number: 5810.0
sample number: 1623.0
sample number: 1623.0
epoch:79; train_fscore:70.41%; train_loss:1.5492; train_loss1:0.7321; train_loss2:0.817
sample number: 5810.0
sample number: 1623.0
sample number: 1623.0
epoch:80; train_fscore:69.60%; train_loss:1.5779; train_loss1:0.7513; train_loss2:0.8266
sample number: 5810.0
sample number: 1623.0
sample number: 1623.0
epoch:81; train_fscore:69.44%; train_loss:1.6507; train_loss1:0.7398; train_loss2:0.9108
sample number: 5810.0
sample number: 1623.0
sample number: 1623.0
epoch:82; train_fscore:69.39%; train_loss:1.6459; train_loss1:0.7293; train_loss2:0.9167
sample number: 5810.0
sample number: 1623.0
sample number: 1623.0
epoch:83; train_fscore:70.94%; train_loss:1.5381; train_loss1:0.7391; train_loss2:0.799
sample number: 5810.0
sample number: 1623.0
sample number: 1623.0
epoch:84; train_fscore:70.09%; train_loss:1.5949; train_loss1:0.7266; train_loss2:0.8683
sample number: 5810.0
sample number: 1623.0
sample number: 1623.0
epoch:85; train_fscore:72.59%; train_loss:1.5547; train_loss1:0.7015; train_loss2:0.8532
sample number: 5810.0
sample number: 1623.0
sample number: 1623.0
epoch:86; train_fscore:70.55%; train_loss:1.5682; train_loss1:0.725; train_loss2:0.8432
sample number: 5810.0
sample number: 1623.0
sample number: 1623.0
epoch:87; train_fscore:71.93%; train_loss:1.5172; train_loss1:0.7057; train_loss2:0.8115
sample number: 5810.0
sample number: 1623.0
sample number: 1623.0
epoch:88; train_fscore:71.14%; train_loss:1.5977; train_loss1:0.7232; train_loss2:0.8746
sample number: 5810.0
sample number: 1623.0
sample number: 1623.0
epoch:89; train_fscore:70.30%; train_loss:1.532; train_loss1:0.7124; train_loss2:0.8196
sample number: 5810.0
sample number: 1623.0
sample number: 1623.0
epoch:90; train_fscore:70.19%; train_loss:1.6028; train_loss1:0.7328; train_loss2:0.87
sample number: 5810.0
sample number: 1623.0
sample number: 1623.0
epoch:91; train_fscore:70.06%; train_loss:1.5888; train_loss1:0.7129; train_loss2:0.8759
sample number: 5810.0
sample number: 1623.0
sample number: 1623.0
epoch:92; train_fscore:69.83%; train_loss:1.5287; train_loss1:0.7196; train_loss2:0.8091
sample number: 5810.0
sample number: 1623.0
sample number: 1623.0
epoch:93; train_fscore:72.51%; train_loss:1.541; train_loss1:0.678; train_loss2:0.863
sample number: 5810.0
sample number: 1623.0
sample number: 1623.0
epoch:94; train_fscore:72.48%; train_loss:1.5375; train_loss1:0.6781; train_loss2:0.8594
sample number: 5810.0
sample number: 1623.0
sample number: 1623.0
epoch:95; train_fscore:72.31%; train_loss:1.5034; train_loss1:0.6889; train_loss2:0.8144
sample number: 5810.0
sample number: 1623.0
sample number: 1623.0
epoch:96; train_fscore:71.10%; train_loss:1.5246; train_loss1:0.6861; train_loss2:0.8386
sample number: 5810.0
sample number: 1623.0
sample number: 1623.0
epoch:97; train_fscore:71.54%; train_loss:1.5328; train_loss1:0.6933; train_loss2:0.8395
sample number: 5810.0
sample number: 1623.0
sample number: 1623.0
epoch:98; train_fscore:73.24%; train_loss:1.4765; train_loss1:0.6615; train_loss2:0.8149
sample number: 5810.0
sample number: 1623.0
sample number: 1623.0
epoch:99; train_fscore:72.52%; train_loss:1.5942; train_loss1:0.6789; train_loss2:0.9153
sample number: 5810.0
sample number: 1623.0
sample number: 1623.0
epoch:100; train_fscore:72.57%; train_loss:1.5275; train_loss1:0.6764; train_loss2:0.851
Step3: saving and testing on the 5 folder
>>>>> Finish: training on the 5 folder, duration: 343.90618443489075 >>>>>
====== Saving =======
SMOKE_ONLY=False
save results in /data2/yb/paper/experiments/second_graph_aggregation_iemocap6_20260825_phase_b/formal/rtdr/miss_0p6/seed_66/fold_5/saved/iemocapsix_original_addition_relationtrack_diagonal_f5_s66_m0p6_1787700883.5151722.npz
