Namespace(allow_short_run=False, audio_feature='wav2vec-large-c-UTT', base_model='LSTM', batch_size=32, branch_fusion='addition', data_root='/data2/yb/paper/GCNet_TPAMI_modality_jepa_20260818/dataset/IEMOCAP', dataset='IEMOCAPSix', dropout=0.5, epochs=100, fold_index=5, graph_conv_variant='original', hidden=200, l2=1e-05, loss_recon=True, lower_bound=False, lr=0.001, mask_bank_root='/data2/yb/paper/experiments/mpfilm_iemocap6_20260824/mask_banks', mask_seed=67, mask_type='constant-0.7', n_classes=6, n_speakers=2, no_cuda=False, num_folder=5, num_threads=6, output_dir='/data2/yb/paper/experiments/second_graph_aggregation_iemocap6_20260825/formal/soft_medoid/miss_0p7/seed_67/fold_5/saved', post_graph_context='bilstm', pre_graph_context='bilstm', reccls_flag=False, second_graph_aggregation='soft_medoid', seed=67, text_feature='deberta-large-4-UTT', time_attn=False, video_feature='manet_UTT', windowf=2, windowp=2)
====== Reading Data =======
audio dimension: 512; text dimension: 1024; video dimension: 1024
stage-aware mask bundle: sha256=f94888ce8343a2d7fb37e60ea458022c434c9594bed1e425726bd086585ba894 requested=0.7000 realized=0.6667
====== Training and Evaluation =======
>>>>> Cross-validation: training on the 5 folder >>>>>
Step1: build model (each folder has its own model)
Model have 36419816 paramerters in total
Graph NN with LSTM as base model.
Step2: training (multiple epoches)
sample number: 5810.0
sample number: 1623.0
sample number: 1623.0
epoch:1; train_fscore:16.60%; train_loss:5.6203; train_loss1:1.8622; train_loss2:3.7581
sample number: 5810.0
sample number: 1623.0
sample number: 1623.0
epoch:2; train_fscore:21.68%; train_loss:4.9236; train_loss1:1.7816; train_loss2:3.1421
sample number: 5810.0
sample number: 1623.0
sample number: 1623.0
epoch:3; train_fscore:20.69%; train_loss:4.1918; train_loss1:1.7447; train_loss2:2.4471
sample number: 5810.0
sample number: 1623.0
sample number: 1623.0
epoch:4; train_fscore:15.26%; train_loss:4.0298; train_loss1:1.6963; train_loss2:2.3336
sample number: 5810.0
sample number: 1623.0
sample number: 1623.0
epoch:5; train_fscore:18.48%; train_loss:3.5627; train_loss1:1.6306; train_loss2:1.9321
sample number: 5810.0
sample number: 1623.0
sample number: 1623.0
epoch:6; train_fscore:24.80%; train_loss:3.1567; train_loss1:1.5619; train_loss2:1.5947
sample number: 5810.0
sample number: 1623.0
sample number: 1623.0
epoch:7; train_fscore:22.85%; train_loss:2.8492; train_loss1:1.5779; train_loss2:1.2713
sample number: 5810.0
sample number: 1623.0
sample number: 1623.0
epoch:8; train_fscore:27.62%; train_loss:2.6322; train_loss1:1.5113; train_loss2:1.1209
sample number: 5810.0
sample number: 1623.0
sample number: 1623.0
epoch:9; train_fscore:29.13%; train_loss:2.447; train_loss1:1.4895; train_loss2:0.9576
sample number: 5810.0
sample number: 1623.0
sample number: 1623.0
epoch:10; train_fscore:27.10%; train_loss:2.4773; train_loss1:1.4567; train_loss2:1.0206
sample number: 5810.0
sample number: 1623.0
sample number: 1623.0
epoch:11; train_fscore:30.50%; train_loss:2.3237; train_loss1:1.4172; train_loss2:0.9065
sample number: 5810.0
sample number: 1623.0
sample number: 1623.0
epoch:12; train_fscore:27.19%; train_loss:2.4806; train_loss1:1.4842; train_loss2:0.9964
sample number: 5810.0
sample number: 1623.0
sample number: 1623.0
epoch:13; train_fscore:25.43%; train_loss:2.7608; train_loss1:1.7141; train_loss2:1.0467
sample number: 5810.0
sample number: 1623.0
sample number: 1623.0
epoch:14; train_fscore:23.86%; train_loss:2.4855; train_loss1:1.5056; train_loss2:0.9799
sample number: 5810.0
sample number: 1623.0
sample number: 1623.0
epoch:15; train_fscore:30.71%; train_loss:2.4161; train_loss1:1.4645; train_loss2:0.9516
sample number: 5810.0
sample number: 1623.0
sample number: 1623.0
epoch:16; train_fscore:33.00%; train_loss:2.4643; train_loss1:1.4626; train_loss2:1.0017
sample number: 5810.0
sample number: 1623.0
sample number: 1623.0
epoch:17; train_fscore:24.85%; train_loss:2.5133; train_loss1:1.5842; train_loss2:0.9291
sample number: 5810.0
sample number: 1623.0
sample number: 1623.0
epoch:18; train_fscore:29.88%; train_loss:2.3737; train_loss1:1.4488; train_loss2:0.9249
sample number: 5810.0
sample number: 1623.0
sample number: 1623.0
epoch:19; train_fscore:27.77%; train_loss:2.4229; train_loss1:1.4204; train_loss2:1.0025
sample number: 5810.0
sample number: 1623.0
sample number: 1623.0
epoch:20; train_fscore:31.32%; train_loss:2.2945; train_loss1:1.3859; train_loss2:0.9086
sample number: 5810.0
sample number: 1623.0
sample number: 1623.0
epoch:21; train_fscore:34.73%; train_loss:2.3504; train_loss1:1.3193; train_loss2:1.0311
sample number: 5810.0
sample number: 1623.0
sample number: 1623.0
epoch:22; train_fscore:40.04%; train_loss:2.2141; train_loss1:1.2577; train_loss2:0.9565
sample number: 5810.0
sample number: 1623.0
sample number: 1623.0
epoch:23; train_fscore:42.73%; train_loss:2.2518; train_loss1:1.2504; train_loss2:1.0013
sample number: 5810.0
sample number: 1623.0
sample number: 1623.0
epoch:24; train_fscore:40.38%; train_loss:2.0905; train_loss1:1.1981; train_loss2:0.8923
sample number: 5810.0
sample number: 1623.0
sample number: 1623.0
epoch:25; train_fscore:44.51%; train_loss:2.0721; train_loss1:1.1757; train_loss2:0.8964
sample number: 5810.0
sample number: 1623.0
sample number: 1623.0
epoch:26; train_fscore:43.95%; train_loss:2.1931; train_loss1:1.2004; train_loss2:0.9927
sample number: 5810.0
sample number: 1623.0
sample number: 1623.0
epoch:27; train_fscore:45.36%; train_loss:2.1012; train_loss1:1.1596; train_loss2:0.9417
sample number: 5810.0
sample number: 1623.0
sample number: 1623.0
epoch:28; train_fscore:47.07%; train_loss:2.0659; train_loss1:1.144; train_loss2:0.9219
sample number: 5810.0
sample number: 1623.0
sample number: 1623.0
epoch:29; train_fscore:47.52%; train_loss:2.0402; train_loss1:1.1356; train_loss2:0.9046
sample number: 5810.0
sample number: 1623.0
sample number: 1623.0
epoch:30; train_fscore:48.54%; train_loss:2.0477; train_loss1:1.1253; train_loss2:0.9224
sample number: 5810.0
sample number: 1623.0
sample number: 1623.0
epoch:31; train_fscore:46.29%; train_loss:2.0335; train_loss1:1.1288; train_loss2:0.9047
sample number: 5810.0
sample number: 1623.0
sample number: 1623.0
epoch:32; train_fscore:50.77%; train_loss:2.0343; train_loss1:1.107; train_loss2:0.9273
sample number: 5810.0
sample number: 1623.0
sample number: 1623.0
epoch:33; train_fscore:48.27%; train_loss:2.0972; train_loss1:1.0984; train_loss2:0.9988
sample number: 5810.0
sample number: 1623.0
sample number: 1623.0
epoch:34; train_fscore:54.06%; train_loss:2.0261; train_loss1:1.0689; train_loss2:0.9572
sample number: 5810.0
sample number: 1623.0
sample number: 1623.0
epoch:35; train_fscore:49.18%; train_loss:2.1088; train_loss1:1.0721; train_loss2:1.0367
sample number: 5810.0
sample number: 1623.0
sample number: 1623.0
epoch:36; train_fscore:52.74%; train_loss:2.0346; train_loss1:1.0852; train_loss2:0.9493
sample number: 5810.0
sample number: 1623.0
sample number: 1623.0
epoch:37; train_fscore:48.65%; train_loss:1.9784; train_loss1:1.0721; train_loss2:0.9064
sample number: 5810.0
sample number: 1623.0
sample number: 1623.0
epoch:38; train_fscore:52.93%; train_loss:1.9868; train_loss1:1.0665; train_loss2:0.9204
sample number: 5810.0
sample number: 1623.0
sample number: 1623.0
epoch:39; train_fscore:50.43%; train_loss:2.016; train_loss1:1.0797; train_loss2:0.9363
sample number: 5810.0
sample number: 1623.0
sample number: 1623.0
epoch:40; train_fscore:52.33%; train_loss:1.975; train_loss1:1.0576; train_loss2:0.9174
sample number: 5810.0
sample number: 1623.0
sample number: 1623.0
epoch:41; train_fscore:52.34%; train_loss:2.1527; train_loss1:1.0563; train_loss2:1.0965
sample number: 5810.0
sample number: 1623.0
sample number: 1623.0
epoch:42; train_fscore:54.38%; train_loss:1.9584; train_loss1:1.0212; train_loss2:0.9373
sample number: 5810.0
sample number: 1623.0
sample number: 1623.0
epoch:43; train_fscore:54.26%; train_loss:1.9212; train_loss1:1.0147; train_loss2:0.9065
sample number: 5810.0
sample number: 1623.0
sample number: 1623.0
epoch:44; train_fscore:54.04%; train_loss:1.9763; train_loss1:1.0229; train_loss2:0.9534
sample number: 5810.0
sample number: 1623.0
sample number: 1623.0
epoch:45; train_fscore:56.94%; train_loss:1.8919; train_loss1:0.9856; train_loss2:0.9063
sample number: 5810.0
sample number: 1623.0
sample number: 1623.0
epoch:46; train_fscore:54.01%; train_loss:1.9309; train_loss1:1.0004; train_loss2:0.9305
sample number: 5810.0
sample number: 1623.0
sample number: 1623.0
epoch:47; train_fscore:55.68%; train_loss:1.8892; train_loss1:1.0082; train_loss2:0.881
sample number: 5810.0
sample number: 1623.0
sample number: 1623.0
epoch:48; train_fscore:56.98%; train_loss:1.9134; train_loss1:0.9862; train_loss2:0.9271
sample number: 5810.0
sample number: 1623.0
sample number: 1623.0
epoch:49; train_fscore:57.16%; train_loss:1.8631; train_loss1:0.9677; train_loss2:0.8954
sample number: 5810.0
sample number: 1623.0
sample number: 1623.0
epoch:50; train_fscore:59.18%; train_loss:1.9179; train_loss1:0.9646; train_loss2:0.9533
sample number: 5810.0
sample number: 1623.0
sample number: 1623.0
epoch:51; train_fscore:57.60%; train_loss:1.8563; train_loss1:0.9694; train_loss2:0.8869
sample number: 5810.0
sample number: 1623.0
sample number: 1623.0
epoch:52; train_fscore:59.14%; train_loss:1.9272; train_loss1:0.9501; train_loss2:0.9771
sample number: 5810.0
sample number: 1623.0
sample number: 1623.0
epoch:53; train_fscore:58.71%; train_loss:1.8759; train_loss1:0.9475; train_loss2:0.9285
sample number: 5810.0
sample number: 1623.0
sample number: 1623.0
epoch:54; train_fscore:57.49%; train_loss:1.96; train_loss1:0.9529; train_loss2:1.0071
sample number: 5810.0
sample number: 1623.0
sample number: 1623.0
epoch:55; train_fscore:59.14%; train_loss:1.8436; train_loss1:0.9493; train_loss2:0.8943
sample number: 5810.0
sample number: 1623.0
sample number: 1623.0
epoch:56; train_fscore:60.69%; train_loss:1.8429; train_loss1:0.9222; train_loss2:0.9207
sample number: 5810.0
sample number: 1623.0
sample number: 1623.0
epoch:57; train_fscore:59.74%; train_loss:1.7817; train_loss1:0.9352; train_loss2:0.8465
sample number: 5810.0
sample number: 1623.0
sample number: 1623.0
epoch:58; train_fscore:60.20%; train_loss:1.8879; train_loss1:0.9294; train_loss2:0.9585
sample number: 5810.0
sample number: 1623.0
sample number: 1623.0
epoch:59; train_fscore:60.44%; train_loss:1.9143; train_loss1:0.9165; train_loss2:0.9978
sample number: 5810.0
sample number: 1623.0
sample number: 1623.0
epoch:60; train_fscore:60.14%; train_loss:1.8988; train_loss1:0.9285; train_loss2:0.9704
sample number: 5810.0
sample number: 1623.0
sample number: 1623.0
epoch:61; train_fscore:60.43%; train_loss:1.8716; train_loss1:0.929; train_loss2:0.9427
sample number: 5810.0
sample number: 1623.0
sample number: 1623.0
epoch:62; train_fscore:60.18%; train_loss:1.8331; train_loss1:0.9058; train_loss2:0.9273
sample number: 5810.0
sample number: 1623.0
sample number: 1623.0
epoch:63; train_fscore:64.16%; train_loss:1.8105; train_loss1:0.8723; train_loss2:0.9382
sample number: 5810.0
sample number: 1623.0
sample number: 1623.0
epoch:64; train_fscore:62.50%; train_loss:1.8878; train_loss1:0.9025; train_loss2:0.9852
sample number: 5810.0
sample number: 1623.0
sample number: 1623.0
epoch:65; train_fscore:62.11%; train_loss:1.8321; train_loss1:0.9197; train_loss2:0.9125
sample number: 5810.0
sample number: 1623.0
sample number: 1623.0
epoch:66; train_fscore:62.53%; train_loss:1.8434; train_loss1:0.8987; train_loss2:0.9448
sample number: 5810.0
sample number: 1623.0
sample number: 1623.0
epoch:67; train_fscore:63.23%; train_loss:1.8416; train_loss1:0.8829; train_loss2:0.9587
sample number: 5810.0
sample number: 1623.0
sample number: 1623.0
epoch:68; train_fscore:62.88%; train_loss:1.7697; train_loss1:0.874; train_loss2:0.8957
sample number: 5810.0
sample number: 1623.0
sample number: 1623.0
epoch:69; train_fscore:63.20%; train_loss:1.7955; train_loss1:0.8651; train_loss2:0.9303
sample number: 5810.0
sample number: 1623.0
sample number: 1623.0
epoch:70; train_fscore:63.48%; train_loss:1.7699; train_loss1:0.8912; train_loss2:0.8786
sample number: 5810.0
sample number: 1623.0
sample number: 1623.0
epoch:71; train_fscore:61.39%; train_loss:1.8866; train_loss1:0.8958; train_loss2:0.9909
sample number: 5810.0
sample number: 1623.0
sample number: 1623.0
epoch:72; train_fscore:62.35%; train_loss:1.8269; train_loss1:0.8955; train_loss2:0.9314
sample number: 5810.0
sample number: 1623.0
sample number: 1623.0
epoch:73; train_fscore:63.14%; train_loss:1.8069; train_loss1:0.8655; train_loss2:0.9414
sample number: 5810.0
sample number: 1623.0
sample number: 1623.0
epoch:74; train_fscore:61.67%; train_loss:1.8244; train_loss1:0.8878; train_loss2:0.9366
sample number: 5810.0
sample number: 1623.0
sample number: 1623.0
epoch:75; train_fscore:62.07%; train_loss:1.8073; train_loss1:0.8703; train_loss2:0.937
sample number: 5810.0
sample number: 1623.0
sample number: 1623.0
epoch:76; train_fscore:64.94%; train_loss:1.7955; train_loss1:0.8323; train_loss2:0.9633
sample number: 5810.0
sample number: 1623.0
sample number: 1623.0
epoch:77; train_fscore:62.97%; train_loss:1.7742; train_loss1:0.8681; train_loss2:0.906
sample number: 5810.0
sample number: 1623.0
sample number: 1623.0
epoch:78; train_fscore:64.48%; train_loss:1.7954; train_loss1:0.8585; train_loss2:0.9369
sample number: 5810.0
sample number: 1623.0
sample number: 1623.0
epoch:79; train_fscore:63.18%; train_loss:1.755; train_loss1:0.8378; train_loss2:0.9172
sample number: 5810.0
sample number: 1623.0
sample number: 1623.0
epoch:80; train_fscore:66.16%; train_loss:1.7114; train_loss1:0.8164; train_loss2:0.895
sample number: 5810.0
sample number: 1623.0
sample number: 1623.0
epoch:81; train_fscore:66.82%; train_loss:1.7362; train_loss1:0.8068; train_loss2:0.9294
sample number: 5810.0
sample number: 1623.0
sample number: 1623.0
epoch:82; train_fscore:66.96%; train_loss:1.7076; train_loss1:0.8177; train_loss2:0.8899
sample number: 5810.0
sample number: 1623.0
sample number: 1623.0
epoch:83; train_fscore:64.99%; train_loss:1.7196; train_loss1:0.8689; train_loss2:0.8507
sample number: 5810.0
sample number: 1623.0
sample number: 1623.0
epoch:84; train_fscore:64.81%; train_loss:1.7181; train_loss1:0.8442; train_loss2:0.8738
sample number: 5810.0
sample number: 1623.0
sample number: 1623.0
epoch:85; train_fscore:64.40%; train_loss:1.8514; train_loss1:0.8907; train_loss2:0.9607
sample number: 5810.0
sample number: 1623.0
sample number: 1623.0
epoch:86; train_fscore:62.75%; train_loss:1.8767; train_loss1:0.8896; train_loss2:0.9871
sample number: 5810.0
sample number: 1623.0
sample number: 1623.0
epoch:87; train_fscore:64.84%; train_loss:1.7139; train_loss1:0.8685; train_loss2:0.8454
sample number: 5810.0
sample number: 1623.0
sample number: 1623.0
epoch:88; train_fscore:63.29%; train_loss:1.8854; train_loss1:0.8757; train_loss2:1.0097
sample number: 5810.0
sample number: 1623.0
sample number: 1623.0
epoch:89; train_fscore:65.13%; train_loss:1.7438; train_loss1:0.8511; train_loss2:0.8927
sample number: 5810.0
sample number: 1623.0
sample number: 1623.0
epoch:90; train_fscore:64.34%; train_loss:1.7543; train_loss1:0.8591; train_loss2:0.8952
sample number: 5810.0
sample number: 1623.0
sample number: 1623.0
epoch:91; train_fscore:69.08%; train_loss:1.6805; train_loss1:0.7665; train_loss2:0.914
sample number: 5810.0
sample number: 1623.0
sample number: 1623.0
epoch:92; train_fscore:66.99%; train_loss:1.761; train_loss1:0.7895; train_loss2:0.9715
sample number: 5810.0
sample number: 1623.0
sample number: 1623.0
epoch:93; train_fscore:70.01%; train_loss:1.6598; train_loss1:0.7564; train_loss2:0.9034
sample number: 5810.0
sample number: 1623.0
sample number: 1623.0
epoch:94; train_fscore:69.34%; train_loss:1.7233; train_loss1:0.7506; train_loss2:0.9727
sample number: 5810.0
sample number: 1623.0
sample number: 1623.0
epoch:95; train_fscore:70.43%; train_loss:1.6709; train_loss1:0.7321; train_loss2:0.9387
sample number: 5810.0
sample number: 1623.0
sample number: 1623.0
epoch:96; train_fscore:70.95%; train_loss:1.633; train_loss1:0.7212; train_loss2:0.9117
sample number: 5810.0
sample number: 1623.0
sample number: 1623.0
epoch:97; train_fscore:71.99%; train_loss:1.635; train_loss1:0.7062; train_loss2:0.9288
sample number: 5810.0
sample number: 1623.0
sample number: 1623.0
epoch:98; train_fscore:70.64%; train_loss:1.6332; train_loss1:0.7279; train_loss2:0.9053
sample number: 5810.0
sample number: 1623.0
sample number: 1623.0
epoch:99; train_fscore:72.50%; train_loss:1.5964; train_loss1:0.679; train_loss2:0.9174
sample number: 5810.0
sample number: 1623.0
sample number: 1623.0
epoch:100; train_fscore:73.41%; train_loss:1.589; train_loss1:0.6678; train_loss2:0.9212
Step3: saving and testing on the 5 folder
>>>>> Finish: training on the 5 folder, duration: 446.39240193367004 >>>>>
====== Saving =======
SMOKE_ONLY=False
save results in /data2/yb/paper/experiments/second_graph_aggregation_iemocap6_20260825/formal/soft_medoid/miss_0p7/seed_67/fold_5/saved/iemocapsix_original_addition_secondagg_soft_medoid_f5_s67_m0p7_1787675228.2030478.npz
