Namespace(allow_short_run=False, audio_feature='wav2vec-large-c-UTT', base_model='LSTM', batch_size=32, branch_fusion='addition', data_root='/data2/yb/paper/GCNet_TPAMI_modality_jepa_20260818/dataset/IEMOCAP', dataset='IEMOCAPSix', dropout=0.5, epochs=100, fold_index=5, graph_conv_variant='original', hidden=200, l2=1e-05, loss_recon=True, lower_bound=False, lr=0.001, mask_bank_root='/data2/yb/paper/experiments/mpfilm_iemocap6_20260824/mask_banks', mask_seed=69, mask_type='constant-0.7', n_classes=6, n_speakers=2, no_cuda=False, num_folder=5, num_threads=6, output_dir='/data2/yb/paper/experiments/second_graph_aggregation_iemocap6_20260825_phase_b/formal/ssma/miss_0p7/seed_69/fold_5/saved', post_graph_context='bilstm', pre_graph_context='bilstm', reccls_flag=False, relation_track_routing='early', second_graph_aggregation='ssma', seed=69, text_feature='deberta-large-4-UTT', time_attn=False, video_feature='manet_UTT', windowf=2, windowp=2)
====== Reading Data =======
audio dimension: 512; text dimension: 1024; video dimension: 1024
stage-aware mask bundle: sha256=05fb91a2fcf0587e487218d55b6cb6b8f8c9b86e4ab662c5431f290d9f19da12 requested=0.7000 realized=0.6667
====== Training and Evaluation =======
>>>>> Cross-validation: training on the 5 folder >>>>>
Step1: build model (each folder has its own model)
Model have 37015216 paramerters in total
Graph NN with LSTM as base model.
Step2: training (multiple epoches)
[W Copy.cpp:219] Warning: Casting complex values to real discards the imaginary part (function operator())
sample number: 5810.0
sample number: 1623.0
sample number: 1623.0
epoch:1; train_fscore:13.19%; train_loss:5.5053; train_loss1:1.8401; train_loss2:3.6651
sample number: 5810.0
sample number: 1623.0
sample number: 1623.0
epoch:2; train_fscore:12.30%; train_loss:5.2458; train_loss1:1.8178; train_loss2:3.4279
sample number: 5810.0
sample number: 1623.0
sample number: 1623.0
epoch:3; train_fscore:16.18%; train_loss:4.8367; train_loss1:1.7409; train_loss2:3.0958
sample number: 5810.0
sample number: 1623.0
sample number: 1623.0
epoch:4; train_fscore:20.71%; train_loss:4.243; train_loss1:1.6601; train_loss2:2.5828
sample number: 5810.0
sample number: 1623.0
sample number: 1623.0
epoch:5; train_fscore:20.27%; train_loss:3.9613; train_loss1:1.5714; train_loss2:2.3899
sample number: 5810.0
sample number: 1623.0
sample number: 1623.0
epoch:6; train_fscore:23.91%; train_loss:3.7819; train_loss1:1.5617; train_loss2:2.2202
sample number: 5810.0
sample number: 1623.0
sample number: 1623.0
epoch:7; train_fscore:23.07%; train_loss:3.2615; train_loss1:1.584; train_loss2:1.6774
sample number: 5810.0
sample number: 1623.0
sample number: 1623.0
epoch:8; train_fscore:24.66%; train_loss:2.8758; train_loss1:1.565; train_loss2:1.3108
sample number: 5810.0
sample number: 1623.0
sample number: 1623.0
epoch:9; train_fscore:23.41%; train_loss:2.8042; train_loss1:1.6497; train_loss2:1.1545
sample number: 5810.0
sample number: 1623.0
sample number: 1623.0
epoch:10; train_fscore:25.17%; train_loss:2.6941; train_loss1:1.5812; train_loss2:1.1129
sample number: 5810.0
sample number: 1623.0
sample number: 1623.0
epoch:11; train_fscore:26.29%; train_loss:2.5665; train_loss1:1.5511; train_loss2:1.0154
sample number: 5810.0
sample number: 1623.0
sample number: 1623.0
epoch:12; train_fscore:26.69%; train_loss:2.5122; train_loss1:1.5367; train_loss2:0.9754
sample number: 5810.0
sample number: 1623.0
sample number: 1623.0
epoch:13; train_fscore:26.66%; train_loss:2.5217; train_loss1:1.5425; train_loss2:0.9793
sample number: 5810.0
sample number: 1623.0
sample number: 1623.0
epoch:14; train_fscore:28.44%; train_loss:2.3981; train_loss1:1.4848; train_loss2:0.9133
sample number: 5810.0
sample number: 1623.0
sample number: 1623.0
epoch:15; train_fscore:28.30%; train_loss:2.5067; train_loss1:1.4787; train_loss2:1.028
sample number: 5810.0
sample number: 1623.0
sample number: 1623.0
epoch:16; train_fscore:31.72%; train_loss:2.3818; train_loss1:1.4454; train_loss2:0.9364
sample number: 5810.0
sample number: 1623.0
sample number: 1623.0
epoch:17; train_fscore:27.08%; train_loss:2.4123; train_loss1:1.4256; train_loss2:0.9866
sample number: 5810.0
sample number: 1623.0
sample number: 1623.0
epoch:18; train_fscore:29.01%; train_loss:2.4762; train_loss1:1.5237; train_loss2:0.9525
sample number: 5810.0
sample number: 1623.0
sample number: 1623.0
epoch:19; train_fscore:30.18%; train_loss:2.4512; train_loss1:1.4967; train_loss2:0.9546
sample number: 5810.0
sample number: 1623.0
sample number: 1623.0
epoch:20; train_fscore:28.07%; train_loss:2.4863; train_loss1:1.4843; train_loss2:1.002
sample number: 5810.0
sample number: 1623.0
sample number: 1623.0
epoch:21; train_fscore:33.10%; train_loss:2.3429; train_loss1:1.3913; train_loss2:0.9516
sample number: 5810.0
sample number: 1623.0
sample number: 1623.0
epoch:22; train_fscore:35.04%; train_loss:2.3016; train_loss1:1.3175; train_loss2:0.984
sample number: 5810.0
sample number: 1623.0
sample number: 1623.0
epoch:23; train_fscore:39.63%; train_loss:2.2047; train_loss1:1.2871; train_loss2:0.9176
sample number: 5810.0
sample number: 1623.0
sample number: 1623.0
epoch:24; train_fscore:35.85%; train_loss:2.2498; train_loss1:1.3196; train_loss2:0.9302
sample number: 5810.0
sample number: 1623.0
sample number: 1623.0
epoch:25; train_fscore:40.32%; train_loss:2.2182; train_loss1:1.3132; train_loss2:0.905
sample number: 5810.0
sample number: 1623.0
sample number: 1623.0
epoch:26; train_fscore:35.12%; train_loss:2.2436; train_loss1:1.2983; train_loss2:0.9453
sample number: 5810.0
sample number: 1623.0
sample number: 1623.0
epoch:27; train_fscore:38.50%; train_loss:2.2758; train_loss1:1.2914; train_loss2:0.9844
sample number: 5810.0
sample number: 1623.0
sample number: 1623.0
epoch:28; train_fscore:38.60%; train_loss:2.2634; train_loss1:1.2724; train_loss2:0.9909
sample number: 5810.0
sample number: 1623.0
sample number: 1623.0
epoch:29; train_fscore:36.18%; train_loss:2.1726; train_loss1:1.2545; train_loss2:0.9181
sample number: 5810.0
sample number: 1623.0
sample number: 1623.0
epoch:30; train_fscore:41.85%; train_loss:2.1328; train_loss1:1.2094; train_loss2:0.9234
sample number: 5810.0
sample number: 1623.0
sample number: 1623.0
epoch:31; train_fscore:39.67%; train_loss:2.1248; train_loss1:1.1654; train_loss2:0.9594
sample number: 5810.0
sample number: 1623.0
sample number: 1623.0
epoch:32; train_fscore:43.47%; train_loss:2.1345; train_loss1:1.1704; train_loss2:0.9641
sample number: 5810.0
sample number: 1623.0
sample number: 1623.0
epoch:33; train_fscore:41.07%; train_loss:2.0513; train_loss1:1.1591; train_loss2:0.8922
sample number: 5810.0
sample number: 1623.0
sample number: 1623.0
epoch:34; train_fscore:47.88%; train_loss:2.0451; train_loss1:1.1459; train_loss2:0.8993
sample number: 5810.0
sample number: 1623.0
sample number: 1623.0
epoch:35; train_fscore:43.75%; train_loss:2.0459; train_loss1:1.1317; train_loss2:0.9142
sample number: 5810.0
sample number: 1623.0
sample number: 1623.0
epoch:36; train_fscore:48.14%; train_loss:2.0861; train_loss1:1.1436; train_loss2:0.9425
sample number: 5810.0
sample number: 1623.0
sample number: 1623.0
epoch:37; train_fscore:50.58%; train_loss:2.0259; train_loss1:1.1059; train_loss2:0.9201
sample number: 5810.0
sample number: 1623.0
sample number: 1623.0
epoch:38; train_fscore:42.45%; train_loss:2.0605; train_loss1:1.1252; train_loss2:0.9353
sample number: 5810.0
sample number: 1623.0
sample number: 1623.0
epoch:39; train_fscore:47.45%; train_loss:2.0608; train_loss1:1.0966; train_loss2:0.9642
sample number: 5810.0
sample number: 1623.0
sample number: 1623.0
epoch:40; train_fscore:43.71%; train_loss:2.0573; train_loss1:1.124; train_loss2:0.9332
sample number: 5810.0
sample number: 1623.0
sample number: 1623.0
epoch:41; train_fscore:51.39%; train_loss:2.0508; train_loss1:1.075; train_loss2:0.9758
sample number: 5810.0
sample number: 1623.0
sample number: 1623.0
epoch:42; train_fscore:46.45%; train_loss:2.014; train_loss1:1.1128; train_loss2:0.9012
sample number: 5810.0
sample number: 1623.0
sample number: 1623.0
epoch:43; train_fscore:49.52%; train_loss:2.0821; train_loss1:1.0871; train_loss2:0.995
sample number: 5810.0
sample number: 1623.0
sample number: 1623.0
epoch:44; train_fscore:50.35%; train_loss:1.9746; train_loss1:1.1043; train_loss2:0.8702
sample number: 5810.0
sample number: 1623.0
sample number: 1623.0
epoch:45; train_fscore:53.75%; train_loss:2.0474; train_loss1:1.061; train_loss2:0.9864
sample number: 5810.0
sample number: 1623.0
sample number: 1623.0
epoch:46; train_fscore:51.92%; train_loss:2.0538; train_loss1:1.0664; train_loss2:0.9874
sample number: 5810.0
sample number: 1623.0
sample number: 1623.0
epoch:47; train_fscore:52.71%; train_loss:1.9702; train_loss1:1.0774; train_loss2:0.8928
sample number: 5810.0
sample number: 1623.0
sample number: 1623.0
epoch:48; train_fscore:52.10%; train_loss:1.9633; train_loss1:1.0791; train_loss2:0.8842
sample number: 5810.0
sample number: 1623.0
sample number: 1623.0
epoch:49; train_fscore:50.85%; train_loss:1.9791; train_loss1:1.0962; train_loss2:0.8829
sample number: 5810.0
sample number: 1623.0
sample number: 1623.0
epoch:50; train_fscore:51.19%; train_loss:1.9861; train_loss1:1.0665; train_loss2:0.9196
sample number: 5810.0
sample number: 1623.0
sample number: 1623.0
epoch:51; train_fscore:52.12%; train_loss:2.044; train_loss1:1.0563; train_loss2:0.9878
sample number: 5810.0
sample number: 1623.0
sample number: 1623.0
epoch:52; train_fscore:51.02%; train_loss:1.918; train_loss1:1.0369; train_loss2:0.8811
sample number: 5810.0
sample number: 1623.0
sample number: 1623.0
epoch:53; train_fscore:55.61%; train_loss:1.9487; train_loss1:1.017; train_loss2:0.9316
sample number: 5810.0
sample number: 1623.0
sample number: 1623.0
epoch:54; train_fscore:52.34%; train_loss:1.9272; train_loss1:1.016; train_loss2:0.9112
sample number: 5810.0
sample number: 1623.0
sample number: 1623.0
epoch:55; train_fscore:55.43%; train_loss:1.9904; train_loss1:1.0223; train_loss2:0.968
sample number: 5810.0
sample number: 1623.0
sample number: 1623.0
epoch:56; train_fscore:51.81%; train_loss:2.0312; train_loss1:1.0277; train_loss2:1.0036
sample number: 5810.0
sample number: 1623.0
sample number: 1623.0
epoch:57; train_fscore:56.39%; train_loss:1.9422; train_loss1:0.9868; train_loss2:0.9554
sample number: 5810.0
sample number: 1623.0
sample number: 1623.0
epoch:58; train_fscore:54.62%; train_loss:1.949; train_loss1:1.0235; train_loss2:0.9255
sample number: 5810.0
sample number: 1623.0
sample number: 1623.0
epoch:59; train_fscore:54.53%; train_loss:1.961; train_loss1:1.0294; train_loss2:0.9316
sample number: 5810.0
sample number: 1623.0
sample number: 1623.0
epoch:60; train_fscore:57.44%; train_loss:1.9137; train_loss1:1.0011; train_loss2:0.9126
sample number: 5810.0
sample number: 1623.0
sample number: 1623.0
epoch:61; train_fscore:54.55%; train_loss:1.875; train_loss1:0.9915; train_loss2:0.8835
sample number: 5810.0
sample number: 1623.0
sample number: 1623.0
epoch:62; train_fscore:56.70%; train_loss:1.924; train_loss1:0.9868; train_loss2:0.9372
sample number: 5810.0
sample number: 1623.0
sample number: 1623.0
epoch:63; train_fscore:57.78%; train_loss:1.9293; train_loss1:0.9583; train_loss2:0.9711
sample number: 5810.0
sample number: 1623.0
sample number: 1623.0
epoch:64; train_fscore:57.58%; train_loss:1.8559; train_loss1:0.9383; train_loss2:0.9176
sample number: 5810.0
sample number: 1623.0
sample number: 1623.0
epoch:65; train_fscore:60.51%; train_loss:1.844; train_loss1:0.9378; train_loss2:0.9062
sample number: 5810.0
sample number: 1623.0
sample number: 1623.0
epoch:66; train_fscore:61.19%; train_loss:1.7652; train_loss1:0.8957; train_loss2:0.8696
sample number: 5810.0
sample number: 1623.0
sample number: 1623.0
epoch:67; train_fscore:61.99%; train_loss:1.8259; train_loss1:0.9091; train_loss2:0.9168
sample number: 5810.0
sample number: 1623.0
sample number: 1623.0
epoch:68; train_fscore:61.18%; train_loss:1.9018; train_loss1:0.9081; train_loss2:0.9937
sample number: 5810.0
sample number: 1623.0
sample number: 1623.0
epoch:69; train_fscore:60.54%; train_loss:1.8766; train_loss1:0.9308; train_loss2:0.9458
sample number: 5810.0
sample number: 1623.0
sample number: 1623.0
epoch:70; train_fscore:62.38%; train_loss:1.7814; train_loss1:0.8985; train_loss2:0.8829
sample number: 5810.0
sample number: 1623.0
sample number: 1623.0
epoch:71; train_fscore:61.24%; train_loss:1.7692; train_loss1:0.9061; train_loss2:0.8631
sample number: 5810.0
sample number: 1623.0
sample number: 1623.0
epoch:72; train_fscore:64.08%; train_loss:1.8137; train_loss1:0.8875; train_loss2:0.9263
sample number: 5810.0
sample number: 1623.0
sample number: 1623.0
epoch:73; train_fscore:64.50%; train_loss:1.7774; train_loss1:0.8631; train_loss2:0.9144
sample number: 5810.0
sample number: 1623.0
sample number: 1623.0
epoch:74; train_fscore:63.62%; train_loss:1.7559; train_loss1:0.8633; train_loss2:0.8926
sample number: 5810.0
sample number: 1623.0
sample number: 1623.0
epoch:75; train_fscore:64.12%; train_loss:1.8484; train_loss1:0.8573; train_loss2:0.991
sample number: 5810.0
sample number: 1623.0
sample number: 1623.0
epoch:76; train_fscore:65.63%; train_loss:1.8501; train_loss1:0.8237; train_loss2:1.0265
sample number: 5810.0
sample number: 1623.0
sample number: 1623.0
epoch:77; train_fscore:66.25%; train_loss:1.7049; train_loss1:0.8185; train_loss2:0.8865
sample number: 5810.0
sample number: 1623.0
sample number: 1623.0
epoch:78; train_fscore:62.48%; train_loss:1.823; train_loss1:0.8837; train_loss2:0.9393
sample number: 5810.0
sample number: 1623.0
sample number: 1623.0
epoch:79; train_fscore:64.25%; train_loss:1.8054; train_loss1:0.8638; train_loss2:0.9416
sample number: 5810.0
sample number: 1623.0
sample number: 1623.0
epoch:80; train_fscore:65.34%; train_loss:1.6984; train_loss1:0.826; train_loss2:0.8725
sample number: 5810.0
sample number: 1623.0
sample number: 1623.0
epoch:81; train_fscore:67.16%; train_loss:1.7126; train_loss1:0.812; train_loss2:0.9006
sample number: 5810.0
sample number: 1623.0
sample number: 1623.0
epoch:82; train_fscore:67.59%; train_loss:1.7033; train_loss1:0.7912; train_loss2:0.9122
sample number: 5810.0
sample number: 1623.0
sample number: 1623.0
epoch:83; train_fscore:66.16%; train_loss:1.7621; train_loss1:0.8097; train_loss2:0.9524
sample number: 5810.0
sample number: 1623.0
sample number: 1623.0
epoch:84; train_fscore:67.77%; train_loss:1.7421; train_loss1:0.7669; train_loss2:0.9752
sample number: 5810.0
sample number: 1623.0
sample number: 1623.0
epoch:85; train_fscore:67.87%; train_loss:1.7061; train_loss1:0.7818; train_loss2:0.9243
sample number: 5810.0
sample number: 1623.0
sample number: 1623.0
epoch:86; train_fscore:68.38%; train_loss:1.6661; train_loss1:0.7624; train_loss2:0.9038
sample number: 5810.0
sample number: 1623.0
sample number: 1623.0
epoch:87; train_fscore:68.24%; train_loss:1.7147; train_loss1:0.7777; train_loss2:0.937
sample number: 5810.0
sample number: 1623.0
sample number: 1623.0
epoch:88; train_fscore:65.66%; train_loss:1.7106; train_loss1:0.8036; train_loss2:0.907
sample number: 5810.0
sample number: 1623.0
sample number: 1623.0
epoch:89; train_fscore:64.32%; train_loss:1.8238; train_loss1:0.861; train_loss2:0.9627
sample number: 5810.0
sample number: 1623.0
sample number: 1623.0
epoch:90; train_fscore:67.34%; train_loss:1.6903; train_loss1:0.801; train_loss2:0.8893
sample number: 5810.0
sample number: 1623.0
sample number: 1623.0
epoch:91; train_fscore:66.77%; train_loss:1.786; train_loss1:0.8073; train_loss2:0.9788
sample number: 5810.0
sample number: 1623.0
sample number: 1623.0
epoch:92; train_fscore:67.21%; train_loss:1.7689; train_loss1:0.8088; train_loss2:0.9602
sample number: 5810.0
sample number: 1623.0
sample number: 1623.0
epoch:93; train_fscore:67.22%; train_loss:1.7063; train_loss1:0.7824; train_loss2:0.924
sample number: 5810.0
sample number: 1623.0
sample number: 1623.0
epoch:94; train_fscore:67.80%; train_loss:1.7006; train_loss1:0.7737; train_loss2:0.9269
sample number: 5810.0
sample number: 1623.0
sample number: 1623.0
epoch:95; train_fscore:70.89%; train_loss:1.6604; train_loss1:0.7185; train_loss2:0.9419
sample number: 5810.0
sample number: 1623.0
sample number: 1623.0
epoch:96; train_fscore:71.56%; train_loss:1.6775; train_loss1:0.7061; train_loss2:0.9714
sample number: 5810.0
sample number: 1623.0
sample number: 1623.0
epoch:97; train_fscore:70.99%; train_loss:1.6239; train_loss1:0.7269; train_loss2:0.897
sample number: 5810.0
sample number: 1623.0
sample number: 1623.0
epoch:98; train_fscore:71.74%; train_loss:1.6394; train_loss1:0.7095; train_loss2:0.9299
sample number: 5810.0
sample number: 1623.0
sample number: 1623.0
epoch:99; train_fscore:69.83%; train_loss:1.6742; train_loss1:0.7304; train_loss2:0.9438
sample number: 5810.0
sample number: 1623.0
sample number: 1623.0
epoch:100; train_fscore:70.35%; train_loss:1.7468; train_loss1:0.7277; train_loss2:1.0191
Step3: saving and testing on the 5 folder
>>>>> Finish: training on the 5 folder, duration: 429.74021792411804 >>>>>
====== Saving =======
SMOKE_ONLY=False
save results in /data2/yb/paper/experiments/second_graph_aggregation_iemocap6_20260825_phase_b/formal/ssma/miss_0p7/seed_69/fold_5/saved/iemocapsix_original_addition_secondagg_ssma_f5_s69_m0p7_1787706632.6946838.npz
