Namespace(allow_short_run=False, audio_feature='wav2vec-large-c-UTT', base_model='LSTM', batch_size=32, branch_fusion='addition', data_root='/data2/yb/paper/GCNet_TPAMI_modality_jepa_20260818/dataset/IEMOCAP', dataset='IEMOCAPSix', dropout=0.5, epochs=100, fold_index=5, graph_conv_variant='original', hidden=200, l2=1e-05, loss_recon=True, lower_bound=False, lr=0.001, mask_bank_root='/data2/yb/paper/experiments/mpfilm_iemocap6_20260824/mask_banks', mask_seed=67, mask_type='constant-0.3', n_classes=6, n_speakers=2, no_cuda=False, num_folder=5, num_threads=6, output_dir='/data2/yb/paper/experiments/second_graph_aggregation_iemocap6_20260825_phase_b/formal/rtdr/miss_0p3/seed_67/fold_5/saved', post_graph_context='bilstm', pre_graph_context='bilstm', reccls_flag=False, relation_track_routing='diagonal', second_graph_aggregation='add', seed=67, text_feature='deberta-large-4-UTT', time_attn=False, video_feature='manet_UTT', windowf=2, windowp=2)
====== Reading Data =======
audio dimension: 512; text dimension: 1024; video dimension: 1024
stage-aware mask bundle: sha256=ee864ffcd72099461128ccda811d464f38f5545b5528df80fe2393b81dedd280 requested=0.3000 realized=0.3024
====== Training and Evaluation =======
>>>>> Cross-validation: training on the 5 folder >>>>>
Step1: build model (each folder has its own model)
Model have 36419816 paramerters in total
Graph NN with LSTM as base model.
Step2: training (multiple epoches)
sample number: 5810.0
sample number: 1623.0
sample number: 1623.0
epoch:1; train_fscore:14.76%; train_loss:3.639; train_loss1:1.8717; train_loss2:1.7672
sample number: 5810.0
sample number: 1623.0
sample number: 1623.0
epoch:2; train_fscore:18.81%; train_loss:3.3187; train_loss1:1.7366; train_loss2:1.5821
sample number: 5810.0
sample number: 1623.0
sample number: 1623.0
epoch:3; train_fscore:16.06%; train_loss:3.1064; train_loss1:1.8379; train_loss2:1.2685
sample number: 5810.0
sample number: 1623.0
sample number: 1623.0
epoch:4; train_fscore:12.82%; train_loss:2.9778; train_loss1:1.7458; train_loss2:1.232
sample number: 5810.0
sample number: 1623.0
sample number: 1623.0
epoch:5; train_fscore:11.74%; train_loss:2.881; train_loss1:1.74; train_loss2:1.141
sample number: 5810.0
sample number: 1623.0
sample number: 1623.0
epoch:6; train_fscore:20.39%; train_loss:2.7443; train_loss1:1.6634; train_loss2:1.0809
sample number: 5810.0
sample number: 1623.0
sample number: 1623.0
epoch:7; train_fscore:25.45%; train_loss:2.5441; train_loss1:1.6255; train_loss2:0.9186
sample number: 5810.0
sample number: 1623.0
sample number: 1623.0
epoch:8; train_fscore:34.76%; train_loss:2.1477; train_loss1:1.4322; train_loss2:0.7155
sample number: 5810.0
sample number: 1623.0
sample number: 1623.0
epoch:9; train_fscore:34.37%; train_loss:2.0632; train_loss1:1.5383; train_loss2:0.525
sample number: 5810.0
sample number: 1623.0
sample number: 1623.0
epoch:10; train_fscore:34.67%; train_loss:1.9086; train_loss1:1.3938; train_loss2:0.5148
sample number: 5810.0
sample number: 1623.0
sample number: 1623.0
epoch:11; train_fscore:40.85%; train_loss:1.7546; train_loss1:1.3232; train_loss2:0.4314
sample number: 5810.0
sample number: 1623.0
sample number: 1623.0
epoch:12; train_fscore:45.32%; train_loss:1.7093; train_loss1:1.2241; train_loss2:0.4852
sample number: 5810.0
sample number: 1623.0
sample number: 1623.0
epoch:13; train_fscore:41.45%; train_loss:1.7827; train_loss1:1.3003; train_loss2:0.4824
sample number: 5810.0
sample number: 1623.0
sample number: 1623.0
epoch:14; train_fscore:44.47%; train_loss:1.6788; train_loss1:1.2317; train_loss2:0.4471
sample number: 5810.0
sample number: 1623.0
sample number: 1623.0
epoch:15; train_fscore:44.24%; train_loss:1.65; train_loss1:1.2074; train_loss2:0.4426
sample number: 5810.0
sample number: 1623.0
sample number: 1623.0
epoch:16; train_fscore:45.92%; train_loss:1.6189; train_loss1:1.1715; train_loss2:0.4474
sample number: 5810.0
sample number: 1623.0
sample number: 1623.0
epoch:17; train_fscore:45.64%; train_loss:1.6354; train_loss1:1.1886; train_loss2:0.4468
sample number: 5810.0
sample number: 1623.0
sample number: 1623.0
epoch:18; train_fscore:44.28%; train_loss:1.6413; train_loss1:1.2402; train_loss2:0.4011
sample number: 5810.0
sample number: 1623.0
sample number: 1623.0
epoch:19; train_fscore:48.66%; train_loss:1.5888; train_loss1:1.144; train_loss2:0.4448
sample number: 5810.0
sample number: 1623.0
sample number: 1623.0
epoch:20; train_fscore:48.35%; train_loss:1.5467; train_loss1:1.1286; train_loss2:0.4181
sample number: 5810.0
sample number: 1623.0
sample number: 1623.0
epoch:21; train_fscore:51.70%; train_loss:1.5366; train_loss1:1.0727; train_loss2:0.464
sample number: 5810.0
sample number: 1623.0
sample number: 1623.0
epoch:22; train_fscore:51.14%; train_loss:1.5067; train_loss1:1.0861; train_loss2:0.4207
sample number: 5810.0
sample number: 1623.0
sample number: 1623.0
epoch:23; train_fscore:51.13%; train_loss:1.544; train_loss1:1.1061; train_loss2:0.438
sample number: 5810.0
sample number: 1623.0
sample number: 1623.0
epoch:24; train_fscore:50.01%; train_loss:1.4911; train_loss1:1.0981; train_loss2:0.393
sample number: 5810.0
sample number: 1623.0
sample number: 1623.0
epoch:25; train_fscore:52.90%; train_loss:1.4537; train_loss1:1.0556; train_loss2:0.3981
sample number: 5810.0
sample number: 1623.0
sample number: 1623.0
epoch:26; train_fscore:52.57%; train_loss:1.5384; train_loss1:1.0698; train_loss2:0.4686
sample number: 5810.0
sample number: 1623.0
sample number: 1623.0
epoch:27; train_fscore:53.28%; train_loss:1.4568; train_loss1:1.0381; train_loss2:0.4187
sample number: 5810.0
sample number: 1623.0
sample number: 1623.0
epoch:28; train_fscore:55.67%; train_loss:1.4366; train_loss1:1.0229; train_loss2:0.4137
sample number: 5810.0
sample number: 1623.0
sample number: 1623.0
epoch:29; train_fscore:58.53%; train_loss:1.3857; train_loss1:0.9872; train_loss2:0.3985
sample number: 5810.0
sample number: 1623.0
sample number: 1623.0
epoch:30; train_fscore:57.93%; train_loss:1.3895; train_loss1:0.9705; train_loss2:0.419
sample number: 5810.0
sample number: 1623.0
sample number: 1623.0
epoch:31; train_fscore:55.95%; train_loss:1.4164; train_loss1:1.0137; train_loss2:0.4027
sample number: 5810.0
sample number: 1623.0
sample number: 1623.0
epoch:32; train_fscore:57.07%; train_loss:1.4109; train_loss1:1.0012; train_loss2:0.4097
sample number: 5810.0
sample number: 1623.0
sample number: 1623.0
epoch:33; train_fscore:58.38%; train_loss:1.3815; train_loss1:0.9588; train_loss2:0.4227
sample number: 5810.0
sample number: 1623.0
sample number: 1623.0
epoch:34; train_fscore:59.40%; train_loss:1.4093; train_loss1:0.9797; train_loss2:0.4296
sample number: 5810.0
sample number: 1623.0
sample number: 1623.0
epoch:35; train_fscore:55.76%; train_loss:1.438; train_loss1:0.9888; train_loss2:0.4492
sample number: 5810.0
sample number: 1623.0
sample number: 1623.0
epoch:36; train_fscore:58.49%; train_loss:1.3788; train_loss1:0.9628; train_loss2:0.416
sample number: 5810.0
sample number: 1623.0
sample number: 1623.0
epoch:37; train_fscore:57.74%; train_loss:1.4112; train_loss1:1.0028; train_loss2:0.4084
sample number: 5810.0
sample number: 1623.0
sample number: 1623.0
epoch:38; train_fscore:59.43%; train_loss:1.3593; train_loss1:0.973; train_loss2:0.3863
sample number: 5810.0
sample number: 1623.0
sample number: 1623.0
epoch:39; train_fscore:62.85%; train_loss:1.3639; train_loss1:0.908; train_loss2:0.4559
sample number: 5810.0
sample number: 1623.0
sample number: 1623.0
epoch:40; train_fscore:61.68%; train_loss:1.3175; train_loss1:0.9068; train_loss2:0.4107
sample number: 5810.0
sample number: 1623.0
sample number: 1623.0
epoch:41; train_fscore:63.77%; train_loss:1.3712; train_loss1:0.8785; train_loss2:0.4926
sample number: 5810.0
sample number: 1623.0
sample number: 1623.0
epoch:42; train_fscore:64.88%; train_loss:1.2992; train_loss1:0.8533; train_loss2:0.4459
sample number: 5810.0
sample number: 1623.0
sample number: 1623.0
epoch:43; train_fscore:65.88%; train_loss:1.2452; train_loss1:0.8388; train_loss2:0.4064
sample number: 5810.0
sample number: 1623.0
sample number: 1623.0
epoch:44; train_fscore:65.07%; train_loss:1.2861; train_loss1:0.8299; train_loss2:0.4562
sample number: 5810.0
sample number: 1623.0
sample number: 1623.0
epoch:45; train_fscore:64.37%; train_loss:1.2662; train_loss1:0.8466; train_loss2:0.4197
sample number: 5810.0
sample number: 1623.0
sample number: 1623.0
epoch:46; train_fscore:62.06%; train_loss:1.2862; train_loss1:0.8581; train_loss2:0.4282
sample number: 5810.0
sample number: 1623.0
sample number: 1623.0
epoch:47; train_fscore:64.71%; train_loss:1.2423; train_loss1:0.8314; train_loss2:0.4109
sample number: 5810.0
sample number: 1623.0
sample number: 1623.0
epoch:48; train_fscore:67.07%; train_loss:1.228; train_loss1:0.7983; train_loss2:0.4297
sample number: 5810.0
sample number: 1623.0
sample number: 1623.0
epoch:49; train_fscore:67.63%; train_loss:1.1781; train_loss1:0.78; train_loss2:0.3981
sample number: 5810.0
sample number: 1623.0
sample number: 1623.0
epoch:50; train_fscore:67.35%; train_loss:1.2382; train_loss1:0.7889; train_loss2:0.4493
sample number: 5810.0
sample number: 1623.0
sample number: 1623.0
epoch:51; train_fscore:67.38%; train_loss:1.2171; train_loss1:0.7917; train_loss2:0.4254
sample number: 5810.0
sample number: 1623.0
sample number: 1623.0
epoch:52; train_fscore:68.67%; train_loss:1.2511; train_loss1:0.7807; train_loss2:0.4703
sample number: 5810.0
sample number: 1623.0
sample number: 1623.0
epoch:53; train_fscore:68.69%; train_loss:1.1813; train_loss1:0.7495; train_loss2:0.4318
sample number: 5810.0
sample number: 1623.0
sample number: 1623.0
epoch:54; train_fscore:69.78%; train_loss:1.1937; train_loss1:0.7449; train_loss2:0.4488
sample number: 5810.0
sample number: 1623.0
sample number: 1623.0
epoch:55; train_fscore:70.45%; train_loss:1.1396; train_loss1:0.7182; train_loss2:0.4214
sample number: 5810.0
sample number: 1623.0
sample number: 1623.0
epoch:56; train_fscore:71.30%; train_loss:1.1611; train_loss1:0.7279; train_loss2:0.4333
sample number: 5810.0
sample number: 1623.0
sample number: 1623.0
epoch:57; train_fscore:71.23%; train_loss:1.1122; train_loss1:0.7079; train_loss2:0.4043
sample number: 5810.0
sample number: 1623.0
sample number: 1623.0
epoch:58; train_fscore:71.31%; train_loss:1.1271; train_loss1:0.691; train_loss2:0.4361
sample number: 5810.0
sample number: 1623.0
sample number: 1623.0
epoch:59; train_fscore:72.08%; train_loss:1.1732; train_loss1:0.7261; train_loss2:0.4471
sample number: 5810.0
sample number: 1623.0
sample number: 1623.0
epoch:60; train_fscore:71.50%; train_loss:1.1343; train_loss1:0.6976; train_loss2:0.4367
sample number: 5810.0
sample number: 1623.0
sample number: 1623.0
epoch:61; train_fscore:73.42%; train_loss:1.0954; train_loss1:0.6797; train_loss2:0.4157
sample number: 5810.0
sample number: 1623.0
sample number: 1623.0
epoch:62; train_fscore:74.88%; train_loss:1.0696; train_loss1:0.6509; train_loss2:0.4186
sample number: 5810.0
sample number: 1623.0
sample number: 1623.0
epoch:63; train_fscore:75.06%; train_loss:1.043; train_loss1:0.6307; train_loss2:0.4123
sample number: 5810.0
sample number: 1623.0
sample number: 1623.0
epoch:64; train_fscore:74.09%; train_loss:1.1087; train_loss1:0.6483; train_loss2:0.4604
sample number: 5810.0
sample number: 1623.0
sample number: 1623.0
epoch:65; train_fscore:75.64%; train_loss:1.0235; train_loss1:0.6169; train_loss2:0.4066
sample number: 5810.0
sample number: 1623.0
sample number: 1623.0
epoch:66; train_fscore:76.05%; train_loss:1.0549; train_loss1:0.6245; train_loss2:0.4304
sample number: 5810.0
sample number: 1623.0
sample number: 1623.0
epoch:67; train_fscore:74.93%; train_loss:1.0487; train_loss1:0.6223; train_loss2:0.4264
sample number: 5810.0
sample number: 1623.0
sample number: 1623.0
epoch:68; train_fscore:75.52%; train_loss:1.047; train_loss1:0.6301; train_loss2:0.4169
sample number: 5810.0
sample number: 1623.0
sample number: 1623.0
epoch:69; train_fscore:75.28%; train_loss:1.0658; train_loss1:0.6216; train_loss2:0.4442
sample number: 5810.0
sample number: 1623.0
sample number: 1623.0
epoch:70; train_fscore:76.46%; train_loss:1.0164; train_loss1:0.5922; train_loss2:0.4243
sample number: 5810.0
sample number: 1623.0
sample number: 1623.0
epoch:71; train_fscore:77.96%; train_loss:1.0119; train_loss1:0.5678; train_loss2:0.4441
sample number: 5810.0
sample number: 1623.0
sample number: 1623.0
epoch:72; train_fscore:77.94%; train_loss:1.0003; train_loss1:0.565; train_loss2:0.4353
sample number: 5810.0
sample number: 1623.0
sample number: 1623.0
epoch:73; train_fscore:79.72%; train_loss:0.9667; train_loss1:0.5172; train_loss2:0.4495
sample number: 5810.0
sample number: 1623.0
sample number: 1623.0
epoch:74; train_fscore:80.04%; train_loss:0.9516; train_loss1:0.5201; train_loss2:0.4315
sample number: 5810.0
sample number: 1623.0
sample number: 1623.0
epoch:75; train_fscore:80.30%; train_loss:0.9175; train_loss1:0.5119; train_loss2:0.4055
sample number: 5810.0
sample number: 1623.0
sample number: 1623.0
epoch:76; train_fscore:80.78%; train_loss:0.9066; train_loss1:0.4995; train_loss2:0.4071
sample number: 5810.0
sample number: 1623.0
sample number: 1623.0
epoch:77; train_fscore:79.17%; train_loss:0.9217; train_loss1:0.5287; train_loss2:0.393
sample number: 5810.0
sample number: 1623.0
sample number: 1623.0
epoch:78; train_fscore:80.38%; train_loss:0.9333; train_loss1:0.5048; train_loss2:0.4285
sample number: 5810.0
sample number: 1623.0
sample number: 1623.0
epoch:79; train_fscore:81.12%; train_loss:0.9059; train_loss1:0.4861; train_loss2:0.4198
sample number: 5810.0
sample number: 1623.0
sample number: 1623.0
epoch:80; train_fscore:80.81%; train_loss:0.91; train_loss1:0.4936; train_loss2:0.4164
sample number: 5810.0
sample number: 1623.0
sample number: 1623.0
epoch:81; train_fscore:81.03%; train_loss:0.8854; train_loss1:0.4823; train_loss2:0.4031
sample number: 5810.0
sample number: 1623.0
sample number: 1623.0
epoch:82; train_fscore:79.93%; train_loss:0.914; train_loss1:0.5057; train_loss2:0.4083
sample number: 5810.0
sample number: 1623.0
sample number: 1623.0
epoch:83; train_fscore:80.75%; train_loss:0.8819; train_loss1:0.4942; train_loss2:0.3877
sample number: 5810.0
sample number: 1623.0
sample number: 1623.0
epoch:84; train_fscore:81.47%; train_loss:0.8613; train_loss1:0.4759; train_loss2:0.3854
sample number: 5810.0
sample number: 1623.0
sample number: 1623.0
epoch:85; train_fscore:81.32%; train_loss:0.9277; train_loss1:0.4671; train_loss2:0.4606
sample number: 5810.0
sample number: 1623.0
sample number: 1623.0
epoch:86; train_fscore:82.51%; train_loss:0.9365; train_loss1:0.4556; train_loss2:0.481
sample number: 5810.0
sample number: 1623.0
sample number: 1623.0
epoch:87; train_fscore:82.11%; train_loss:0.826; train_loss1:0.4478; train_loss2:0.3781
sample number: 5810.0
sample number: 1623.0
sample number: 1623.0
epoch:88; train_fscore:82.29%; train_loss:0.9302; train_loss1:0.4495; train_loss2:0.4808
sample number: 5810.0
sample number: 1623.0
sample number: 1623.0
epoch:89; train_fscore:82.30%; train_loss:0.8602; train_loss1:0.4478; train_loss2:0.4123
sample number: 5810.0
sample number: 1623.0
sample number: 1623.0
epoch:90; train_fscore:82.22%; train_loss:0.8533; train_loss1:0.451; train_loss2:0.4023
sample number: 5810.0
sample number: 1623.0
sample number: 1623.0
epoch:91; train_fscore:83.23%; train_loss:0.872; train_loss1:0.4369; train_loss2:0.435
sample number: 5810.0
sample number: 1623.0
sample number: 1623.0
epoch:92; train_fscore:82.28%; train_loss:0.8868; train_loss1:0.4424; train_loss2:0.4443
sample number: 5810.0
sample number: 1623.0
sample number: 1623.0
epoch:93; train_fscore:83.08%; train_loss:0.8468; train_loss1:0.4273; train_loss2:0.4195
sample number: 5810.0
sample number: 1623.0
sample number: 1623.0
epoch:94; train_fscore:81.40%; train_loss:0.8882; train_loss1:0.4628; train_loss2:0.4254
sample number: 5810.0
sample number: 1623.0
sample number: 1623.0
epoch:95; train_fscore:82.56%; train_loss:0.8594; train_loss1:0.4387; train_loss2:0.4206
sample number: 5810.0
sample number: 1623.0
sample number: 1623.0
epoch:96; train_fscore:83.71%; train_loss:0.8619; train_loss1:0.4287; train_loss2:0.4332
sample number: 5810.0
sample number: 1623.0
sample number: 1623.0
epoch:97; train_fscore:83.56%; train_loss:0.8457; train_loss1:0.4173; train_loss2:0.4284
sample number: 5810.0
sample number: 1623.0
sample number: 1623.0
epoch:98; train_fscore:83.80%; train_loss:0.8044; train_loss1:0.4047; train_loss2:0.3997
sample number: 5810.0
sample number: 1623.0
sample number: 1623.0
epoch:99; train_fscore:84.66%; train_loss:0.7872; train_loss1:0.3905; train_loss2:0.3967
sample number: 5810.0
sample number: 1623.0
sample number: 1623.0
epoch:100; train_fscore:86.57%; train_loss:0.7753; train_loss1:0.3482; train_loss2:0.4271
Step3: saving and testing on the 5 folder
>>>>> Finish: training on the 5 folder, duration: 364.09696221351624 >>>>>
====== Saving =======
SMOKE_ONLY=False
save results in /data2/yb/paper/experiments/second_graph_aggregation_iemocap6_20260825_phase_b/formal/rtdr/miss_0p3/seed_67/fold_5/saved/iemocapsix_original_addition_relationtrack_diagonal_f5_s67_m0p3_1787700518.1662593.npz
