Namespace(allow_short_run=False, audio_feature='wav2vec-large-c-UTT', base_model='LSTM', batch_size=32, branch_fusion='addition', data_root='/data2/yb/paper/GCNet_TPAMI_modality_jepa_20260818/dataset/IEMOCAP', dataset='IEMOCAPSix', dropout=0.5, epochs=100, fold_index=5, graph_conv_variant='original', hidden=200, l2=1e-05, loss_recon=True, lower_bound=False, lr=0.001, mask_bank_root='/data2/yb/paper/experiments/mpfilm_iemocap6_20260824/mask_banks', mask_seed=68, mask_type='constant-0.4', n_classes=6, n_speakers=2, no_cuda=False, num_folder=5, num_threads=6, output_dir='/data2/yb/paper/experiments/second_graph_aggregation_iemocap6_20260825_phase_b/formal/rtdr/miss_0p4/seed_68/fold_5/saved', post_graph_context='bilstm', pre_graph_context='bilstm', reccls_flag=False, relation_track_routing='diagonal', second_graph_aggregation='add', seed=68, text_feature='deberta-large-4-UTT', time_attn=False, video_feature='manet_UTT', windowf=2, windowp=2)
====== Reading Data =======
audio dimension: 512; text dimension: 1024; video dimension: 1024
stage-aware mask bundle: sha256=5b583f527c6d36ac81f278d6ad6e81112818363b3c9486bac2936220e4328974 requested=0.4000 realized=0.4027
====== Training and Evaluation =======
>>>>> Cross-validation: training on the 5 folder >>>>>
Step1: build model (each folder has its own model)
Model have 36419816 paramerters in total
Graph NN with LSTM as base model.
Step2: training (multiple epoches)
sample number: 5810.0
sample number: 1623.0
sample number: 1623.0
epoch:1; train_fscore:15.79%; train_loss:3.9898; train_loss1:1.7919; train_loss2:2.1979
sample number: 5810.0
sample number: 1623.0
sample number: 1623.0
epoch:2; train_fscore:15.68%; train_loss:3.8191; train_loss1:1.7775; train_loss2:2.0416
sample number: 5810.0
sample number: 1623.0
sample number: 1623.0
epoch:3; train_fscore:18.89%; train_loss:3.5584; train_loss1:1.7445; train_loss2:1.8139
sample number: 5810.0
sample number: 1623.0
sample number: 1623.0
epoch:4; train_fscore:17.22%; train_loss:3.4234; train_loss1:1.8133; train_loss2:1.6102
sample number: 5810.0
sample number: 1623.0
sample number: 1623.0
epoch:5; train_fscore:17.74%; train_loss:3.1371; train_loss1:1.7496; train_loss2:1.3876
sample number: 5810.0
sample number: 1623.0
sample number: 1623.0
epoch:6; train_fscore:18.59%; train_loss:2.8268; train_loss1:1.6946; train_loss2:1.1322
sample number: 5810.0
sample number: 1623.0
sample number: 1623.0
epoch:7; train_fscore:22.51%; train_loss:2.6596; train_loss1:1.6003; train_loss2:1.0592
sample number: 5810.0
sample number: 1623.0
sample number: 1623.0
epoch:8; train_fscore:28.33%; train_loss:2.4517; train_loss1:1.5505; train_loss2:0.9012
sample number: 5810.0
sample number: 1623.0
sample number: 1623.0
epoch:9; train_fscore:28.45%; train_loss:2.2553; train_loss1:1.5423; train_loss2:0.713
sample number: 5810.0
sample number: 1623.0
sample number: 1623.0
epoch:10; train_fscore:28.30%; train_loss:2.1522; train_loss1:1.5176; train_loss2:0.6346
sample number: 5810.0
sample number: 1623.0
sample number: 1623.0
epoch:11; train_fscore:30.23%; train_loss:2.1741; train_loss1:1.5187; train_loss2:0.6554
sample number: 5810.0
sample number: 1623.0
sample number: 1623.0
epoch:12; train_fscore:28.42%; train_loss:2.0796; train_loss1:1.4529; train_loss2:0.6267
sample number: 5810.0
sample number: 1623.0
sample number: 1623.0
epoch:13; train_fscore:29.25%; train_loss:1.9603; train_loss1:1.3845; train_loss2:0.5758
sample number: 5810.0
sample number: 1623.0
sample number: 1623.0
epoch:14; train_fscore:32.04%; train_loss:1.9913; train_loss1:1.3065; train_loss2:0.6849
sample number: 5810.0
sample number: 1623.0
sample number: 1623.0
epoch:15; train_fscore:37.61%; train_loss:1.8901; train_loss1:1.2785; train_loss2:0.6116
sample number: 5810.0
sample number: 1623.0
sample number: 1623.0
epoch:16; train_fscore:36.74%; train_loss:1.8554; train_loss1:1.2602; train_loss2:0.5952
sample number: 5810.0
sample number: 1623.0
sample number: 1623.0
epoch:17; train_fscore:42.98%; train_loss:1.7686; train_loss1:1.2393; train_loss2:0.5293
sample number: 5810.0
sample number: 1623.0
sample number: 1623.0
epoch:18; train_fscore:41.76%; train_loss:1.8849; train_loss1:1.258; train_loss2:0.6269
sample number: 5810.0
sample number: 1623.0
sample number: 1623.0
epoch:19; train_fscore:46.39%; train_loss:1.8722; train_loss1:1.2284; train_loss2:0.6438
sample number: 5810.0
sample number: 1623.0
sample number: 1623.0
epoch:20; train_fscore:44.30%; train_loss:1.7746; train_loss1:1.2281; train_loss2:0.5466
sample number: 5810.0
sample number: 1623.0
sample number: 1623.0
epoch:21; train_fscore:46.09%; train_loss:1.7736; train_loss1:1.1682; train_loss2:0.6054
sample number: 5810.0
sample number: 1623.0
sample number: 1623.0
epoch:22; train_fscore:47.90%; train_loss:1.7338; train_loss1:1.1453; train_loss2:0.5885
sample number: 5810.0
sample number: 1623.0
sample number: 1623.0
epoch:23; train_fscore:49.22%; train_loss:1.7337; train_loss1:1.1435; train_loss2:0.5902
sample number: 5810.0
sample number: 1623.0
sample number: 1623.0
epoch:24; train_fscore:49.55%; train_loss:1.6817; train_loss1:1.1166; train_loss2:0.5651
sample number: 5810.0
sample number: 1623.0
sample number: 1623.0
epoch:25; train_fscore:52.31%; train_loss:1.5929; train_loss1:1.0815; train_loss2:0.5114
sample number: 5810.0
sample number: 1623.0
sample number: 1623.0
epoch:26; train_fscore:52.29%; train_loss:1.6177; train_loss1:1.077; train_loss2:0.5407
sample number: 5810.0
sample number: 1623.0
sample number: 1623.0
epoch:27; train_fscore:51.09%; train_loss:1.6588; train_loss1:1.1017; train_loss2:0.5571
sample number: 5810.0
sample number: 1623.0
sample number: 1623.0
epoch:28; train_fscore:50.42%; train_loss:1.6389; train_loss1:1.0894; train_loss2:0.5495
sample number: 5810.0
sample number: 1623.0
sample number: 1623.0
epoch:29; train_fscore:50.86%; train_loss:1.6071; train_loss1:1.0611; train_loss2:0.546
sample number: 5810.0
sample number: 1623.0
sample number: 1623.0
epoch:30; train_fscore:48.26%; train_loss:1.6745; train_loss1:1.1489; train_loss2:0.5256
sample number: 5810.0
sample number: 1623.0
sample number: 1623.0
epoch:31; train_fscore:52.34%; train_loss:1.6605; train_loss1:1.0938; train_loss2:0.5667
sample number: 5810.0
sample number: 1623.0
sample number: 1623.0
epoch:32; train_fscore:49.27%; train_loss:1.6337; train_loss1:1.0771; train_loss2:0.5566
sample number: 5810.0
sample number: 1623.0
sample number: 1623.0
epoch:33; train_fscore:55.20%; train_loss:1.6281; train_loss1:1.0375; train_loss2:0.5906
sample number: 5810.0
sample number: 1623.0
sample number: 1623.0
epoch:34; train_fscore:53.10%; train_loss:1.6514; train_loss1:1.0065; train_loss2:0.6449
sample number: 5810.0
sample number: 1623.0
sample number: 1623.0
epoch:35; train_fscore:55.20%; train_loss:1.5753; train_loss1:1.0175; train_loss2:0.5578
sample number: 5810.0
sample number: 1623.0
sample number: 1623.0
epoch:36; train_fscore:54.04%; train_loss:1.6433; train_loss1:1.0274; train_loss2:0.6159
sample number: 5810.0
sample number: 1623.0
sample number: 1623.0
epoch:37; train_fscore:54.16%; train_loss:1.5972; train_loss1:1.0112; train_loss2:0.586
sample number: 5810.0
sample number: 1623.0
sample number: 1623.0
epoch:38; train_fscore:53.16%; train_loss:1.6857; train_loss1:1.0552; train_loss2:0.6304
sample number: 5810.0
sample number: 1623.0
sample number: 1623.0
epoch:39; train_fscore:55.05%; train_loss:1.6207; train_loss1:1.0432; train_loss2:0.5774
sample number: 5810.0
sample number: 1623.0
sample number: 1623.0
epoch:40; train_fscore:57.13%; train_loss:1.5776; train_loss1:1.0022; train_loss2:0.5754
sample number: 5810.0
sample number: 1623.0
sample number: 1623.0
epoch:41; train_fscore:53.31%; train_loss:1.6344; train_loss1:1.0448; train_loss2:0.5896
sample number: 5810.0
sample number: 1623.0
sample number: 1623.0
epoch:42; train_fscore:57.72%; train_loss:1.5577; train_loss1:0.9863; train_loss2:0.5714
sample number: 5810.0
sample number: 1623.0
sample number: 1623.0
epoch:43; train_fscore:59.66%; train_loss:1.6067; train_loss1:0.9707; train_loss2:0.636
sample number: 5810.0
sample number: 1623.0
sample number: 1623.0
epoch:44; train_fscore:59.08%; train_loss:1.5257; train_loss1:0.9591; train_loss2:0.5666
sample number: 5810.0
sample number: 1623.0
sample number: 1623.0
epoch:45; train_fscore:61.40%; train_loss:1.4761; train_loss1:0.9145; train_loss2:0.5616
sample number: 5810.0
sample number: 1623.0
sample number: 1623.0
epoch:46; train_fscore:62.17%; train_loss:1.4028; train_loss1:0.8921; train_loss2:0.5107
sample number: 5810.0
sample number: 1623.0
sample number: 1623.0
epoch:47; train_fscore:60.22%; train_loss:1.5004; train_loss1:0.929; train_loss2:0.5714
sample number: 5810.0
sample number: 1623.0
sample number: 1623.0
epoch:48; train_fscore:63.59%; train_loss:1.4508; train_loss1:0.8901; train_loss2:0.5607
sample number: 5810.0
sample number: 1623.0
sample number: 1623.0
epoch:49; train_fscore:62.65%; train_loss:1.4644; train_loss1:0.8694; train_loss2:0.595
sample number: 5810.0
sample number: 1623.0
sample number: 1623.0
epoch:50; train_fscore:64.24%; train_loss:1.5075; train_loss1:0.8493; train_loss2:0.6582
sample number: 5810.0
sample number: 1623.0
sample number: 1623.0
epoch:51; train_fscore:64.54%; train_loss:1.445; train_loss1:0.8399; train_loss2:0.6052
sample number: 5810.0
sample number: 1623.0
sample number: 1623.0
epoch:52; train_fscore:64.07%; train_loss:1.3822; train_loss1:0.8477; train_loss2:0.5345
sample number: 5810.0
sample number: 1623.0
sample number: 1623.0
epoch:53; train_fscore:64.76%; train_loss:1.3784; train_loss1:0.8238; train_loss2:0.5546
sample number: 5810.0
sample number: 1623.0
sample number: 1623.0
epoch:54; train_fscore:64.26%; train_loss:1.3965; train_loss1:0.855; train_loss2:0.5414
sample number: 5810.0
sample number: 1623.0
sample number: 1623.0
epoch:55; train_fscore:66.18%; train_loss:1.3773; train_loss1:0.819; train_loss2:0.5583
sample number: 5810.0
sample number: 1623.0
sample number: 1623.0
epoch:56; train_fscore:67.14%; train_loss:1.3953; train_loss1:0.8035; train_loss2:0.5918
sample number: 5810.0
sample number: 1623.0
sample number: 1623.0
epoch:57; train_fscore:68.10%; train_loss:1.3397; train_loss1:0.785; train_loss2:0.5547
sample number: 5810.0
sample number: 1623.0
sample number: 1623.0
epoch:58; train_fscore:69.63%; train_loss:1.3119; train_loss1:0.7516; train_loss2:0.5603
sample number: 5810.0
sample number: 1623.0
sample number: 1623.0
epoch:59; train_fscore:69.52%; train_loss:1.2985; train_loss1:0.7657; train_loss2:0.5328
sample number: 5810.0
sample number: 1623.0
sample number: 1623.0
epoch:60; train_fscore:70.01%; train_loss:1.2622; train_loss1:0.745; train_loss2:0.5172
sample number: 5810.0
sample number: 1623.0
sample number: 1623.0
epoch:61; train_fscore:69.10%; train_loss:1.2851; train_loss1:0.745; train_loss2:0.5402
sample number: 5810.0
sample number: 1623.0
sample number: 1623.0
epoch:62; train_fscore:68.21%; train_loss:1.3922; train_loss1:0.7992; train_loss2:0.593
sample number: 5810.0
sample number: 1623.0
sample number: 1623.0
epoch:63; train_fscore:69.81%; train_loss:1.3348; train_loss1:0.7354; train_loss2:0.5993
sample number: 5810.0
sample number: 1623.0
sample number: 1623.0
epoch:64; train_fscore:70.20%; train_loss:1.3519; train_loss1:0.7485; train_loss2:0.6034
sample number: 5810.0
sample number: 1623.0
sample number: 1623.0
epoch:65; train_fscore:68.68%; train_loss:1.3288; train_loss1:0.7628; train_loss2:0.566
sample number: 5810.0
sample number: 1623.0
sample number: 1623.0
epoch:66; train_fscore:68.41%; train_loss:1.3162; train_loss1:0.7809; train_loss2:0.5353
sample number: 5810.0
sample number: 1623.0
sample number: 1623.0
epoch:67; train_fscore:70.73%; train_loss:1.3139; train_loss1:0.7409; train_loss2:0.573
sample number: 5810.0
sample number: 1623.0
sample number: 1623.0
epoch:68; train_fscore:69.49%; train_loss:1.3524; train_loss1:0.7519; train_loss2:0.6005
sample number: 5810.0
sample number: 1623.0
sample number: 1623.0
epoch:69; train_fscore:70.92%; train_loss:1.3342; train_loss1:0.7517; train_loss2:0.5825
sample number: 5810.0
sample number: 1623.0
sample number: 1623.0
epoch:70; train_fscore:70.98%; train_loss:1.2939; train_loss1:0.7315; train_loss2:0.5623
sample number: 5810.0
sample number: 1623.0
sample number: 1623.0
epoch:71; train_fscore:72.50%; train_loss:1.2461; train_loss1:0.6879; train_loss2:0.5582
sample number: 5810.0
sample number: 1623.0
sample number: 1623.0
epoch:72; train_fscore:73.29%; train_loss:1.2443; train_loss1:0.678; train_loss2:0.5663
sample number: 5810.0
sample number: 1623.0
sample number: 1623.0
epoch:73; train_fscore:73.29%; train_loss:1.2084; train_loss1:0.6661; train_loss2:0.5423
sample number: 5810.0
sample number: 1623.0
sample number: 1623.0
epoch:74; train_fscore:74.82%; train_loss:1.2678; train_loss1:0.645; train_loss2:0.6228
sample number: 5810.0
sample number: 1623.0
sample number: 1623.0
epoch:75; train_fscore:74.70%; train_loss:1.2024; train_loss1:0.6311; train_loss2:0.5713
sample number: 5810.0
sample number: 1623.0
sample number: 1623.0
epoch:76; train_fscore:74.48%; train_loss:1.2234; train_loss1:0.6463; train_loss2:0.5771
sample number: 5810.0
sample number: 1623.0
sample number: 1623.0
epoch:77; train_fscore:72.71%; train_loss:1.2192; train_loss1:0.6788; train_loss2:0.5404
sample number: 5810.0
sample number: 1623.0
sample number: 1623.0
epoch:78; train_fscore:73.95%; train_loss:1.2044; train_loss1:0.6474; train_loss2:0.5571
sample number: 5810.0
sample number: 1623.0
sample number: 1623.0
epoch:79; train_fscore:73.96%; train_loss:1.1787; train_loss1:0.6419; train_loss2:0.5369
sample number: 5810.0
sample number: 1623.0
sample number: 1623.0
epoch:80; train_fscore:76.45%; train_loss:1.1321; train_loss1:0.6148; train_loss2:0.5173
sample number: 5810.0
sample number: 1623.0
sample number: 1623.0
epoch:81; train_fscore:75.72%; train_loss:1.2388; train_loss1:0.602; train_loss2:0.6368
sample number: 5810.0
sample number: 1623.0
sample number: 1623.0
epoch:82; train_fscore:75.79%; train_loss:1.1605; train_loss1:0.6123; train_loss2:0.5482
sample number: 5810.0
sample number: 1623.0
sample number: 1623.0
epoch:83; train_fscore:76.20%; train_loss:1.1259; train_loss1:0.5987; train_loss2:0.5271
sample number: 5810.0
sample number: 1623.0
sample number: 1623.0
epoch:84; train_fscore:76.60%; train_loss:1.1472; train_loss1:0.5875; train_loss2:0.5597
sample number: 5810.0
sample number: 1623.0
sample number: 1623.0
epoch:85; train_fscore:77.94%; train_loss:1.107; train_loss1:0.5646; train_loss2:0.5425
sample number: 5810.0
sample number: 1623.0
sample number: 1623.0
epoch:86; train_fscore:78.91%; train_loss:1.0796; train_loss1:0.5596; train_loss2:0.52
sample number: 5810.0
sample number: 1623.0
sample number: 1623.0
epoch:87; train_fscore:78.60%; train_loss:1.1028; train_loss1:0.546; train_loss2:0.5568
sample number: 5810.0
sample number: 1623.0
sample number: 1623.0
epoch:88; train_fscore:79.15%; train_loss:1.0963; train_loss1:0.5374; train_loss2:0.5589
sample number: 5810.0
sample number: 1623.0
sample number: 1623.0
epoch:89; train_fscore:79.27%; train_loss:1.0936; train_loss1:0.5201; train_loss2:0.5736
sample number: 5810.0
sample number: 1623.0
sample number: 1623.0
epoch:90; train_fscore:79.95%; train_loss:1.0942; train_loss1:0.5117; train_loss2:0.5824
sample number: 5810.0
sample number: 1623.0
sample number: 1623.0
epoch:91; train_fscore:79.63%; train_loss:1.0948; train_loss1:0.5131; train_loss2:0.5817
sample number: 5810.0
sample number: 1623.0
sample number: 1623.0
epoch:92; train_fscore:79.55%; train_loss:1.1019; train_loss1:0.5274; train_loss2:0.5745
sample number: 5810.0
sample number: 1623.0
sample number: 1623.0
epoch:93; train_fscore:78.90%; train_loss:1.0802; train_loss1:0.521; train_loss2:0.5592
sample number: 5810.0
sample number: 1623.0
sample number: 1623.0
epoch:94; train_fscore:79.10%; train_loss:1.0627; train_loss1:0.5385; train_loss2:0.5241
sample number: 5810.0
sample number: 1623.0
sample number: 1623.0
epoch:95; train_fscore:78.66%; train_loss:1.0907; train_loss1:0.5263; train_loss2:0.5644
sample number: 5810.0
sample number: 1623.0
sample number: 1623.0
epoch:96; train_fscore:78.64%; train_loss:1.147; train_loss1:0.5265; train_loss2:0.6205
sample number: 5810.0
sample number: 1623.0
sample number: 1623.0
epoch:97; train_fscore:79.08%; train_loss:1.0687; train_loss1:0.5253; train_loss2:0.5434
sample number: 5810.0
sample number: 1623.0
sample number: 1623.0
epoch:98; train_fscore:80.18%; train_loss:1.0563; train_loss1:0.5081; train_loss2:0.5482
sample number: 5810.0
sample number: 1623.0
sample number: 1623.0
epoch:99; train_fscore:80.09%; train_loss:1.0743; train_loss1:0.519; train_loss2:0.5553
sample number: 5810.0
sample number: 1623.0
sample number: 1623.0
epoch:100; train_fscore:80.65%; train_loss:1.0533; train_loss1:0.4992; train_loss2:0.5541
Step3: saving and testing on the 5 folder
>>>>> Finish: training on the 5 folder, duration: 362.1907567977905 >>>>>
====== Saving =======
SMOKE_ONLY=False
save results in /data2/yb/paper/experiments/second_graph_aggregation_iemocap6_20260825_phase_b/formal/rtdr/miss_0p4/seed_68/fold_5/saved/iemocapsix_original_addition_relationtrack_diagonal_f5_s68_m0p4_1787700517.3073316.npz
