Namespace(allow_short_run=False, audio_feature='wav2vec-large-c-UTT', base_model='LSTM', batch_size=32, branch_fusion='addition', data_root='/data2/yb/paper/GCNet_TPAMI_modality_jepa_20260818/dataset/IEMOCAP', dataset='IEMOCAPSix', dropout=0.5, epochs=100, fold_index=5, graph_conv_variant='original', hidden=200, l2=1e-05, loss_recon=True, lower_bound=False, lr=0.001, mask_bank_root='/data2/yb/paper/experiments/mpfilm_iemocap6_20260824/mask_banks', mask_seed=70, mask_type='constant-0.7', n_classes=6, n_speakers=2, no_cuda=False, num_folder=5, num_threads=6, output_dir='/data2/yb/paper/experiments/second_graph_aggregation_iemocap6_20260825_phase_b/formal/rtdr/miss_0p7/seed_70/fold_5/saved', post_graph_context='bilstm', pre_graph_context='bilstm', reccls_flag=False, relation_track_routing='diagonal', second_graph_aggregation='add', seed=70, text_feature='deberta-large-4-UTT', time_attn=False, video_feature='manet_UTT', windowf=2, windowp=2)
====== Reading Data =======
audio dimension: 512; text dimension: 1024; video dimension: 1024
stage-aware mask bundle: sha256=d7aa8a8154ba531a1752637da1de343be35d5a6b243dfcac5f5091f88faee424 requested=0.7000 realized=0.6667
====== Training and Evaluation =======
>>>>> Cross-validation: training on the 5 folder >>>>>
Step1: build model (each folder has its own model)
Model have 36419816 paramerters in total
Graph NN with LSTM as base model.
Step2: training (multiple epoches)
sample number: 5810.0
sample number: 1623.0
sample number: 1623.0
epoch:1; train_fscore:14.29%; train_loss:5.6102; train_loss1:1.8117; train_loss2:3.7985
sample number: 5810.0
sample number: 1623.0
sample number: 1623.0
epoch:2; train_fscore:16.76%; train_loss:4.9511; train_loss1:1.9323; train_loss2:3.0188
sample number: 5810.0
sample number: 1623.0
sample number: 1623.0
epoch:3; train_fscore:13.66%; train_loss:4.4772; train_loss1:1.8035; train_loss2:2.6737
sample number: 5810.0
sample number: 1623.0
sample number: 1623.0
epoch:4; train_fscore:14.74%; train_loss:3.952; train_loss1:1.6905; train_loss2:2.2615
sample number: 5810.0
sample number: 1623.0
sample number: 1623.0
epoch:5; train_fscore:23.60%; train_loss:3.6166; train_loss1:1.6378; train_loss2:1.9788
sample number: 5810.0
sample number: 1623.0
sample number: 1623.0
epoch:6; train_fscore:22.15%; train_loss:3.0938; train_loss1:1.6208; train_loss2:1.473
sample number: 5810.0
sample number: 1623.0
sample number: 1623.0
epoch:7; train_fscore:25.51%; train_loss:2.9256; train_loss1:1.6444; train_loss2:1.2813
sample number: 5810.0
sample number: 1623.0
sample number: 1623.0
epoch:8; train_fscore:26.93%; train_loss:2.6705; train_loss1:1.5205; train_loss2:1.1499
sample number: 5810.0
sample number: 1623.0
sample number: 1623.0
epoch:9; train_fscore:33.93%; train_loss:2.6246; train_loss1:1.4635; train_loss2:1.1611
sample number: 5810.0
sample number: 1623.0
sample number: 1623.0
epoch:10; train_fscore:33.60%; train_loss:2.5047; train_loss1:1.4731; train_loss2:1.0316
sample number: 5810.0
sample number: 1623.0
sample number: 1623.0
epoch:11; train_fscore:31.69%; train_loss:2.4546; train_loss1:1.4246; train_loss2:1.03
sample number: 5810.0
sample number: 1623.0
sample number: 1623.0
epoch:12; train_fscore:34.22%; train_loss:2.4672; train_loss1:1.4049; train_loss2:1.0623
sample number: 5810.0
sample number: 1623.0
sample number: 1623.0
epoch:13; train_fscore:32.55%; train_loss:2.28; train_loss1:1.3867; train_loss2:0.8932
sample number: 5810.0
sample number: 1623.0
sample number: 1623.0
epoch:14; train_fscore:34.46%; train_loss:2.3178; train_loss1:1.3301; train_loss2:0.9877
sample number: 5810.0
sample number: 1623.0
sample number: 1623.0
epoch:15; train_fscore:34.59%; train_loss:2.2414; train_loss1:1.2679; train_loss2:0.9735
sample number: 5810.0
sample number: 1623.0
sample number: 1623.0
epoch:16; train_fscore:37.16%; train_loss:2.2558; train_loss1:1.2747; train_loss2:0.9812
sample number: 5810.0
sample number: 1623.0
sample number: 1623.0
epoch:17; train_fscore:35.58%; train_loss:2.2939; train_loss1:1.2693; train_loss2:1.0245
sample number: 5810.0
sample number: 1623.0
sample number: 1623.0
epoch:18; train_fscore:41.48%; train_loss:2.1242; train_loss1:1.2223; train_loss2:0.9018
sample number: 5810.0
sample number: 1623.0
sample number: 1623.0
epoch:19; train_fscore:43.61%; train_loss:2.1459; train_loss1:1.2154; train_loss2:0.9305
sample number: 5810.0
sample number: 1623.0
sample number: 1623.0
epoch:20; train_fscore:45.59%; train_loss:2.0864; train_loss1:1.1668; train_loss2:0.9195
sample number: 5810.0
sample number: 1623.0
sample number: 1623.0
epoch:21; train_fscore:48.63%; train_loss:2.0356; train_loss1:1.1439; train_loss2:0.8916
sample number: 5810.0
sample number: 1623.0
sample number: 1623.0
epoch:22; train_fscore:46.16%; train_loss:2.1084; train_loss1:1.1357; train_loss2:0.9726
sample number: 5810.0
sample number: 1623.0
sample number: 1623.0
epoch:23; train_fscore:50.09%; train_loss:2.0044; train_loss1:1.0884; train_loss2:0.916
sample number: 5810.0
sample number: 1623.0
sample number: 1623.0
epoch:24; train_fscore:49.53%; train_loss:2.0382; train_loss1:1.1026; train_loss2:0.9356
sample number: 5810.0
sample number: 1623.0
sample number: 1623.0
epoch:25; train_fscore:46.69%; train_loss:2.0385; train_loss1:1.136; train_loss2:0.9025
sample number: 5810.0
sample number: 1623.0
sample number: 1623.0
epoch:26; train_fscore:44.45%; train_loss:2.03; train_loss1:1.1093; train_loss2:0.9207
sample number: 5810.0
sample number: 1623.0
sample number: 1623.0
epoch:27; train_fscore:52.39%; train_loss:2.0809; train_loss1:1.0875; train_loss2:0.9934
sample number: 5810.0
sample number: 1623.0
sample number: 1623.0
epoch:28; train_fscore:50.27%; train_loss:2.0597; train_loss1:1.0914; train_loss2:0.9684
sample number: 5810.0
sample number: 1623.0
sample number: 1623.0
epoch:29; train_fscore:50.39%; train_loss:2.0277; train_loss1:1.1261; train_loss2:0.9016
sample number: 5810.0
sample number: 1623.0
sample number: 1623.0
epoch:30; train_fscore:49.64%; train_loss:2.0449; train_loss1:1.1138; train_loss2:0.9312
sample number: 5810.0
sample number: 1623.0
sample number: 1623.0
epoch:31; train_fscore:42.75%; train_loss:2.0806; train_loss1:1.1691; train_loss2:0.9115
sample number: 5810.0
sample number: 1623.0
sample number: 1623.0
epoch:32; train_fscore:46.95%; train_loss:2.0275; train_loss1:1.1248; train_loss2:0.9027
sample number: 5810.0
sample number: 1623.0
sample number: 1623.0
epoch:33; train_fscore:49.30%; train_loss:2.021; train_loss1:1.1316; train_loss2:0.8894
sample number: 5810.0
sample number: 1623.0
sample number: 1623.0
epoch:34; train_fscore:50.42%; train_loss:2.035; train_loss1:1.0687; train_loss2:0.9663
sample number: 5810.0
sample number: 1623.0
sample number: 1623.0
epoch:35; train_fscore:53.08%; train_loss:1.9532; train_loss1:1.0464; train_loss2:0.9069
sample number: 5810.0
sample number: 1623.0
sample number: 1623.0
epoch:36; train_fscore:52.23%; train_loss:1.9784; train_loss1:1.0647; train_loss2:0.9137
sample number: 5810.0
sample number: 1623.0
sample number: 1623.0
epoch:37; train_fscore:54.73%; train_loss:1.9524; train_loss1:1.0256; train_loss2:0.9269
sample number: 5810.0
sample number: 1623.0
sample number: 1623.0
epoch:38; train_fscore:54.36%; train_loss:1.9914; train_loss1:1.0187; train_loss2:0.9726
sample number: 5810.0
sample number: 1623.0
sample number: 1623.0
epoch:39; train_fscore:57.66%; train_loss:1.9231; train_loss1:0.9988; train_loss2:0.9243
sample number: 5810.0
sample number: 1623.0
sample number: 1623.0
epoch:40; train_fscore:54.20%; train_loss:1.9436; train_loss1:0.9789; train_loss2:0.9646
sample number: 5810.0
sample number: 1623.0
sample number: 1623.0
epoch:41; train_fscore:57.07%; train_loss:1.9125; train_loss1:0.9717; train_loss2:0.9408
sample number: 5810.0
sample number: 1623.0
sample number: 1623.0
epoch:42; train_fscore:57.32%; train_loss:1.924; train_loss1:0.9941; train_loss2:0.93
sample number: 5810.0
sample number: 1623.0
sample number: 1623.0
epoch:43; train_fscore:57.91%; train_loss:1.8411; train_loss1:0.9745; train_loss2:0.8666
sample number: 5810.0
sample number: 1623.0
sample number: 1623.0
epoch:44; train_fscore:57.89%; train_loss:1.9027; train_loss1:0.9618; train_loss2:0.9409
sample number: 5810.0
sample number: 1623.0
sample number: 1623.0
epoch:45; train_fscore:59.10%; train_loss:1.8671; train_loss1:0.9615; train_loss2:0.9056
sample number: 5810.0
sample number: 1623.0
sample number: 1623.0
epoch:46; train_fscore:58.14%; train_loss:1.9205; train_loss1:0.9569; train_loss2:0.9636
sample number: 5810.0
sample number: 1623.0
sample number: 1623.0
epoch:47; train_fscore:60.72%; train_loss:1.8867; train_loss1:0.9302; train_loss2:0.9565
sample number: 5810.0
sample number: 1623.0
sample number: 1623.0
epoch:48; train_fscore:60.44%; train_loss:1.8372; train_loss1:0.9306; train_loss2:0.9065
sample number: 5810.0
sample number: 1623.0
sample number: 1623.0
epoch:49; train_fscore:57.72%; train_loss:1.8706; train_loss1:0.9838; train_loss2:0.8868
sample number: 5810.0
sample number: 1623.0
sample number: 1623.0
epoch:50; train_fscore:61.38%; train_loss:1.8477; train_loss1:0.9268; train_loss2:0.921
sample number: 5810.0
sample number: 1623.0
sample number: 1623.0
epoch:51; train_fscore:60.00%; train_loss:1.9273; train_loss1:0.9247; train_loss2:1.0027
sample number: 5810.0
sample number: 1623.0
sample number: 1623.0
epoch:52; train_fscore:61.27%; train_loss:1.9303; train_loss1:0.9246; train_loss2:1.0057
sample number: 5810.0
sample number: 1623.0
sample number: 1623.0
epoch:53; train_fscore:61.58%; train_loss:1.8794; train_loss1:0.9021; train_loss2:0.9773
sample number: 5810.0
sample number: 1623.0
sample number: 1623.0
epoch:54; train_fscore:62.33%; train_loss:1.8215; train_loss1:0.9029; train_loss2:0.9186
sample number: 5810.0
sample number: 1623.0
sample number: 1623.0
epoch:55; train_fscore:62.62%; train_loss:1.816; train_loss1:0.8832; train_loss2:0.9328
sample number: 5810.0
sample number: 1623.0
sample number: 1623.0
epoch:56; train_fscore:63.26%; train_loss:1.775; train_loss1:0.8837; train_loss2:0.8913
sample number: 5810.0
sample number: 1623.0
sample number: 1623.0
epoch:57; train_fscore:63.33%; train_loss:1.8225; train_loss1:0.8808; train_loss2:0.9417
sample number: 5810.0
sample number: 1623.0
sample number: 1623.0
epoch:58; train_fscore:64.60%; train_loss:1.8484; train_loss1:0.8619; train_loss2:0.9865
sample number: 5810.0
sample number: 1623.0
sample number: 1623.0
epoch:59; train_fscore:61.89%; train_loss:1.7807; train_loss1:0.8869; train_loss2:0.8937
sample number: 5810.0
sample number: 1623.0
sample number: 1623.0
epoch:60; train_fscore:62.11%; train_loss:1.8138; train_loss1:0.8741; train_loss2:0.9396
sample number: 5810.0
sample number: 1623.0
sample number: 1623.0
epoch:61; train_fscore:63.02%; train_loss:1.7848; train_loss1:0.8648; train_loss2:0.92
sample number: 5810.0
sample number: 1623.0
sample number: 1623.0
epoch:62; train_fscore:62.83%; train_loss:1.8506; train_loss1:0.8868; train_loss2:0.9637
sample number: 5810.0
sample number: 1623.0
sample number: 1623.0
epoch:63; train_fscore:64.34%; train_loss:1.7645; train_loss1:0.8576; train_loss2:0.9069
sample number: 5810.0
sample number: 1623.0
sample number: 1623.0
epoch:64; train_fscore:63.57%; train_loss:1.7307; train_loss1:0.8638; train_loss2:0.8669
sample number: 5810.0
sample number: 1623.0
sample number: 1623.0
epoch:65; train_fscore:64.90%; train_loss:1.7661; train_loss1:0.855; train_loss2:0.9111
sample number: 5810.0
sample number: 1623.0
sample number: 1623.0
epoch:66; train_fscore:64.35%; train_loss:1.7621; train_loss1:0.8613; train_loss2:0.9008
sample number: 5810.0
sample number: 1623.0
sample number: 1623.0
epoch:67; train_fscore:62.31%; train_loss:1.7616; train_loss1:0.8816; train_loss2:0.8801
sample number: 5810.0
sample number: 1623.0
sample number: 1623.0
epoch:68; train_fscore:60.97%; train_loss:1.8397; train_loss1:0.9273; train_loss2:0.9124
sample number: 5810.0
sample number: 1623.0
sample number: 1623.0
epoch:69; train_fscore:62.53%; train_loss:1.7606; train_loss1:0.8807; train_loss2:0.8799
sample number: 5810.0
sample number: 1623.0
sample number: 1623.0
epoch:70; train_fscore:64.32%; train_loss:1.8018; train_loss1:0.8377; train_loss2:0.964
sample number: 5810.0
sample number: 1623.0
sample number: 1623.0
epoch:71; train_fscore:66.78%; train_loss:1.7504; train_loss1:0.8043; train_loss2:0.9461
sample number: 5810.0
sample number: 1623.0
sample number: 1623.0
epoch:72; train_fscore:64.92%; train_loss:1.7082; train_loss1:0.8143; train_loss2:0.8938
sample number: 5810.0
sample number: 1623.0
sample number: 1623.0
epoch:73; train_fscore:64.33%; train_loss:1.8283; train_loss1:0.9233; train_loss2:0.9049
sample number: 5810.0
sample number: 1623.0
sample number: 1623.0
epoch:74; train_fscore:60.09%; train_loss:1.8559; train_loss1:0.9345; train_loss2:0.9214
sample number: 5810.0
sample number: 1623.0
sample number: 1623.0
epoch:75; train_fscore:60.93%; train_loss:1.8741; train_loss1:0.942; train_loss2:0.9322
sample number: 5810.0
sample number: 1623.0
sample number: 1623.0
epoch:76; train_fscore:64.06%; train_loss:1.7709; train_loss1:0.8786; train_loss2:0.8924
sample number: 5810.0
sample number: 1623.0
sample number: 1623.0
epoch:77; train_fscore:64.77%; train_loss:1.875; train_loss1:0.8413; train_loss2:1.0337
sample number: 5810.0
sample number: 1623.0
sample number: 1623.0
epoch:78; train_fscore:65.71%; train_loss:1.7711; train_loss1:0.8232; train_loss2:0.9479
sample number: 5810.0
sample number: 1623.0
sample number: 1623.0
epoch:79; train_fscore:64.71%; train_loss:1.7994; train_loss1:0.877; train_loss2:0.9224
sample number: 5810.0
sample number: 1623.0
sample number: 1623.0
epoch:80; train_fscore:62.32%; train_loss:1.7391; train_loss1:0.8425; train_loss2:0.8966
sample number: 5810.0
sample number: 1623.0
sample number: 1623.0
epoch:81; train_fscore:66.88%; train_loss:1.7556; train_loss1:0.7947; train_loss2:0.961
sample number: 5810.0
sample number: 1623.0
sample number: 1623.0
epoch:82; train_fscore:69.84%; train_loss:1.7129; train_loss1:0.7562; train_loss2:0.9567
sample number: 5810.0
sample number: 1623.0
sample number: 1623.0
epoch:83; train_fscore:70.29%; train_loss:1.6371; train_loss1:0.7433; train_loss2:0.8938
sample number: 5810.0
sample number: 1623.0
sample number: 1623.0
epoch:84; train_fscore:70.27%; train_loss:1.7162; train_loss1:0.7448; train_loss2:0.9714
sample number: 5810.0
sample number: 1623.0
sample number: 1623.0
epoch:85; train_fscore:70.73%; train_loss:1.7399; train_loss1:0.7302; train_loss2:1.0097
sample number: 5810.0
sample number: 1623.0
sample number: 1623.0
epoch:86; train_fscore:71.04%; train_loss:1.6334; train_loss1:0.7203; train_loss2:0.9131
sample number: 5810.0
sample number: 1623.0
sample number: 1623.0
epoch:87; train_fscore:68.72%; train_loss:1.7078; train_loss1:0.7644; train_loss2:0.9434
sample number: 5810.0
sample number: 1623.0
sample number: 1623.0
epoch:88; train_fscore:69.68%; train_loss:1.6793; train_loss1:0.7268; train_loss2:0.9525
sample number: 5810.0
sample number: 1623.0
sample number: 1623.0
epoch:89; train_fscore:71.16%; train_loss:1.6174; train_loss1:0.7113; train_loss2:0.9061
sample number: 5810.0
sample number: 1623.0
sample number: 1623.0
epoch:90; train_fscore:71.59%; train_loss:1.6456; train_loss1:0.7001; train_loss2:0.9455
sample number: 5810.0
sample number: 1623.0
sample number: 1623.0
epoch:91; train_fscore:72.29%; train_loss:1.6729; train_loss1:0.7119; train_loss2:0.9609
sample number: 5810.0
sample number: 1623.0
sample number: 1623.0
epoch:92; train_fscore:71.13%; train_loss:1.6627; train_loss1:0.7158; train_loss2:0.9469
sample number: 5810.0
sample number: 1623.0
sample number: 1623.0
epoch:93; train_fscore:72.93%; train_loss:1.5964; train_loss1:0.6787; train_loss2:0.9177
sample number: 5810.0
sample number: 1623.0
sample number: 1623.0
epoch:94; train_fscore:73.94%; train_loss:1.5564; train_loss1:0.6646; train_loss2:0.8918
sample number: 5810.0
sample number: 1623.0
sample number: 1623.0
epoch:95; train_fscore:73.31%; train_loss:1.6308; train_loss1:0.679; train_loss2:0.9518
sample number: 5810.0
sample number: 1623.0
sample number: 1623.0
epoch:96; train_fscore:72.60%; train_loss:1.5732; train_loss1:0.6853; train_loss2:0.8879
sample number: 5810.0
sample number: 1623.0
sample number: 1623.0
epoch:97; train_fscore:74.14%; train_loss:1.5897; train_loss1:0.6566; train_loss2:0.9331
sample number: 5810.0
sample number: 1623.0
sample number: 1623.0
epoch:98; train_fscore:74.47%; train_loss:1.5682; train_loss1:0.6396; train_loss2:0.9287
sample number: 5810.0
sample number: 1623.0
sample number: 1623.0
epoch:99; train_fscore:73.63%; train_loss:1.5729; train_loss1:0.6473; train_loss2:0.9256
sample number: 5810.0
sample number: 1623.0
sample number: 1623.0
epoch:100; train_fscore:73.98%; train_loss:1.5488; train_loss1:0.6317; train_loss2:0.917
Step3: saving and testing on the 5 folder
>>>>> Finish: training on the 5 folder, duration: 364.04336762428284 >>>>>
====== Saving =======
SMOKE_ONLY=False
save results in /data2/yb/paper/experiments/second_graph_aggregation_iemocap6_20260825_phase_b/formal/rtdr/miss_0p7/seed_70/fold_5/saved/iemocapsix_original_addition_relationtrack_diagonal_f5_s70_m0p7_1787699471.7575967.npz
