Namespace(allow_short_run=False, audio_feature='wav2vec-large-c-UTT', base_model='LSTM', batch_size=32, branch_fusion='addition', data_root='/data2/yb/paper/GCNet_TPAMI_modality_jepa_20260818/dataset/IEMOCAP', dataset='IEMOCAPSix', dropout=0.5, epochs=100, fold_index=5, graph_conv_variant='original', hidden=200, l2=1e-05, loss_recon=True, lower_bound=False, lr=0.001, mask_bank_root='/data2/yb/paper/experiments/mpfilm_iemocap6_20260824/mask_banks', mask_seed=66, mask_type='constant-0.7', n_classes=6, n_speakers=2, no_cuda=False, num_folder=5, num_threads=6, output_dir='/data2/yb/paper/experiments/second_graph_aggregation_iemocap6_20260825_phase_b/formal/rtdr/miss_0p7/seed_66/fold_5/saved', post_graph_context='bilstm', pre_graph_context='bilstm', reccls_flag=False, relation_track_routing='diagonal', second_graph_aggregation='add', seed=66, text_feature='deberta-large-4-UTT', time_attn=False, video_feature='manet_UTT', windowf=2, windowp=2)
====== Reading Data =======
audio dimension: 512; text dimension: 1024; video dimension: 1024
stage-aware mask bundle: sha256=0c8d4f876b36101ae981c332b0ea9efd62e7a8868b677b3f04e413cbdbeb22e4 requested=0.7000 realized=0.6667
====== Training and Evaluation =======
>>>>> Cross-validation: training on the 5 folder >>>>>
Step1: build model (each folder has its own model)
Model have 36419816 paramerters in total
Graph NN with LSTM as base model.
Step2: training (multiple epoches)
sample number: 5810.0
sample number: 1623.0
sample number: 1623.0
epoch:1; train_fscore:13.99%; train_loss:5.5661; train_loss1:1.8108; train_loss2:3.7553
sample number: 5810.0
sample number: 1623.0
sample number: 1623.0
epoch:2; train_fscore:15.82%; train_loss:4.8254; train_loss1:1.998; train_loss2:2.8274
sample number: 5810.0
sample number: 1623.0
sample number: 1623.0
epoch:3; train_fscore:13.34%; train_loss:4.1375; train_loss1:1.7755; train_loss2:2.362
sample number: 5810.0
sample number: 1623.0
sample number: 1623.0
epoch:4; train_fscore:12.62%; train_loss:3.9752; train_loss1:1.7891; train_loss2:2.1861
sample number: 5810.0
sample number: 1623.0
sample number: 1623.0
epoch:5; train_fscore:14.26%; train_loss:3.7826; train_loss1:1.7648; train_loss2:2.0178
sample number: 5810.0
sample number: 1623.0
sample number: 1623.0
epoch:6; train_fscore:17.67%; train_loss:3.1338; train_loss1:1.7531; train_loss2:1.3807
sample number: 5810.0
sample number: 1623.0
sample number: 1623.0
epoch:7; train_fscore:15.09%; train_loss:3.0676; train_loss1:1.767; train_loss2:1.3006
sample number: 5810.0
sample number: 1623.0
sample number: 1623.0
epoch:8; train_fscore:17.85%; train_loss:2.8675; train_loss1:1.7169; train_loss2:1.1506
sample number: 5810.0
sample number: 1623.0
sample number: 1623.0
epoch:9; train_fscore:16.17%; train_loss:2.8651; train_loss1:1.7564; train_loss2:1.1087
sample number: 5810.0
sample number: 1623.0
sample number: 1623.0
epoch:10; train_fscore:19.36%; train_loss:2.7098; train_loss1:1.6756; train_loss2:1.0341
sample number: 5810.0
sample number: 1623.0
sample number: 1623.0
epoch:11; train_fscore:22.71%; train_loss:2.6594; train_loss1:1.6068; train_loss2:1.0526
sample number: 5810.0
sample number: 1623.0
sample number: 1623.0
epoch:12; train_fscore:25.18%; train_loss:2.5169; train_loss1:1.5531; train_loss2:0.9638
sample number: 5810.0
sample number: 1623.0
sample number: 1623.0
epoch:13; train_fscore:22.79%; train_loss:2.5208; train_loss1:1.5235; train_loss2:0.9973
sample number: 5810.0
sample number: 1623.0
sample number: 1623.0
epoch:14; train_fscore:32.61%; train_loss:2.3902; train_loss1:1.4446; train_loss2:0.9456
sample number: 5810.0
sample number: 1623.0
sample number: 1623.0
epoch:15; train_fscore:26.82%; train_loss:2.3672; train_loss1:1.4502; train_loss2:0.917
sample number: 5810.0
sample number: 1623.0
sample number: 1623.0
epoch:16; train_fscore:27.31%; train_loss:2.3937; train_loss1:1.4091; train_loss2:0.9846
sample number: 5810.0
sample number: 1623.0
sample number: 1623.0
epoch:17; train_fscore:29.35%; train_loss:2.4241; train_loss1:1.3923; train_loss2:1.0318
sample number: 5810.0
sample number: 1623.0
sample number: 1623.0
epoch:18; train_fscore:34.01%; train_loss:2.3313; train_loss1:1.3527; train_loss2:0.9786
sample number: 5810.0
sample number: 1623.0
sample number: 1623.0
epoch:19; train_fscore:31.67%; train_loss:2.2927; train_loss1:1.3247; train_loss2:0.9679
sample number: 5810.0
sample number: 1623.0
sample number: 1623.0
epoch:20; train_fscore:33.51%; train_loss:2.3316; train_loss1:1.3791; train_loss2:0.9525
sample number: 5810.0
sample number: 1623.0
sample number: 1623.0
epoch:21; train_fscore:33.19%; train_loss:2.2375; train_loss1:1.34; train_loss2:0.8975
sample number: 5810.0
sample number: 1623.0
sample number: 1623.0
epoch:22; train_fscore:39.15%; train_loss:2.3242; train_loss1:1.2947; train_loss2:1.0296
sample number: 5810.0
sample number: 1623.0
sample number: 1623.0
epoch:23; train_fscore:45.17%; train_loss:2.2374; train_loss1:1.247; train_loss2:0.9903
sample number: 5810.0
sample number: 1623.0
sample number: 1623.0
epoch:24; train_fscore:38.14%; train_loss:2.2255; train_loss1:1.2511; train_loss2:0.9744
sample number: 5810.0
sample number: 1623.0
sample number: 1623.0
epoch:25; train_fscore:44.94%; train_loss:2.2103; train_loss1:1.2134; train_loss2:0.997
sample number: 5810.0
sample number: 1623.0
sample number: 1623.0
epoch:26; train_fscore:42.59%; train_loss:2.1834; train_loss1:1.2255; train_loss2:0.9579
sample number: 5810.0
sample number: 1623.0
sample number: 1623.0
epoch:27; train_fscore:45.83%; train_loss:2.1584; train_loss1:1.2364; train_loss2:0.9219
sample number: 5810.0
sample number: 1623.0
sample number: 1623.0
epoch:28; train_fscore:46.78%; train_loss:2.1247; train_loss1:1.1793; train_loss2:0.9454
sample number: 5810.0
sample number: 1623.0
sample number: 1623.0
epoch:29; train_fscore:42.96%; train_loss:2.1593; train_loss1:1.1923; train_loss2:0.967
sample number: 5810.0
sample number: 1623.0
sample number: 1623.0
epoch:30; train_fscore:40.71%; train_loss:2.0905; train_loss1:1.2326; train_loss2:0.8579
sample number: 5810.0
sample number: 1623.0
sample number: 1623.0
epoch:31; train_fscore:45.08%; train_loss:2.104; train_loss1:1.179; train_loss2:0.925
sample number: 5810.0
sample number: 1623.0
sample number: 1623.0
epoch:32; train_fscore:46.06%; train_loss:2.1525; train_loss1:1.1481; train_loss2:1.0044
sample number: 5810.0
sample number: 1623.0
sample number: 1623.0
epoch:33; train_fscore:49.14%; train_loss:2.0817; train_loss1:1.1355; train_loss2:0.9462
sample number: 5810.0
sample number: 1623.0
sample number: 1623.0
epoch:34; train_fscore:47.52%; train_loss:2.0331; train_loss1:1.0959; train_loss2:0.9372
sample number: 5810.0
sample number: 1623.0
sample number: 1623.0
epoch:35; train_fscore:52.20%; train_loss:2.1657; train_loss1:1.0916; train_loss2:1.0741
sample number: 5810.0
sample number: 1623.0
sample number: 1623.0
epoch:36; train_fscore:49.03%; train_loss:2.0616; train_loss1:1.1054; train_loss2:0.9562
sample number: 5810.0
sample number: 1623.0
sample number: 1623.0
epoch:37; train_fscore:52.04%; train_loss:2.0672; train_loss1:1.1033; train_loss2:0.9639
sample number: 5810.0
sample number: 1623.0
sample number: 1623.0
epoch:38; train_fscore:51.03%; train_loss:2.0167; train_loss1:1.091; train_loss2:0.9257
sample number: 5810.0
sample number: 1623.0
sample number: 1623.0
epoch:39; train_fscore:49.17%; train_loss:1.9182; train_loss1:1.0951; train_loss2:0.8231
sample number: 5810.0
sample number: 1623.0
sample number: 1623.0
epoch:40; train_fscore:52.15%; train_loss:1.9632; train_loss1:1.0577; train_loss2:0.9056
sample number: 5810.0
sample number: 1623.0
sample number: 1623.0
epoch:41; train_fscore:52.87%; train_loss:2.0836; train_loss1:1.0501; train_loss2:1.0335
sample number: 5810.0
sample number: 1623.0
sample number: 1623.0
epoch:42; train_fscore:53.51%; train_loss:1.9606; train_loss1:1.0621; train_loss2:0.8984
sample number: 5810.0
sample number: 1623.0
sample number: 1623.0
epoch:43; train_fscore:52.62%; train_loss:2.0619; train_loss1:1.0718; train_loss2:0.9901
sample number: 5810.0
sample number: 1623.0
sample number: 1623.0
epoch:44; train_fscore:52.84%; train_loss:1.9661; train_loss1:1.0345; train_loss2:0.9316
sample number: 5810.0
sample number: 1623.0
sample number: 1623.0
epoch:45; train_fscore:54.40%; train_loss:1.9746; train_loss1:1.0303; train_loss2:0.9443
sample number: 5810.0
sample number: 1623.0
sample number: 1623.0
epoch:46; train_fscore:52.93%; train_loss:1.9826; train_loss1:1.0483; train_loss2:0.9343
sample number: 5810.0
sample number: 1623.0
sample number: 1623.0
epoch:47; train_fscore:51.43%; train_loss:1.967; train_loss1:1.0316; train_loss2:0.9353
sample number: 5810.0
sample number: 1623.0
sample number: 1623.0
epoch:48; train_fscore:54.08%; train_loss:1.9473; train_loss1:1.0084; train_loss2:0.9389
sample number: 5810.0
sample number: 1623.0
sample number: 1623.0
epoch:49; train_fscore:52.85%; train_loss:1.9382; train_loss1:1.0002; train_loss2:0.938
sample number: 5810.0
sample number: 1623.0
sample number: 1623.0
epoch:50; train_fscore:54.96%; train_loss:2.035; train_loss1:1.0079; train_loss2:1.0271
sample number: 5810.0
sample number: 1623.0
sample number: 1623.0
epoch:51; train_fscore:56.39%; train_loss:1.923; train_loss1:0.9691; train_loss2:0.9539
sample number: 5810.0
sample number: 1623.0
sample number: 1623.0
epoch:52; train_fscore:60.12%; train_loss:1.8931; train_loss1:0.9382; train_loss2:0.9549
sample number: 5810.0
sample number: 1623.0
sample number: 1623.0
epoch:53; train_fscore:58.23%; train_loss:1.9606; train_loss1:0.9641; train_loss2:0.9965
sample number: 5810.0
sample number: 1623.0
sample number: 1623.0
epoch:54; train_fscore:57.92%; train_loss:1.8871; train_loss1:0.9714; train_loss2:0.9158
sample number: 5810.0
sample number: 1623.0
sample number: 1623.0
epoch:55; train_fscore:59.38%; train_loss:1.841; train_loss1:0.9403; train_loss2:0.9007
sample number: 5810.0
sample number: 1623.0
sample number: 1623.0
epoch:56; train_fscore:61.62%; train_loss:1.838; train_loss1:0.9245; train_loss2:0.9135
sample number: 5810.0
sample number: 1623.0
sample number: 1623.0
epoch:57; train_fscore:58.93%; train_loss:1.8944; train_loss1:0.9691; train_loss2:0.9252
sample number: 5810.0
sample number: 1623.0
sample number: 1623.0
epoch:58; train_fscore:58.14%; train_loss:1.8774; train_loss1:0.96; train_loss2:0.9174
sample number: 5810.0
sample number: 1623.0
sample number: 1623.0
epoch:59; train_fscore:56.94%; train_loss:1.9682; train_loss1:0.9608; train_loss2:1.0074
sample number: 5810.0
sample number: 1623.0
sample number: 1623.0
epoch:60; train_fscore:62.30%; train_loss:1.8222; train_loss1:0.9036; train_loss2:0.9186
sample number: 5810.0
sample number: 1623.0
sample number: 1623.0
epoch:61; train_fscore:61.20%; train_loss:1.8772; train_loss1:0.8865; train_loss2:0.9907
sample number: 5810.0
sample number: 1623.0
sample number: 1623.0
epoch:62; train_fscore:62.95%; train_loss:1.8343; train_loss1:0.8694; train_loss2:0.9649
sample number: 5810.0
sample number: 1623.0
sample number: 1623.0
epoch:63; train_fscore:64.27%; train_loss:1.7621; train_loss1:0.8577; train_loss2:0.9044
sample number: 5810.0
sample number: 1623.0
sample number: 1623.0
epoch:64; train_fscore:65.48%; train_loss:1.727; train_loss1:0.8384; train_loss2:0.8886
sample number: 5810.0
sample number: 1623.0
sample number: 1623.0
epoch:65; train_fscore:66.09%; train_loss:1.7287; train_loss1:0.8155; train_loss2:0.9132
sample number: 5810.0
sample number: 1623.0
sample number: 1623.0
epoch:66; train_fscore:66.54%; train_loss:1.6921; train_loss1:0.806; train_loss2:0.8861
sample number: 5810.0
sample number: 1623.0
sample number: 1623.0
epoch:67; train_fscore:66.59%; train_loss:1.7868; train_loss1:0.8168; train_loss2:0.97
sample number: 5810.0
sample number: 1623.0
sample number: 1623.0
epoch:68; train_fscore:66.24%; train_loss:1.6842; train_loss1:0.8068; train_loss2:0.8774
sample number: 5810.0
sample number: 1623.0
sample number: 1623.0
epoch:69; train_fscore:67.06%; train_loss:1.7141; train_loss1:0.7911; train_loss2:0.923
sample number: 5810.0
sample number: 1623.0
sample number: 1623.0
epoch:70; train_fscore:66.42%; train_loss:1.6828; train_loss1:0.7908; train_loss2:0.8921
sample number: 5810.0
sample number: 1623.0
sample number: 1623.0
epoch:71; train_fscore:68.63%; train_loss:1.6933; train_loss1:0.7791; train_loss2:0.9142
sample number: 5810.0
sample number: 1623.0
sample number: 1623.0
epoch:72; train_fscore:67.91%; train_loss:1.7553; train_loss1:0.7838; train_loss2:0.9715
sample number: 5810.0
sample number: 1623.0
sample number: 1623.0
epoch:73; train_fscore:68.78%; train_loss:1.7168; train_loss1:0.7718; train_loss2:0.9451
sample number: 5810.0
sample number: 1623.0
sample number: 1623.0
epoch:74; train_fscore:68.85%; train_loss:1.7153; train_loss1:0.7696; train_loss2:0.9457
sample number: 5810.0
sample number: 1623.0
sample number: 1623.0
epoch:75; train_fscore:69.06%; train_loss:1.6601; train_loss1:0.7553; train_loss2:0.9048
sample number: 5810.0
sample number: 1623.0
sample number: 1623.0
epoch:76; train_fscore:67.30%; train_loss:1.736; train_loss1:0.8013; train_loss2:0.9348
sample number: 5810.0
sample number: 1623.0
sample number: 1623.0
epoch:77; train_fscore:65.65%; train_loss:1.7528; train_loss1:0.8276; train_loss2:0.9252
sample number: 5810.0
sample number: 1623.0
sample number: 1623.0
epoch:78; train_fscore:60.51%; train_loss:1.8127; train_loss1:0.8994; train_loss2:0.9134
sample number: 5810.0
sample number: 1623.0
sample number: 1623.0
epoch:79; train_fscore:61.03%; train_loss:1.7567; train_loss1:0.8662; train_loss2:0.8905
sample number: 5810.0
sample number: 1623.0
sample number: 1623.0
epoch:80; train_fscore:68.55%; train_loss:1.673; train_loss1:0.7851; train_loss2:0.8879
sample number: 5810.0
sample number: 1623.0
sample number: 1623.0
epoch:81; train_fscore:64.00%; train_loss:1.8535; train_loss1:0.8811; train_loss2:0.9724
sample number: 5810.0
sample number: 1623.0
sample number: 1623.0
epoch:82; train_fscore:66.57%; train_loss:1.7972; train_loss1:0.8262; train_loss2:0.971
sample number: 5810.0
sample number: 1623.0
sample number: 1623.0
epoch:83; train_fscore:66.49%; train_loss:1.7068; train_loss1:0.8109; train_loss2:0.8959
sample number: 5810.0
sample number: 1623.0
sample number: 1623.0
epoch:84; train_fscore:64.67%; train_loss:1.8151; train_loss1:0.8394; train_loss2:0.9758
sample number: 5810.0
sample number: 1623.0
sample number: 1623.0
epoch:85; train_fscore:67.56%; train_loss:1.7043; train_loss1:0.7862; train_loss2:0.9182
sample number: 5810.0
sample number: 1623.0
sample number: 1623.0
epoch:86; train_fscore:68.21%; train_loss:1.7086; train_loss1:0.7784; train_loss2:0.9302
sample number: 5810.0
sample number: 1623.0
sample number: 1623.0
epoch:87; train_fscore:69.09%; train_loss:1.6504; train_loss1:0.7655; train_loss2:0.8849
sample number: 5810.0
sample number: 1623.0
sample number: 1623.0
epoch:88; train_fscore:70.71%; train_loss:1.6821; train_loss1:0.7372; train_loss2:0.945
sample number: 5810.0
sample number: 1623.0
sample number: 1623.0
epoch:89; train_fscore:69.90%; train_loss:1.6419; train_loss1:0.7292; train_loss2:0.9127
sample number: 5810.0
sample number: 1623.0
sample number: 1623.0
epoch:90; train_fscore:72.10%; train_loss:1.6646; train_loss1:0.7089; train_loss2:0.9557
sample number: 5810.0
sample number: 1623.0
sample number: 1623.0
epoch:91; train_fscore:71.32%; train_loss:1.6416; train_loss1:0.7019; train_loss2:0.9397
sample number: 5810.0
sample number: 1623.0
sample number: 1623.0
epoch:92; train_fscore:73.10%; train_loss:1.5449; train_loss1:0.6724; train_loss2:0.8724
sample number: 5810.0
sample number: 1623.0
sample number: 1623.0
epoch:93; train_fscore:72.86%; train_loss:1.6503; train_loss1:0.6677; train_loss2:0.9827
sample number: 5810.0
sample number: 1623.0
sample number: 1623.0
epoch:94; train_fscore:73.92%; train_loss:1.5998; train_loss1:0.661; train_loss2:0.9388
sample number: 5810.0
sample number: 1623.0
sample number: 1623.0
epoch:95; train_fscore:73.80%; train_loss:1.4989; train_loss1:0.664; train_loss2:0.8348
sample number: 5810.0
sample number: 1623.0
sample number: 1623.0
epoch:96; train_fscore:73.19%; train_loss:1.5827; train_loss1:0.6591; train_loss2:0.9236
sample number: 5810.0
sample number: 1623.0
sample number: 1623.0
epoch:97; train_fscore:74.20%; train_loss:1.5926; train_loss1:0.6479; train_loss2:0.9447
sample number: 5810.0
sample number: 1623.0
sample number: 1623.0
epoch:98; train_fscore:74.07%; train_loss:1.5453; train_loss1:0.6449; train_loss2:0.9003
sample number: 5810.0
sample number: 1623.0
sample number: 1623.0
epoch:99; train_fscore:74.26%; train_loss:1.6439; train_loss1:0.6408; train_loss2:1.0031
sample number: 5810.0
sample number: 1623.0
sample number: 1623.0
epoch:100; train_fscore:74.38%; train_loss:1.5165; train_loss1:0.6444; train_loss2:0.8721
Step3: saving and testing on the 5 folder
>>>>> Finish: training on the 5 folder, duration: 202.98453617095947 >>>>>
====== Saving =======
SMOKE_ONLY=False
save results in /data2/yb/paper/experiments/second_graph_aggregation_iemocap6_20260825_phase_b/formal/rtdr/miss_0p7/seed_66/fold_5/saved/iemocapsix_original_addition_relationtrack_diagonal_f5_s66_m0p7_1787676986.2132401.npz
