test_both_centered_evaluations_are_differentiable (tests.test_decision_correction.DecisionHeadTests) ... ok
test_exact_centering_after_nonzero_updates_train_and_eval (tests.test_decision_correction.DecisionHeadTests) ... ok
test_mlp_shape_initialization_and_conditioners (tests.test_decision_correction.DecisionHeadTests) ... ok
test_nan_inactive_slots_are_removed_before_networks (tests.test_decision_correction.DecisionHeadTests) ... ok
test_default_off_backbone_matches_prechange_source (tests.test_decision_correction.DecisionIntegrationTests) ... ok
test_default_off_matches_prechange_model_weights_outputs_and_rng (tests.test_decision_correction.DecisionIntegrationTests) ... ok
test_enable_preserves_initialization_memory_and_optimizer_membership (tests.test_decision_correction.DecisionIntegrationTests) ... ok
test_one_scan_no_flat_and_joint_learning_checkpoint (tests.test_decision_correction.DecisionIntegrationTests) ... ok
test_scan_nan_poison_padding_and_inactive_gap (tests.test_decision_correction.DecisionIntegrationTests) ... ok
test_switch_and_config_guards (tests.test_decision_correction.DecisionIntegrationTests) ... ok
test_epoch_uses_single_forward_and_reports_three_exits (tests.test_decision_correction_training.DecisionTrainingTests) ... ok
test_exact_original_three_loss_average_and_gradient (tests.test_decision_correction_training.DecisionTrainingTests) ... ok
test_gpu_whitelist_and_identity (tests.test_decision_correction_runner.DecisionRunnerTests) ... ok
test_only_new_flag_for_authorized_seeds (tests.test_decision_correction_runner.DecisionRunnerTests) ... ok
test_rejects_incompatible_reference (tests.test_decision_correction_runner.DecisionRunnerTests) ... ok
test_config_cli_and_full_model_learning (tests.test_gap_increment_filter.GapIncrementTests) ... ok
test_cuda_cfg84_identity_and_rng (tests.test_gap_increment_filter.GapIncrementTests) ... ok
test_epoch_diagnostics_and_single_task_loss (tests.test_gap_increment_filter.GapIncrementTests) ... ok
test_inactive_gap_nan_and_padding (tests.test_gap_increment_filter.GapIncrementTests) ... ok
test_legacy_off_identity_rng_and_gradients (tests.test_gap_increment_filter.GapIncrementTests) ... ok
test_single_scan_shared_dropout_and_endpoints (tests.test_gap_increment_filter.GapIncrementTests) ... ok
test_switch_exists (tests.test_gap_increment_filter.GapIncrementTests) ... ok
test_base_gradients_include_memory_and_not_relation (tests.test_relation_dual_readout.DualReadoutTests) ... ok
test_config (tests.test_relation_dual_readout.DualReadoutTests) ... ok
test_cuda_cfg84_same_initial_prediction_and_rng (tests.test_relation_dual_readout.DualReadoutTests) ... ok
test_rng_state_parameters_and_zero_init_gradients (tests.test_relation_dual_readout.DualReadoutTests) ... ok
test_same_trajectory_and_shared_layers (tests.test_relation_dual_readout.DualReadoutTests) ... ok
test_task_helper_preserves_mask_and_original_loss (tests.test_relation_dual_readout.DualReadoutTests) ... ok
test_epoch_single_trajectory_and_fixed_loss (tests.test_relation_dual_training.DualTrainingTests) ... ok

----------------------------------------------------------------------
Ran 29 tests in 7.230s

OK
