Namespace(allow_short_run=False, audio_feature='wav2vec-large-c-UTT', base_model='LSTM', batch_size=32, branch_fusion='addition', data_root='/data2/yb/paper/GCNet_TPAMI_modality_jepa_20260818/dataset/IEMOCAP', dataset='IEMOCAPSix', dropout=0.5, epochs=100, fold_index=5, graph_conv_variant='original', hidden=200, l2=1e-05, loss_recon=True, lower_bound=False, lr=0.001, mask_bank_root='/data2/yb/paper/experiments/mpfilm_iemocap6_20260824/mask_banks', mask_seed=68, mask_type='constant-0.7', n_classes=6, n_speakers=2, no_cuda=False, num_folder=5, num_threads=6, output_dir='/data2/yb/paper/experiments/second_graph_aggregation_iemocap6_20260825/formal/genagg/miss_0p7/seed_68/fold_5/saved', post_graph_context='bilstm', pre_graph_context='bilstm', reccls_flag=False, second_graph_aggregation='genagg', seed=68, text_feature='deberta-large-4-UTT', time_attn=False, video_feature='manet_UTT', windowf=2, windowp=2)
====== Reading Data =======
audio dimension: 512; text dimension: 1024; video dimension: 1024
stage-aware mask bundle: sha256=f79970a397a92a56cfca5d144309311b15de11b14729d174b274e2cd73408f6f requested=0.7000 realized=0.6667
====== Training and Evaluation =======
>>>>> Cross-validation: training on the 5 folder >>>>>
Step1: build model (each folder has its own model)
Model have 36419934 paramerters in total
Graph NN with LSTM as base model.
Step2: training (multiple epoches)
sample number: 5810.0
sample number: 1623.0
sample number: 1623.0
epoch:1; train_fscore:18.22%; train_loss:6.2205; train_loss1:1.7999; train_loss2:3.6019
sample number: 5810.0
sample number: 1623.0
sample number: 1623.0
epoch:2; train_fscore:14.65%; train_loss:5.1184; train_loss1:1.7831; train_loss2:3.1442
sample number: 5810.0
sample number: 1623.0
sample number: 1623.0
epoch:3; train_fscore:13.08%; train_loss:4.4345; train_loss1:1.7787; train_loss2:2.558
sample number: 5810.0
sample number: 1623.0
sample number: 1623.0
epoch:4; train_fscore:14.92%; train_loss:4.1115; train_loss1:1.8056; train_loss2:2.2537
sample number: 5810.0
sample number: 1623.0
sample number: 1623.0
epoch:5; train_fscore:14.19%; train_loss:3.7336; train_loss1:1.8082; train_loss2:1.8887
sample number: 5810.0
sample number: 1623.0
sample number: 1623.0
epoch:6; train_fscore:12.97%; train_loss:3.2055; train_loss1:1.7833; train_loss2:1.3953
sample number: 5810.0
sample number: 1623.0
sample number: 1623.0
epoch:7; train_fscore:14.06%; train_loss:3.0131; train_loss1:1.7751; train_loss2:1.2172
sample number: 5810.0
sample number: 1623.0
sample number: 1623.0
epoch:8; train_fscore:15.31%; train_loss:2.9486; train_loss1:1.7913; train_loss2:1.1409
sample number: 5810.0
sample number: 1623.0
sample number: 1623.0
epoch:9; train_fscore:16.37%; train_loss:2.7917; train_loss1:1.7688; train_loss2:1.0093
sample number: 5810.0
sample number: 1623.0
sample number: 1623.0
epoch:10; train_fscore:12.92%; train_loss:2.77; train_loss1:1.7931; train_loss2:0.9656
sample number: 5810.0
sample number: 1623.0
sample number: 1623.0
epoch:11; train_fscore:16.26%; train_loss:2.8298; train_loss1:1.8219; train_loss2:0.9981
sample number: 5810.0
sample number: 1623.0
sample number: 1623.0
epoch:12; train_fscore:17.60%; train_loss:2.798; train_loss1:1.8125; train_loss2:0.9767
sample number: 5810.0
sample number: 1623.0
sample number: 1623.0
epoch:13; train_fscore:15.31%; train_loss:2.7299; train_loss1:1.771; train_loss2:0.951
sample number: 5810.0
sample number: 1623.0
sample number: 1623.0
epoch:14; train_fscore:15.60%; train_loss:2.8596; train_loss1:1.7846; train_loss2:1.0678
sample number: 5810.0
sample number: 1623.0
sample number: 1623.0
epoch:15; train_fscore:16.97%; train_loss:2.806; train_loss1:1.7807; train_loss2:1.0185
sample number: 5810.0
sample number: 1623.0
sample number: 1623.0
epoch:16; train_fscore:12.33%; train_loss:2.7231; train_loss1:1.7364; train_loss2:0.9802
sample number: 5810.0
sample number: 1623.0
sample number: 1623.0
epoch:17; train_fscore:14.08%; train_loss:2.6939; train_loss1:1.7528; train_loss2:0.9352
sample number: 5810.0
sample number: 1623.0
sample number: 1623.0
epoch:18; train_fscore:14.00%; train_loss:2.7465; train_loss1:1.7293; train_loss2:1.0116
sample number: 5810.0
sample number: 1623.0
sample number: 1623.0
epoch:19; train_fscore:14.83%; train_loss:2.8022; train_loss1:1.7455; train_loss2:1.0514
sample number: 5810.0
sample number: 1623.0
sample number: 1623.0
epoch:20; train_fscore:11.67%; train_loss:2.6839; train_loss1:1.7623; train_loss2:0.9166
sample number: 5810.0
sample number: 1623.0
sample number: 1623.0
epoch:21; train_fscore:15.97%; train_loss:2.7692; train_loss1:1.7908; train_loss2:0.9737
sample number: 5810.0
sample number: 1623.0
sample number: 1623.0
epoch:22; train_fscore:15.51%; train_loss:2.7252; train_loss1:1.7537; train_loss2:0.9671
sample number: 5810.0
sample number: 1623.0
sample number: 1623.0
epoch:23; train_fscore:15.20%; train_loss:2.7495; train_loss1:1.7642; train_loss2:0.9811
sample number: 5810.0
sample number: 1623.0
sample number: 1623.0
epoch:24; train_fscore:16.38%; train_loss:2.6722; train_loss1:1.7357; train_loss2:0.9324
sample number: 5810.0
sample number: 1623.0
sample number: 1623.0
epoch:25; train_fscore:17.30%; train_loss:2.598; train_loss1:1.738; train_loss2:0.8563
sample number: 5810.0
sample number: 1623.0
sample number: 1623.0
epoch:26; train_fscore:14.18%; train_loss:2.648; train_loss1:1.7306; train_loss2:0.9138
sample number: 5810.0
sample number: 1623.0
sample number: 1623.0
epoch:27; train_fscore:18.43%; train_loss:2.6689; train_loss1:1.744; train_loss2:0.9216
sample number: 5810.0
sample number: 1623.0
sample number: 1623.0
epoch:28; train_fscore:17.90%; train_loss:2.7152; train_loss1:1.7577; train_loss2:0.9543
sample number: 5810.0
sample number: 1623.0
sample number: 1623.0
epoch:29; train_fscore:16.30%; train_loss:2.6798; train_loss1:1.7396; train_loss2:0.937
sample number: 5810.0
sample number: 1623.0
sample number: 1623.0
epoch:30; train_fscore:19.03%; train_loss:2.6663; train_loss1:1.7579; train_loss2:0.9054
sample number: 5810.0
sample number: 1623.0
sample number: 1623.0
epoch:31; train_fscore:16.69%; train_loss:2.7502; train_loss1:1.7556; train_loss2:0.9918
sample number: 5810.0
sample number: 1623.0
sample number: 1623.0
epoch:32; train_fscore:15.01%; train_loss:2.7233; train_loss1:1.7732; train_loss2:0.9473
sample number: 5810.0
sample number: 1623.0
sample number: 1623.0
epoch:33; train_fscore:15.51%; train_loss:2.7254; train_loss1:1.7395; train_loss2:0.9832
sample number: 5810.0
sample number: 1623.0
sample number: 1623.0
epoch:34; train_fscore:15.09%; train_loss:2.7877; train_loss1:1.7356; train_loss2:1.0495
sample number: 5810.0
sample number: 1623.0
sample number: 1623.0
epoch:35; train_fscore:19.47%; train_loss:2.6594; train_loss1:1.7152; train_loss2:0.9418
sample number: 5810.0
sample number: 1623.0
sample number: 1623.0
epoch:36; train_fscore:18.17%; train_loss:2.7115; train_loss1:1.7091; train_loss2:0.9999
sample number: 5810.0
sample number: 1623.0
sample number: 1623.0
epoch:37; train_fscore:16.51%; train_loss:2.6947; train_loss1:1.7215; train_loss2:0.9707
sample number: 5810.0
sample number: 1623.0
sample number: 1623.0
epoch:38; train_fscore:15.43%; train_loss:2.7627; train_loss1:1.7229; train_loss2:1.0374
sample number: 5810.0
sample number: 1623.0
sample number: 1623.0
epoch:39; train_fscore:17.16%; train_loss:2.6688; train_loss1:1.7097; train_loss2:0.9565
sample number: 5810.0
sample number: 1623.0
sample number: 1623.0
epoch:40; train_fscore:17.46%; train_loss:2.6969; train_loss1:1.7124; train_loss2:0.9815
sample number: 5810.0
sample number: 1623.0
sample number: 1623.0
epoch:41; train_fscore:20.65%; train_loss:2.7186; train_loss1:1.7425; train_loss2:0.9609
sample number: 5810.0
sample number: 1623.0
sample number: 1623.0
epoch:42; train_fscore:22.66%; train_loss:2.6605; train_loss1:1.6912; train_loss2:0.9602
sample number: 5810.0
sample number: 1623.0
sample number: 1623.0
epoch:43; train_fscore:21.85%; train_loss:2.7334; train_loss1:1.6942; train_loss2:1.0292
sample number: 5810.0
sample number: 1623.0
sample number: 1623.0
epoch:44; train_fscore:23.75%; train_loss:2.6418; train_loss1:1.6824; train_loss2:0.9529
sample number: 5810.0
sample number: 1623.0
sample number: 1623.0
epoch:45; train_fscore:23.51%; train_loss:2.6036; train_loss1:1.6759; train_loss2:0.9227
sample number: 5810.0
sample number: 1623.0
sample number: 1623.0
epoch:46; train_fscore:22.92%; train_loss:2.5584; train_loss1:1.6823; train_loss2:0.8665
sample number: 5810.0
sample number: 1623.0
sample number: 1623.0
epoch:47; train_fscore:22.89%; train_loss:2.6624; train_loss1:1.6696; train_loss2:0.9859
sample number: 5810.0
sample number: 1623.0
sample number: 1623.0
epoch:48; train_fscore:25.39%; train_loss:2.6461; train_loss1:1.6549; train_loss2:0.9865
sample number: 5810.0
sample number: 1623.0
sample number: 1623.0
epoch:49; train_fscore:28.89%; train_loss:2.6364; train_loss1:1.6127; train_loss2:1.0192
sample number: 5810.0
sample number: 1623.0
sample number: 1623.0
epoch:50; train_fscore:23.08%; train_loss:2.6701; train_loss1:1.6242; train_loss2:1.0424
sample number: 5810.0
sample number: 1623.0
sample number: 1623.0
epoch:51; train_fscore:27.24%; train_loss:2.6551; train_loss1:1.6056; train_loss2:1.0466
sample number: 5810.0
sample number: 1623.0
sample number: 1623.0
epoch:52; train_fscore:27.84%; train_loss:2.5387; train_loss1:1.5911; train_loss2:0.9451
sample number: 5810.0
sample number: 1623.0
sample number: 1623.0
epoch:53; train_fscore:31.04%; train_loss:2.5019; train_loss1:1.5798; train_loss2:0.9197
sample number: 5810.0
sample number: 1623.0
sample number: 1623.0
epoch:54; train_fscore:29.70%; train_loss:2.4399; train_loss1:1.5537; train_loss2:0.8841
sample number: 5810.0
sample number: 1623.0
sample number: 1623.0
epoch:55; train_fscore:32.39%; train_loss:2.4874; train_loss1:1.5426; train_loss2:0.9426
sample number: 5810.0
sample number: 1623.0
sample number: 1623.0
epoch:56; train_fscore:34.12%; train_loss:2.5088; train_loss1:1.5335; train_loss2:0.9731
sample number: 5810.0
sample number: 1623.0
sample number: 1623.0
epoch:57; train_fscore:35.85%; train_loss:2.4851; train_loss1:1.5214; train_loss2:0.961
sample number: 5810.0
sample number: 1623.0
sample number: 1623.0
epoch:58; train_fscore:35.68%; train_loss:2.436; train_loss1:1.5022; train_loss2:0.9308
sample number: 5810.0
sample number: 1623.0
sample number: 1623.0
epoch:59; train_fscore:36.44%; train_loss:2.3881; train_loss1:1.4825; train_loss2:0.9029
sample number: 5810.0
sample number: 1623.0
sample number: 1623.0
epoch:60; train_fscore:36.32%; train_loss:2.3996; train_loss1:1.4807; train_loss2:0.9147
sample number: 5810.0
sample number: 1623.0
sample number: 1623.0
epoch:61; train_fscore:37.01%; train_loss:2.3816; train_loss1:1.47; train_loss2:0.9056
sample number: 5810.0
sample number: 1623.0
sample number: 1623.0
epoch:62; train_fscore:34.17%; train_loss:2.5148; train_loss1:1.5343; train_loss2:0.9701
sample number: 5810.0
sample number: 1623.0
sample number: 1623.0
epoch:63; train_fscore:36.00%; train_loss:2.5603; train_loss1:1.5478; train_loss2:0.9856
sample number: 5810.0
sample number: 1623.0
sample number: 1623.0
epoch:64; train_fscore:32.59%; train_loss:2.5593; train_loss1:1.5426; train_loss2:1.0018
sample number: 5810.0
sample number: 1623.0
sample number: 1623.0
epoch:65; train_fscore:35.14%; train_loss:2.4547; train_loss1:1.4961; train_loss2:0.9434
sample number: 5810.0
sample number: 1623.0
sample number: 1623.0
epoch:66; train_fscore:35.93%; train_loss:2.4134; train_loss1:1.4958; train_loss2:0.9034
sample number: 5810.0
sample number: 1623.0
sample number: 1623.0
epoch:67; train_fscore:36.75%; train_loss:2.3979; train_loss1:1.4452; train_loss2:0.938
sample number: 5810.0
sample number: 1623.0
sample number: 1623.0
epoch:68; train_fscore:39.68%; train_loss:2.4702; train_loss1:1.4139; train_loss2:1.0417
sample number: 5810.0
sample number: 1623.0
sample number: 1623.0
epoch:69; train_fscore:42.09%; train_loss:2.2936; train_loss1:1.3603; train_loss2:0.9227
sample number: 5810.0
sample number: 1623.0
sample number: 1623.0
epoch:70; train_fscore:41.46%; train_loss:2.2779; train_loss1:1.3264; train_loss2:0.9441
sample number: 5810.0
sample number: 1623.0
sample number: 1623.0
epoch:71; train_fscore:44.86%; train_loss:2.1901; train_loss1:1.2831; train_loss2:0.8989
sample number: 5810.0
sample number: 1623.0
sample number: 1623.0
epoch:72; train_fscore:40.45%; train_loss:2.2869; train_loss1:1.3351; train_loss2:0.9437
sample number: 5810.0
sample number: 1623.0
sample number: 1623.0
epoch:73; train_fscore:41.39%; train_loss:2.2844; train_loss1:1.3476; train_loss2:0.9273
sample number: 5810.0
sample number: 1623.0
sample number: 1623.0
epoch:74; train_fscore:41.11%; train_loss:2.4033; train_loss1:1.3666; train_loss2:1.0194
sample number: 5810.0
sample number: 1623.0
sample number: 1623.0
epoch:75; train_fscore:44.65%; train_loss:2.2926; train_loss1:1.3422; train_loss2:0.9374
sample number: 5810.0
sample number: 1623.0
sample number: 1623.0
epoch:76; train_fscore:40.73%; train_loss:2.2879; train_loss1:1.3341; train_loss2:0.9388
sample number: 5810.0
sample number: 1623.0
sample number: 1623.0
epoch:77; train_fscore:46.04%; train_loss:2.2577; train_loss1:1.3025; train_loss2:0.9484
sample number: 5810.0
sample number: 1623.0
sample number: 1623.0
epoch:78; train_fscore:49.85%; train_loss:2.1645; train_loss1:1.2274; train_loss2:0.9291
sample number: 5810.0
sample number: 1623.0
sample number: 1623.0
epoch:79; train_fscore:46.04%; train_loss:2.0889; train_loss1:1.2154; train_loss2:0.8648
sample number: 5810.0
sample number: 1623.0
sample number: 1623.0
epoch:80; train_fscore:47.34%; train_loss:2.1097; train_loss1:1.1992; train_loss2:0.9008
sample number: 5810.0
sample number: 1623.0
sample number: 1623.0
epoch:81; train_fscore:48.51%; train_loss:2.2237; train_loss1:1.1832; train_loss2:1.0335
sample number: 5810.0
sample number: 1623.0
sample number: 1623.0
epoch:82; train_fscore:51.06%; train_loss:2.0624; train_loss1:1.1209; train_loss2:0.9354
sample number: 5810.0
sample number: 1623.0
sample number: 1623.0
epoch:83; train_fscore:53.30%; train_loss:1.9775; train_loss1:1.1017; train_loss2:0.8699
sample number: 5810.0
sample number: 1623.0
sample number: 1623.0
epoch:84; train_fscore:53.15%; train_loss:2.0267; train_loss1:1.0668; train_loss2:0.9548
sample number: 5810.0
sample number: 1623.0
sample number: 1623.0
epoch:85; train_fscore:57.35%; train_loss:1.9156; train_loss1:1.0347; train_loss2:0.8757
sample number: 5810.0
sample number: 1623.0
sample number: 1623.0
epoch:86; train_fscore:59.44%; train_loss:1.8745; train_loss1:0.9802; train_loss2:0.89
sample number: 5810.0
sample number: 1623.0
sample number: 1623.0
epoch:87; train_fscore:59.75%; train_loss:1.8955; train_loss1:0.9562; train_loss2:0.9352
sample number: 5810.0
sample number: 1623.0
sample number: 1623.0
epoch:88; train_fscore:55.53%; train_loss:1.9742; train_loss1:1.0264; train_loss2:0.9428
sample number: 5810.0
sample number: 1623.0
sample number: 1623.0
epoch:89; train_fscore:50.61%; train_loss:2.2644; train_loss1:1.272; train_loss2:0.9854
sample number: 5810.0
sample number: 1623.0
sample number: 1623.0
epoch:90; train_fscore:50.24%; train_loss:2.149; train_loss1:1.1856; train_loss2:0.9568
sample number: 5810.0
sample number: 1623.0
sample number: 1623.0
epoch:91; train_fscore:53.35%; train_loss:2.0374; train_loss1:1.1052; train_loss2:0.9246
sample number: 5810.0
sample number: 1623.0
sample number: 1623.0
epoch:92; train_fscore:56.68%; train_loss:1.9862; train_loss1:1.0359; train_loss2:0.9422
sample number: 5810.0
sample number: 1623.0
sample number: 1623.0
epoch:93; train_fscore:59.80%; train_loss:1.923; train_loss1:0.9884; train_loss2:0.9273
sample number: 5810.0
sample number: 1623.0
sample number: 1623.0
epoch:94; train_fscore:60.14%; train_loss:1.9012; train_loss1:0.9766; train_loss2:0.9185
sample number: 5810.0
sample number: 1623.0
sample number: 1623.0
epoch:95; train_fscore:62.12%; train_loss:1.8649; train_loss1:0.9267; train_loss2:0.9331
sample number: 5810.0
sample number: 1623.0
sample number: 1623.0
epoch:96; train_fscore:64.22%; train_loss:1.8531; train_loss1:0.8852; train_loss2:0.9634
sample number: 5810.0
sample number: 1623.0
sample number: 1623.0
epoch:97; train_fscore:66.10%; train_loss:1.7586; train_loss1:0.8544; train_loss2:0.9002
sample number: 5810.0
sample number: 1623.0
sample number: 1623.0
epoch:98; train_fscore:66.85%; train_loss:1.7704; train_loss1:0.8299; train_loss2:0.9362
sample number: 5810.0
sample number: 1623.0
sample number: 1623.0
epoch:99; train_fscore:68.24%; train_loss:1.6815; train_loss1:0.7944; train_loss2:0.8831
sample number: 5810.0
sample number: 1623.0
sample number: 1623.0
epoch:100; train_fscore:69.87%; train_loss:1.6731; train_loss1:0.7584; train_loss2:0.911
Step3: saving and testing on the 5 folder
>>>>> Finish: training on the 5 folder, duration: 818.2300281524658 >>>>>
====== Saving =======
SMOKE_ONLY=False
save results in /data2/yb/paper/experiments/second_graph_aggregation_iemocap6_20260825/formal/genagg/miss_0p7/seed_68/fold_5/saved/iemocapsix_original_addition_secondagg_genagg_f5_s68_m0p7_1787675600.7014797.npz
