Namespace(allow_short_run=False, audio_feature='wav2vec-large-c-UTT', base_model='LSTM', batch_size=32, branch_fusion='addition', data_root='/data2/yb/paper/GCNet_TPAMI_modality_jepa_20260818/dataset/IEMOCAP', dataset='IEMOCAPSix', dropout=0.5, epochs=100, fold_index=5, graph_conv_variant='original', hidden=200, l2=1e-05, loss_recon=True, lower_bound=False, lr=0.001, mask_bank_root='/data2/yb/paper/experiments/mpfilm_iemocap6_20260824/mask_banks', mask_seed=69, mask_type='constant-0.7', n_classes=6, n_speakers=2, no_cuda=False, num_folder=5, num_threads=6, output_dir='/data2/yb/paper/experiments/second_graph_aggregation_iemocap6_20260825_phase_b/formal/rtdr/miss_0p7/seed_69/fold_5/saved', post_graph_context='bilstm', pre_graph_context='bilstm', reccls_flag=False, relation_track_routing='diagonal', second_graph_aggregation='add', seed=69, text_feature='deberta-large-4-UTT', time_attn=False, video_feature='manet_UTT', windowf=2, windowp=2)
====== Reading Data =======
audio dimension: 512; text dimension: 1024; video dimension: 1024
stage-aware mask bundle: sha256=05fb91a2fcf0587e487218d55b6cb6b8f8c9b86e4ab662c5431f290d9f19da12 requested=0.7000 realized=0.6667
====== Training and Evaluation =======
>>>>> Cross-validation: training on the 5 folder >>>>>
Step1: build model (each folder has its own model)
Model have 36419816 paramerters in total
Graph NN with LSTM as base model.
Step2: training (multiple epoches)
sample number: 5810.0
sample number: 1623.0
sample number: 1623.0
epoch:1; train_fscore:14.16%; train_loss:5.5584; train_loss1:1.9276; train_loss2:3.6308
sample number: 5810.0
sample number: 1623.0
sample number: 1623.0
epoch:2; train_fscore:14.34%; train_loss:5.0803; train_loss1:1.7804; train_loss2:3.2999
sample number: 5810.0
sample number: 1623.0
sample number: 1623.0
epoch:3; train_fscore:18.30%; train_loss:4.5905; train_loss1:1.7312; train_loss2:2.8592
sample number: 5810.0
sample number: 1623.0
sample number: 1623.0
epoch:4; train_fscore:20.37%; train_loss:4.0423; train_loss1:1.6257; train_loss2:2.4166
sample number: 5810.0
sample number: 1623.0
sample number: 1623.0
epoch:5; train_fscore:24.42%; train_loss:3.7495; train_loss1:1.5774; train_loss2:2.1721
sample number: 5810.0
sample number: 1623.0
sample number: 1623.0
epoch:6; train_fscore:23.74%; train_loss:3.4418; train_loss1:1.5813; train_loss2:1.8605
sample number: 5810.0
sample number: 1623.0
sample number: 1623.0
epoch:7; train_fscore:21.39%; train_loss:2.9211; train_loss1:1.5956; train_loss2:1.3254
sample number: 5810.0
sample number: 1623.0
sample number: 1623.0
epoch:8; train_fscore:24.02%; train_loss:2.7536; train_loss1:1.6384; train_loss2:1.1152
sample number: 5810.0
sample number: 1623.0
sample number: 1623.0
epoch:9; train_fscore:28.55%; train_loss:2.6105; train_loss1:1.539; train_loss2:1.0715
sample number: 5810.0
sample number: 1623.0
sample number: 1623.0
epoch:10; train_fscore:25.08%; train_loss:2.6286; train_loss1:1.5525; train_loss2:1.0761
sample number: 5810.0
sample number: 1623.0
sample number: 1623.0
epoch:11; train_fscore:23.13%; train_loss:2.5562; train_loss1:1.5628; train_loss2:0.9934
sample number: 5810.0
sample number: 1623.0
sample number: 1623.0
epoch:12; train_fscore:25.03%; train_loss:2.4839; train_loss1:1.5222; train_loss2:0.9617
sample number: 5810.0
sample number: 1623.0
sample number: 1623.0
epoch:13; train_fscore:27.18%; train_loss:2.4119; train_loss1:1.439; train_loss2:0.9729
sample number: 5810.0
sample number: 1623.0
sample number: 1623.0
epoch:14; train_fscore:32.63%; train_loss:2.3338; train_loss1:1.4255; train_loss2:0.9082
sample number: 5810.0
sample number: 1623.0
sample number: 1623.0
epoch:15; train_fscore:31.17%; train_loss:2.3928; train_loss1:1.37; train_loss2:1.0229
sample number: 5810.0
sample number: 1623.0
sample number: 1623.0
epoch:16; train_fscore:32.12%; train_loss:2.2741; train_loss1:1.3427; train_loss2:0.9315
sample number: 5810.0
sample number: 1623.0
sample number: 1623.0
epoch:17; train_fscore:35.21%; train_loss:2.2795; train_loss1:1.2955; train_loss2:0.984
sample number: 5810.0
sample number: 1623.0
sample number: 1623.0
epoch:18; train_fscore:37.08%; train_loss:2.2727; train_loss1:1.3249; train_loss2:0.9478
sample number: 5810.0
sample number: 1623.0
sample number: 1623.0
epoch:19; train_fscore:36.93%; train_loss:2.2345; train_loss1:1.2905; train_loss2:0.944
sample number: 5810.0
sample number: 1623.0
sample number: 1623.0
epoch:20; train_fscore:39.21%; train_loss:2.3159; train_loss1:1.3161; train_loss2:0.9999
sample number: 5810.0
sample number: 1623.0
sample number: 1623.0
epoch:21; train_fscore:40.82%; train_loss:2.2003; train_loss1:1.2516; train_loss2:0.9487
sample number: 5810.0
sample number: 1623.0
sample number: 1623.0
epoch:22; train_fscore:41.43%; train_loss:2.1886; train_loss1:1.2094; train_loss2:0.9792
sample number: 5810.0
sample number: 1623.0
sample number: 1623.0
epoch:23; train_fscore:45.27%; train_loss:2.0923; train_loss1:1.181; train_loss2:0.9114
sample number: 5810.0
sample number: 1623.0
sample number: 1623.0
epoch:24; train_fscore:40.10%; train_loss:2.094; train_loss1:1.1678; train_loss2:0.9261
sample number: 5810.0
sample number: 1623.0
sample number: 1623.0
epoch:25; train_fscore:46.27%; train_loss:2.0558; train_loss1:1.1558; train_loss2:0.9
sample number: 5810.0
sample number: 1623.0
sample number: 1623.0
epoch:26; train_fscore:41.65%; train_loss:2.0759; train_loss1:1.137; train_loss2:0.9389
sample number: 5810.0
sample number: 1623.0
sample number: 1623.0
epoch:27; train_fscore:48.25%; train_loss:2.1021; train_loss1:1.1257; train_loss2:0.9763
sample number: 5810.0
sample number: 1623.0
sample number: 1623.0
epoch:28; train_fscore:44.68%; train_loss:2.1145; train_loss1:1.1281; train_loss2:0.9864
sample number: 5810.0
sample number: 1623.0
sample number: 1623.0
epoch:29; train_fscore:49.95%; train_loss:2.0089; train_loss1:1.0947; train_loss2:0.9142
sample number: 5810.0
sample number: 1623.0
sample number: 1623.0
epoch:30; train_fscore:53.02%; train_loss:1.9932; train_loss1:1.0734; train_loss2:0.9197
sample number: 5810.0
sample number: 1623.0
sample number: 1623.0
epoch:31; train_fscore:51.12%; train_loss:2.0543; train_loss1:1.0972; train_loss2:0.9571
sample number: 5810.0
sample number: 1623.0
sample number: 1623.0
epoch:32; train_fscore:51.61%; train_loss:2.0596; train_loss1:1.097; train_loss2:0.9626
sample number: 5810.0
sample number: 1623.0
sample number: 1623.0
epoch:33; train_fscore:53.16%; train_loss:1.969; train_loss1:1.0779; train_loss2:0.8911
sample number: 5810.0
sample number: 1623.0
sample number: 1623.0
epoch:34; train_fscore:48.88%; train_loss:2.0316; train_loss1:1.1331; train_loss2:0.8985
sample number: 5810.0
sample number: 1623.0
sample number: 1623.0
epoch:35; train_fscore:48.54%; train_loss:2.0089; train_loss1:1.0961; train_loss2:0.9127
sample number: 5810.0
sample number: 1623.0
sample number: 1623.0
epoch:36; train_fscore:49.42%; train_loss:2.0433; train_loss1:1.1055; train_loss2:0.9378
sample number: 5810.0
sample number: 1623.0
sample number: 1623.0
epoch:37; train_fscore:50.16%; train_loss:1.9922; train_loss1:1.0765; train_loss2:0.9157
sample number: 5810.0
sample number: 1623.0
sample number: 1623.0
epoch:38; train_fscore:51.70%; train_loss:2.0214; train_loss1:1.0849; train_loss2:0.9366
sample number: 5810.0
sample number: 1623.0
sample number: 1623.0
epoch:39; train_fscore:49.81%; train_loss:2.0946; train_loss1:1.1278; train_loss2:0.9668
sample number: 5810.0
sample number: 1623.0
sample number: 1623.0
epoch:40; train_fscore:48.72%; train_loss:2.0865; train_loss1:1.1496; train_loss2:0.9369
sample number: 5810.0
sample number: 1623.0
sample number: 1623.0
epoch:41; train_fscore:52.36%; train_loss:2.0402; train_loss1:1.0629; train_loss2:0.9773
sample number: 5810.0
sample number: 1623.0
sample number: 1623.0
epoch:42; train_fscore:52.29%; train_loss:1.9535; train_loss1:1.0513; train_loss2:0.9022
sample number: 5810.0
sample number: 1623.0
sample number: 1623.0
epoch:43; train_fscore:52.96%; train_loss:2.0346; train_loss1:1.0384; train_loss2:0.9962
sample number: 5810.0
sample number: 1623.0
sample number: 1623.0
epoch:44; train_fscore:55.61%; train_loss:1.8958; train_loss1:1.0263; train_loss2:0.8695
sample number: 5810.0
sample number: 1623.0
sample number: 1623.0
epoch:45; train_fscore:53.95%; train_loss:2.0652; train_loss1:1.0759; train_loss2:0.9892
sample number: 5810.0
sample number: 1623.0
sample number: 1623.0
epoch:46; train_fscore:55.22%; train_loss:2.0084; train_loss1:1.0194; train_loss2:0.989
sample number: 5810.0
sample number: 1623.0
sample number: 1623.0
epoch:47; train_fscore:55.15%; train_loss:1.9107; train_loss1:1.0183; train_loss2:0.8924
sample number: 5810.0
sample number: 1623.0
sample number: 1623.0
epoch:48; train_fscore:54.96%; train_loss:1.9262; train_loss1:1.0425; train_loss2:0.8837
sample number: 5810.0
sample number: 1623.0
sample number: 1623.0
epoch:49; train_fscore:54.84%; train_loss:1.9204; train_loss1:1.0381; train_loss2:0.8824
sample number: 5810.0
sample number: 1623.0
sample number: 1623.0
epoch:50; train_fscore:58.73%; train_loss:1.8898; train_loss1:0.9727; train_loss2:0.917
sample number: 5810.0
sample number: 1623.0
sample number: 1623.0
epoch:51; train_fscore:56.29%; train_loss:1.9702; train_loss1:0.9831; train_loss2:0.987
sample number: 5810.0
sample number: 1623.0
sample number: 1623.0
epoch:52; train_fscore:58.21%; train_loss:1.8475; train_loss1:0.9667; train_loss2:0.8808
sample number: 5810.0
sample number: 1623.0
sample number: 1623.0
epoch:53; train_fscore:58.95%; train_loss:1.8847; train_loss1:0.9528; train_loss2:0.9319
sample number: 5810.0
sample number: 1623.0
sample number: 1623.0
epoch:54; train_fscore:59.65%; train_loss:1.8524; train_loss1:0.9415; train_loss2:0.9108
sample number: 5810.0
sample number: 1623.0
sample number: 1623.0
epoch:55; train_fscore:60.43%; train_loss:1.9156; train_loss1:0.9479; train_loss2:0.9678
sample number: 5810.0
sample number: 1623.0
sample number: 1623.0
epoch:56; train_fscore:60.96%; train_loss:1.9134; train_loss1:0.9079; train_loss2:1.0055
sample number: 5810.0
sample number: 1623.0
sample number: 1623.0
epoch:57; train_fscore:60.52%; train_loss:1.8715; train_loss1:0.9143; train_loss2:0.9572
sample number: 5810.0
sample number: 1623.0
sample number: 1623.0
epoch:58; train_fscore:58.85%; train_loss:1.881; train_loss1:0.9543; train_loss2:0.9267
sample number: 5810.0
sample number: 1623.0
sample number: 1623.0
epoch:59; train_fscore:59.87%; train_loss:1.8564; train_loss1:0.9251; train_loss2:0.9313
sample number: 5810.0
sample number: 1623.0
sample number: 1623.0
epoch:60; train_fscore:64.06%; train_loss:1.7846; train_loss1:0.8736; train_loss2:0.9111
sample number: 5810.0
sample number: 1623.0
sample number: 1623.0
epoch:61; train_fscore:58.95%; train_loss:1.8075; train_loss1:0.9239; train_loss2:0.8835
sample number: 5810.0
sample number: 1623.0
sample number: 1623.0
epoch:62; train_fscore:59.20%; train_loss:1.8704; train_loss1:0.934; train_loss2:0.9363
sample number: 5810.0
sample number: 1623.0
sample number: 1623.0
epoch:63; train_fscore:61.82%; train_loss:1.8623; train_loss1:0.8941; train_loss2:0.9682
sample number: 5810.0
sample number: 1623.0
sample number: 1623.0
epoch:64; train_fscore:63.81%; train_loss:1.7761; train_loss1:0.8613; train_loss2:0.9147
sample number: 5810.0
sample number: 1623.0
sample number: 1623.0
epoch:65; train_fscore:66.44%; train_loss:1.737; train_loss1:0.8308; train_loss2:0.9062
sample number: 5810.0
sample number: 1623.0
sample number: 1623.0
epoch:66; train_fscore:66.05%; train_loss:1.7061; train_loss1:0.8364; train_loss2:0.8697
sample number: 5810.0
sample number: 1623.0
sample number: 1623.0
epoch:67; train_fscore:66.94%; train_loss:1.7401; train_loss1:0.8241; train_loss2:0.916
sample number: 5810.0
sample number: 1623.0
sample number: 1623.0
epoch:68; train_fscore:65.43%; train_loss:1.8372; train_loss1:0.8466; train_loss2:0.9906
sample number: 5810.0
sample number: 1623.0
sample number: 1623.0
epoch:69; train_fscore:63.39%; train_loss:1.811; train_loss1:0.866; train_loss2:0.945
sample number: 5810.0
sample number: 1623.0
sample number: 1623.0
epoch:70; train_fscore:65.67%; train_loss:1.7216; train_loss1:0.8407; train_loss2:0.8809
sample number: 5810.0
sample number: 1623.0
sample number: 1623.0
epoch:71; train_fscore:66.36%; train_loss:1.6815; train_loss1:0.8231; train_loss2:0.8583
sample number: 5810.0
sample number: 1623.0
sample number: 1623.0
epoch:72; train_fscore:67.47%; train_loss:1.7094; train_loss1:0.786; train_loss2:0.9235
sample number: 5810.0
sample number: 1623.0
sample number: 1623.0
epoch:73; train_fscore:67.20%; train_loss:1.7261; train_loss1:0.8112; train_loss2:0.9149
sample number: 5810.0
sample number: 1623.0
sample number: 1623.0
epoch:74; train_fscore:67.85%; train_loss:1.6868; train_loss1:0.7953; train_loss2:0.8915
sample number: 5810.0
sample number: 1623.0
sample number: 1623.0
epoch:75; train_fscore:68.10%; train_loss:1.7968; train_loss1:0.8055; train_loss2:0.9913
sample number: 5810.0
sample number: 1623.0
sample number: 1623.0
epoch:76; train_fscore:70.69%; train_loss:1.7689; train_loss1:0.7444; train_loss2:1.0244
sample number: 5810.0
sample number: 1623.0
sample number: 1623.0
epoch:77; train_fscore:70.84%; train_loss:1.6282; train_loss1:0.7423; train_loss2:0.886
sample number: 5810.0
sample number: 1623.0
sample number: 1623.0
epoch:78; train_fscore:68.14%; train_loss:1.7218; train_loss1:0.7861; train_loss2:0.9357
sample number: 5810.0
sample number: 1623.0
sample number: 1623.0
epoch:79; train_fscore:67.07%; train_loss:1.7447; train_loss1:0.8054; train_loss2:0.9393
sample number: 5810.0
sample number: 1623.0
sample number: 1623.0
epoch:80; train_fscore:68.26%; train_loss:1.6561; train_loss1:0.7871; train_loss2:0.8691
sample number: 5810.0
sample number: 1623.0
sample number: 1623.0
epoch:81; train_fscore:69.22%; train_loss:1.6624; train_loss1:0.7654; train_loss2:0.897
sample number: 5810.0
sample number: 1623.0
sample number: 1623.0
epoch:82; train_fscore:68.99%; train_loss:1.6606; train_loss1:0.7517; train_loss2:0.9089
sample number: 5810.0
sample number: 1623.0
sample number: 1623.0
epoch:83; train_fscore:71.58%; train_loss:1.6671; train_loss1:0.7182; train_loss2:0.9489
sample number: 5810.0
sample number: 1623.0
sample number: 1623.0
epoch:84; train_fscore:69.86%; train_loss:1.712; train_loss1:0.7384; train_loss2:0.9736
sample number: 5810.0
sample number: 1623.0
sample number: 1623.0
epoch:85; train_fscore:68.02%; train_loss:1.7158; train_loss1:0.7932; train_loss2:0.9225
sample number: 5810.0
sample number: 1623.0
sample number: 1623.0
epoch:86; train_fscore:68.88%; train_loss:1.6861; train_loss1:0.7847; train_loss2:0.9013
sample number: 5810.0
sample number: 1623.0
sample number: 1623.0
epoch:87; train_fscore:69.07%; train_loss:1.6996; train_loss1:0.7643; train_loss2:0.9353
sample number: 5810.0
sample number: 1623.0
sample number: 1623.0
epoch:88; train_fscore:70.04%; train_loss:1.6465; train_loss1:0.7414; train_loss2:0.905
sample number: 5810.0
sample number: 1623.0
sample number: 1623.0
epoch:89; train_fscore:68.95%; train_loss:1.7066; train_loss1:0.748; train_loss2:0.9586
sample number: 5810.0
sample number: 1623.0
sample number: 1623.0
epoch:90; train_fscore:69.53%; train_loss:1.6404; train_loss1:0.7543; train_loss2:0.8861
sample number: 5810.0
sample number: 1623.0
sample number: 1623.0
epoch:91; train_fscore:69.71%; train_loss:1.7327; train_loss1:0.7599; train_loss2:0.9728
sample number: 5810.0
sample number: 1623.0
sample number: 1623.0
epoch:92; train_fscore:69.94%; train_loss:1.701; train_loss1:0.742; train_loss2:0.959
sample number: 5810.0
sample number: 1623.0
sample number: 1623.0
epoch:93; train_fscore:68.87%; train_loss:1.6605; train_loss1:0.7377; train_loss2:0.9228
sample number: 5810.0
sample number: 1623.0
sample number: 1623.0
epoch:94; train_fscore:69.99%; train_loss:1.6646; train_loss1:0.739; train_loss2:0.9257
sample number: 5810.0
sample number: 1623.0
sample number: 1623.0
epoch:95; train_fscore:73.25%; train_loss:1.6196; train_loss1:0.6789; train_loss2:0.9406
sample number: 5810.0
sample number: 1623.0
sample number: 1623.0
epoch:96; train_fscore:73.37%; train_loss:1.6489; train_loss1:0.6769; train_loss2:0.972
sample number: 5810.0
sample number: 1623.0
sample number: 1623.0
epoch:97; train_fscore:73.33%; train_loss:1.5567; train_loss1:0.6616; train_loss2:0.8951
sample number: 5810.0
sample number: 1623.0
sample number: 1623.0
epoch:98; train_fscore:73.81%; train_loss:1.5879; train_loss1:0.661; train_loss2:0.9269
sample number: 5810.0
sample number: 1623.0
sample number: 1623.0
epoch:99; train_fscore:73.69%; train_loss:1.5912; train_loss1:0.6486; train_loss2:0.9426
sample number: 5810.0
sample number: 1623.0
sample number: 1623.0
epoch:100; train_fscore:72.95%; train_loss:1.6898; train_loss1:0.6714; train_loss2:1.0184
Step3: saving and testing on the 5 folder
>>>>> Finish: training on the 5 folder, duration: 361.14413046836853 >>>>>
====== Saving =======
SMOKE_ONLY=False
save results in /data2/yb/paper/experiments/second_graph_aggregation_iemocap6_20260825_phase_b/formal/rtdr/miss_0p7/seed_69/fold_5/saved/iemocapsix_original_addition_relationtrack_diagonal_f5_s69_m0p7_1787699469.4238183.npz
