Namespace(allow_short_run=False, audio_feature='wav2vec-large-c-UTT', base_model='LSTM', batch_size=32, branch_fusion='addition', data_root='/data2/yb/paper/GCNet_TPAMI_modality_jepa_20260818/dataset/IEMOCAP', dataset='IEMOCAPSix', dropout=0.5, epochs=100, fold_index=5, graph_conv_variant='original', hidden=200, l2=1e-05, loss_recon=True, lower_bound=False, lr=0.001, mask_bank_root='/data2/yb/paper/experiments/mpfilm_iemocap6_20260824/mask_banks', mask_seed=69, mask_type='constant-0.0', n_classes=6, n_speakers=2, no_cuda=False, num_folder=5, num_threads=6, output_dir='/data2/yb/paper/experiments/second_graph_aggregation_iemocap6_20260825/formal/genagg/miss_0p0/seed_69/fold_5/saved', post_graph_context='bilstm', pre_graph_context='bilstm', reccls_flag=False, second_graph_aggregation='genagg', seed=69, text_feature='deberta-large-4-UTT', time_attn=False, video_feature='manet_UTT', windowf=2, windowp=2)
====== Reading Data =======
audio dimension: 512; text dimension: 1024; video dimension: 1024
stage-aware mask bundle: sha256=ab7f1b1c4e31edf5027618572052a498ef0071caf76a7ba6a066c003a00d9ef9 requested=0.0000 realized=0.0000
====== Training and Evaluation =======
>>>>> Cross-validation: training on the 5 folder >>>>>
Step1: build model (each folder has its own model)
Model have 36419934 paramerters in total
Graph NN with LSTM as base model.
Step2: training (multiple epoches)
sample number: 5810.0
sample number: 1623.0
sample number: 1623.0
epoch:1; train_fscore:17.00%; train_loss:2.2445; train_loss1:1.7639; train_loss2:0.0
sample number: 5810.0
sample number: 1623.0
sample number: 1623.0
epoch:2; train_fscore:10.85%; train_loss:1.9196; train_loss1:1.7748; train_loss2:0.0
sample number: 5810.0
sample number: 1623.0
sample number: 1623.0
epoch:3; train_fscore:12.98%; train_loss:1.8296; train_loss1:1.736; train_loss2:0.0
sample number: 5810.0
sample number: 1623.0
sample number: 1623.0
epoch:4; train_fscore:10.27%; train_loss:1.7878; train_loss1:1.722; train_loss2:0.0
sample number: 5810.0
sample number: 1623.0
sample number: 1623.0
epoch:5; train_fscore:16.21%; train_loss:1.7524; train_loss1:1.703; train_loss2:0.0
sample number: 5810.0
sample number: 1623.0
sample number: 1623.0
epoch:6; train_fscore:21.63%; train_loss:1.7156; train_loss1:1.6718; train_loss2:0.0
sample number: 5810.0
sample number: 1623.0
sample number: 1623.0
epoch:7; train_fscore:23.82%; train_loss:1.6728; train_loss1:1.6153; train_loss2:0.0
sample number: 5810.0
sample number: 1623.0
sample number: 1623.0
epoch:8; train_fscore:19.07%; train_loss:1.7066; train_loss1:1.645; train_loss2:0.0
sample number: 5810.0
sample number: 1623.0
sample number: 1623.0
epoch:9; train_fscore:14.75%; train_loss:1.6316; train_loss1:1.5631; train_loss2:0.0
sample number: 5810.0
sample number: 1623.0
sample number: 1623.0
epoch:10; train_fscore:23.64%; train_loss:1.5811; train_loss1:1.5249; train_loss2:0.0
sample number: 5810.0
sample number: 1623.0
sample number: 1623.0
epoch:11; train_fscore:23.44%; train_loss:1.5314; train_loss1:1.4853; train_loss2:0.0
sample number: 5810.0
sample number: 1623.0
sample number: 1623.0
epoch:12; train_fscore:25.86%; train_loss:1.4492; train_loss1:1.4016; train_loss2:0.0
sample number: 5810.0
sample number: 1623.0
sample number: 1623.0
epoch:13; train_fscore:30.24%; train_loss:1.413; train_loss1:1.3673; train_loss2:0.0
sample number: 5810.0
sample number: 1623.0
sample number: 1623.0
epoch:14; train_fscore:31.18%; train_loss:1.3873; train_loss1:1.3435; train_loss2:0.0
sample number: 5810.0
sample number: 1623.0
sample number: 1623.0
epoch:15; train_fscore:32.15%; train_loss:1.4064; train_loss1:1.3688; train_loss2:0.0
sample number: 5810.0
sample number: 1623.0
sample number: 1623.0
epoch:16; train_fscore:32.63%; train_loss:1.362; train_loss1:1.3131; train_loss2:0.0
sample number: 5810.0
sample number: 1623.0
sample number: 1623.0
epoch:17; train_fscore:38.33%; train_loss:1.3412; train_loss1:1.295; train_loss2:0.0
sample number: 5810.0
sample number: 1623.0
sample number: 1623.0
epoch:18; train_fscore:33.32%; train_loss:1.3873; train_loss1:1.3427; train_loss2:0.0
sample number: 5810.0
sample number: 1623.0
sample number: 1623.0
epoch:19; train_fscore:33.78%; train_loss:1.3517; train_loss1:1.3051; train_loss2:0.0
sample number: 5810.0
sample number: 1623.0
sample number: 1623.0
epoch:20; train_fscore:38.20%; train_loss:1.2992; train_loss1:1.2618; train_loss2:0.0
sample number: 5810.0
sample number: 1623.0
sample number: 1623.0
epoch:21; train_fscore:35.29%; train_loss:1.2787; train_loss1:1.2409; train_loss2:0.0
sample number: 5810.0
sample number: 1623.0
sample number: 1623.0
epoch:22; train_fscore:36.51%; train_loss:1.2707; train_loss1:1.2233; train_loss2:0.0
sample number: 5810.0
sample number: 1623.0
sample number: 1623.0
epoch:23; train_fscore:39.22%; train_loss:1.3454; train_loss1:1.2992; train_loss2:0.0
sample number: 5810.0
sample number: 1623.0
sample number: 1623.0
epoch:24; train_fscore:43.51%; train_loss:1.2734; train_loss1:1.2272; train_loss2:0.0
sample number: 5810.0
sample number: 1623.0
sample number: 1623.0
epoch:25; train_fscore:37.94%; train_loss:1.2352; train_loss1:1.1913; train_loss2:0.0
sample number: 5810.0
sample number: 1623.0
sample number: 1623.0
epoch:26; train_fscore:40.82%; train_loss:1.2261; train_loss1:1.1868; train_loss2:0.0
sample number: 5810.0
sample number: 1623.0
sample number: 1623.0
epoch:27; train_fscore:46.84%; train_loss:1.1638; train_loss1:1.1254; train_loss2:0.0
sample number: 5810.0
sample number: 1623.0
sample number: 1623.0
epoch:28; train_fscore:46.16%; train_loss:1.1422; train_loss1:1.1075; train_loss2:0.0
sample number: 5810.0
sample number: 1623.0
sample number: 1623.0
epoch:29; train_fscore:44.63%; train_loss:1.1925; train_loss1:1.1598; train_loss2:0.0
sample number: 5810.0
sample number: 1623.0
sample number: 1623.0
epoch:30; train_fscore:43.97%; train_loss:1.2172; train_loss1:1.1828; train_loss2:0.0
sample number: 5810.0
sample number: 1623.0
sample number: 1623.0
epoch:31; train_fscore:45.88%; train_loss:1.1817; train_loss1:1.1446; train_loss2:0.0
sample number: 5810.0
sample number: 1623.0
sample number: 1623.0
epoch:32; train_fscore:44.78%; train_loss:1.1735; train_loss1:1.1377; train_loss2:0.0
sample number: 5810.0
sample number: 1623.0
sample number: 1623.0
epoch:33; train_fscore:47.90%; train_loss:1.1319; train_loss1:1.0977; train_loss2:0.0
sample number: 5810.0
sample number: 1623.0
sample number: 1623.0
epoch:34; train_fscore:46.25%; train_loss:1.1721; train_loss1:1.14; train_loss2:0.0
sample number: 5810.0
sample number: 1623.0
sample number: 1623.0
epoch:35; train_fscore:50.80%; train_loss:1.0987; train_loss1:1.0652; train_loss2:0.0
sample number: 5810.0
sample number: 1623.0
sample number: 1623.0
epoch:36; train_fscore:45.77%; train_loss:1.1706; train_loss1:1.1404; train_loss2:0.0
sample number: 5810.0
sample number: 1623.0
sample number: 1623.0
epoch:37; train_fscore:42.33%; train_loss:1.3321; train_loss1:1.2968; train_loss2:0.0
sample number: 5810.0
sample number: 1623.0
sample number: 1623.0
epoch:38; train_fscore:47.62%; train_loss:1.2075; train_loss1:1.1691; train_loss2:0.0
sample number: 5810.0
sample number: 1623.0
sample number: 1623.0
epoch:39; train_fscore:44.31%; train_loss:1.308; train_loss1:1.2708; train_loss2:0.0
sample number: 5810.0
sample number: 1623.0
sample number: 1623.0
epoch:40; train_fscore:53.09%; train_loss:1.1237; train_loss1:1.0914; train_loss2:0.0
sample number: 5810.0
sample number: 1623.0
sample number: 1623.0
epoch:41; train_fscore:50.49%; train_loss:1.1491; train_loss1:1.1198; train_loss2:0.0
sample number: 5810.0
sample number: 1623.0
sample number: 1623.0
epoch:42; train_fscore:49.50%; train_loss:1.129; train_loss1:1.1032; train_loss2:0.0
sample number: 5810.0
sample number: 1623.0
sample number: 1623.0
epoch:43; train_fscore:49.46%; train_loss:1.1216; train_loss1:1.0967; train_loss2:0.0
sample number: 5810.0
sample number: 1623.0
sample number: 1623.0
epoch:44; train_fscore:52.11%; train_loss:1.0742; train_loss1:1.0507; train_loss2:0.0
sample number: 5810.0
sample number: 1623.0
sample number: 1623.0
epoch:45; train_fscore:53.53%; train_loss:1.0726; train_loss1:1.0468; train_loss2:0.0
sample number: 5810.0
sample number: 1623.0
sample number: 1623.0
epoch:46; train_fscore:53.40%; train_loss:1.0751; train_loss1:1.0518; train_loss2:0.0
sample number: 5810.0
sample number: 1623.0
sample number: 1623.0
epoch:47; train_fscore:55.90%; train_loss:1.0187; train_loss1:0.9957; train_loss2:0.0
sample number: 5810.0
sample number: 1623.0
sample number: 1623.0
epoch:48; train_fscore:56.55%; train_loss:0.9925; train_loss1:0.9705; train_loss2:0.0
sample number: 5810.0
sample number: 1623.0
sample number: 1623.0
epoch:49; train_fscore:54.56%; train_loss:1.0367; train_loss1:1.0149; train_loss2:0.0
sample number: 5810.0
sample number: 1623.0
sample number: 1623.0
epoch:50; train_fscore:48.31%; train_loss:1.0651; train_loss1:1.043; train_loss2:0.0
sample number: 5810.0
sample number: 1623.0
sample number: 1623.0
epoch:51; train_fscore:54.28%; train_loss:1.0299; train_loss1:1.0064; train_loss2:0.0
sample number: 5810.0
sample number: 1623.0
sample number: 1623.0
epoch:52; train_fscore:58.73%; train_loss:0.977; train_loss1:0.9558; train_loss2:0.0
sample number: 5810.0
sample number: 1623.0
sample number: 1623.0
epoch:53; train_fscore:56.93%; train_loss:0.9964; train_loss1:0.9749; train_loss2:0.0
sample number: 5810.0
sample number: 1623.0
sample number: 1623.0
epoch:54; train_fscore:57.87%; train_loss:0.9758; train_loss1:0.9556; train_loss2:0.0
sample number: 5810.0
sample number: 1623.0
sample number: 1623.0
epoch:55; train_fscore:57.43%; train_loss:0.9679; train_loss1:0.9498; train_loss2:0.0
sample number: 5810.0
sample number: 1623.0
sample number: 1623.0
epoch:56; train_fscore:57.99%; train_loss:0.9618; train_loss1:0.9434; train_loss2:0.0
sample number: 5810.0
sample number: 1623.0
sample number: 1623.0
epoch:57; train_fscore:59.78%; train_loss:0.9432; train_loss1:0.9258; train_loss2:0.0
sample number: 5810.0
sample number: 1623.0
sample number: 1623.0
epoch:58; train_fscore:60.53%; train_loss:0.9224; train_loss1:0.9042; train_loss2:0.0
sample number: 5810.0
sample number: 1623.0
sample number: 1623.0
epoch:59; train_fscore:60.61%; train_loss:0.9121; train_loss1:0.8937; train_loss2:0.0
sample number: 5810.0
sample number: 1623.0
sample number: 1623.0
epoch:60; train_fscore:62.65%; train_loss:0.8892; train_loss1:0.871; train_loss2:0.0
sample number: 5810.0
sample number: 1623.0
sample number: 1623.0
epoch:61; train_fscore:62.00%; train_loss:0.8913; train_loss1:0.8747; train_loss2:0.0
sample number: 5810.0
sample number: 1623.0
sample number: 1623.0
epoch:62; train_fscore:62.84%; train_loss:0.8793; train_loss1:0.863; train_loss2:0.0
sample number: 5810.0
sample number: 1623.0
sample number: 1623.0
epoch:63; train_fscore:63.39%; train_loss:0.8658; train_loss1:0.8495; train_loss2:0.0
sample number: 5810.0
sample number: 1623.0
sample number: 1623.0
epoch:64; train_fscore:63.73%; train_loss:0.8516; train_loss1:0.8345; train_loss2:0.0
sample number: 5810.0
sample number: 1623.0
sample number: 1623.0
epoch:65; train_fscore:63.60%; train_loss:0.88; train_loss1:0.8621; train_loss2:0.0
sample number: 5810.0
sample number: 1623.0
sample number: 1623.0
epoch:66; train_fscore:64.38%; train_loss:0.8541; train_loss1:0.8343; train_loss2:0.0
sample number: 5810.0
sample number: 1623.0
sample number: 1623.0
epoch:67; train_fscore:64.30%; train_loss:0.8375; train_loss1:0.819; train_loss2:0.0
sample number: 5810.0
sample number: 1623.0
sample number: 1623.0
epoch:68; train_fscore:64.97%; train_loss:0.8232; train_loss1:0.8038; train_loss2:0.0
sample number: 5810.0
sample number: 1623.0
sample number: 1623.0
epoch:69; train_fscore:65.88%; train_loss:0.8068; train_loss1:0.7881; train_loss2:0.0
sample number: 5810.0
sample number: 1623.0
sample number: 1623.0
epoch:70; train_fscore:67.38%; train_loss:0.7995; train_loss1:0.7806; train_loss2:0.0
sample number: 5810.0
sample number: 1623.0
sample number: 1623.0
epoch:71; train_fscore:63.73%; train_loss:0.8481; train_loss1:0.8291; train_loss2:0.0
sample number: 5810.0
sample number: 1623.0
sample number: 1623.0
epoch:72; train_fscore:65.16%; train_loss:0.8296; train_loss1:0.8116; train_loss2:0.0
sample number: 5810.0
sample number: 1623.0
sample number: 1623.0
epoch:73; train_fscore:65.62%; train_loss:0.8158; train_loss1:0.7983; train_loss2:0.0
sample number: 5810.0
sample number: 1623.0
sample number: 1623.0
epoch:74; train_fscore:67.14%; train_loss:0.7991; train_loss1:0.7827; train_loss2:0.0
sample number: 5810.0
sample number: 1623.0
sample number: 1623.0
epoch:75; train_fscore:66.85%; train_loss:0.7868; train_loss1:0.7687; train_loss2:0.0
sample number: 5810.0
sample number: 1623.0
sample number: 1623.0
epoch:76; train_fscore:68.32%; train_loss:0.7957; train_loss1:0.7782; train_loss2:0.0
sample number: 5810.0
sample number: 1623.0
sample number: 1623.0
epoch:77; train_fscore:64.02%; train_loss:0.8773; train_loss1:0.8582; train_loss2:0.0
sample number: 5810.0
sample number: 1623.0
sample number: 1623.0
epoch:78; train_fscore:63.32%; train_loss:0.8456; train_loss1:0.8245; train_loss2:0.0
sample number: 5810.0
sample number: 1623.0
sample number: 1623.0
epoch:79; train_fscore:65.34%; train_loss:0.8507; train_loss1:0.8297; train_loss2:0.0
sample number: 5810.0
sample number: 1623.0
sample number: 1623.0
epoch:80; train_fscore:67.39%; train_loss:0.8036; train_loss1:0.7822; train_loss2:0.0
sample number: 5810.0
sample number: 1623.0
sample number: 1623.0
epoch:81; train_fscore:68.32%; train_loss:0.7667; train_loss1:0.7496; train_loss2:0.0
sample number: 5810.0
sample number: 1623.0
sample number: 1623.0
epoch:82; train_fscore:67.48%; train_loss:0.7612; train_loss1:0.7425; train_loss2:0.0
sample number: 5810.0
sample number: 1623.0
sample number: 1623.0
epoch:83; train_fscore:69.55%; train_loss:0.7376; train_loss1:0.7197; train_loss2:0.0
sample number: 5810.0
sample number: 1623.0
sample number: 1623.0
epoch:84; train_fscore:68.23%; train_loss:0.7685; train_loss1:0.7497; train_loss2:0.0
sample number: 5810.0
sample number: 1623.0
sample number: 1623.0
epoch:85; train_fscore:70.39%; train_loss:0.7232; train_loss1:0.7043; train_loss2:0.0
sample number: 5810.0
sample number: 1623.0
sample number: 1623.0
epoch:86; train_fscore:72.47%; train_loss:0.6833; train_loss1:0.6637; train_loss2:0.0
sample number: 5810.0
sample number: 1623.0
sample number: 1623.0
epoch:87; train_fscore:74.18%; train_loss:0.6577; train_loss1:0.6356; train_loss2:0.0
sample number: 5810.0
sample number: 1623.0
sample number: 1623.0
epoch:88; train_fscore:72.47%; train_loss:0.6678; train_loss1:0.6484; train_loss2:0.0
sample number: 5810.0
sample number: 1623.0
sample number: 1623.0
epoch:89; train_fscore:74.62%; train_loss:0.6409; train_loss1:0.6222; train_loss2:0.0
sample number: 5810.0
sample number: 1623.0
sample number: 1623.0
epoch:90; train_fscore:74.67%; train_loss:0.6262; train_loss1:0.6066; train_loss2:0.0
sample number: 5810.0
sample number: 1623.0
sample number: 1623.0
epoch:91; train_fscore:77.19%; train_loss:0.5787; train_loss1:0.5612; train_loss2:0.0
sample number: 5810.0
sample number: 1623.0
sample number: 1623.0
epoch:92; train_fscore:78.34%; train_loss:0.5621; train_loss1:0.5458; train_loss2:0.0
sample number: 5810.0
sample number: 1623.0
sample number: 1623.0
epoch:93; train_fscore:78.35%; train_loss:0.5634; train_loss1:0.546; train_loss2:0.0
sample number: 5810.0
sample number: 1623.0
sample number: 1623.0
epoch:94; train_fscore:76.73%; train_loss:0.6075; train_loss1:0.5902; train_loss2:0.0
sample number: 5810.0
sample number: 1623.0
sample number: 1623.0
epoch:95; train_fscore:79.15%; train_loss:0.5398; train_loss1:0.5218; train_loss2:0.0
sample number: 5810.0
sample number: 1623.0
sample number: 1623.0
epoch:96; train_fscore:80.52%; train_loss:0.5148; train_loss1:0.4971; train_loss2:0.0
sample number: 5810.0
sample number: 1623.0
sample number: 1623.0
epoch:97; train_fscore:80.11%; train_loss:0.5074; train_loss1:0.4899; train_loss2:0.0
sample number: 5810.0
sample number: 1623.0
sample number: 1623.0
epoch:98; train_fscore:81.74%; train_loss:0.4874; train_loss1:0.4698; train_loss2:0.0
sample number: 5810.0
sample number: 1623.0
sample number: 1623.0
epoch:99; train_fscore:82.15%; train_loss:0.4676; train_loss1:0.4511; train_loss2:0.0
sample number: 5810.0
sample number: 1623.0
sample number: 1623.0
epoch:100; train_fscore:82.57%; train_loss:0.454; train_loss1:0.4383; train_loss2:0.0
Step3: saving and testing on the 5 folder
>>>>> Finish: training on the 5 folder, duration: 798.072455406189 >>>>>
====== Saving =======
SMOKE_ONLY=False
save results in /data2/yb/paper/experiments/second_graph_aggregation_iemocap6_20260825/formal/genagg/miss_0p0/seed_69/fold_5/saved/iemocapsix_original_addition_secondagg_genagg_f5_s69_m0p0_1787707483.9829319.npz
