Namespace(allow_short_run=False, audio_feature='wav2vec-large-c-UTT', base_model='LSTM', batch_size=32, branch_fusion='addition', data_root='/data2/yb/paper/GCNet_TPAMI_modality_jepa_20260818/dataset/IEMOCAP', dataset='IEMOCAPSix', dropout=0.5, epochs=100, fold_index=5, graph_conv_variant='original', hidden=200, l2=1e-05, loss_recon=True, lower_bound=False, lr=0.001, mask_bank_root='/data2/yb/paper/experiments/mpfilm_iemocap6_20260824/mask_banks', mask_seed=70, mask_type='constant-0.7', n_classes=6, n_speakers=2, no_cuda=False, num_folder=5, num_threads=6, output_dir='/data2/yb/paper/experiments/second_graph_aggregation_iemocap6_20260825/formal/genagg/miss_0p7/seed_70/fold_5/saved', post_graph_context='bilstm', pre_graph_context='bilstm', reccls_flag=False, second_graph_aggregation='genagg', seed=70, text_feature='deberta-large-4-UTT', time_attn=False, video_feature='manet_UTT', windowf=2, windowp=2)
====== Reading Data =======
audio dimension: 512; text dimension: 1024; video dimension: 1024
stage-aware mask bundle: sha256=d7aa8a8154ba531a1752637da1de343be35d5a6b243dfcac5f5091f88faee424 requested=0.7000 realized=0.6667
====== Training and Evaluation =======
>>>>> Cross-validation: training on the 5 folder >>>>>
Step1: build model (each folder has its own model)
Model have 36419934 paramerters in total
Graph NN with LSTM as base model.
Step2: training (multiple epoches)
sample number: 5810.0
sample number: 1623.0
sample number: 1623.0
epoch:1; train_fscore:14.31%; train_loss:8.108; train_loss1:1.7992; train_loss2:3.7948
sample number: 5810.0
sample number: 1623.0
sample number: 1623.0
epoch:2; train_fscore:15.95%; train_loss:5.4294; train_loss1:1.8709; train_loss2:2.9834
sample number: 5810.0
sample number: 1623.0
sample number: 1623.0
epoch:3; train_fscore:12.52%; train_loss:4.7623; train_loss1:1.8254; train_loss2:2.6226
sample number: 5810.0
sample number: 1623.0
sample number: 1623.0
epoch:4; train_fscore:14.42%; train_loss:4.1772; train_loss1:1.7671; train_loss2:2.218
sample number: 5810.0
sample number: 1623.0
sample number: 1623.0
epoch:5; train_fscore:12.38%; train_loss:3.8273; train_loss1:1.7889; train_loss2:1.9058
sample number: 5810.0
sample number: 1623.0
sample number: 1623.0
epoch:6; train_fscore:14.23%; train_loss:3.3807; train_loss1:1.8646; train_loss2:1.4141
sample number: 5810.0
sample number: 1623.0
sample number: 1623.0
epoch:7; train_fscore:17.64%; train_loss:3.1268; train_loss1:1.7804; train_loss2:1.2639
sample number: 5810.0
sample number: 1623.0
sample number: 1623.0
epoch:8; train_fscore:15.73%; train_loss:2.9708; train_loss1:1.7669; train_loss2:1.1388
sample number: 5810.0
sample number: 1623.0
sample number: 1623.0
epoch:9; train_fscore:14.66%; train_loss:2.9856; train_loss1:1.7866; train_loss2:1.1442
sample number: 5810.0
sample number: 1623.0
sample number: 1623.0
epoch:10; train_fscore:13.14%; train_loss:2.8409; train_loss1:1.7742; train_loss2:1.0189
sample number: 5810.0
sample number: 1623.0
sample number: 1623.0
epoch:11; train_fscore:14.47%; train_loss:2.8104; train_loss1:1.7547; train_loss2:1.014
sample number: 5810.0
sample number: 1623.0
sample number: 1623.0
epoch:12; train_fscore:14.98%; train_loss:2.8717; train_loss1:1.7878; train_loss2:1.0468
sample number: 5810.0
sample number: 1623.0
sample number: 1623.0
epoch:13; train_fscore:14.06%; train_loss:2.7079; train_loss1:1.7863; train_loss2:0.8883
sample number: 5810.0
sample number: 1623.0
sample number: 1623.0
epoch:14; train_fscore:12.04%; train_loss:2.7891; train_loss1:1.7736; train_loss2:0.9851
sample number: 5810.0
sample number: 1623.0
sample number: 1623.0
epoch:15; train_fscore:10.50%; train_loss:2.7775; train_loss1:1.7689; train_loss2:0.9811
sample number: 5810.0
sample number: 1623.0
sample number: 1623.0
epoch:16; train_fscore:11.24%; train_loss:2.8102; train_loss1:1.794; train_loss2:0.9911
sample number: 5810.0
sample number: 1623.0
sample number: 1623.0
epoch:17; train_fscore:14.00%; train_loss:2.8699; train_loss1:1.805; train_loss2:1.0418
sample number: 5810.0
sample number: 1623.0
sample number: 1623.0
epoch:18; train_fscore:12.85%; train_loss:2.7378; train_loss1:1.7987; train_loss2:0.9179
sample number: 5810.0
sample number: 1623.0
sample number: 1623.0
epoch:19; train_fscore:8.46%; train_loss:2.7561; train_loss1:1.7875; train_loss2:0.9492
sample number: 5810.0
sample number: 1623.0
sample number: 1623.0
epoch:20; train_fscore:11.76%; train_loss:2.7214; train_loss1:1.7687; train_loss2:0.9346
sample number: 5810.0
sample number: 1623.0
sample number: 1623.0
epoch:21; train_fscore:12.37%; train_loss:2.7082; train_loss1:1.7827; train_loss2:0.9091
sample number: 5810.0
sample number: 1623.0
sample number: 1623.0
epoch:22; train_fscore:15.82%; train_loss:2.7549; train_loss1:1.7523; train_loss2:0.9876
sample number: 5810.0
sample number: 1623.0
sample number: 1623.0
epoch:23; train_fscore:15.57%; train_loss:2.6927; train_loss1:1.7482; train_loss2:0.9308
sample number: 5810.0
sample number: 1623.0
sample number: 1623.0
epoch:24; train_fscore:14.77%; train_loss:2.7363; train_loss1:1.7745; train_loss2:0.9489
sample number: 5810.0
sample number: 1623.0
sample number: 1623.0
epoch:25; train_fscore:16.12%; train_loss:2.6845; train_loss1:1.753; train_loss2:0.9194
sample number: 5810.0
sample number: 1623.0
sample number: 1623.0
epoch:26; train_fscore:15.42%; train_loss:2.6972; train_loss1:1.7498; train_loss2:0.9358
sample number: 5810.0
sample number: 1623.0
sample number: 1623.0
epoch:27; train_fscore:15.81%; train_loss:2.7738; train_loss1:1.7512; train_loss2:1.0114
sample number: 5810.0
sample number: 1623.0
sample number: 1623.0
epoch:28; train_fscore:14.76%; train_loss:2.724; train_loss1:1.728; train_loss2:0.9852
sample number: 5810.0
sample number: 1623.0
sample number: 1623.0
epoch:29; train_fscore:17.33%; train_loss:2.6784; train_loss1:1.7511; train_loss2:0.9169
sample number: 5810.0
sample number: 1623.0
sample number: 1623.0
epoch:30; train_fscore:16.73%; train_loss:2.7317; train_loss1:1.7754; train_loss2:0.946
sample number: 5810.0
sample number: 1623.0
sample number: 1623.0
epoch:31; train_fscore:15.77%; train_loss:2.6983; train_loss1:1.7575; train_loss2:0.9296
sample number: 5810.0
sample number: 1623.0
sample number: 1623.0
epoch:32; train_fscore:18.83%; train_loss:2.6823; train_loss1:1.7508; train_loss2:0.9214
sample number: 5810.0
sample number: 1623.0
sample number: 1623.0
epoch:33; train_fscore:16.59%; train_loss:2.6685; train_loss1:1.7543; train_loss2:0.9043
sample number: 5810.0
sample number: 1623.0
sample number: 1623.0
epoch:34; train_fscore:15.19%; train_loss:2.735; train_loss1:1.7457; train_loss2:0.9802
sample number: 5810.0
sample number: 1623.0
sample number: 1623.0
epoch:35; train_fscore:16.14%; train_loss:2.6608; train_loss1:1.7293; train_loss2:0.923
sample number: 5810.0
sample number: 1623.0
sample number: 1623.0
epoch:36; train_fscore:19.75%; train_loss:2.6573; train_loss1:1.7208; train_loss2:0.9281
sample number: 5810.0
sample number: 1623.0
sample number: 1623.0
epoch:37; train_fscore:14.58%; train_loss:2.6754; train_loss1:1.7287; train_loss2:0.9388
sample number: 5810.0
sample number: 1623.0
sample number: 1623.0
epoch:38; train_fscore:18.82%; train_loss:2.7019; train_loss1:1.7084; train_loss2:0.9858
sample number: 5810.0
sample number: 1623.0
sample number: 1623.0
epoch:39; train_fscore:17.85%; train_loss:2.6668; train_loss1:1.7231; train_loss2:0.9362
sample number: 5810.0
sample number: 1623.0
sample number: 1623.0
epoch:40; train_fscore:16.57%; train_loss:2.6961; train_loss1:1.7118; train_loss2:0.9772
sample number: 5810.0
sample number: 1623.0
sample number: 1623.0
epoch:41; train_fscore:17.39%; train_loss:2.6703; train_loss1:1.7106; train_loss2:0.9526
sample number: 5810.0
sample number: 1623.0
sample number: 1623.0
epoch:42; train_fscore:17.67%; train_loss:2.6515; train_loss1:1.7011; train_loss2:0.9437
sample number: 5810.0
sample number: 1623.0
sample number: 1623.0
epoch:43; train_fscore:20.18%; train_loss:2.6032; train_loss1:1.7129; train_loss2:0.8815
sample number: 5810.0
sample number: 1623.0
sample number: 1623.0
epoch:44; train_fscore:20.17%; train_loss:2.6476; train_loss1:1.6812; train_loss2:0.9569
sample number: 5810.0
sample number: 1623.0
sample number: 1623.0
epoch:45; train_fscore:18.45%; train_loss:2.8021; train_loss1:1.8301; train_loss2:0.9422
sample number: 5810.0
sample number: 1623.0
sample number: 1623.0
epoch:46; train_fscore:19.66%; train_loss:2.7705; train_loss1:1.717; train_loss2:0.9966
sample number: 5810.0
sample number: 1623.0
sample number: 1623.0
epoch:47; train_fscore:19.56%; train_loss:2.7478; train_loss1:1.7071; train_loss2:0.9869
sample number: 5810.0
sample number: 1623.0
sample number: 1623.0
epoch:48; train_fscore:23.16%; train_loss:2.6454; train_loss1:1.6809; train_loss2:0.9298
sample number: 5810.0
sample number: 1623.0
sample number: 1623.0
epoch:49; train_fscore:23.49%; train_loss:2.5872; train_loss1:1.6585; train_loss2:0.9098
sample number: 5810.0
sample number: 1623.0
sample number: 1623.0
epoch:50; train_fscore:24.78%; train_loss:2.5974; train_loss1:1.6397; train_loss2:0.941
sample number: 5810.0
sample number: 1623.0
sample number: 1623.0
epoch:51; train_fscore:25.48%; train_loss:2.6648; train_loss1:1.6333; train_loss2:1.0181
sample number: 5810.0
sample number: 1623.0
sample number: 1623.0
epoch:52; train_fscore:28.37%; train_loss:2.6399; train_loss1:1.6081; train_loss2:1.0213
sample number: 5810.0
sample number: 1623.0
sample number: 1623.0
epoch:53; train_fscore:28.26%; train_loss:2.5963; train_loss1:1.5988; train_loss2:0.9888
sample number: 5810.0
sample number: 1623.0
sample number: 1623.0
epoch:54; train_fscore:30.68%; train_loss:2.5273; train_loss1:1.5879; train_loss2:0.9313
sample number: 5810.0
sample number: 1623.0
sample number: 1623.0
epoch:55; train_fscore:29.01%; train_loss:2.5717; train_loss1:1.6195; train_loss2:0.945
sample number: 5810.0
sample number: 1623.0
sample number: 1623.0
epoch:56; train_fscore:31.54%; train_loss:2.5008; train_loss1:1.5887; train_loss2:0.9049
sample number: 5810.0
sample number: 1623.0
sample number: 1623.0
epoch:57; train_fscore:33.75%; train_loss:2.5164; train_loss1:1.5559; train_loss2:0.9535
sample number: 5810.0
sample number: 1623.0
sample number: 1623.0
epoch:58; train_fscore:30.26%; train_loss:2.5549; train_loss1:1.5482; train_loss2:1.0004
sample number: 5810.0
sample number: 1623.0
sample number: 1623.0
epoch:59; train_fscore:33.15%; train_loss:2.4565; train_loss1:1.5459; train_loss2:0.9047
sample number: 5810.0
sample number: 1623.0
sample number: 1623.0
epoch:60; train_fscore:30.25%; train_loss:2.5015; train_loss1:1.543; train_loss2:0.9523
sample number: 5810.0
sample number: 1623.0
sample number: 1623.0
epoch:61; train_fscore:34.49%; train_loss:2.439; train_loss1:1.5032; train_loss2:0.9302
sample number: 5810.0
sample number: 1623.0
sample number: 1623.0
epoch:62; train_fscore:35.26%; train_loss:2.4739; train_loss1:1.4935; train_loss2:0.975
sample number: 5810.0
sample number: 1623.0
sample number: 1623.0
epoch:63; train_fscore:36.07%; train_loss:2.404; train_loss1:1.4826; train_loss2:0.9161
sample number: 5810.0
sample number: 1623.0
sample number: 1623.0
epoch:64; train_fscore:35.53%; train_loss:2.3563; train_loss1:1.4738; train_loss2:0.8774
sample number: 5810.0
sample number: 1623.0
sample number: 1623.0
epoch:65; train_fscore:32.81%; train_loss:2.4491; train_loss1:1.5213; train_loss2:0.9224
sample number: 5810.0
sample number: 1623.0
sample number: 1623.0
epoch:66; train_fscore:35.11%; train_loss:2.423; train_loss1:1.5047; train_loss2:0.9136
sample number: 5810.0
sample number: 1623.0
sample number: 1623.0
epoch:67; train_fscore:39.86%; train_loss:2.3416; train_loss1:1.4435; train_loss2:0.8926
sample number: 5810.0
sample number: 1623.0
sample number: 1623.0
epoch:68; train_fscore:33.57%; train_loss:2.3859; train_loss1:1.4528; train_loss2:0.9266
sample number: 5810.0
sample number: 1623.0
sample number: 1623.0
epoch:69; train_fscore:40.56%; train_loss:2.306; train_loss1:1.4083; train_loss2:0.892
sample number: 5810.0
sample number: 1623.0
sample number: 1623.0
epoch:70; train_fscore:39.76%; train_loss:2.3735; train_loss1:1.3922; train_loss2:0.9752
sample number: 5810.0
sample number: 1623.0
sample number: 1623.0
epoch:71; train_fscore:39.22%; train_loss:2.35; train_loss1:1.385; train_loss2:0.9597
sample number: 5810.0
sample number: 1623.0
sample number: 1623.0
epoch:72; train_fscore:41.69%; train_loss:2.2763; train_loss1:1.3655; train_loss2:0.9059
sample number: 5810.0
sample number: 1623.0
sample number: 1623.0
epoch:73; train_fscore:43.56%; train_loss:2.243; train_loss1:1.3294; train_loss2:0.9084
sample number: 5810.0
sample number: 1623.0
sample number: 1623.0
epoch:74; train_fscore:45.17%; train_loss:2.237; train_loss1:1.3055; train_loss2:0.927
sample number: 5810.0
sample number: 1623.0
sample number: 1623.0
epoch:75; train_fscore:45.67%; train_loss:2.2319; train_loss1:1.2927; train_loss2:0.9351
sample number: 5810.0
sample number: 1623.0
sample number: 1623.0
epoch:76; train_fscore:48.73%; train_loss:2.155; train_loss1:1.2567; train_loss2:0.8944
sample number: 5810.0
sample number: 1623.0
sample number: 1623.0
epoch:77; train_fscore:48.70%; train_loss:2.2811; train_loss1:1.24; train_loss2:1.0371
sample number: 5810.0
sample number: 1623.0
sample number: 1623.0
epoch:78; train_fscore:48.93%; train_loss:2.1858; train_loss1:1.2314; train_loss2:0.9506
sample number: 5810.0
sample number: 1623.0
sample number: 1623.0
epoch:79; train_fscore:49.03%; train_loss:2.1336; train_loss1:1.2066; train_loss2:0.9229
sample number: 5810.0
sample number: 1623.0
sample number: 1623.0
epoch:80; train_fscore:51.70%; train_loss:2.1067; train_loss1:1.2045; train_loss2:0.8984
sample number: 5810.0
sample number: 1623.0
sample number: 1623.0
epoch:81; train_fscore:51.46%; train_loss:2.1317; train_loss1:1.1642; train_loss2:0.964
sample number: 5810.0
sample number: 1623.0
sample number: 1623.0
epoch:82; train_fscore:55.16%; train_loss:2.0829; train_loss1:1.1195; train_loss2:0.9598
sample number: 5810.0
sample number: 1623.0
sample number: 1623.0
epoch:83; train_fscore:54.02%; train_loss:2.0039; train_loss1:1.1041; train_loss2:0.896
sample number: 5810.0
sample number: 1623.0
sample number: 1623.0
epoch:84; train_fscore:55.68%; train_loss:2.0626; train_loss1:1.0823; train_loss2:0.9767
sample number: 5810.0
sample number: 1623.0
sample number: 1623.0
epoch:85; train_fscore:55.22%; train_loss:2.0901; train_loss1:1.0733; train_loss2:1.0132
sample number: 5810.0
sample number: 1623.0
sample number: 1623.0
epoch:86; train_fscore:59.10%; train_loss:1.9465; train_loss1:1.0234; train_loss2:0.9196
sample number: 5810.0
sample number: 1623.0
sample number: 1623.0
epoch:87; train_fscore:59.63%; train_loss:1.9465; train_loss1:0.9976; train_loss2:0.9449
sample number: 5810.0
sample number: 1623.0
sample number: 1623.0
epoch:88; train_fscore:63.00%; train_loss:1.9139; train_loss1:0.9533; train_loss2:0.9566
sample number: 5810.0
sample number: 1623.0
sample number: 1623.0
epoch:89; train_fscore:62.57%; train_loss:1.8432; train_loss1:0.9295; train_loss2:0.9083
sample number: 5810.0
sample number: 1623.0
sample number: 1623.0
epoch:90; train_fscore:62.59%; train_loss:1.8801; train_loss1:0.9243; train_loss2:0.9492
sample number: 5810.0
sample number: 1623.0
sample number: 1623.0
epoch:91; train_fscore:66.57%; train_loss:1.8202; train_loss1:0.8577; train_loss2:0.9581
sample number: 5810.0
sample number: 1623.0
sample number: 1623.0
epoch:92; train_fscore:67.74%; train_loss:1.7746; train_loss1:0.8264; train_loss2:0.9442
sample number: 5810.0
sample number: 1623.0
sample number: 1623.0
epoch:93; train_fscore:68.73%; train_loss:1.7041; train_loss1:0.7827; train_loss2:0.9176
sample number: 5810.0
sample number: 1623.0
sample number: 1623.0
epoch:94; train_fscore:69.86%; train_loss:1.6797; train_loss1:0.785; train_loss2:0.891
sample number: 5810.0
sample number: 1623.0
sample number: 1623.0
epoch:95; train_fscore:69.39%; train_loss:1.725; train_loss1:0.7733; train_loss2:0.9481
sample number: 5810.0
sample number: 1623.0
sample number: 1623.0
epoch:96; train_fscore:69.70%; train_loss:1.648; train_loss1:0.76; train_loss2:0.8844
sample number: 5810.0
sample number: 1623.0
sample number: 1623.0
epoch:97; train_fscore:72.10%; train_loss:1.6525; train_loss1:0.7208; train_loss2:0.9283
sample number: 5810.0
sample number: 1623.0
sample number: 1623.0
epoch:98; train_fscore:72.81%; train_loss:1.6175; train_loss1:0.6895; train_loss2:0.9247
sample number: 5810.0
sample number: 1623.0
sample number: 1623.0
epoch:99; train_fscore:74.68%; train_loss:1.5764; train_loss1:0.6509; train_loss2:0.9224
sample number: 5810.0
sample number: 1623.0
sample number: 1623.0
epoch:100; train_fscore:76.47%; train_loss:1.5447; train_loss1:0.6264; train_loss2:0.9155
Step3: saving and testing on the 5 folder
>>>>> Finish: training on the 5 folder, duration: 802.7775568962097 >>>>>
====== Saving =======
SMOKE_ONLY=False
save results in /data2/yb/paper/experiments/second_graph_aggregation_iemocap6_20260825/formal/genagg/miss_0p7/seed_70/fold_5/saved/iemocapsix_original_addition_secondagg_genagg_f5_s70_m0p7_1787707488.7766044.npz
