Namespace(allow_short_run=False, audio_feature='wav2vec-large-c-UTT', base_model='LSTM', batch_size=32, branch_fusion='addition', data_root='/data2/yb/paper/GCNet_TPAMI_modality_jepa_20260818/dataset/IEMOCAP', dataset='IEMOCAPSix', dropout=0.5, epochs=100, fold_index=5, graph_conv_variant='original', hidden=200, l2=1e-05, loss_recon=True, lower_bound=False, lr=0.001, mask_bank_root='/data2/yb/paper/experiments/mpfilm_iemocap6_20260824/mask_banks', mask_seed=68, mask_type='constant-0.5', n_classes=6, n_speakers=2, no_cuda=False, num_folder=5, num_threads=6, output_dir='/data2/yb/paper/experiments/second_graph_aggregation_iemocap6_20260825_phase_b/formal/rtdr/miss_0p5/seed_68/fold_5/saved', post_graph_context='bilstm', pre_graph_context='bilstm', reccls_flag=False, relation_track_routing='diagonal', second_graph_aggregation='add', seed=68, text_feature='deberta-large-4-UTT', time_attn=False, video_feature='manet_UTT', windowf=2, windowp=2)
====== Reading Data =======
audio dimension: 512; text dimension: 1024; video dimension: 1024
stage-aware mask bundle: sha256=9854a6c8d347c4fa104576092d5c33c5d2052d8d2f7f9ed623bcc7f7d91be6d5 requested=0.5000 realized=0.5030
====== Training and Evaluation =======
>>>>> Cross-validation: training on the 5 folder >>>>>
Step1: build model (each folder has its own model)
Model have 36419816 paramerters in total
Graph NN with LSTM as base model.
Step2: training (multiple epoches)
sample number: 5810.0
sample number: 1623.0
sample number: 1623.0
epoch:1; train_fscore:18.08%; train_loss:4.5016; train_loss1:1.8005; train_loss2:2.7011
sample number: 5810.0
sample number: 1623.0
sample number: 1623.0
epoch:2; train_fscore:14.86%; train_loss:4.3163; train_loss1:1.7864; train_loss2:2.53
sample number: 5810.0
sample number: 1623.0
sample number: 1623.0
epoch:3; train_fscore:16.98%; train_loss:3.7856; train_loss1:1.6993; train_loss2:2.0864
sample number: 5810.0
sample number: 1623.0
sample number: 1623.0
epoch:4; train_fscore:21.49%; train_loss:3.5727; train_loss1:1.7221; train_loss2:1.8506
sample number: 5810.0
sample number: 1623.0
sample number: 1623.0
epoch:5; train_fscore:18.92%; train_loss:3.2929; train_loss1:1.6988; train_loss2:1.5941
sample number: 5810.0
sample number: 1623.0
sample number: 1623.0
epoch:6; train_fscore:21.40%; train_loss:2.8662; train_loss1:1.625; train_loss2:1.2412
sample number: 5810.0
sample number: 1623.0
sample number: 1623.0
epoch:7; train_fscore:28.45%; train_loss:2.5819; train_loss1:1.5497; train_loss2:1.0322
sample number: 5810.0
sample number: 1623.0
sample number: 1623.0
epoch:8; train_fscore:32.63%; train_loss:2.4452; train_loss1:1.5197; train_loss2:0.9255
sample number: 5810.0
sample number: 1623.0
sample number: 1623.0
epoch:9; train_fscore:27.20%; train_loss:2.2588; train_loss1:1.4791; train_loss2:0.7797
sample number: 5810.0
sample number: 1623.0
sample number: 1623.0
epoch:10; train_fscore:25.07%; train_loss:2.2713; train_loss1:1.5361; train_loss2:0.7352
sample number: 5810.0
sample number: 1623.0
sample number: 1623.0
epoch:11; train_fscore:25.48%; train_loss:2.3035; train_loss1:1.4954; train_loss2:0.8081
sample number: 5810.0
sample number: 1623.0
sample number: 1623.0
epoch:12; train_fscore:25.88%; train_loss:2.3912; train_loss1:1.6019; train_loss2:0.7893
sample number: 5810.0
sample number: 1623.0
sample number: 1623.0
epoch:13; train_fscore:29.65%; train_loss:2.1336; train_loss1:1.4109; train_loss2:0.7228
sample number: 5810.0
sample number: 1623.0
sample number: 1623.0
epoch:14; train_fscore:28.92%; train_loss:2.2078; train_loss1:1.375; train_loss2:0.8328
sample number: 5810.0
sample number: 1623.0
sample number: 1623.0
epoch:15; train_fscore:36.00%; train_loss:2.1261; train_loss1:1.3486; train_loss2:0.7775
sample number: 5810.0
sample number: 1623.0
sample number: 1623.0
epoch:16; train_fscore:30.79%; train_loss:2.0866; train_loss1:1.3468; train_loss2:0.7398
sample number: 5810.0
sample number: 1623.0
sample number: 1623.0
epoch:17; train_fscore:37.48%; train_loss:1.9852; train_loss1:1.2875; train_loss2:0.6977
sample number: 5810.0
sample number: 1623.0
sample number: 1623.0
epoch:18; train_fscore:36.66%; train_loss:2.1004; train_loss1:1.3335; train_loss2:0.767
sample number: 5810.0
sample number: 1623.0
sample number: 1623.0
epoch:19; train_fscore:38.63%; train_loss:2.0461; train_loss1:1.2512; train_loss2:0.7949
sample number: 5810.0
sample number: 1623.0
sample number: 1623.0
epoch:20; train_fscore:39.64%; train_loss:1.9037; train_loss1:1.2175; train_loss2:0.6861
sample number: 5810.0
sample number: 1623.0
sample number: 1623.0
epoch:21; train_fscore:39.64%; train_loss:1.9679; train_loss1:1.2214; train_loss2:0.7465
sample number: 5810.0
sample number: 1623.0
sample number: 1623.0
epoch:22; train_fscore:45.40%; train_loss:1.92; train_loss1:1.1783; train_loss2:0.7417
sample number: 5810.0
sample number: 1623.0
sample number: 1623.0
epoch:23; train_fscore:45.64%; train_loss:1.8763; train_loss1:1.1565; train_loss2:0.7198
sample number: 5810.0
sample number: 1623.0
sample number: 1623.0
epoch:24; train_fscore:49.04%; train_loss:1.8182; train_loss1:1.1261; train_loss2:0.6921
sample number: 5810.0
sample number: 1623.0
sample number: 1623.0
epoch:25; train_fscore:49.81%; train_loss:1.7693; train_loss1:1.122; train_loss2:0.6474
sample number: 5810.0
sample number: 1623.0
sample number: 1623.0
epoch:26; train_fscore:48.19%; train_loss:1.8276; train_loss1:1.1247; train_loss2:0.7029
sample number: 5810.0
sample number: 1623.0
sample number: 1623.0
epoch:27; train_fscore:49.58%; train_loss:1.8011; train_loss1:1.1086; train_loss2:0.6925
sample number: 5810.0
sample number: 1623.0
sample number: 1623.0
epoch:28; train_fscore:50.60%; train_loss:1.8074; train_loss1:1.096; train_loss2:0.7114
sample number: 5810.0
sample number: 1623.0
sample number: 1623.0
epoch:29; train_fscore:49.56%; train_loss:1.7652; train_loss1:1.0822; train_loss2:0.683
sample number: 5810.0
sample number: 1623.0
sample number: 1623.0
epoch:30; train_fscore:49.65%; train_loss:1.7611; train_loss1:1.094; train_loss2:0.667
sample number: 5810.0
sample number: 1623.0
sample number: 1623.0
epoch:31; train_fscore:53.70%; train_loss:1.7477; train_loss1:1.0396; train_loss2:0.7081
sample number: 5810.0
sample number: 1623.0
sample number: 1623.0
epoch:32; train_fscore:53.56%; train_loss:1.7514; train_loss1:1.0416; train_loss2:0.7098
sample number: 5810.0
sample number: 1623.0
sample number: 1623.0
epoch:33; train_fscore:54.31%; train_loss:1.795; train_loss1:1.0582; train_loss2:0.7369
sample number: 5810.0
sample number: 1623.0
sample number: 1623.0
epoch:34; train_fscore:51.12%; train_loss:1.8411; train_loss1:1.073; train_loss2:0.7681
sample number: 5810.0
sample number: 1623.0
sample number: 1623.0
epoch:35; train_fscore:52.40%; train_loss:1.7551; train_loss1:1.0649; train_loss2:0.6902
sample number: 5810.0
sample number: 1623.0
sample number: 1623.0
epoch:36; train_fscore:53.93%; train_loss:1.8252; train_loss1:1.0657; train_loss2:0.7595
sample number: 5810.0
sample number: 1623.0
sample number: 1623.0
epoch:37; train_fscore:51.78%; train_loss:1.7973; train_loss1:1.0665; train_loss2:0.7308
sample number: 5810.0
sample number: 1623.0
sample number: 1623.0
epoch:38; train_fscore:52.71%; train_loss:1.8543; train_loss1:1.0713; train_loss2:0.783
sample number: 5810.0
sample number: 1623.0
sample number: 1623.0
epoch:39; train_fscore:51.24%; train_loss:1.7677; train_loss1:1.0526; train_loss2:0.7151
sample number: 5810.0
sample number: 1623.0
sample number: 1623.0
epoch:40; train_fscore:52.73%; train_loss:1.7625; train_loss1:1.0436; train_loss2:0.719
sample number: 5810.0
sample number: 1623.0
sample number: 1623.0
epoch:41; train_fscore:53.37%; train_loss:1.7607; train_loss1:1.0358; train_loss2:0.7249
sample number: 5810.0
sample number: 1623.0
sample number: 1623.0
epoch:42; train_fscore:54.97%; train_loss:1.7018; train_loss1:0.9963; train_loss2:0.7055
sample number: 5810.0
sample number: 1623.0
sample number: 1623.0
epoch:43; train_fscore:57.40%; train_loss:1.7649; train_loss1:0.9809; train_loss2:0.784
sample number: 5810.0
sample number: 1623.0
sample number: 1623.0
epoch:44; train_fscore:57.53%; train_loss:1.6678; train_loss1:0.9611; train_loss2:0.7067
sample number: 5810.0
sample number: 1623.0
sample number: 1623.0
epoch:45; train_fscore:59.26%; train_loss:1.6201; train_loss1:0.9379; train_loss2:0.6821
sample number: 5810.0
sample number: 1623.0
sample number: 1623.0
epoch:46; train_fscore:59.09%; train_loss:1.5622; train_loss1:0.9289; train_loss2:0.6333
sample number: 5810.0
sample number: 1623.0
sample number: 1623.0
epoch:47; train_fscore:61.09%; train_loss:1.5963; train_loss1:0.9212; train_loss2:0.6751
sample number: 5810.0
sample number: 1623.0
sample number: 1623.0
epoch:48; train_fscore:62.55%; train_loss:1.6033; train_loss1:0.8858; train_loss2:0.7175
sample number: 5810.0
sample number: 1623.0
sample number: 1623.0
epoch:49; train_fscore:62.20%; train_loss:1.6502; train_loss1:0.8926; train_loss2:0.7575
sample number: 5810.0
sample number: 1623.0
sample number: 1623.0
epoch:50; train_fscore:62.71%; train_loss:1.683; train_loss1:0.8777; train_loss2:0.8054
sample number: 5810.0
sample number: 1623.0
sample number: 1623.0
epoch:51; train_fscore:62.76%; train_loss:1.653; train_loss1:0.8756; train_loss2:0.7773
sample number: 5810.0
sample number: 1623.0
sample number: 1623.0
epoch:52; train_fscore:63.22%; train_loss:1.5787; train_loss1:0.8704; train_loss2:0.7083
sample number: 5810.0
sample number: 1623.0
sample number: 1623.0
epoch:53; train_fscore:62.96%; train_loss:1.5645; train_loss1:0.8831; train_loss2:0.6814
sample number: 5810.0
sample number: 1623.0
sample number: 1623.0
epoch:54; train_fscore:64.65%; train_loss:1.4948; train_loss1:0.8479; train_loss2:0.6469
sample number: 5810.0
sample number: 1623.0
sample number: 1623.0
epoch:55; train_fscore:62.02%; train_loss:1.5671; train_loss1:0.8715; train_loss2:0.6956
sample number: 5810.0
sample number: 1623.0
sample number: 1623.0
epoch:56; train_fscore:64.51%; train_loss:1.5873; train_loss1:0.8546; train_loss2:0.7327
sample number: 5810.0
sample number: 1623.0
sample number: 1623.0
epoch:57; train_fscore:63.98%; train_loss:1.542; train_loss1:0.8335; train_loss2:0.7085
sample number: 5810.0
sample number: 1623.0
sample number: 1623.0
epoch:58; train_fscore:65.91%; train_loss:1.51; train_loss1:0.8179; train_loss2:0.6921
sample number: 5810.0
sample number: 1623.0
sample number: 1623.0
epoch:59; train_fscore:64.36%; train_loss:1.5242; train_loss1:0.8493; train_loss2:0.6749
sample number: 5810.0
sample number: 1623.0
sample number: 1623.0
epoch:60; train_fscore:66.94%; train_loss:1.4731; train_loss1:0.7912; train_loss2:0.6819
sample number: 5810.0
sample number: 1623.0
sample number: 1623.0
epoch:61; train_fscore:67.96%; train_loss:1.4704; train_loss1:0.7978; train_loss2:0.6726
sample number: 5810.0
sample number: 1623.0
sample number: 1623.0
epoch:62; train_fscore:68.20%; train_loss:1.5045; train_loss1:0.7893; train_loss2:0.7152
sample number: 5810.0
sample number: 1623.0
sample number: 1623.0
epoch:63; train_fscore:68.80%; train_loss:1.525; train_loss1:0.7812; train_loss2:0.7438
sample number: 5810.0
sample number: 1623.0
sample number: 1623.0
epoch:64; train_fscore:67.68%; train_loss:1.5038; train_loss1:0.786; train_loss2:0.7177
sample number: 5810.0
sample number: 1623.0
sample number: 1623.0
epoch:65; train_fscore:67.77%; train_loss:1.4822; train_loss1:0.774; train_loss2:0.7082
sample number: 5810.0
sample number: 1623.0
sample number: 1623.0
epoch:66; train_fscore:69.59%; train_loss:1.4024; train_loss1:0.7511; train_loss2:0.6513
sample number: 5810.0
sample number: 1623.0
sample number: 1623.0
epoch:67; train_fscore:69.52%; train_loss:1.4572; train_loss1:0.7531; train_loss2:0.7041
sample number: 5810.0
sample number: 1623.0
sample number: 1623.0
epoch:68; train_fscore:67.60%; train_loss:1.5699; train_loss1:0.7991; train_loss2:0.7708
sample number: 5810.0
sample number: 1623.0
sample number: 1623.0
epoch:69; train_fscore:67.22%; train_loss:1.4861; train_loss1:0.7799; train_loss2:0.7062
sample number: 5810.0
sample number: 1623.0
sample number: 1623.0
epoch:70; train_fscore:70.19%; train_loss:1.4331; train_loss1:0.7322; train_loss2:0.7009
sample number: 5810.0
sample number: 1623.0
sample number: 1623.0
epoch:71; train_fscore:71.01%; train_loss:1.3921; train_loss1:0.7165; train_loss2:0.6756
sample number: 5810.0
sample number: 1623.0
sample number: 1623.0
epoch:72; train_fscore:72.55%; train_loss:1.4264; train_loss1:0.7066; train_loss2:0.7198
sample number: 5810.0
sample number: 1623.0
sample number: 1623.0
epoch:73; train_fscore:71.84%; train_loss:1.4121; train_loss1:0.7129; train_loss2:0.6992
sample number: 5810.0
sample number: 1623.0
sample number: 1623.0
epoch:74; train_fscore:70.79%; train_loss:1.443; train_loss1:0.6998; train_loss2:0.7432
sample number: 5810.0
sample number: 1623.0
sample number: 1623.0
epoch:75; train_fscore:71.09%; train_loss:1.4466; train_loss1:0.7208; train_loss2:0.7258
sample number: 5810.0
sample number: 1623.0
sample number: 1623.0
epoch:76; train_fscore:69.18%; train_loss:1.4931; train_loss1:0.7509; train_loss2:0.7422
sample number: 5810.0
sample number: 1623.0
sample number: 1623.0
epoch:77; train_fscore:72.45%; train_loss:1.3772; train_loss1:0.6992; train_loss2:0.678
sample number: 5810.0
sample number: 1623.0
sample number: 1623.0
epoch:78; train_fscore:73.37%; train_loss:1.3795; train_loss1:0.6725; train_loss2:0.7069
sample number: 5810.0
sample number: 1623.0
sample number: 1623.0
epoch:79; train_fscore:73.21%; train_loss:1.3229; train_loss1:0.6757; train_loss2:0.6472
sample number: 5810.0
sample number: 1623.0
sample number: 1623.0
epoch:80; train_fscore:73.44%; train_loss:1.3375; train_loss1:0.6698; train_loss2:0.6677
sample number: 5810.0
sample number: 1623.0
sample number: 1623.0
epoch:81; train_fscore:73.14%; train_loss:1.4267; train_loss1:0.659; train_loss2:0.7677
sample number: 5810.0
sample number: 1623.0
sample number: 1623.0
epoch:82; train_fscore:74.36%; train_loss:1.3324; train_loss1:0.6465; train_loss2:0.6859
sample number: 5810.0
sample number: 1623.0
sample number: 1623.0
epoch:83; train_fscore:73.87%; train_loss:1.3123; train_loss1:0.66; train_loss2:0.6523
sample number: 5810.0
sample number: 1623.0
sample number: 1623.0
epoch:84; train_fscore:73.35%; train_loss:1.3759; train_loss1:0.6567; train_loss2:0.7192
sample number: 5810.0
sample number: 1623.0
sample number: 1623.0
epoch:85; train_fscore:74.25%; train_loss:1.2976; train_loss1:0.6383; train_loss2:0.6593
sample number: 5810.0
sample number: 1623.0
sample number: 1623.0
epoch:86; train_fscore:75.10%; train_loss:1.286; train_loss1:0.6291; train_loss2:0.657
sample number: 5810.0
sample number: 1623.0
sample number: 1623.0
epoch:87; train_fscore:75.64%; train_loss:1.3079; train_loss1:0.6082; train_loss2:0.6997
sample number: 5810.0
sample number: 1623.0
sample number: 1623.0
epoch:88; train_fscore:75.73%; train_loss:1.3212; train_loss1:0.6151; train_loss2:0.7061
sample number: 5810.0
sample number: 1623.0
sample number: 1623.0
epoch:89; train_fscore:75.07%; train_loss:1.3519; train_loss1:0.6209; train_loss2:0.731
sample number: 5810.0
sample number: 1623.0
sample number: 1623.0
epoch:90; train_fscore:75.10%; train_loss:1.3071; train_loss1:0.6146; train_loss2:0.6924
sample number: 5810.0
sample number: 1623.0
sample number: 1623.0
epoch:91; train_fscore:74.27%; train_loss:1.3341; train_loss1:0.6275; train_loss2:0.7066
sample number: 5810.0
sample number: 1623.0
sample number: 1623.0
epoch:92; train_fscore:75.41%; train_loss:1.3454; train_loss1:0.6126; train_loss2:0.7328
sample number: 5810.0
sample number: 1623.0
sample number: 1623.0
epoch:93; train_fscore:76.42%; train_loss:1.2931; train_loss1:0.5864; train_loss2:0.7067
sample number: 5810.0
sample number: 1623.0
sample number: 1623.0
epoch:94; train_fscore:75.80%; train_loss:1.261; train_loss1:0.5935; train_loss2:0.6676
sample number: 5810.0
sample number: 1623.0
sample number: 1623.0
epoch:95; train_fscore:76.37%; train_loss:1.2845; train_loss1:0.5863; train_loss2:0.6982
sample number: 5810.0
sample number: 1623.0
sample number: 1623.0
epoch:96; train_fscore:76.56%; train_loss:1.3333; train_loss1:0.5786; train_loss2:0.7546
sample number: 5810.0
sample number: 1623.0
sample number: 1623.0
epoch:97; train_fscore:77.82%; train_loss:1.2316; train_loss1:0.5467; train_loss2:0.6849
sample number: 5810.0
sample number: 1623.0
sample number: 1623.0
epoch:98; train_fscore:78.08%; train_loss:1.243; train_loss1:0.553; train_loss2:0.69
sample number: 5810.0
sample number: 1623.0
sample number: 1623.0
epoch:99; train_fscore:76.39%; train_loss:1.2339; train_loss1:0.5705; train_loss2:0.6633
sample number: 5810.0
sample number: 1623.0
sample number: 1623.0
epoch:100; train_fscore:77.41%; train_loss:1.2218; train_loss1:0.5587; train_loss2:0.6631
Step3: saving and testing on the 5 folder
>>>>> Finish: training on the 5 folder, duration: 359.8346195220947 >>>>>
====== Saving =======
SMOKE_ONLY=False
save results in /data2/yb/paper/experiments/second_graph_aggregation_iemocap6_20260825_phase_b/formal/rtdr/miss_0p5/seed_68/fold_5/saved/iemocapsix_original_addition_relationtrack_diagonal_f5_s68_m0p5_1787699467.719911.npz
