Namespace(allow_short_run=False, audio_feature='wav2vec-large-c-UTT', base_model='LSTM', batch_size=32, branch_fusion='addition', data_root='/data2/yb/paper/GCNet_TPAMI_modality_jepa_20260818/dataset/IEMOCAP', dataset='IEMOCAPSix', dropout=0.5, epochs=100, fold_index=5, graph_conv_variant='original', hidden=200, l2=1e-05, loss_recon=True, lower_bound=False, lr=0.001, mask_bank_root='/data2/yb/paper/experiments/mpfilm_iemocap6_20260824/mask_banks', mask_seed=69, mask_type='constant-0.5', n_classes=6, n_speakers=2, no_cuda=False, num_folder=5, num_threads=6, output_dir='/data2/yb/paper/experiments/second_graph_aggregation_iemocap6_20260825_phase_b/formal/rtdr/miss_0p5/seed_69/fold_5/saved', post_graph_context='bilstm', pre_graph_context='bilstm', reccls_flag=False, relation_track_routing='diagonal', second_graph_aggregation='add', seed=69, text_feature='deberta-large-4-UTT', time_attn=False, video_feature='manet_UTT', windowf=2, windowp=2)
====== Reading Data =======
audio dimension: 512; text dimension: 1024; video dimension: 1024
stage-aware mask bundle: sha256=3df3697b72b3d463b93f7b46f1e1d9abfe9b29abd165d5a6fab72184326cd330 requested=0.5000 realized=0.5030
====== Training and Evaluation =======
>>>>> Cross-validation: training on the 5 folder >>>>>
Step1: build model (each folder has its own model)
Model have 36419816 paramerters in total
Graph NN with LSTM as base model.
Step2: training (multiple epoches)
sample number: 5810.0
sample number: 1623.0
sample number: 1623.0
epoch:1; train_fscore:16.57%; train_loss:4.771; train_loss1:1.8412; train_loss2:2.9298
sample number: 5810.0
sample number: 1623.0
sample number: 1623.0
epoch:2; train_fscore:16.43%; train_loss:4.2783; train_loss1:1.7894; train_loss2:2.4889
sample number: 5810.0
sample number: 1623.0
sample number: 1623.0
epoch:3; train_fscore:20.66%; train_loss:3.9588; train_loss1:1.7353; train_loss2:2.2236
sample number: 5810.0
sample number: 1623.0
sample number: 1623.0
epoch:4; train_fscore:21.26%; train_loss:3.5868; train_loss1:1.6418; train_loss2:1.945
sample number: 5810.0
sample number: 1623.0
sample number: 1623.0
epoch:5; train_fscore:22.82%; train_loss:3.3403; train_loss1:1.6433; train_loss2:1.697
sample number: 5810.0
sample number: 1623.0
sample number: 1623.0
epoch:6; train_fscore:20.35%; train_loss:3.1142; train_loss1:1.6019; train_loss2:1.5123
sample number: 5810.0
sample number: 1623.0
sample number: 1623.0
epoch:7; train_fscore:22.62%; train_loss:2.7441; train_loss1:1.6012; train_loss2:1.1429
sample number: 5810.0
sample number: 1623.0
sample number: 1623.0
epoch:8; train_fscore:26.40%; train_loss:2.4765; train_loss1:1.5356; train_loss2:0.941
sample number: 5810.0
sample number: 1623.0
sample number: 1623.0
epoch:9; train_fscore:27.86%; train_loss:2.4465; train_loss1:1.5798; train_loss2:0.8667
sample number: 5810.0
sample number: 1623.0
sample number: 1623.0
epoch:10; train_fscore:26.81%; train_loss:2.3493; train_loss1:1.5295; train_loss2:0.8198
sample number: 5810.0
sample number: 1623.0
sample number: 1623.0
epoch:11; train_fscore:28.30%; train_loss:2.2373; train_loss1:1.4665; train_loss2:0.7708
sample number: 5810.0
sample number: 1623.0
sample number: 1623.0
epoch:12; train_fscore:37.09%; train_loss:2.0459; train_loss1:1.3179; train_loss2:0.728
sample number: 5810.0
sample number: 1623.0
sample number: 1623.0
epoch:13; train_fscore:35.52%; train_loss:2.1304; train_loss1:1.3846; train_loss2:0.7458
sample number: 5810.0
sample number: 1623.0
sample number: 1623.0
epoch:14; train_fscore:34.71%; train_loss:2.0196; train_loss1:1.3355; train_loss2:0.6841
sample number: 5810.0
sample number: 1623.0
sample number: 1623.0
epoch:15; train_fscore:33.89%; train_loss:2.1229; train_loss1:1.3282; train_loss2:0.7948
sample number: 5810.0
sample number: 1623.0
sample number: 1623.0
epoch:16; train_fscore:38.68%; train_loss:1.9592; train_loss1:1.2469; train_loss2:0.7123
sample number: 5810.0
sample number: 1623.0
sample number: 1623.0
epoch:17; train_fscore:43.77%; train_loss:1.9369; train_loss1:1.213; train_loss2:0.7239
sample number: 5810.0
sample number: 1623.0
sample number: 1623.0
epoch:18; train_fscore:38.36%; train_loss:1.9226; train_loss1:1.2159; train_loss2:0.7067
sample number: 5810.0
sample number: 1623.0
sample number: 1623.0
epoch:19; train_fscore:45.42%; train_loss:1.9538; train_loss1:1.1993; train_loss2:0.7546
sample number: 5810.0
sample number: 1623.0
sample number: 1623.0
epoch:20; train_fscore:37.74%; train_loss:2.0572; train_loss1:1.282; train_loss2:0.7752
sample number: 5810.0
sample number: 1623.0
sample number: 1623.0
epoch:21; train_fscore:39.99%; train_loss:1.9312; train_loss1:1.1802; train_loss2:0.7511
sample number: 5810.0
sample number: 1623.0
sample number: 1623.0
epoch:22; train_fscore:49.16%; train_loss:1.9117; train_loss1:1.1496; train_loss2:0.762
sample number: 5810.0
sample number: 1623.0
sample number: 1623.0
epoch:23; train_fscore:48.86%; train_loss:1.7783; train_loss1:1.1262; train_loss2:0.652
sample number: 5810.0
sample number: 1623.0
sample number: 1623.0
epoch:24; train_fscore:45.32%; train_loss:1.8269; train_loss1:1.1308; train_loss2:0.6961
sample number: 5810.0
sample number: 1623.0
sample number: 1623.0
epoch:25; train_fscore:48.46%; train_loss:1.8331; train_loss1:1.1385; train_loss2:0.6946
sample number: 5810.0
sample number: 1623.0
sample number: 1623.0
epoch:26; train_fscore:48.92%; train_loss:1.832; train_loss1:1.1068; train_loss2:0.7252
sample number: 5810.0
sample number: 1623.0
sample number: 1623.0
epoch:27; train_fscore:47.79%; train_loss:1.8725; train_loss1:1.114; train_loss2:0.7585
sample number: 5810.0
sample number: 1623.0
sample number: 1623.0
epoch:28; train_fscore:44.83%; train_loss:1.8401; train_loss1:1.1207; train_loss2:0.7194
sample number: 5810.0
sample number: 1623.0
sample number: 1623.0
epoch:29; train_fscore:46.18%; train_loss:1.845; train_loss1:1.151; train_loss2:0.6941
sample number: 5810.0
sample number: 1623.0
sample number: 1623.0
epoch:30; train_fscore:43.85%; train_loss:1.8382; train_loss1:1.1395; train_loss2:0.6987
sample number: 5810.0
sample number: 1623.0
sample number: 1623.0
epoch:31; train_fscore:51.43%; train_loss:1.7887; train_loss1:1.0844; train_loss2:0.7043
sample number: 5810.0
sample number: 1623.0
sample number: 1623.0
epoch:32; train_fscore:52.02%; train_loss:1.7966; train_loss1:1.0812; train_loss2:0.7154
sample number: 5810.0
sample number: 1623.0
sample number: 1623.0
epoch:33; train_fscore:52.46%; train_loss:1.786; train_loss1:1.078; train_loss2:0.7079
sample number: 5810.0
sample number: 1623.0
sample number: 1623.0
epoch:34; train_fscore:52.14%; train_loss:1.7527; train_loss1:1.0728; train_loss2:0.6799
sample number: 5810.0
sample number: 1623.0
sample number: 1623.0
epoch:35; train_fscore:53.42%; train_loss:1.7048; train_loss1:1.0224; train_loss2:0.6824
sample number: 5810.0
sample number: 1623.0
sample number: 1623.0
epoch:36; train_fscore:54.14%; train_loss:1.7916; train_loss1:1.0362; train_loss2:0.7555
sample number: 5810.0
sample number: 1623.0
sample number: 1623.0
epoch:37; train_fscore:54.89%; train_loss:1.7274; train_loss1:1.0194; train_loss2:0.7081
sample number: 5810.0
sample number: 1623.0
sample number: 1623.0
epoch:38; train_fscore:52.97%; train_loss:1.7222; train_loss1:1.0222; train_loss2:0.7
sample number: 5810.0
sample number: 1623.0
sample number: 1623.0
epoch:39; train_fscore:55.21%; train_loss:1.7444; train_loss1:1.0291; train_loss2:0.7153
sample number: 5810.0
sample number: 1623.0
sample number: 1623.0
epoch:40; train_fscore:56.12%; train_loss:1.6821; train_loss1:0.9773; train_loss2:0.7048
sample number: 5810.0
sample number: 1623.0
sample number: 1623.0
epoch:41; train_fscore:55.72%; train_loss:1.7101; train_loss1:0.9761; train_loss2:0.734
sample number: 5810.0
sample number: 1623.0
sample number: 1623.0
epoch:42; train_fscore:57.79%; train_loss:1.6629; train_loss1:0.9905; train_loss2:0.6724
sample number: 5810.0
sample number: 1623.0
sample number: 1623.0
epoch:43; train_fscore:59.09%; train_loss:1.6955; train_loss1:0.9386; train_loss2:0.757
sample number: 5810.0
sample number: 1623.0
sample number: 1623.0
epoch:44; train_fscore:59.39%; train_loss:1.5899; train_loss1:0.9331; train_loss2:0.6568
sample number: 5810.0
sample number: 1623.0
sample number: 1623.0
epoch:45; train_fscore:58.03%; train_loss:1.7094; train_loss1:0.9565; train_loss2:0.7529
sample number: 5810.0
sample number: 1623.0
sample number: 1623.0
epoch:46; train_fscore:59.09%; train_loss:1.6707; train_loss1:0.9096; train_loss2:0.7611
sample number: 5810.0
sample number: 1623.0
sample number: 1623.0
epoch:47; train_fscore:62.28%; train_loss:1.5801; train_loss1:0.9035; train_loss2:0.6765
sample number: 5810.0
sample number: 1623.0
sample number: 1623.0
epoch:48; train_fscore:58.64%; train_loss:1.5746; train_loss1:0.9107; train_loss2:0.6639
sample number: 5810.0
sample number: 1623.0
sample number: 1623.0
epoch:49; train_fscore:61.58%; train_loss:1.5798; train_loss1:0.9242; train_loss2:0.6557
sample number: 5810.0
sample number: 1623.0
sample number: 1623.0
epoch:50; train_fscore:55.43%; train_loss:1.6535; train_loss1:0.9449; train_loss2:0.7086
sample number: 5810.0
sample number: 1623.0
sample number: 1623.0
epoch:51; train_fscore:59.06%; train_loss:1.649; train_loss1:0.9237; train_loss2:0.7252
sample number: 5810.0
sample number: 1623.0
sample number: 1623.0
epoch:52; train_fscore:59.40%; train_loss:1.5766; train_loss1:0.9222; train_loss2:0.6544
sample number: 5810.0
sample number: 1623.0
sample number: 1623.0
epoch:53; train_fscore:61.51%; train_loss:1.6334; train_loss1:0.9111; train_loss2:0.7223
sample number: 5810.0
sample number: 1623.0
sample number: 1623.0
epoch:54; train_fscore:62.69%; train_loss:1.5702; train_loss1:0.8685; train_loss2:0.7016
sample number: 5810.0
sample number: 1623.0
sample number: 1623.0
epoch:55; train_fscore:62.90%; train_loss:1.6281; train_loss1:0.8811; train_loss2:0.747
sample number: 5810.0
sample number: 1623.0
sample number: 1623.0
epoch:56; train_fscore:62.77%; train_loss:1.639; train_loss1:0.8677; train_loss2:0.7713
sample number: 5810.0
sample number: 1623.0
sample number: 1623.0
epoch:57; train_fscore:62.73%; train_loss:1.6393; train_loss1:0.8891; train_loss2:0.7502
sample number: 5810.0
sample number: 1623.0
sample number: 1623.0
epoch:58; train_fscore:63.63%; train_loss:1.5911; train_loss1:0.8532; train_loss2:0.7379
sample number: 5810.0
sample number: 1623.0
sample number: 1623.0
epoch:59; train_fscore:67.02%; train_loss:1.4995; train_loss1:0.8198; train_loss2:0.6798
sample number: 5810.0
sample number: 1623.0
sample number: 1623.0
epoch:60; train_fscore:65.48%; train_loss:1.5131; train_loss1:0.8259; train_loss2:0.6872
sample number: 5810.0
sample number: 1623.0
sample number: 1623.0
epoch:61; train_fscore:64.02%; train_loss:1.4994; train_loss1:0.8292; train_loss2:0.6702
sample number: 5810.0
sample number: 1623.0
sample number: 1623.0
epoch:62; train_fscore:67.13%; train_loss:1.5196; train_loss1:0.8165; train_loss2:0.7031
sample number: 5810.0
sample number: 1623.0
sample number: 1623.0
epoch:63; train_fscore:65.82%; train_loss:1.5625; train_loss1:0.8203; train_loss2:0.7422
sample number: 5810.0
sample number: 1623.0
sample number: 1623.0
epoch:64; train_fscore:67.45%; train_loss:1.4828; train_loss1:0.7867; train_loss2:0.6961
sample number: 5810.0
sample number: 1623.0
sample number: 1623.0
epoch:65; train_fscore:67.80%; train_loss:1.4813; train_loss1:0.7944; train_loss2:0.687
sample number: 5810.0
sample number: 1623.0
sample number: 1623.0
epoch:66; train_fscore:66.66%; train_loss:1.4609; train_loss1:0.8138; train_loss2:0.6471
sample number: 5810.0
sample number: 1623.0
sample number: 1623.0
epoch:67; train_fscore:69.91%; train_loss:1.445; train_loss1:0.7636; train_loss2:0.6814
sample number: 5810.0
sample number: 1623.0
sample number: 1623.0
epoch:68; train_fscore:66.95%; train_loss:1.5346; train_loss1:0.7844; train_loss2:0.7502
sample number: 5810.0
sample number: 1623.0
sample number: 1623.0
epoch:69; train_fscore:69.77%; train_loss:1.478; train_loss1:0.7546; train_loss2:0.7234
sample number: 5810.0
sample number: 1623.0
sample number: 1623.0
epoch:70; train_fscore:70.59%; train_loss:1.3892; train_loss1:0.7468; train_loss2:0.6425
sample number: 5810.0
sample number: 1623.0
sample number: 1623.0
epoch:71; train_fscore:70.83%; train_loss:1.4248; train_loss1:0.7367; train_loss2:0.6882
sample number: 5810.0
sample number: 1623.0
sample number: 1623.0
epoch:72; train_fscore:69.41%; train_loss:1.4161; train_loss1:0.7361; train_loss2:0.68
sample number: 5810.0
sample number: 1623.0
sample number: 1623.0
epoch:73; train_fscore:68.50%; train_loss:1.4884; train_loss1:0.7674; train_loss2:0.7209
sample number: 5810.0
sample number: 1623.0
sample number: 1623.0
epoch:74; train_fscore:72.12%; train_loss:1.3817; train_loss1:0.7113; train_loss2:0.6704
sample number: 5810.0
sample number: 1623.0
sample number: 1623.0
epoch:75; train_fscore:70.98%; train_loss:1.4304; train_loss1:0.707; train_loss2:0.7234
sample number: 5810.0
sample number: 1623.0
sample number: 1623.0
epoch:76; train_fscore:71.22%; train_loss:1.4764; train_loss1:0.696; train_loss2:0.7804
sample number: 5810.0
sample number: 1623.0
sample number: 1623.0
epoch:77; train_fscore:72.39%; train_loss:1.326; train_loss1:0.6869; train_loss2:0.6391
sample number: 5810.0
sample number: 1623.0
sample number: 1623.0
epoch:78; train_fscore:72.21%; train_loss:1.4339; train_loss1:0.6849; train_loss2:0.749
sample number: 5810.0
sample number: 1623.0
sample number: 1623.0
epoch:79; train_fscore:71.37%; train_loss:1.4006; train_loss1:0.6968; train_loss2:0.7037
sample number: 5810.0
sample number: 1623.0
sample number: 1623.0
epoch:80; train_fscore:73.45%; train_loss:1.3277; train_loss1:0.6787; train_loss2:0.649
sample number: 5810.0
sample number: 1623.0
sample number: 1623.0
epoch:81; train_fscore:72.52%; train_loss:1.3729; train_loss1:0.6865; train_loss2:0.6864
sample number: 5810.0
sample number: 1623.0
sample number: 1623.0
epoch:82; train_fscore:73.12%; train_loss:1.3478; train_loss1:0.6744; train_loss2:0.6734
sample number: 5810.0
sample number: 1623.0
sample number: 1623.0
epoch:83; train_fscore:74.12%; train_loss:1.379; train_loss1:0.6413; train_loss2:0.7376
sample number: 5810.0
sample number: 1623.0
sample number: 1623.0
epoch:84; train_fscore:75.56%; train_loss:1.333; train_loss1:0.618; train_loss2:0.7149
sample number: 5810.0
sample number: 1623.0
sample number: 1623.0
epoch:85; train_fscore:75.08%; train_loss:1.3276; train_loss1:0.6325; train_loss2:0.6951
sample number: 5810.0
sample number: 1623.0
sample number: 1623.0
epoch:86; train_fscore:76.00%; train_loss:1.2586; train_loss1:0.6102; train_loss2:0.6484
sample number: 5810.0
sample number: 1623.0
sample number: 1623.0
epoch:87; train_fscore:75.15%; train_loss:1.325; train_loss1:0.6228; train_loss2:0.7022
sample number: 5810.0
sample number: 1623.0
sample number: 1623.0
epoch:88; train_fscore:76.44%; train_loss:1.2798; train_loss1:0.5947; train_loss2:0.6852
sample number: 5810.0
sample number: 1623.0
sample number: 1623.0
epoch:89; train_fscore:74.48%; train_loss:1.3572; train_loss1:0.6312; train_loss2:0.7261
sample number: 5810.0
sample number: 1623.0
sample number: 1623.0
epoch:90; train_fscore:74.47%; train_loss:1.2817; train_loss1:0.6348; train_loss2:0.647
sample number: 5810.0
sample number: 1623.0
sample number: 1623.0
epoch:91; train_fscore:74.45%; train_loss:1.3494; train_loss1:0.6488; train_loss2:0.7006
sample number: 5810.0
sample number: 1623.0
sample number: 1623.0
epoch:92; train_fscore:74.35%; train_loss:1.3581; train_loss1:0.6407; train_loss2:0.7174
sample number: 5810.0
sample number: 1623.0
sample number: 1623.0
epoch:93; train_fscore:75.88%; train_loss:1.3044; train_loss1:0.6071; train_loss2:0.6973
sample number: 5810.0
sample number: 1623.0
sample number: 1623.0
epoch:94; train_fscore:75.16%; train_loss:1.3246; train_loss1:0.6271; train_loss2:0.6975
sample number: 5810.0
sample number: 1623.0
sample number: 1623.0
epoch:95; train_fscore:75.80%; train_loss:1.2952; train_loss1:0.5915; train_loss2:0.7037
sample number: 5810.0
sample number: 1623.0
sample number: 1623.0
epoch:96; train_fscore:75.85%; train_loss:1.3197; train_loss1:0.5938; train_loss2:0.7259
sample number: 5810.0
sample number: 1623.0
sample number: 1623.0
epoch:97; train_fscore:76.21%; train_loss:1.2369; train_loss1:0.5781; train_loss2:0.6588
sample number: 5810.0
sample number: 1623.0
sample number: 1623.0
epoch:98; train_fscore:76.27%; train_loss:1.2602; train_loss1:0.5731; train_loss2:0.6871
sample number: 5810.0
sample number: 1623.0
sample number: 1623.0
epoch:99; train_fscore:77.66%; train_loss:1.2854; train_loss1:0.5651; train_loss2:0.7203
sample number: 5810.0
sample number: 1623.0
sample number: 1623.0
epoch:100; train_fscore:77.57%; train_loss:1.336; train_loss1:0.5635; train_loss2:0.7725
Step3: saving and testing on the 5 folder
>>>>> Finish: training on the 5 folder, duration: 364.66954231262207 >>>>>
====== Saving =======
SMOKE_ONLY=False
save results in /data2/yb/paper/experiments/second_graph_aggregation_iemocap6_20260825_phase_b/formal/rtdr/miss_0p5/seed_69/fold_5/saved/iemocapsix_original_addition_relationtrack_diagonal_f5_s69_m0p5_1787699472.1429317.npz
