test_switch_exists (tests.test_gap_increment_filter.GapIncrementTests) ... ok
test_cuda_cfg84_identity_and_rng (tests.test_gap_increment_filter.GapIncrementTests) ... ok
test_single_scan_shared_dropout_and_endpoints (tests.test_gap_increment_filter.GapIncrementTests) ... ok
test_inactive_gap_nan_and_padding (tests.test_gap_increment_filter.GapIncrementTests) ... ok
test_config_cli_and_full_model_learning (tests.test_gap_increment_filter.GapIncrementTests) ... ok
test_epoch_diagnostics_and_single_task_loss (tests.test_gap_increment_filter.GapIncrementTests) ... ok
test_only_filter_flag_changes (tests.test_gap_increment_filter_runner.FilterRunnerTests) ... ok
test_rejects_wrong_seed_or_other_module (tests.test_gap_increment_filter_runner.FilterRunnerTests) ... ok
test_base_gradients_include_memory_and_not_relation (tests.test_relation_dual_readout.DualReadoutTests) ... ok
test_config (tests.test_relation_dual_readout.DualReadoutTests) ... ok
test_cuda_cfg84_same_initial_prediction_and_rng (tests.test_relation_dual_readout.DualReadoutTests) ... ok
test_rng_state_parameters_and_zero_init_gradients (tests.test_relation_dual_readout.DualReadoutTests) ... ok
test_same_trajectory_and_shared_layers (tests.test_relation_dual_readout.DualReadoutTests) ... ok
test_task_helper_preserves_mask_and_original_loss (tests.test_relation_dual_readout.DualReadoutTests) ... ok
test_epoch_single_trajectory_and_fixed_loss (tests.test_relation_dual_training.DualTrainingTests) ... ok
test_ablation_inputs_and_memory_unchanged_after_update (tests.test_current_history_relation.RelationTests) ... ok
test_config_and_cli (tests.test_current_history_relation.RelationTests) ... ok
test_cuda_cfg84_initial_logits (tests.test_current_history_relation.RelationTests) ... ok
test_full_model_logits_and_learning (tests.test_current_history_relation.RelationTests) ... ok
test_mask_history_and_gradients (tests.test_current_history_relation.RelationTests) ... ok
test_original_initialization_and_memory (tests.test_current_history_relation.RelationTests) ... ok
test_pairwise_equation_and_control_capacity (tests.test_current_history_relation.RelationTests) ... ok

----------------------------------------------------------------------
Ran 22 tests in 11.038s

OK
