Namespace(allow_short_run=False, audio_feature='wav2vec-large-c-UTT', base_model='LSTM', batch_size=32, branch_fusion='addition', data_root='/data2/yb/paper/GCNet_TPAMI_modality_jepa_20260818/dataset/IEMOCAP', dataset='IEMOCAPSix', dropout=0.5, epochs=100, fold_index=5, graph_conv_variant='original', hidden=200, l2=1e-05, loss_recon=True, lower_bound=False, lr=0.001, mask_bank_root='/data2/yb/paper/experiments/mpfilm_iemocap6_20260824/mask_banks', mask_seed=68, mask_type='constant-0.2', n_classes=6, n_speakers=2, no_cuda=False, num_folder=5, num_threads=6, output_dir='/data2/yb/paper/experiments/second_graph_aggregation_iemocap6_20260825_phase_b/formal/rtdr/miss_0p2/seed_68/fold_5/saved', post_graph_context='bilstm', pre_graph_context='bilstm', reccls_flag=False, relation_track_routing='diagonal', second_graph_aggregation='add', seed=68, text_feature='deberta-large-4-UTT', time_attn=False, video_feature='manet_UTT', windowf=2, windowp=2)
====== Reading Data =======
audio dimension: 512; text dimension: 1024; video dimension: 1024
stage-aware mask bundle: sha256=30508820f5a0da2dbbabb94685a70df4151dba6d20eea2b28ca6000be6fa56ea requested=0.2000 realized=0.2023
====== Training and Evaluation =======
>>>>> Cross-validation: training on the 5 folder >>>>>
Step1: build model (each folder has its own model)
Model have 36419816 paramerters in total
Graph NN with LSTM as base model.
Step2: training (multiple epoches)
sample number: 5810.0
sample number: 1623.0
sample number: 1623.0
epoch:1; train_fscore:15.03%; train_loss:2.9257; train_loss1:1.7791; train_loss2:1.1466
sample number: 5810.0
sample number: 1623.0
sample number: 1623.0
epoch:2; train_fscore:19.61%; train_loss:2.8387; train_loss1:1.684; train_loss2:1.1547
sample number: 5810.0
sample number: 1623.0
sample number: 1623.0
epoch:3; train_fscore:21.08%; train_loss:2.8184; train_loss1:1.8694; train_loss2:0.949
sample number: 5810.0
sample number: 1623.0
sample number: 1623.0
epoch:4; train_fscore:15.40%; train_loss:2.6195; train_loss1:1.7295; train_loss2:0.89
sample number: 5810.0
sample number: 1623.0
sample number: 1623.0
epoch:5; train_fscore:14.64%; train_loss:2.5897; train_loss1:1.7084; train_loss2:0.8814
sample number: 5810.0
sample number: 1623.0
sample number: 1623.0
epoch:6; train_fscore:18.13%; train_loss:2.366; train_loss1:1.6059; train_loss2:0.7601
sample number: 5810.0
sample number: 1623.0
sample number: 1623.0
epoch:7; train_fscore:25.67%; train_loss:2.3089; train_loss1:1.5493; train_loss2:0.7596
sample number: 5810.0
sample number: 1623.0
sample number: 1623.0
epoch:8; train_fscore:26.98%; train_loss:2.2397; train_loss1:1.5407; train_loss2:0.699
sample number: 5810.0
sample number: 1623.0
sample number: 1623.0
epoch:9; train_fscore:25.19%; train_loss:2.115; train_loss1:1.5026; train_loss2:0.6124
sample number: 5810.0
sample number: 1623.0
sample number: 1623.0
epoch:10; train_fscore:27.90%; train_loss:1.9702; train_loss1:1.5022; train_loss2:0.468
sample number: 5810.0
sample number: 1623.0
sample number: 1623.0
epoch:11; train_fscore:27.54%; train_loss:1.9555; train_loss1:1.5165; train_loss2:0.4391
sample number: 5810.0
sample number: 1623.0
sample number: 1623.0
epoch:12; train_fscore:29.17%; train_loss:1.8587; train_loss1:1.4767; train_loss2:0.382
sample number: 5810.0
sample number: 1623.0
sample number: 1623.0
epoch:13; train_fscore:35.92%; train_loss:1.7314; train_loss1:1.3899; train_loss2:0.3415
sample number: 5810.0
sample number: 1623.0
sample number: 1623.0
epoch:14; train_fscore:36.07%; train_loss:1.8878; train_loss1:1.4995; train_loss2:0.3882
sample number: 5810.0
sample number: 1623.0
sample number: 1623.0
epoch:15; train_fscore:30.88%; train_loss:1.9961; train_loss1:1.6678; train_loss2:0.3283
sample number: 5810.0
sample number: 1623.0
sample number: 1623.0
epoch:16; train_fscore:25.31%; train_loss:1.8744; train_loss1:1.5316; train_loss2:0.3428
sample number: 5810.0
sample number: 1623.0
sample number: 1623.0
epoch:17; train_fscore:30.03%; train_loss:1.7107; train_loss1:1.3979; train_loss2:0.3128
sample number: 5810.0
sample number: 1623.0
sample number: 1623.0
epoch:18; train_fscore:35.44%; train_loss:1.6202; train_loss1:1.2824; train_loss2:0.3377
sample number: 5810.0
sample number: 1623.0
sample number: 1623.0
epoch:19; train_fscore:39.55%; train_loss:1.6085; train_loss1:1.2713; train_loss2:0.3372
sample number: 5810.0
sample number: 1623.0
sample number: 1623.0
epoch:20; train_fscore:37.32%; train_loss:1.5194; train_loss1:1.2222; train_loss2:0.2972
sample number: 5810.0
sample number: 1623.0
sample number: 1623.0
epoch:21; train_fscore:42.65%; train_loss:1.4818; train_loss1:1.1757; train_loss2:0.3061
sample number: 5810.0
sample number: 1623.0
sample number: 1623.0
epoch:22; train_fscore:41.87%; train_loss:1.4584; train_loss1:1.1415; train_loss2:0.3168
sample number: 5810.0
sample number: 1623.0
sample number: 1623.0
epoch:23; train_fscore:48.20%; train_loss:1.3909; train_loss1:1.0967; train_loss2:0.2942
sample number: 5810.0
sample number: 1623.0
sample number: 1623.0
epoch:24; train_fscore:51.56%; train_loss:1.3775; train_loss1:1.0951; train_loss2:0.2823
sample number: 5810.0
sample number: 1623.0
sample number: 1623.0
epoch:25; train_fscore:53.15%; train_loss:1.339; train_loss1:1.0939; train_loss2:0.245
sample number: 5810.0
sample number: 1623.0
sample number: 1623.0
epoch:26; train_fscore:54.26%; train_loss:1.3546; train_loss1:1.0535; train_loss2:0.3011
sample number: 5810.0
sample number: 1623.0
sample number: 1623.0
epoch:27; train_fscore:52.33%; train_loss:1.3517; train_loss1:1.0692; train_loss2:0.2825
sample number: 5810.0
sample number: 1623.0
sample number: 1623.0
epoch:28; train_fscore:52.32%; train_loss:1.3772; train_loss1:1.0973; train_loss2:0.2799
sample number: 5810.0
sample number: 1623.0
sample number: 1623.0
epoch:29; train_fscore:52.80%; train_loss:1.3786; train_loss1:1.0912; train_loss2:0.2874
sample number: 5810.0
sample number: 1623.0
sample number: 1623.0
epoch:30; train_fscore:54.83%; train_loss:1.2999; train_loss1:1.0383; train_loss2:0.2616
sample number: 5810.0
sample number: 1623.0
sample number: 1623.0
epoch:31; train_fscore:50.66%; train_loss:1.4142; train_loss1:1.1149; train_loss2:0.2993
sample number: 5810.0
sample number: 1623.0
sample number: 1623.0
epoch:32; train_fscore:48.77%; train_loss:1.3934; train_loss1:1.0995; train_loss2:0.2939
sample number: 5810.0
sample number: 1623.0
sample number: 1623.0
epoch:33; train_fscore:53.25%; train_loss:1.3667; train_loss1:1.0551; train_loss2:0.3115
sample number: 5810.0
sample number: 1623.0
sample number: 1623.0
epoch:34; train_fscore:51.50%; train_loss:1.3496; train_loss1:1.0275; train_loss2:0.3222
sample number: 5810.0
sample number: 1623.0
sample number: 1623.0
epoch:35; train_fscore:53.22%; train_loss:1.2906; train_loss1:0.9982; train_loss2:0.2924
sample number: 5810.0
sample number: 1623.0
sample number: 1623.0
epoch:36; train_fscore:57.40%; train_loss:1.2915; train_loss1:0.9854; train_loss2:0.3061
sample number: 5810.0
sample number: 1623.0
sample number: 1623.0
epoch:37; train_fscore:55.58%; train_loss:1.2462; train_loss1:0.9646; train_loss2:0.2816
sample number: 5810.0
sample number: 1623.0
sample number: 1623.0
epoch:38; train_fscore:59.06%; train_loss:1.2516; train_loss1:0.9428; train_loss2:0.3088
sample number: 5810.0
sample number: 1623.0
sample number: 1623.0
epoch:39; train_fscore:58.27%; train_loss:1.2435; train_loss1:0.9424; train_loss2:0.3011
sample number: 5810.0
sample number: 1623.0
sample number: 1623.0
epoch:40; train_fscore:58.85%; train_loss:1.237; train_loss1:0.9357; train_loss2:0.3012
sample number: 5810.0
sample number: 1623.0
sample number: 1623.0
epoch:41; train_fscore:60.03%; train_loss:1.193; train_loss1:0.9165; train_loss2:0.2765
sample number: 5810.0
sample number: 1623.0
sample number: 1623.0
epoch:42; train_fscore:60.25%; train_loss:1.2096; train_loss1:0.9259; train_loss2:0.2837
sample number: 5810.0
sample number: 1623.0
sample number: 1623.0
epoch:43; train_fscore:60.42%; train_loss:1.2176; train_loss1:0.9192; train_loss2:0.2985
sample number: 5810.0
sample number: 1623.0
sample number: 1623.0
epoch:44; train_fscore:62.07%; train_loss:1.1901; train_loss1:0.9; train_loss2:0.2901
sample number: 5810.0
sample number: 1623.0
sample number: 1623.0
epoch:45; train_fscore:62.10%; train_loss:1.1368; train_loss1:0.8668; train_loss2:0.27
sample number: 5810.0
sample number: 1623.0
sample number: 1623.0
epoch:46; train_fscore:63.29%; train_loss:1.1133; train_loss1:0.8546; train_loss2:0.2587
sample number: 5810.0
sample number: 1623.0
sample number: 1623.0
epoch:47; train_fscore:62.54%; train_loss:1.1486; train_loss1:0.8496; train_loss2:0.299
sample number: 5810.0
sample number: 1623.0
sample number: 1623.0
epoch:48; train_fscore:62.47%; train_loss:1.1492; train_loss1:0.864; train_loss2:0.2852
sample number: 5810.0
sample number: 1623.0
sample number: 1623.0
epoch:49; train_fscore:64.35%; train_loss:1.1326; train_loss1:0.8399; train_loss2:0.2927
sample number: 5810.0
sample number: 1623.0
sample number: 1623.0
epoch:50; train_fscore:64.93%; train_loss:1.1583; train_loss1:0.8104; train_loss2:0.3479
sample number: 5810.0
sample number: 1623.0
sample number: 1623.0
epoch:51; train_fscore:65.24%; train_loss:1.1333; train_loss1:0.8199; train_loss2:0.3134
sample number: 5810.0
sample number: 1623.0
sample number: 1623.0
epoch:52; train_fscore:63.48%; train_loss:1.0993; train_loss1:0.8179; train_loss2:0.2814
sample number: 5810.0
sample number: 1623.0
sample number: 1623.0
epoch:53; train_fscore:65.26%; train_loss:1.0952; train_loss1:0.8028; train_loss2:0.2924
sample number: 5810.0
sample number: 1623.0
sample number: 1623.0
epoch:54; train_fscore:65.97%; train_loss:1.068; train_loss1:0.7934; train_loss2:0.2746
sample number: 5810.0
sample number: 1623.0
sample number: 1623.0
epoch:55; train_fscore:66.52%; train_loss:1.0298; train_loss1:0.7712; train_loss2:0.2586
sample number: 5810.0
sample number: 1623.0
sample number: 1623.0
epoch:56; train_fscore:66.75%; train_loss:1.077; train_loss1:0.7742; train_loss2:0.3028
sample number: 5810.0
sample number: 1623.0
sample number: 1623.0
epoch:57; train_fscore:66.19%; train_loss:1.059; train_loss1:0.7847; train_loss2:0.2743
sample number: 5810.0
sample number: 1623.0
sample number: 1623.0
epoch:58; train_fscore:66.26%; train_loss:1.0851; train_loss1:0.7978; train_loss2:0.2873
sample number: 5810.0
sample number: 1623.0
sample number: 1623.0
epoch:59; train_fscore:63.05%; train_loss:1.1664; train_loss1:0.8692; train_loss2:0.2972
sample number: 5810.0
sample number: 1623.0
sample number: 1623.0
epoch:60; train_fscore:66.67%; train_loss:1.0693; train_loss1:0.7914; train_loss2:0.2779
sample number: 5810.0
sample number: 1623.0
sample number: 1623.0
epoch:61; train_fscore:66.76%; train_loss:1.068; train_loss1:0.7747; train_loss2:0.2932
sample number: 5810.0
sample number: 1623.0
sample number: 1623.0
epoch:62; train_fscore:68.31%; train_loss:1.0434; train_loss1:0.7689; train_loss2:0.2745
sample number: 5810.0
sample number: 1623.0
sample number: 1623.0
epoch:63; train_fscore:70.04%; train_loss:1.025; train_loss1:0.725; train_loss2:0.3
sample number: 5810.0
sample number: 1623.0
sample number: 1623.0
epoch:64; train_fscore:69.33%; train_loss:1.0226; train_loss1:0.7149; train_loss2:0.3076
sample number: 5810.0
sample number: 1623.0
sample number: 1623.0
epoch:65; train_fscore:70.11%; train_loss:0.9821; train_loss1:0.6981; train_loss2:0.284
sample number: 5810.0
sample number: 1623.0
sample number: 1623.0
epoch:66; train_fscore:71.62%; train_loss:0.9477; train_loss1:0.6883; train_loss2:0.2593
sample number: 5810.0
sample number: 1623.0
sample number: 1623.0
epoch:67; train_fscore:72.16%; train_loss:0.9598; train_loss1:0.6765; train_loss2:0.2832
sample number: 5810.0
sample number: 1623.0
sample number: 1623.0
epoch:68; train_fscore:72.18%; train_loss:0.9746; train_loss1:0.6668; train_loss2:0.3078
sample number: 5810.0
sample number: 1623.0
sample number: 1623.0
epoch:69; train_fscore:72.11%; train_loss:0.9364; train_loss1:0.6549; train_loss2:0.2815
sample number: 5810.0
sample number: 1623.0
sample number: 1623.0
epoch:70; train_fscore:73.71%; train_loss:0.9292; train_loss1:0.6429; train_loss2:0.2863
sample number: 5810.0
sample number: 1623.0
sample number: 1623.0
epoch:71; train_fscore:73.57%; train_loss:0.943; train_loss1:0.6533; train_loss2:0.2897
sample number: 5810.0
sample number: 1623.0
sample number: 1623.0
epoch:72; train_fscore:71.30%; train_loss:0.9537; train_loss1:0.6865; train_loss2:0.2672
sample number: 5810.0
sample number: 1623.0
sample number: 1623.0
epoch:73; train_fscore:71.72%; train_loss:0.9498; train_loss1:0.6641; train_loss2:0.2857
sample number: 5810.0
sample number: 1623.0
sample number: 1623.0
epoch:74; train_fscore:71.51%; train_loss:0.9679; train_loss1:0.6703; train_loss2:0.2976
sample number: 5810.0
sample number: 1623.0
sample number: 1623.0
epoch:75; train_fscore:72.09%; train_loss:0.9764; train_loss1:0.6866; train_loss2:0.2898
sample number: 5810.0
sample number: 1623.0
sample number: 1623.0
epoch:76; train_fscore:70.80%; train_loss:0.9769; train_loss1:0.6992; train_loss2:0.2777
sample number: 5810.0
sample number: 1623.0
sample number: 1623.0
epoch:77; train_fscore:70.22%; train_loss:0.9905; train_loss1:0.7122; train_loss2:0.2783
sample number: 5810.0
sample number: 1623.0
sample number: 1623.0
epoch:78; train_fscore:74.13%; train_loss:0.9337; train_loss1:0.6466; train_loss2:0.2871
sample number: 5810.0
sample number: 1623.0
sample number: 1623.0
epoch:79; train_fscore:76.92%; train_loss:0.8668; train_loss1:0.5922; train_loss2:0.2746
sample number: 5810.0
sample number: 1623.0
sample number: 1623.0
epoch:80; train_fscore:75.68%; train_loss:0.8729; train_loss1:0.6095; train_loss2:0.2634
sample number: 5810.0
sample number: 1623.0
sample number: 1623.0
epoch:81; train_fscore:76.88%; train_loss:0.9026; train_loss1:0.587; train_loss2:0.3155
sample number: 5810.0
sample number: 1623.0
sample number: 1623.0
epoch:82; train_fscore:77.88%; train_loss:0.8388; train_loss1:0.5663; train_loss2:0.2725
sample number: 5810.0
sample number: 1623.0
sample number: 1623.0
epoch:83; train_fscore:78.30%; train_loss:0.8298; train_loss1:0.5442; train_loss2:0.2856
sample number: 5810.0
sample number: 1623.0
sample number: 1623.0
epoch:84; train_fscore:77.98%; train_loss:0.8587; train_loss1:0.5414; train_loss2:0.3173
sample number: 5810.0
sample number: 1623.0
sample number: 1623.0
epoch:85; train_fscore:79.03%; train_loss:0.8145; train_loss1:0.533; train_loss2:0.2816
sample number: 5810.0
sample number: 1623.0
sample number: 1623.0
epoch:86; train_fscore:78.93%; train_loss:0.8017; train_loss1:0.525; train_loss2:0.2767
sample number: 5810.0
sample number: 1623.0
sample number: 1623.0
epoch:87; train_fscore:79.18%; train_loss:0.8022; train_loss1:0.5161; train_loss2:0.2861
sample number: 5810.0
sample number: 1623.0
sample number: 1623.0
epoch:88; train_fscore:79.84%; train_loss:0.7778; train_loss1:0.5056; train_loss2:0.2722
sample number: 5810.0
sample number: 1623.0
sample number: 1623.0
epoch:89; train_fscore:80.27%; train_loss:0.7837; train_loss1:0.5039; train_loss2:0.2798
sample number: 5810.0
sample number: 1623.0
sample number: 1623.0
epoch:90; train_fscore:81.04%; train_loss:0.7383; train_loss1:0.4703; train_loss2:0.268
sample number: 5810.0
sample number: 1623.0
sample number: 1623.0
epoch:91; train_fscore:81.47%; train_loss:0.756; train_loss1:0.4744; train_loss2:0.2816
sample number: 5810.0
sample number: 1623.0
sample number: 1623.0
epoch:92; train_fscore:82.29%; train_loss:0.7238; train_loss1:0.4564; train_loss2:0.2674
sample number: 5810.0
sample number: 1623.0
sample number: 1623.0
epoch:93; train_fscore:81.80%; train_loss:0.7393; train_loss1:0.4546; train_loss2:0.2847
sample number: 5810.0
sample number: 1623.0
sample number: 1623.0
epoch:94; train_fscore:83.41%; train_loss:0.6895; train_loss1:0.4177; train_loss2:0.2719
sample number: 5810.0
sample number: 1623.0
sample number: 1623.0
epoch:95; train_fscore:82.53%; train_loss:0.7406; train_loss1:0.4363; train_loss2:0.3043
sample number: 5810.0
sample number: 1623.0
sample number: 1623.0
epoch:96; train_fscore:81.88%; train_loss:0.7589; train_loss1:0.4412; train_loss2:0.3178
sample number: 5810.0
sample number: 1623.0
sample number: 1623.0
epoch:97; train_fscore:82.39%; train_loss:0.7224; train_loss1:0.4373; train_loss2:0.2851
sample number: 5810.0
sample number: 1623.0
sample number: 1623.0
epoch:98; train_fscore:81.83%; train_loss:0.7633; train_loss1:0.4532; train_loss2:0.3101
sample number: 5810.0
sample number: 1623.0
sample number: 1623.0
epoch:99; train_fscore:82.22%; train_loss:0.7233; train_loss1:0.4365; train_loss2:0.2869
sample number: 5810.0
sample number: 1623.0
sample number: 1623.0
epoch:100; train_fscore:82.79%; train_loss:0.6887; train_loss1:0.4272; train_loss2:0.2616
Step3: saving and testing on the 5 folder
>>>>> Finish: training on the 5 folder, duration: 363.5471348762512 >>>>>
====== Saving =======
SMOKE_ONLY=False
save results in /data2/yb/paper/experiments/second_graph_aggregation_iemocap6_20260825_phase_b/formal/rtdr/miss_0p2/seed_68/fold_5/saved/iemocapsix_original_addition_relationtrack_diagonal_f5_s68_m0p2_1787700129.4455025.npz
