Namespace(allow_short_run=False, audio_feature='wav2vec-large-c-UTT', base_model='LSTM', batch_size=32, branch_fusion='addition', data_root='/data2/yb/paper/GCNet_TPAMI_modality_jepa_20260818/dataset/IEMOCAP', dataset='IEMOCAPSix', dropout=0.5, epochs=100, fold_index=5, graph_conv_variant='original', hidden=200, l2=1e-05, loss_recon=True, lower_bound=False, lr=0.001, mask_bank_root='/data2/yb/paper/experiments/mpfilm_iemocap6_20260824/mask_banks', mask_seed=69, mask_type='constant-0.4', n_classes=6, n_speakers=2, no_cuda=False, num_folder=5, num_threads=6, output_dir='/data2/yb/paper/experiments/second_graph_aggregation_iemocap6_20260825_phase_b/formal/rtdr/miss_0p4/seed_69/fold_5/saved', post_graph_context='bilstm', pre_graph_context='bilstm', reccls_flag=False, relation_track_routing='diagonal', second_graph_aggregation='add', seed=69, text_feature='deberta-large-4-UTT', time_attn=False, video_feature='manet_UTT', windowf=2, windowp=2)
====== Reading Data =======
audio dimension: 512; text dimension: 1024; video dimension: 1024
stage-aware mask bundle: sha256=353329a6dbaf49ac858875810990d1135102bf2941a15d6bc73244e0479139f9 requested=0.4000 realized=0.4021
====== Training and Evaluation =======
>>>>> Cross-validation: training on the 5 folder >>>>>
Step1: build model (each folder has its own model)
Model have 36419816 paramerters in total
Graph NN with LSTM as base model.
Step2: training (multiple epoches)
sample number: 5810.0
sample number: 1623.0
sample number: 1623.0
epoch:1; train_fscore:13.87%; train_loss:4.0678; train_loss1:1.7251; train_loss2:2.3426
sample number: 5810.0
sample number: 1623.0
sample number: 1623.0
epoch:2; train_fscore:21.80%; train_loss:4.1027; train_loss1:2.087; train_loss2:2.0157
sample number: 5810.0
sample number: 1623.0
sample number: 1623.0
epoch:3; train_fscore:18.19%; train_loss:3.4777; train_loss1:1.6376; train_loss2:1.8401
sample number: 5810.0
sample number: 1623.0
sample number: 1623.0
epoch:4; train_fscore:18.94%; train_loss:3.2216; train_loss1:1.6082; train_loss2:1.6134
sample number: 5810.0
sample number: 1623.0
sample number: 1623.0
epoch:5; train_fscore:20.34%; train_loss:3.0124; train_loss1:1.5429; train_loss2:1.4696
sample number: 5810.0
sample number: 1623.0
sample number: 1623.0
epoch:6; train_fscore:29.97%; train_loss:2.8566; train_loss1:1.4757; train_loss2:1.3808
sample number: 5810.0
sample number: 1623.0
sample number: 1623.0
epoch:7; train_fscore:27.38%; train_loss:2.5908; train_loss1:1.4889; train_loss2:1.1019
sample number: 5810.0
sample number: 1623.0
sample number: 1623.0
epoch:8; train_fscore:30.96%; train_loss:2.3; train_loss1:1.4314; train_loss2:0.8686
sample number: 5810.0
sample number: 1623.0
sample number: 1623.0
epoch:9; train_fscore:30.37%; train_loss:2.2121; train_loss1:1.4303; train_loss2:0.7818
sample number: 5810.0
sample number: 1623.0
sample number: 1623.0
epoch:10; train_fscore:37.40%; train_loss:2.0239; train_loss1:1.3034; train_loss2:0.7205
sample number: 5810.0
sample number: 1623.0
sample number: 1623.0
epoch:11; train_fscore:36.07%; train_loss:1.9175; train_loss1:1.2972; train_loss2:0.6203
sample number: 5810.0
sample number: 1623.0
sample number: 1623.0
epoch:12; train_fscore:41.27%; train_loss:1.8871; train_loss1:1.2597; train_loss2:0.6274
sample number: 5810.0
sample number: 1623.0
sample number: 1623.0
epoch:13; train_fscore:43.32%; train_loss:1.7656; train_loss1:1.1797; train_loss2:0.5859
sample number: 5810.0
sample number: 1623.0
sample number: 1623.0
epoch:14; train_fscore:42.59%; train_loss:1.817; train_loss1:1.2326; train_loss2:0.5845
sample number: 5810.0
sample number: 1623.0
sample number: 1623.0
epoch:15; train_fscore:44.39%; train_loss:1.7955; train_loss1:1.1659; train_loss2:0.6296
sample number: 5810.0
sample number: 1623.0
sample number: 1623.0
epoch:16; train_fscore:49.66%; train_loss:1.6823; train_loss1:1.1328; train_loss2:0.5495
sample number: 5810.0
sample number: 1623.0
sample number: 1623.0
epoch:17; train_fscore:51.03%; train_loss:1.6736; train_loss1:1.0881; train_loss2:0.5855
sample number: 5810.0
sample number: 1623.0
sample number: 1623.0
epoch:18; train_fscore:49.26%; train_loss:1.6572; train_loss1:1.1055; train_loss2:0.5517
sample number: 5810.0
sample number: 1623.0
sample number: 1623.0
epoch:19; train_fscore:49.68%; train_loss:1.6723; train_loss1:1.1191; train_loss2:0.5532
sample number: 5810.0
sample number: 1623.0
sample number: 1623.0
epoch:20; train_fscore:46.06%; train_loss:1.7917; train_loss1:1.1634; train_loss2:0.6283
sample number: 5810.0
sample number: 1623.0
sample number: 1623.0
epoch:21; train_fscore:45.27%; train_loss:1.7497; train_loss1:1.1795; train_loss2:0.5702
sample number: 5810.0
sample number: 1623.0
sample number: 1623.0
epoch:22; train_fscore:50.38%; train_loss:1.7187; train_loss1:1.1189; train_loss2:0.5998
sample number: 5810.0
sample number: 1623.0
sample number: 1623.0
epoch:23; train_fscore:51.54%; train_loss:1.6091; train_loss1:1.0806; train_loss2:0.5285
sample number: 5810.0
sample number: 1623.0
sample number: 1623.0
epoch:24; train_fscore:53.22%; train_loss:1.6157; train_loss1:1.0556; train_loss2:0.5601
sample number: 5810.0
sample number: 1623.0
sample number: 1623.0
epoch:25; train_fscore:52.83%; train_loss:1.6181; train_loss1:1.0657; train_loss2:0.5524
sample number: 5810.0
sample number: 1623.0
sample number: 1623.0
epoch:26; train_fscore:52.84%; train_loss:1.6122; train_loss1:1.0415; train_loss2:0.5708
sample number: 5810.0
sample number: 1623.0
sample number: 1623.0
epoch:27; train_fscore:54.13%; train_loss:1.5948; train_loss1:1.0203; train_loss2:0.5745
sample number: 5810.0
sample number: 1623.0
sample number: 1623.0
epoch:28; train_fscore:56.74%; train_loss:1.564; train_loss1:0.9902; train_loss2:0.5738
sample number: 5810.0
sample number: 1623.0
sample number: 1623.0
epoch:29; train_fscore:56.11%; train_loss:1.5493; train_loss1:0.9975; train_loss2:0.5518
sample number: 5810.0
sample number: 1623.0
sample number: 1623.0
epoch:30; train_fscore:58.53%; train_loss:1.5212; train_loss1:0.979; train_loss2:0.5423
sample number: 5810.0
sample number: 1623.0
sample number: 1623.0
epoch:31; train_fscore:56.30%; train_loss:1.5205; train_loss1:0.9665; train_loss2:0.554
sample number: 5810.0
sample number: 1623.0
sample number: 1623.0
epoch:32; train_fscore:59.69%; train_loss:1.5051; train_loss1:0.935; train_loss2:0.5702
sample number: 5810.0
sample number: 1623.0
sample number: 1623.0
epoch:33; train_fscore:59.34%; train_loss:1.4753; train_loss1:0.9415; train_loss2:0.5339
sample number: 5810.0
sample number: 1623.0
sample number: 1623.0
epoch:34; train_fscore:58.94%; train_loss:1.4815; train_loss1:0.962; train_loss2:0.5196
sample number: 5810.0
sample number: 1623.0
sample number: 1623.0
epoch:35; train_fscore:55.66%; train_loss:1.517; train_loss1:0.9595; train_loss2:0.5575
sample number: 5810.0
sample number: 1623.0
sample number: 1623.0
epoch:36; train_fscore:59.65%; train_loss:1.5543; train_loss1:0.9548; train_loss2:0.5995
sample number: 5810.0
sample number: 1623.0
sample number: 1623.0
epoch:37; train_fscore:58.31%; train_loss:1.5041; train_loss1:0.9391; train_loss2:0.5651
sample number: 5810.0
sample number: 1623.0
sample number: 1623.0
epoch:38; train_fscore:62.44%; train_loss:1.4817; train_loss1:0.9137; train_loss2:0.5681
sample number: 5810.0
sample number: 1623.0
sample number: 1623.0
epoch:39; train_fscore:59.23%; train_loss:1.4958; train_loss1:0.9329; train_loss2:0.5629
sample number: 5810.0
sample number: 1623.0
sample number: 1623.0
epoch:40; train_fscore:61.46%; train_loss:1.446; train_loss1:0.8956; train_loss2:0.5504
sample number: 5810.0
sample number: 1623.0
sample number: 1623.0
epoch:41; train_fscore:59.57%; train_loss:1.5477; train_loss1:0.9721; train_loss2:0.5756
sample number: 5810.0
sample number: 1623.0
sample number: 1623.0
epoch:42; train_fscore:59.71%; train_loss:1.4789; train_loss1:0.938; train_loss2:0.5409
sample number: 5810.0
sample number: 1623.0
sample number: 1623.0
epoch:43; train_fscore:60.68%; train_loss:1.5227; train_loss1:0.91; train_loss2:0.6127
sample number: 5810.0
sample number: 1623.0
sample number: 1623.0
epoch:44; train_fscore:61.55%; train_loss:1.3983; train_loss1:0.8812; train_loss2:0.5171
sample number: 5810.0
sample number: 1623.0
sample number: 1623.0
epoch:45; train_fscore:60.99%; train_loss:1.5394; train_loss1:0.9288; train_loss2:0.6106
sample number: 5810.0
sample number: 1623.0
sample number: 1623.0
epoch:46; train_fscore:65.27%; train_loss:1.4347; train_loss1:0.8554; train_loss2:0.5794
sample number: 5810.0
sample number: 1623.0
sample number: 1623.0
epoch:47; train_fscore:67.26%; train_loss:1.3631; train_loss1:0.815; train_loss2:0.5481
sample number: 5810.0
sample number: 1623.0
sample number: 1623.0
epoch:48; train_fscore:67.66%; train_loss:1.3302; train_loss1:0.8021; train_loss2:0.5281
sample number: 5810.0
sample number: 1623.0
sample number: 1623.0
epoch:49; train_fscore:66.35%; train_loss:1.377; train_loss1:0.8269; train_loss2:0.5501
sample number: 5810.0
sample number: 1623.0
sample number: 1623.0
epoch:50; train_fscore:64.92%; train_loss:1.3678; train_loss1:0.8196; train_loss2:0.5482
sample number: 5810.0
sample number: 1623.0
sample number: 1623.0
epoch:51; train_fscore:68.09%; train_loss:1.4011; train_loss1:0.7793; train_loss2:0.6218
sample number: 5810.0
sample number: 1623.0
sample number: 1623.0
epoch:52; train_fscore:68.93%; train_loss:1.291; train_loss1:0.7642; train_loss2:0.5268
sample number: 5810.0
sample number: 1623.0
sample number: 1623.0
epoch:53; train_fscore:67.20%; train_loss:1.3696; train_loss1:0.793; train_loss2:0.5766
sample number: 5810.0
sample number: 1623.0
sample number: 1623.0
epoch:54; train_fscore:68.90%; train_loss:1.3251; train_loss1:0.7668; train_loss2:0.5583
sample number: 5810.0
sample number: 1623.0
sample number: 1623.0
epoch:55; train_fscore:70.87%; train_loss:1.3096; train_loss1:0.7314; train_loss2:0.5782
sample number: 5810.0
sample number: 1623.0
sample number: 1623.0
epoch:56; train_fscore:70.05%; train_loss:1.3414; train_loss1:0.7257; train_loss2:0.6156
sample number: 5810.0
sample number: 1623.0
sample number: 1623.0
epoch:57; train_fscore:71.52%; train_loss:1.2862; train_loss1:0.6913; train_loss2:0.5948
sample number: 5810.0
sample number: 1623.0
sample number: 1623.0
epoch:58; train_fscore:72.42%; train_loss:1.2685; train_loss1:0.6941; train_loss2:0.5745
sample number: 5810.0
sample number: 1623.0
sample number: 1623.0
epoch:59; train_fscore:73.76%; train_loss:1.1868; train_loss1:0.6629; train_loss2:0.5239
sample number: 5810.0
sample number: 1623.0
sample number: 1623.0
epoch:60; train_fscore:73.59%; train_loss:1.2296; train_loss1:0.6705; train_loss2:0.5591
sample number: 5810.0
sample number: 1623.0
sample number: 1623.0
epoch:61; train_fscore:74.41%; train_loss:1.1633; train_loss1:0.6586; train_loss2:0.5047
sample number: 5810.0
sample number: 1623.0
sample number: 1623.0
epoch:62; train_fscore:72.97%; train_loss:1.2277; train_loss1:0.6754; train_loss2:0.5522
sample number: 5810.0
sample number: 1623.0
sample number: 1623.0
epoch:63; train_fscore:71.25%; train_loss:1.3168; train_loss1:0.711; train_loss2:0.6058
sample number: 5810.0
sample number: 1623.0
sample number: 1623.0
epoch:64; train_fscore:71.03%; train_loss:1.2489; train_loss1:0.7063; train_loss2:0.5426
sample number: 5810.0
sample number: 1623.0
sample number: 1623.0
epoch:65; train_fscore:71.89%; train_loss:1.2606; train_loss1:0.7006; train_loss2:0.56
sample number: 5810.0
sample number: 1623.0
sample number: 1623.0
epoch:66; train_fscore:72.49%; train_loss:1.2103; train_loss1:0.6871; train_loss2:0.5232
sample number: 5810.0
sample number: 1623.0
sample number: 1623.0
epoch:67; train_fscore:72.98%; train_loss:1.207; train_loss1:0.6726; train_loss2:0.5344
sample number: 5810.0
sample number: 1623.0
sample number: 1623.0
epoch:68; train_fscore:75.25%; train_loss:1.2462; train_loss1:0.6442; train_loss2:0.602
sample number: 5810.0
sample number: 1623.0
sample number: 1623.0
epoch:69; train_fscore:74.85%; train_loss:1.1933; train_loss1:0.6253; train_loss2:0.568
sample number: 5810.0
sample number: 1623.0
sample number: 1623.0
epoch:70; train_fscore:75.13%; train_loss:1.1585; train_loss1:0.6288; train_loss2:0.5297
sample number: 5810.0
sample number: 1623.0
sample number: 1623.0
epoch:71; train_fscore:76.84%; train_loss:1.127; train_loss1:0.5908; train_loss2:0.5362
sample number: 5810.0
sample number: 1623.0
sample number: 1623.0
epoch:72; train_fscore:76.93%; train_loss:1.1412; train_loss1:0.5873; train_loss2:0.5539
sample number: 5810.0
sample number: 1623.0
sample number: 1623.0
epoch:73; train_fscore:76.03%; train_loss:1.1927; train_loss1:0.6101; train_loss2:0.5826
sample number: 5810.0
sample number: 1623.0
sample number: 1623.0
epoch:74; train_fscore:77.29%; train_loss:1.1194; train_loss1:0.5802; train_loss2:0.5392
sample number: 5810.0
sample number: 1623.0
sample number: 1623.0
epoch:75; train_fscore:76.52%; train_loss:1.1464; train_loss1:0.5876; train_loss2:0.5588
sample number: 5810.0
sample number: 1623.0
sample number: 1623.0
epoch:76; train_fscore:77.41%; train_loss:1.203; train_loss1:0.5753; train_loss2:0.6277
sample number: 5810.0
sample number: 1623.0
sample number: 1623.0
epoch:77; train_fscore:76.97%; train_loss:1.1015; train_loss1:0.5803; train_loss2:0.5212
sample number: 5810.0
sample number: 1623.0
sample number: 1623.0
epoch:78; train_fscore:76.65%; train_loss:1.1757; train_loss1:0.5775; train_loss2:0.5982
sample number: 5810.0
sample number: 1623.0
sample number: 1623.0
epoch:79; train_fscore:77.78%; train_loss:1.1075; train_loss1:0.5539; train_loss2:0.5536
sample number: 5810.0
sample number: 1623.0
sample number: 1623.0
epoch:80; train_fscore:78.33%; train_loss:1.0952; train_loss1:0.549; train_loss2:0.5463
sample number: 5810.0
sample number: 1623.0
sample number: 1623.0
epoch:81; train_fscore:78.23%; train_loss:1.0647; train_loss1:0.5314; train_loss2:0.5332
sample number: 5810.0
sample number: 1623.0
sample number: 1623.0
epoch:82; train_fscore:79.00%; train_loss:1.0761; train_loss1:0.5379; train_loss2:0.5383
sample number: 5810.0
sample number: 1623.0
sample number: 1623.0
epoch:83; train_fscore:79.99%; train_loss:1.0976; train_loss1:0.5174; train_loss2:0.5802
sample number: 5810.0
sample number: 1623.0
sample number: 1623.0
epoch:84; train_fscore:78.94%; train_loss:1.0822; train_loss1:0.5195; train_loss2:0.5627
sample number: 5810.0
sample number: 1623.0
sample number: 1623.0
epoch:85; train_fscore:79.06%; train_loss:1.0971; train_loss1:0.539; train_loss2:0.5581
sample number: 5810.0
sample number: 1623.0
sample number: 1623.0
epoch:86; train_fscore:79.10%; train_loss:1.0341; train_loss1:0.5225; train_loss2:0.5116
sample number: 5810.0
sample number: 1623.0
sample number: 1623.0
epoch:87; train_fscore:80.33%; train_loss:1.0633; train_loss1:0.5136; train_loss2:0.5498
sample number: 5810.0
sample number: 1623.0
sample number: 1623.0
epoch:88; train_fscore:79.77%; train_loss:1.0388; train_loss1:0.5159; train_loss2:0.5229
sample number: 5810.0
sample number: 1623.0
sample number: 1623.0
epoch:89; train_fscore:80.47%; train_loss:1.0999; train_loss1:0.502; train_loss2:0.5979
sample number: 5810.0
sample number: 1623.0
sample number: 1623.0
epoch:90; train_fscore:80.84%; train_loss:0.9929; train_loss1:0.4834; train_loss2:0.5094
sample number: 5810.0
sample number: 1623.0
sample number: 1623.0
epoch:91; train_fscore:81.50%; train_loss:1.0334; train_loss1:0.4652; train_loss2:0.5681
sample number: 5810.0
sample number: 1623.0
sample number: 1623.0
epoch:92; train_fscore:82.13%; train_loss:1.0235; train_loss1:0.4629; train_loss2:0.5606
sample number: 5810.0
sample number: 1623.0
sample number: 1623.0
epoch:93; train_fscore:81.91%; train_loss:0.9953; train_loss1:0.4479; train_loss2:0.5474
sample number: 5810.0
sample number: 1623.0
sample number: 1623.0
epoch:94; train_fscore:82.49%; train_loss:1.002; train_loss1:0.4469; train_loss2:0.5551
sample number: 5810.0
sample number: 1623.0
sample number: 1623.0
epoch:95; train_fscore:82.04%; train_loss:1.0189; train_loss1:0.4432; train_loss2:0.5757
sample number: 5810.0
sample number: 1623.0
sample number: 1623.0
epoch:96; train_fscore:82.32%; train_loss:1.0013; train_loss1:0.4477; train_loss2:0.5535
sample number: 5810.0
sample number: 1623.0
sample number: 1623.0
epoch:97; train_fscore:83.12%; train_loss:0.947; train_loss1:0.4253; train_loss2:0.5218
sample number: 5810.0
sample number: 1623.0
sample number: 1623.0
epoch:98; train_fscore:82.20%; train_loss:0.9873; train_loss1:0.4475; train_loss2:0.5398
sample number: 5810.0
sample number: 1623.0
sample number: 1623.0
epoch:99; train_fscore:82.51%; train_loss:1.0141; train_loss1:0.4278; train_loss2:0.5863
sample number: 5810.0
sample number: 1623.0
sample number: 1623.0
epoch:100; train_fscore:82.83%; train_loss:1.0262; train_loss1:0.4328; train_loss2:0.5935
Step3: saving and testing on the 5 folder
>>>>> Finish: training on the 5 folder, duration: 345.37708473205566 >>>>>
====== Saving =======
SMOKE_ONLY=False
save results in /data2/yb/paper/experiments/second_graph_aggregation_iemocap6_20260825_phase_b/formal/rtdr/miss_0p4/seed_69/fold_5/saved/iemocapsix_original_addition_relationtrack_diagonal_f5_s69_m0p4_1787700884.159488.npz
