Namespace(allow_short_run=False, audio_feature='wav2vec-large-c-UTT', base_model='LSTM', batch_size=32, branch_fusion='addition', data_root='/data2/yb/paper/GCNet_TPAMI_modality_jepa_20260818/dataset/IEMOCAP', dataset='IEMOCAPSix', dropout=0.5, epochs=100, fold_index=5, graph_conv_variant='original', hidden=200, l2=1e-05, loss_recon=True, lower_bound=False, lr=0.001, mask_bank_root='/data2/yb/paper/experiments/mpfilm_iemocap6_20260824/mask_banks', mask_seed=66, mask_type='constant-0.3', n_classes=6, n_speakers=2, no_cuda=False, num_folder=5, num_threads=6, output_dir='/data2/yb/paper/experiments/second_graph_aggregation_iemocap6_20260825_phase_b/formal/rtdr/miss_0p3/seed_66/fold_5/saved', post_graph_context='bilstm', pre_graph_context='bilstm', reccls_flag=False, relation_track_routing='diagonal', second_graph_aggregation='add', seed=66, text_feature='deberta-large-4-UTT', time_attn=False, video_feature='manet_UTT', windowf=2, windowp=2)
====== Reading Data =======
audio dimension: 512; text dimension: 1024; video dimension: 1024
stage-aware mask bundle: sha256=f2b030fceb902d62a3cf1dc8e0c00783785b1dbd82ccae39289577a3486c85ec requested=0.3000 realized=0.3023
====== Training and Evaluation =======
>>>>> Cross-validation: training on the 5 folder >>>>>
Step1: build model (each folder has its own model)
Model have 36419816 paramerters in total
Graph NN with LSTM as base model.
Step2: training (multiple epoches)
sample number: 5810.0
sample number: 1623.0
sample number: 1623.0
epoch:1; train_fscore:12.21%; train_loss:3.5822; train_loss1:1.8015; train_loss2:1.7808
sample number: 5810.0
sample number: 1623.0
sample number: 1623.0
epoch:2; train_fscore:13.33%; train_loss:3.3041; train_loss1:1.796; train_loss2:1.5081
sample number: 5810.0
sample number: 1623.0
sample number: 1623.0
epoch:3; train_fscore:18.05%; train_loss:2.9912; train_loss1:1.7374; train_loss2:1.2538
sample number: 5810.0
sample number: 1623.0
sample number: 1623.0
epoch:4; train_fscore:21.25%; train_loss:2.8389; train_loss1:1.6829; train_loss2:1.156
sample number: 5810.0
sample number: 1623.0
sample number: 1623.0
epoch:5; train_fscore:22.32%; train_loss:2.768; train_loss1:1.609; train_loss2:1.159
sample number: 5810.0
sample number: 1623.0
sample number: 1623.0
epoch:6; train_fscore:26.85%; train_loss:2.4489; train_loss1:1.5471; train_loss2:0.9018
sample number: 5810.0
sample number: 1623.0
sample number: 1623.0
epoch:7; train_fscore:22.73%; train_loss:2.476; train_loss1:1.5508; train_loss2:0.9252
sample number: 5810.0
sample number: 1623.0
sample number: 1623.0
epoch:8; train_fscore:21.37%; train_loss:2.2894; train_loss1:1.5674; train_loss2:0.7221
sample number: 5810.0
sample number: 1623.0
sample number: 1623.0
epoch:9; train_fscore:27.11%; train_loss:2.1255; train_loss1:1.5141; train_loss2:0.6114
sample number: 5810.0
sample number: 1623.0
sample number: 1623.0
epoch:10; train_fscore:28.98%; train_loss:2.025; train_loss1:1.4573; train_loss2:0.5676
sample number: 5810.0
sample number: 1623.0
sample number: 1623.0
epoch:11; train_fscore:35.43%; train_loss:1.7937; train_loss1:1.302; train_loss2:0.4917
sample number: 5810.0
sample number: 1623.0
sample number: 1623.0
epoch:12; train_fscore:39.99%; train_loss:1.754; train_loss1:1.2956; train_loss2:0.4584
sample number: 5810.0
sample number: 1623.0
sample number: 1623.0
epoch:13; train_fscore:39.70%; train_loss:1.7409; train_loss1:1.2818; train_loss2:0.4591
sample number: 5810.0
sample number: 1623.0
sample number: 1623.0
epoch:14; train_fscore:35.05%; train_loss:1.8232; train_loss1:1.4024; train_loss2:0.4208
sample number: 5810.0
sample number: 1623.0
sample number: 1623.0
epoch:15; train_fscore:36.87%; train_loss:1.7449; train_loss1:1.3228; train_loss2:0.4221
sample number: 5810.0
sample number: 1623.0
sample number: 1623.0
epoch:16; train_fscore:43.43%; train_loss:1.6892; train_loss1:1.2515; train_loss2:0.4377
sample number: 5810.0
sample number: 1623.0
sample number: 1623.0
epoch:17; train_fscore:40.16%; train_loss:1.9265; train_loss1:1.4439; train_loss2:0.4826
sample number: 5810.0
sample number: 1623.0
sample number: 1623.0
epoch:18; train_fscore:35.66%; train_loss:1.8409; train_loss1:1.3825; train_loss2:0.4584
sample number: 5810.0
sample number: 1623.0
sample number: 1623.0
epoch:19; train_fscore:36.86%; train_loss:1.7603; train_loss1:1.3104; train_loss2:0.4499
sample number: 5810.0
sample number: 1623.0
sample number: 1623.0
epoch:20; train_fscore:36.97%; train_loss:1.7005; train_loss1:1.2351; train_loss2:0.4654
sample number: 5810.0
sample number: 1623.0
sample number: 1623.0
epoch:21; train_fscore:39.10%; train_loss:1.5894; train_loss1:1.1818; train_loss2:0.4076
sample number: 5810.0
sample number: 1623.0
sample number: 1623.0
epoch:22; train_fscore:41.51%; train_loss:1.6333; train_loss1:1.1621; train_loss2:0.4711
sample number: 5810.0
sample number: 1623.0
sample number: 1623.0
epoch:23; train_fscore:45.31%; train_loss:1.6117; train_loss1:1.1499; train_loss2:0.4618
sample number: 5810.0
sample number: 1623.0
sample number: 1623.0
epoch:24; train_fscore:49.92%; train_loss:1.5197; train_loss1:1.0798; train_loss2:0.4398
sample number: 5810.0
sample number: 1623.0
sample number: 1623.0
epoch:25; train_fscore:47.23%; train_loss:1.5779; train_loss1:1.1231; train_loss2:0.4548
sample number: 5810.0
sample number: 1623.0
sample number: 1623.0
epoch:26; train_fscore:47.58%; train_loss:1.5546; train_loss1:1.1193; train_loss2:0.4354
sample number: 5810.0
sample number: 1623.0
sample number: 1623.0
epoch:27; train_fscore:49.21%; train_loss:1.5207; train_loss1:1.1003; train_loss2:0.4204
sample number: 5810.0
sample number: 1623.0
sample number: 1623.0
epoch:28; train_fscore:49.78%; train_loss:1.474; train_loss1:1.0718; train_loss2:0.4022
sample number: 5810.0
sample number: 1623.0
sample number: 1623.0
epoch:29; train_fscore:54.14%; train_loss:1.4994; train_loss1:1.0386; train_loss2:0.4609
sample number: 5810.0
sample number: 1623.0
sample number: 1623.0
epoch:30; train_fscore:54.62%; train_loss:1.3854; train_loss1:1.0114; train_loss2:0.374
sample number: 5810.0
sample number: 1623.0
sample number: 1623.0
epoch:31; train_fscore:56.88%; train_loss:1.4213; train_loss1:1.0084; train_loss2:0.4129
sample number: 5810.0
sample number: 1623.0
sample number: 1623.0
epoch:32; train_fscore:55.75%; train_loss:1.4121; train_loss1:0.9873; train_loss2:0.4247
sample number: 5810.0
sample number: 1623.0
sample number: 1623.0
epoch:33; train_fscore:57.43%; train_loss:1.4262; train_loss1:0.991; train_loss2:0.4352
sample number: 5810.0
sample number: 1623.0
sample number: 1623.0
epoch:34; train_fscore:54.76%; train_loss:1.4043; train_loss1:0.9943; train_loss2:0.41
sample number: 5810.0
sample number: 1623.0
sample number: 1623.0
epoch:35; train_fscore:58.51%; train_loss:1.453; train_loss1:0.9856; train_loss2:0.4674
sample number: 5810.0
sample number: 1623.0
sample number: 1623.0
epoch:36; train_fscore:55.49%; train_loss:1.407; train_loss1:0.9812; train_loss2:0.4258
sample number: 5810.0
sample number: 1623.0
sample number: 1623.0
epoch:37; train_fscore:58.84%; train_loss:1.3854; train_loss1:0.9557; train_loss2:0.4297
sample number: 5810.0
sample number: 1623.0
sample number: 1623.0
epoch:38; train_fscore:57.04%; train_loss:1.3804; train_loss1:0.9525; train_loss2:0.4279
sample number: 5810.0
sample number: 1623.0
sample number: 1623.0
epoch:39; train_fscore:60.51%; train_loss:1.2835; train_loss1:0.9149; train_loss2:0.3687
sample number: 5810.0
sample number: 1623.0
sample number: 1623.0
epoch:40; train_fscore:60.93%; train_loss:1.3158; train_loss1:0.8958; train_loss2:0.42
sample number: 5810.0
sample number: 1623.0
sample number: 1623.0
epoch:41; train_fscore:62.50%; train_loss:1.3544; train_loss1:0.8694; train_loss2:0.485
sample number: 5810.0
sample number: 1623.0
sample number: 1623.0
epoch:42; train_fscore:62.26%; train_loss:1.2959; train_loss1:0.8734; train_loss2:0.4225
sample number: 5810.0
sample number: 1623.0
sample number: 1623.0
epoch:43; train_fscore:62.33%; train_loss:1.2976; train_loss1:0.8696; train_loss2:0.428
sample number: 5810.0
sample number: 1623.0
sample number: 1623.0
epoch:44; train_fscore:63.29%; train_loss:1.3031; train_loss1:0.8826; train_loss2:0.4204
sample number: 5810.0
sample number: 1623.0
sample number: 1623.0
epoch:45; train_fscore:62.81%; train_loss:1.2958; train_loss1:0.8599; train_loss2:0.4359
sample number: 5810.0
sample number: 1623.0
sample number: 1623.0
epoch:46; train_fscore:63.01%; train_loss:1.2878; train_loss1:0.8723; train_loss2:0.4155
sample number: 5810.0
sample number: 1623.0
sample number: 1623.0
epoch:47; train_fscore:64.74%; train_loss:1.2561; train_loss1:0.8333; train_loss2:0.4228
sample number: 5810.0
sample number: 1623.0
sample number: 1623.0
epoch:48; train_fscore:64.67%; train_loss:1.2763; train_loss1:0.8341; train_loss2:0.4422
sample number: 5810.0
sample number: 1623.0
sample number: 1623.0
epoch:49; train_fscore:66.64%; train_loss:1.2113; train_loss1:0.7948; train_loss2:0.4165
sample number: 5810.0
sample number: 1623.0
sample number: 1623.0
epoch:50; train_fscore:66.55%; train_loss:1.2762; train_loss1:0.8109; train_loss2:0.4653
sample number: 5810.0
sample number: 1623.0
sample number: 1623.0
epoch:51; train_fscore:66.86%; train_loss:1.2417; train_loss1:0.7929; train_loss2:0.4488
sample number: 5810.0
sample number: 1623.0
sample number: 1623.0
epoch:52; train_fscore:69.91%; train_loss:1.1824; train_loss1:0.7513; train_loss2:0.4311
sample number: 5810.0
sample number: 1623.0
sample number: 1623.0
epoch:53; train_fscore:69.63%; train_loss:1.1591; train_loss1:0.7394; train_loss2:0.4197
sample number: 5810.0
sample number: 1623.0
sample number: 1623.0
epoch:54; train_fscore:69.82%; train_loss:1.1487; train_loss1:0.7308; train_loss2:0.4179
sample number: 5810.0
sample number: 1623.0
sample number: 1623.0
epoch:55; train_fscore:71.48%; train_loss:1.1211; train_loss1:0.6971; train_loss2:0.424
sample number: 5810.0
sample number: 1623.0
sample number: 1623.0
epoch:56; train_fscore:70.86%; train_loss:1.132; train_loss1:0.7027; train_loss2:0.4293
sample number: 5810.0
sample number: 1623.0
sample number: 1623.0
epoch:57; train_fscore:71.58%; train_loss:1.112; train_loss1:0.7056; train_loss2:0.4065
sample number: 5810.0
sample number: 1623.0
sample number: 1623.0
epoch:58; train_fscore:72.74%; train_loss:1.0924; train_loss1:0.6812; train_loss2:0.4112
sample number: 5810.0
sample number: 1623.0
sample number: 1623.0
epoch:59; train_fscore:72.07%; train_loss:1.1445; train_loss1:0.6871; train_loss2:0.4574
sample number: 5810.0
sample number: 1623.0
sample number: 1623.0
epoch:60; train_fscore:72.66%; train_loss:1.1216; train_loss1:0.6884; train_loss2:0.4332
sample number: 5810.0
sample number: 1623.0
sample number: 1623.0
epoch:61; train_fscore:70.82%; train_loss:1.1244; train_loss1:0.6818; train_loss2:0.4426
sample number: 5810.0
sample number: 1623.0
sample number: 1623.0
epoch:62; train_fscore:73.81%; train_loss:1.0801; train_loss1:0.6497; train_loss2:0.4304
sample number: 5810.0
sample number: 1623.0
sample number: 1623.0
epoch:63; train_fscore:74.77%; train_loss:1.0397; train_loss1:0.6304; train_loss2:0.4093
sample number: 5810.0
sample number: 1623.0
sample number: 1623.0
epoch:64; train_fscore:75.50%; train_loss:1.0628; train_loss1:0.6308; train_loss2:0.432
sample number: 5810.0
sample number: 1623.0
sample number: 1623.0
epoch:65; train_fscore:75.60%; train_loss:1.0271; train_loss1:0.6135; train_loss2:0.4137
sample number: 5810.0
sample number: 1623.0
sample number: 1623.0
epoch:66; train_fscore:75.32%; train_loss:1.0225; train_loss1:0.613; train_loss2:0.4095
sample number: 5810.0
sample number: 1623.0
sample number: 1623.0
epoch:67; train_fscore:75.58%; train_loss:1.0444; train_loss1:0.6137; train_loss2:0.4306
sample number: 5810.0
sample number: 1623.0
sample number: 1623.0
epoch:68; train_fscore:76.76%; train_loss:1.0237; train_loss1:0.5868; train_loss2:0.4369
sample number: 5810.0
sample number: 1623.0
sample number: 1623.0
epoch:69; train_fscore:77.80%; train_loss:0.9792; train_loss1:0.5608; train_loss2:0.4184
sample number: 5810.0
sample number: 1623.0
sample number: 1623.0
epoch:70; train_fscore:76.31%; train_loss:0.9828; train_loss1:0.5808; train_loss2:0.402
sample number: 5810.0
sample number: 1623.0
sample number: 1623.0
epoch:71; train_fscore:77.43%; train_loss:0.974; train_loss1:0.5744; train_loss2:0.3995
sample number: 5810.0
sample number: 1623.0
sample number: 1623.0
epoch:72; train_fscore:77.26%; train_loss:1.0029; train_loss1:0.5649; train_loss2:0.438
sample number: 5810.0
sample number: 1623.0
sample number: 1623.0
epoch:73; train_fscore:79.54%; train_loss:0.95; train_loss1:0.5209; train_loss2:0.4291
sample number: 5810.0
sample number: 1623.0
sample number: 1623.0
epoch:74; train_fscore:78.88%; train_loss:0.9735; train_loss1:0.5445; train_loss2:0.429
sample number: 5810.0
sample number: 1623.0
sample number: 1623.0
epoch:75; train_fscore:79.39%; train_loss:0.9251; train_loss1:0.5182; train_loss2:0.4069
sample number: 5810.0
sample number: 1623.0
sample number: 1623.0
epoch:76; train_fscore:78.63%; train_loss:0.9528; train_loss1:0.5309; train_loss2:0.4219
sample number: 5810.0
sample number: 1623.0
sample number: 1623.0
epoch:77; train_fscore:79.05%; train_loss:0.9402; train_loss1:0.5237; train_loss2:0.4165
sample number: 5810.0
sample number: 1623.0
sample number: 1623.0
epoch:78; train_fscore:79.30%; train_loss:0.9193; train_loss1:0.5151; train_loss2:0.4042
sample number: 5810.0
sample number: 1623.0
sample number: 1623.0
epoch:79; train_fscore:79.40%; train_loss:0.906; train_loss1:0.5124; train_loss2:0.3936
sample number: 5810.0
sample number: 1623.0
sample number: 1623.0
epoch:80; train_fscore:79.93%; train_loss:0.9386; train_loss1:0.5096; train_loss2:0.4291
sample number: 5810.0
sample number: 1623.0
sample number: 1623.0
epoch:81; train_fscore:81.03%; train_loss:0.9142; train_loss1:0.4834; train_loss2:0.4307
sample number: 5810.0
sample number: 1623.0
sample number: 1623.0
epoch:82; train_fscore:80.45%; train_loss:0.9294; train_loss1:0.4923; train_loss2:0.4371
sample number: 5810.0
sample number: 1623.0
sample number: 1623.0
epoch:83; train_fscore:80.55%; train_loss:0.8803; train_loss1:0.4852; train_loss2:0.3951
sample number: 5810.0
sample number: 1623.0
sample number: 1623.0
epoch:84; train_fscore:81.63%; train_loss:0.906; train_loss1:0.4641; train_loss2:0.4419
sample number: 5810.0
sample number: 1623.0
sample number: 1623.0
epoch:85; train_fscore:81.68%; train_loss:0.914; train_loss1:0.4618; train_loss2:0.4522
sample number: 5810.0
sample number: 1623.0
sample number: 1623.0
epoch:86; train_fscore:81.44%; train_loss:0.8616; train_loss1:0.4526; train_loss2:0.409
sample number: 5810.0
sample number: 1623.0
sample number: 1623.0
epoch:87; train_fscore:81.75%; train_loss:0.8685; train_loss1:0.4665; train_loss2:0.402
sample number: 5810.0
sample number: 1623.0
sample number: 1623.0
epoch:88; train_fscore:81.39%; train_loss:0.8798; train_loss1:0.4612; train_loss2:0.4185
sample number: 5810.0
sample number: 1623.0
sample number: 1623.0
epoch:89; train_fscore:83.34%; train_loss:0.8604; train_loss1:0.4387; train_loss2:0.4218
sample number: 5810.0
sample number: 1623.0
sample number: 1623.0
epoch:90; train_fscore:82.15%; train_loss:0.882; train_loss1:0.4562; train_loss2:0.4258
sample number: 5810.0
sample number: 1623.0
sample number: 1623.0
epoch:91; train_fscore:80.83%; train_loss:0.9085; train_loss1:0.4815; train_loss2:0.427
sample number: 5810.0
sample number: 1623.0
sample number: 1623.0
epoch:92; train_fscore:79.65%; train_loss:0.9225; train_loss1:0.5122; train_loss2:0.4103
sample number: 5810.0
sample number: 1623.0
sample number: 1623.0
epoch:93; train_fscore:80.80%; train_loss:0.903; train_loss1:0.4713; train_loss2:0.4317
sample number: 5810.0
sample number: 1623.0
sample number: 1623.0
epoch:94; train_fscore:82.06%; train_loss:0.8842; train_loss1:0.4391; train_loss2:0.4451
sample number: 5810.0
sample number: 1623.0
sample number: 1623.0
epoch:95; train_fscore:82.72%; train_loss:0.8164; train_loss1:0.4245; train_loss2:0.3919
sample number: 5810.0
sample number: 1623.0
sample number: 1623.0
epoch:96; train_fscore:83.70%; train_loss:0.8257; train_loss1:0.4144; train_loss2:0.4113
sample number: 5810.0
sample number: 1623.0
sample number: 1623.0
epoch:97; train_fscore:84.12%; train_loss:0.8052; train_loss1:0.3998; train_loss2:0.4054
sample number: 5810.0
sample number: 1623.0
sample number: 1623.0
epoch:98; train_fscore:84.26%; train_loss:0.8106; train_loss1:0.3977; train_loss2:0.413
sample number: 5810.0
sample number: 1623.0
sample number: 1623.0
epoch:99; train_fscore:84.02%; train_loss:0.8528; train_loss1:0.4002; train_loss2:0.4526
sample number: 5810.0
sample number: 1623.0
sample number: 1623.0
epoch:100; train_fscore:84.02%; train_loss:0.8126; train_loss1:0.394; train_loss2:0.4186
Step3: saving and testing on the 5 folder
>>>>> Finish: training on the 5 folder, duration: 362.2138397693634 >>>>>
====== Saving =======
SMOKE_ONLY=False
save results in /data2/yb/paper/experiments/second_graph_aggregation_iemocap6_20260825_phase_b/formal/rtdr/miss_0p3/seed_66/fold_5/saved/iemocapsix_original_addition_relationtrack_diagonal_f5_s66_m0p3_1787700515.75232.npz
