Namespace(allow_short_run=False, audio_feature='wav2vec-large-c-UTT', base_model='LSTM', batch_size=32, branch_fusion='addition', data_root='/data2/yb/paper/GCNet_TPAMI_modality_jepa_20260818/dataset/IEMOCAP', dataset='IEMOCAPSix', dropout=0.5, epochs=100, fold_index=5, graph_conv_variant='original', hidden=200, l2=1e-05, loss_recon=True, lower_bound=False, lr=0.001, mask_bank_root='/data2/yb/paper/experiments/mpfilm_iemocap6_20260824/mask_banks', mask_seed=66, mask_type='constant-0.5', n_classes=6, n_speakers=2, no_cuda=False, num_folder=5, num_threads=6, output_dir='/data2/yb/paper/experiments/second_graph_aggregation_iemocap6_20260825_phase_b/formal/ssma/miss_0p5/seed_66/fold_5/saved', post_graph_context='bilstm', pre_graph_context='bilstm', reccls_flag=False, relation_track_routing='early', second_graph_aggregation='ssma', seed=66, text_feature='deberta-large-4-UTT', time_attn=False, video_feature='manet_UTT', windowf=2, windowp=2)
====== Reading Data =======
audio dimension: 512; text dimension: 1024; video dimension: 1024
stage-aware mask bundle: sha256=bb80c56c917d1db989c65ece1718b3aaae4c4ac88802208de2183ac3475d9c90 requested=0.5000 realized=0.5028
====== Training and Evaluation =======
>>>>> Cross-validation: training on the 5 folder >>>>>
Step1: build model (each folder has its own model)
Model have 37015216 paramerters in total
Graph NN with LSTM as base model.
Step2: training (multiple epoches)
[W Copy.cpp:219] Warning: Casting complex values to real discards the imaginary part (function operator())
sample number: 5810.0
sample number: 1623.0
sample number: 1623.0
epoch:1; train_fscore:11.22%; train_loss:4.6091; train_loss1:1.7697; train_loss2:2.8395
sample number: 5810.0
sample number: 1623.0
sample number: 1623.0
epoch:2; train_fscore:15.52%; train_loss:4.3141; train_loss1:2.0075; train_loss2:2.3066
sample number: 5810.0
sample number: 1623.0
sample number: 1623.0
epoch:3; train_fscore:15.17%; train_loss:3.8408; train_loss1:1.7999; train_loss2:2.0409
sample number: 5810.0
sample number: 1623.0
sample number: 1623.0
epoch:4; train_fscore:11.93%; train_loss:3.6174; train_loss1:1.7811; train_loss2:1.8362
sample number: 5810.0
sample number: 1623.0
sample number: 1623.0
epoch:5; train_fscore:9.98%; train_loss:3.5101; train_loss1:1.7618; train_loss2:1.7483
sample number: 5810.0
sample number: 1623.0
sample number: 1623.0
epoch:6; train_fscore:15.13%; train_loss:3.129; train_loss1:1.7507; train_loss2:1.3783
sample number: 5810.0
sample number: 1623.0
sample number: 1623.0
epoch:7; train_fscore:14.92%; train_loss:3.0698; train_loss1:1.7629; train_loss2:1.3069
sample number: 5810.0
sample number: 1623.0
sample number: 1623.0
epoch:8; train_fscore:14.53%; train_loss:2.7854; train_loss1:1.7633; train_loss2:1.022
sample number: 5810.0
sample number: 1623.0
sample number: 1623.0
epoch:9; train_fscore:14.52%; train_loss:2.6208; train_loss1:1.7429; train_loss2:0.8779
sample number: 5810.0
sample number: 1623.0
sample number: 1623.0
epoch:10; train_fscore:23.72%; train_loss:2.5089; train_loss1:1.6942; train_loss2:0.8147
sample number: 5810.0
sample number: 1623.0
sample number: 1623.0
epoch:11; train_fscore:22.53%; train_loss:2.5048; train_loss1:1.7075; train_loss2:0.7973
sample number: 5810.0
sample number: 1623.0
sample number: 1623.0
epoch:12; train_fscore:25.86%; train_loss:2.3861; train_loss1:1.632; train_loss2:0.7541
sample number: 5810.0
sample number: 1623.0
sample number: 1623.0
epoch:13; train_fscore:19.27%; train_loss:2.4855; train_loss1:1.7142; train_loss2:0.7712
sample number: 5810.0
sample number: 1623.0
sample number: 1623.0
epoch:14; train_fscore:22.04%; train_loss:2.3725; train_loss1:1.6294; train_loss2:0.7431
sample number: 5810.0
sample number: 1623.0
sample number: 1623.0
epoch:15; train_fscore:23.01%; train_loss:2.3093; train_loss1:1.6168; train_loss2:0.6925
sample number: 5810.0
sample number: 1623.0
sample number: 1623.0
epoch:16; train_fscore:22.34%; train_loss:2.355; train_loss1:1.6278; train_loss2:0.7272
sample number: 5810.0
sample number: 1623.0
sample number: 1623.0
epoch:17; train_fscore:25.49%; train_loss:2.3592; train_loss1:1.5618; train_loss2:0.7975
sample number: 5810.0
sample number: 1623.0
sample number: 1623.0
epoch:18; train_fscore:23.33%; train_loss:2.292; train_loss1:1.5627; train_loss2:0.7292
sample number: 5810.0
sample number: 1623.0
sample number: 1623.0
epoch:19; train_fscore:22.75%; train_loss:2.2702; train_loss1:1.5303; train_loss2:0.7399
sample number: 5810.0
sample number: 1623.0
sample number: 1623.0
epoch:20; train_fscore:24.65%; train_loss:2.2319; train_loss1:1.4871; train_loss2:0.7448
sample number: 5810.0
sample number: 1623.0
sample number: 1623.0
epoch:21; train_fscore:28.13%; train_loss:2.0947; train_loss1:1.4443; train_loss2:0.6504
sample number: 5810.0
sample number: 1623.0
sample number: 1623.0
epoch:22; train_fscore:28.52%; train_loss:2.2033; train_loss1:1.4235; train_loss2:0.7798
sample number: 5810.0
sample number: 1623.0
sample number: 1623.0
epoch:23; train_fscore:31.64%; train_loss:2.1081; train_loss1:1.3834; train_loss2:0.7247
sample number: 5810.0
sample number: 1623.0
sample number: 1623.0
epoch:24; train_fscore:30.26%; train_loss:2.1839; train_loss1:1.4339; train_loss2:0.75
sample number: 5810.0
sample number: 1623.0
sample number: 1623.0
epoch:25; train_fscore:28.73%; train_loss:2.133; train_loss1:1.405; train_loss2:0.7281
sample number: 5810.0
sample number: 1623.0
sample number: 1623.0
epoch:26; train_fscore:30.48%; train_loss:2.0714; train_loss1:1.3575; train_loss2:0.7139
sample number: 5810.0
sample number: 1623.0
sample number: 1623.0
epoch:27; train_fscore:31.36%; train_loss:2.0637; train_loss1:1.3654; train_loss2:0.6983
sample number: 5810.0
sample number: 1623.0
sample number: 1623.0
epoch:28; train_fscore:35.38%; train_loss:2.0063; train_loss1:1.32; train_loss2:0.6863
sample number: 5810.0
sample number: 1623.0
sample number: 1623.0
epoch:29; train_fscore:33.21%; train_loss:2.013; train_loss1:1.2736; train_loss2:0.7394
sample number: 5810.0
sample number: 1623.0
sample number: 1623.0
epoch:30; train_fscore:37.29%; train_loss:1.8865; train_loss1:1.2632; train_loss2:0.6232
sample number: 5810.0
sample number: 1623.0
sample number: 1623.0
epoch:31; train_fscore:41.01%; train_loss:1.9099; train_loss1:1.2234; train_loss2:0.6865
sample number: 5810.0
sample number: 1623.0
sample number: 1623.0
epoch:32; train_fscore:39.80%; train_loss:1.9548; train_loss1:1.1835; train_loss2:0.7713
sample number: 5810.0
sample number: 1623.0
sample number: 1623.0
epoch:33; train_fscore:40.58%; train_loss:1.9559; train_loss1:1.2342; train_loss2:0.7217
sample number: 5810.0
sample number: 1623.0
sample number: 1623.0
epoch:34; train_fscore:37.76%; train_loss:1.9555; train_loss1:1.23; train_loss2:0.7255
sample number: 5810.0
sample number: 1623.0
sample number: 1623.0
epoch:35; train_fscore:41.34%; train_loss:2.0701; train_loss1:1.25; train_loss2:0.8201
sample number: 5810.0
sample number: 1623.0
sample number: 1623.0
epoch:36; train_fscore:37.61%; train_loss:1.9404; train_loss1:1.2522; train_loss2:0.6882
sample number: 5810.0
sample number: 1623.0
sample number: 1623.0
epoch:37; train_fscore:45.43%; train_loss:1.9513; train_loss1:1.2025; train_loss2:0.7488
sample number: 5810.0
sample number: 1623.0
sample number: 1623.0
epoch:38; train_fscore:44.84%; train_loss:1.9178; train_loss1:1.2046; train_loss2:0.7132
sample number: 5810.0
sample number: 1623.0
sample number: 1623.0
epoch:39; train_fscore:40.88%; train_loss:1.7868; train_loss1:1.1617; train_loss2:0.6251
sample number: 5810.0
sample number: 1623.0
sample number: 1623.0
epoch:40; train_fscore:44.87%; train_loss:1.8422; train_loss1:1.1685; train_loss2:0.6737
sample number: 5810.0
sample number: 1623.0
sample number: 1623.0
epoch:41; train_fscore:42.12%; train_loss:2.0259; train_loss1:1.1971; train_loss2:0.8288
sample number: 5810.0
sample number: 1623.0
sample number: 1623.0
epoch:42; train_fscore:43.12%; train_loss:1.8249; train_loss1:1.1431; train_loss2:0.6818
sample number: 5810.0
sample number: 1623.0
sample number: 1623.0
epoch:43; train_fscore:46.03%; train_loss:1.8657; train_loss1:1.126; train_loss2:0.7397
sample number: 5810.0
sample number: 1623.0
sample number: 1623.0
epoch:44; train_fscore:50.16%; train_loss:1.8068; train_loss1:1.1036; train_loss2:0.7031
sample number: 5810.0
sample number: 1623.0
sample number: 1623.0
epoch:45; train_fscore:48.20%; train_loss:1.7832; train_loss1:1.1012; train_loss2:0.6821
sample number: 5810.0
sample number: 1623.0
sample number: 1623.0
epoch:46; train_fscore:49.74%; train_loss:1.7996; train_loss1:1.0868; train_loss2:0.7128
sample number: 5810.0
sample number: 1623.0
sample number: 1623.0
epoch:47; train_fscore:52.38%; train_loss:1.7387; train_loss1:1.0616; train_loss2:0.6771
sample number: 5810.0
sample number: 1623.0
sample number: 1623.0
epoch:48; train_fscore:49.37%; train_loss:1.7922; train_loss1:1.0614; train_loss2:0.7308
sample number: 5810.0
sample number: 1623.0
sample number: 1623.0
epoch:49; train_fscore:51.77%; train_loss:1.7795; train_loss1:1.0675; train_loss2:0.712
sample number: 5810.0
sample number: 1623.0
sample number: 1623.0
epoch:50; train_fscore:52.89%; train_loss:1.8198; train_loss1:1.0586; train_loss2:0.7612
sample number: 5810.0
sample number: 1623.0
sample number: 1623.0
epoch:51; train_fscore:52.83%; train_loss:1.7938; train_loss1:1.0401; train_loss2:0.7537
sample number: 5810.0
sample number: 1623.0
sample number: 1623.0
epoch:52; train_fscore:55.53%; train_loss:1.7399; train_loss1:1.0127; train_loss2:0.7272
sample number: 5810.0
sample number: 1623.0
sample number: 1623.0
epoch:53; train_fscore:54.89%; train_loss:1.7264; train_loss1:1.0107; train_loss2:0.7157
sample number: 5810.0
sample number: 1623.0
sample number: 1623.0
epoch:54; train_fscore:55.23%; train_loss:1.6941; train_loss1:1.0122; train_loss2:0.6819
sample number: 5810.0
sample number: 1623.0
sample number: 1623.0
epoch:55; train_fscore:54.70%; train_loss:1.6951; train_loss1:1.0142; train_loss2:0.6809
sample number: 5810.0
sample number: 1623.0
sample number: 1623.0
epoch:56; train_fscore:54.82%; train_loss:1.6907; train_loss1:0.9978; train_loss2:0.6929
sample number: 5810.0
sample number: 1623.0
sample number: 1623.0
epoch:57; train_fscore:53.14%; train_loss:1.753; train_loss1:1.032; train_loss2:0.721
sample number: 5810.0
sample number: 1623.0
sample number: 1623.0
epoch:58; train_fscore:54.79%; train_loss:1.661; train_loss1:0.9878; train_loss2:0.6732
sample number: 5810.0
sample number: 1623.0
sample number: 1623.0
epoch:59; train_fscore:56.28%; train_loss:1.7414; train_loss1:0.9696; train_loss2:0.7718
sample number: 5810.0
sample number: 1623.0
sample number: 1623.0
epoch:60; train_fscore:57.41%; train_loss:1.6991; train_loss1:0.9908; train_loss2:0.7083
sample number: 5810.0
sample number: 1623.0
sample number: 1623.0
epoch:61; train_fscore:56.32%; train_loss:1.7304; train_loss1:0.9887; train_loss2:0.7417
sample number: 5810.0
sample number: 1623.0
sample number: 1623.0
epoch:62; train_fscore:56.42%; train_loss:1.6938; train_loss1:0.977; train_loss2:0.7169
sample number: 5810.0
sample number: 1623.0
sample number: 1623.0
epoch:63; train_fscore:60.16%; train_loss:1.657; train_loss1:0.946; train_loss2:0.7111
sample number: 5810.0
sample number: 1623.0
sample number: 1623.0
epoch:64; train_fscore:59.45%; train_loss:1.6059; train_loss1:0.9171; train_loss2:0.6888
sample number: 5810.0
sample number: 1623.0
sample number: 1623.0
epoch:65; train_fscore:62.64%; train_loss:1.6166; train_loss1:0.9094; train_loss2:0.7072
sample number: 5810.0
sample number: 1623.0
sample number: 1623.0
epoch:66; train_fscore:59.91%; train_loss:1.5956; train_loss1:0.9154; train_loss2:0.6802
sample number: 5810.0
sample number: 1623.0
sample number: 1623.0
epoch:67; train_fscore:60.82%; train_loss:1.6435; train_loss1:0.9061; train_loss2:0.7374
sample number: 5810.0
sample number: 1623.0
sample number: 1623.0
epoch:68; train_fscore:63.48%; train_loss:1.5661; train_loss1:0.8761; train_loss2:0.69
sample number: 5810.0
sample number: 1623.0
sample number: 1623.0
epoch:69; train_fscore:61.76%; train_loss:1.6409; train_loss1:0.916; train_loss2:0.7249
sample number: 5810.0
sample number: 1623.0
sample number: 1623.0
epoch:70; train_fscore:61.54%; train_loss:1.5732; train_loss1:0.8988; train_loss2:0.6743
sample number: 5810.0
sample number: 1623.0
sample number: 1623.0
epoch:71; train_fscore:62.76%; train_loss:1.5505; train_loss1:0.8777; train_loss2:0.6728
sample number: 5810.0
sample number: 1623.0
sample number: 1623.0
epoch:72; train_fscore:62.93%; train_loss:1.6223; train_loss1:0.8823; train_loss2:0.74
sample number: 5810.0
sample number: 1623.0
sample number: 1623.0
epoch:73; train_fscore:64.14%; train_loss:1.5743; train_loss1:0.8499; train_loss2:0.7244
sample number: 5810.0
sample number: 1623.0
sample number: 1623.0
epoch:74; train_fscore:64.45%; train_loss:1.5163; train_loss1:0.8507; train_loss2:0.6657
sample number: 5810.0
sample number: 1623.0
sample number: 1623.0
epoch:75; train_fscore:64.28%; train_loss:1.5493; train_loss1:0.8547; train_loss2:0.6946
sample number: 5810.0
sample number: 1623.0
sample number: 1623.0
epoch:76; train_fscore:64.41%; train_loss:1.5577; train_loss1:0.8439; train_loss2:0.7138
sample number: 5810.0
sample number: 1623.0
sample number: 1623.0
epoch:77; train_fscore:63.40%; train_loss:1.5738; train_loss1:0.8687; train_loss2:0.7051
sample number: 5810.0
sample number: 1623.0
sample number: 1623.0
epoch:78; train_fscore:61.39%; train_loss:1.5955; train_loss1:0.8862; train_loss2:0.7093
sample number: 5810.0
sample number: 1623.0
sample number: 1623.0
epoch:79; train_fscore:64.07%; train_loss:1.5297; train_loss1:0.8366; train_loss2:0.6931
sample number: 5810.0
sample number: 1623.0
sample number: 1623.0
epoch:80; train_fscore:66.85%; train_loss:1.4901; train_loss1:0.8019; train_loss2:0.6883
sample number: 5810.0
sample number: 1623.0
sample number: 1623.0
epoch:81; train_fscore:66.98%; train_loss:1.5247; train_loss1:0.8083; train_loss2:0.7165
sample number: 5810.0
sample number: 1623.0
sample number: 1623.0
epoch:82; train_fscore:66.18%; train_loss:1.5358; train_loss1:0.8107; train_loss2:0.7251
sample number: 5810.0
sample number: 1623.0
sample number: 1623.0
epoch:83; train_fscore:66.91%; train_loss:1.4624; train_loss1:0.8056; train_loss2:0.6568
sample number: 5810.0
sample number: 1623.0
sample number: 1623.0
epoch:84; train_fscore:66.98%; train_loss:1.5251; train_loss1:0.7936; train_loss2:0.7314
sample number: 5810.0
sample number: 1623.0
sample number: 1623.0
epoch:85; train_fscore:68.97%; train_loss:1.4666; train_loss1:0.7524; train_loss2:0.7142
sample number: 5810.0
sample number: 1623.0
sample number: 1623.0
epoch:86; train_fscore:69.71%; train_loss:1.4669; train_loss1:0.7473; train_loss2:0.7196
sample number: 5810.0
sample number: 1623.0
sample number: 1623.0
epoch:87; train_fscore:70.65%; train_loss:1.3942; train_loss1:0.7346; train_loss2:0.6596
sample number: 5810.0
sample number: 1623.0
sample number: 1623.0
epoch:88; train_fscore:68.21%; train_loss:1.4714; train_loss1:0.7521; train_loss2:0.7193
sample number: 5810.0
sample number: 1623.0
sample number: 1623.0
epoch:89; train_fscore:72.11%; train_loss:1.3851; train_loss1:0.6987; train_loss2:0.6864
sample number: 5810.0
sample number: 1623.0
sample number: 1623.0
epoch:90; train_fscore:72.09%; train_loss:1.4142; train_loss1:0.7031; train_loss2:0.711
sample number: 5810.0
sample number: 1623.0
sample number: 1623.0
epoch:91; train_fscore:71.16%; train_loss:1.4221; train_loss1:0.7112; train_loss2:0.7109
sample number: 5810.0
sample number: 1623.0
sample number: 1623.0
epoch:92; train_fscore:72.55%; train_loss:1.3089; train_loss1:0.6741; train_loss2:0.6348
sample number: 5810.0
sample number: 1623.0
sample number: 1623.0
epoch:93; train_fscore:71.14%; train_loss:1.4348; train_loss1:0.7037; train_loss2:0.731
sample number: 5810.0
sample number: 1623.0
sample number: 1623.0
epoch:94; train_fscore:73.18%; train_loss:1.385; train_loss1:0.6738; train_loss2:0.7111
sample number: 5810.0
sample number: 1623.0
sample number: 1623.0
epoch:95; train_fscore:71.64%; train_loss:1.3416; train_loss1:0.6851; train_loss2:0.6565
sample number: 5810.0
sample number: 1623.0
sample number: 1623.0
epoch:96; train_fscore:72.41%; train_loss:1.3856; train_loss1:0.6872; train_loss2:0.6984
sample number: 5810.0
sample number: 1623.0
sample number: 1623.0
epoch:97; train_fscore:73.54%; train_loss:1.3844; train_loss1:0.6799; train_loss2:0.7045
sample number: 5810.0
sample number: 1623.0
sample number: 1623.0
epoch:98; train_fscore:73.18%; train_loss:1.3361; train_loss1:0.6794; train_loss2:0.6567
sample number: 5810.0
sample number: 1623.0
sample number: 1623.0
epoch:99; train_fscore:72.82%; train_loss:1.4059; train_loss1:0.6753; train_loss2:0.7306
sample number: 5810.0
sample number: 1623.0
sample number: 1623.0
epoch:100; train_fscore:73.01%; train_loss:1.384; train_loss1:0.6626; train_loss2:0.7214
Step3: saving and testing on the 5 folder
>>>>> Finish: training on the 5 folder, duration: 433.5147578716278 >>>>>
====== Saving =======
SMOKE_ONLY=False
save results in /data2/yb/paper/experiments/second_graph_aggregation_iemocap6_20260825_phase_b/formal/ssma/miss_0p5/seed_66/fold_5/saved/iemocapsix_original_addition_secondagg_ssma_f5_s66_m0p5_1787706636.8490548.npz
