Namespace(allow_short_run=False, audio_feature='wav2vec-large-c-UTT', base_model='LSTM', batch_size=32, branch_fusion='addition', data_root='/data2/yb/paper/GCNet_TPAMI_modality_jepa_20260818/dataset/IEMOCAP', dataset='IEMOCAPSix', dropout=0.5, epochs=100, fold_index=5, graph_conv_variant='original', hidden=200, l2=1e-05, loss_recon=True, lower_bound=False, lr=0.001, mask_bank_root='/data2/yb/paper/experiments/mpfilm_iemocap6_20260824/mask_banks', mask_seed=69, mask_type='constant-0.5', n_classes=6, n_speakers=2, no_cuda=False, num_folder=5, num_threads=6, output_dir='/data2/yb/paper/experiments/second_graph_aggregation_iemocap6_20260825_phase_b/formal/ssma/miss_0p5/seed_69/fold_5/saved', post_graph_context='bilstm', pre_graph_context='bilstm', reccls_flag=False, relation_track_routing='early', second_graph_aggregation='ssma', seed=69, text_feature='deberta-large-4-UTT', time_attn=False, video_feature='manet_UTT', windowf=2, windowp=2)
====== Reading Data =======
audio dimension: 512; text dimension: 1024; video dimension: 1024
stage-aware mask bundle: sha256=3df3697b72b3d463b93f7b46f1e1d9abfe9b29abd165d5a6fab72184326cd330 requested=0.5000 realized=0.5030
====== Training and Evaluation =======
>>>>> Cross-validation: training on the 5 folder >>>>>
Step1: build model (each folder has its own model)
Model have 37015216 paramerters in total
Graph NN with LSTM as base model.
Step2: training (multiple epoches)
[W Copy.cpp:219] Warning: Casting complex values to real discards the imaginary part (function operator())
sample number: 5810.0
sample number: 1623.0
sample number: 1623.0
epoch:1; train_fscore:15.13%; train_loss:4.7641; train_loss1:1.8357; train_loss2:2.9285
sample number: 5810.0
sample number: 1623.0
sample number: 1623.0
epoch:2; train_fscore:16.51%; train_loss:4.405; train_loss1:1.8274; train_loss2:2.5775
sample number: 5810.0
sample number: 1623.0
sample number: 1623.0
epoch:3; train_fscore:18.45%; train_loss:4.0886; train_loss1:1.7463; train_loss2:2.3423
sample number: 5810.0
sample number: 1623.0
sample number: 1623.0
epoch:4; train_fscore:20.65%; train_loss:3.7032; train_loss1:1.6547; train_loss2:2.0485
sample number: 5810.0
sample number: 1623.0
sample number: 1623.0
epoch:5; train_fscore:23.83%; train_loss:3.4063; train_loss1:1.5776; train_loss2:1.8287
sample number: 5810.0
sample number: 1623.0
sample number: 1623.0
epoch:6; train_fscore:19.43%; train_loss:3.3924; train_loss1:1.6605; train_loss2:1.7319
sample number: 5810.0
sample number: 1623.0
sample number: 1623.0
epoch:7; train_fscore:18.78%; train_loss:3.0874; train_loss1:1.6687; train_loss2:1.4187
sample number: 5810.0
sample number: 1623.0
sample number: 1623.0
epoch:8; train_fscore:15.82%; train_loss:2.9389; train_loss1:1.7767; train_loss2:1.1622
sample number: 5810.0
sample number: 1623.0
sample number: 1623.0
epoch:9; train_fscore:23.66%; train_loss:2.6496; train_loss1:1.6294; train_loss2:1.0202
sample number: 5810.0
sample number: 1623.0
sample number: 1623.0
epoch:10; train_fscore:23.65%; train_loss:2.4779; train_loss1:1.5897; train_loss2:0.8882
sample number: 5810.0
sample number: 1623.0
sample number: 1623.0
epoch:11; train_fscore:22.33%; train_loss:2.3911; train_loss1:1.5682; train_loss2:0.8229
sample number: 5810.0
sample number: 1623.0
sample number: 1623.0
epoch:12; train_fscore:27.95%; train_loss:2.2911; train_loss1:1.5453; train_loss2:0.7458
sample number: 5810.0
sample number: 1623.0
sample number: 1623.0
epoch:13; train_fscore:29.17%; train_loss:2.2672; train_loss1:1.5152; train_loss2:0.752
sample number: 5810.0
sample number: 1623.0
sample number: 1623.0
epoch:14; train_fscore:27.04%; train_loss:2.2176; train_loss1:1.5187; train_loss2:0.6989
sample number: 5810.0
sample number: 1623.0
sample number: 1623.0
epoch:15; train_fscore:24.13%; train_loss:2.2591; train_loss1:1.4519; train_loss2:0.8073
sample number: 5810.0
sample number: 1623.0
sample number: 1623.0
epoch:16; train_fscore:30.37%; train_loss:2.131; train_loss1:1.4177; train_loss2:0.7133
sample number: 5810.0
sample number: 1623.0
sample number: 1623.0
epoch:17; train_fscore:31.83%; train_loss:2.0914; train_loss1:1.3675; train_loss2:0.7239
sample number: 5810.0
sample number: 1623.0
sample number: 1623.0
epoch:18; train_fscore:28.19%; train_loss:2.1188; train_loss1:1.4124; train_loss2:0.7064
sample number: 5810.0
sample number: 1623.0
sample number: 1623.0
epoch:19; train_fscore:33.35%; train_loss:2.1336; train_loss1:1.3765; train_loss2:0.7571
sample number: 5810.0
sample number: 1623.0
sample number: 1623.0
epoch:20; train_fscore:29.78%; train_loss:2.161; train_loss1:1.3873; train_loss2:0.7737
sample number: 5810.0
sample number: 1623.0
sample number: 1623.0
epoch:21; train_fscore:35.58%; train_loss:2.0576; train_loss1:1.314; train_loss2:0.7436
sample number: 5810.0
sample number: 1623.0
sample number: 1623.0
epoch:22; train_fscore:32.61%; train_loss:2.0549; train_loss1:1.298; train_loss2:0.7569
sample number: 5810.0
sample number: 1623.0
sample number: 1623.0
epoch:23; train_fscore:39.05%; train_loss:1.9463; train_loss1:1.2979; train_loss2:0.6485
sample number: 5810.0
sample number: 1623.0
sample number: 1623.0
epoch:24; train_fscore:34.04%; train_loss:1.9601; train_loss1:1.2686; train_loss2:0.6915
sample number: 5810.0
sample number: 1623.0
sample number: 1623.0
epoch:25; train_fscore:39.17%; train_loss:1.9271; train_loss1:1.2346; train_loss2:0.6925
sample number: 5810.0
sample number: 1623.0
sample number: 1623.0
epoch:26; train_fscore:38.56%; train_loss:1.9239; train_loss1:1.1972; train_loss2:0.7267
sample number: 5810.0
sample number: 1623.0
sample number: 1623.0
epoch:27; train_fscore:40.42%; train_loss:1.9647; train_loss1:1.2013; train_loss2:0.7634
sample number: 5810.0
sample number: 1623.0
sample number: 1623.0
epoch:28; train_fscore:41.64%; train_loss:1.8819; train_loss1:1.1604; train_loss2:0.7216
sample number: 5810.0
sample number: 1623.0
sample number: 1623.0
epoch:29; train_fscore:44.78%; train_loss:1.859; train_loss1:1.1649; train_loss2:0.6941
sample number: 5810.0
sample number: 1623.0
sample number: 1623.0
epoch:30; train_fscore:44.23%; train_loss:1.8521; train_loss1:1.152; train_loss2:0.7
sample number: 5810.0
sample number: 1623.0
sample number: 1623.0
epoch:31; train_fscore:47.37%; train_loss:1.844; train_loss1:1.1365; train_loss2:0.7075
sample number: 5810.0
sample number: 1623.0
sample number: 1623.0
epoch:32; train_fscore:45.23%; train_loss:1.8361; train_loss1:1.1212; train_loss2:0.7149
sample number: 5810.0
sample number: 1623.0
sample number: 1623.0
epoch:33; train_fscore:51.23%; train_loss:1.8201; train_loss1:1.1128; train_loss2:0.7073
sample number: 5810.0
sample number: 1623.0
sample number: 1623.0
epoch:34; train_fscore:51.30%; train_loss:1.7712; train_loss1:1.0907; train_loss2:0.6805
sample number: 5810.0
sample number: 1623.0
sample number: 1623.0
epoch:35; train_fscore:50.34%; train_loss:1.7622; train_loss1:1.0806; train_loss2:0.6816
sample number: 5810.0
sample number: 1623.0
sample number: 1623.0
epoch:36; train_fscore:52.27%; train_loss:1.8332; train_loss1:1.0774; train_loss2:0.7557
sample number: 5810.0
sample number: 1623.0
sample number: 1623.0
epoch:37; train_fscore:52.68%; train_loss:1.807; train_loss1:1.0972; train_loss2:0.7098
sample number: 5810.0
sample number: 1623.0
sample number: 1623.0
epoch:38; train_fscore:48.96%; train_loss:1.7875; train_loss1:1.0861; train_loss2:0.7014
sample number: 5810.0
sample number: 1623.0
sample number: 1623.0
epoch:39; train_fscore:52.79%; train_loss:1.7685; train_loss1:1.0522; train_loss2:0.7163
sample number: 5810.0
sample number: 1623.0
sample number: 1623.0
epoch:40; train_fscore:46.70%; train_loss:1.7881; train_loss1:1.0817; train_loss2:0.7063
sample number: 5810.0
sample number: 1623.0
sample number: 1623.0
epoch:41; train_fscore:50.28%; train_loss:1.7863; train_loss1:1.049; train_loss2:0.7374
sample number: 5810.0
sample number: 1623.0
sample number: 1623.0
epoch:42; train_fscore:45.90%; train_loss:1.7721; train_loss1:1.0959; train_loss2:0.6762
sample number: 5810.0
sample number: 1623.0
sample number: 1623.0
epoch:43; train_fscore:55.41%; train_loss:1.7961; train_loss1:1.0343; train_loss2:0.7619
sample number: 5810.0
sample number: 1623.0
sample number: 1623.0
epoch:44; train_fscore:55.17%; train_loss:1.6521; train_loss1:0.9917; train_loss2:0.6604
sample number: 5810.0
sample number: 1623.0
sample number: 1623.0
epoch:45; train_fscore:58.33%; train_loss:1.7189; train_loss1:0.9649; train_loss2:0.754
sample number: 5810.0
sample number: 1623.0
sample number: 1623.0
epoch:46; train_fscore:56.39%; train_loss:1.7428; train_loss1:0.9776; train_loss2:0.7653
sample number: 5810.0
sample number: 1623.0
sample number: 1623.0
epoch:47; train_fscore:56.68%; train_loss:1.6741; train_loss1:0.9939; train_loss2:0.6802
sample number: 5810.0
sample number: 1623.0
sample number: 1623.0
epoch:48; train_fscore:56.74%; train_loss:1.643; train_loss1:0.9758; train_loss2:0.6672
sample number: 5810.0
sample number: 1623.0
sample number: 1623.0
epoch:49; train_fscore:53.36%; train_loss:1.6543; train_loss1:0.9965; train_loss2:0.6579
sample number: 5810.0
sample number: 1623.0
sample number: 1623.0
epoch:50; train_fscore:58.92%; train_loss:1.6702; train_loss1:0.957; train_loss2:0.7133
sample number: 5810.0
sample number: 1623.0
sample number: 1623.0
epoch:51; train_fscore:57.62%; train_loss:1.6959; train_loss1:0.9683; train_loss2:0.7276
sample number: 5810.0
sample number: 1623.0
sample number: 1623.0
epoch:52; train_fscore:56.79%; train_loss:1.6024; train_loss1:0.9472; train_loss2:0.6552
sample number: 5810.0
sample number: 1623.0
sample number: 1623.0
epoch:53; train_fscore:60.11%; train_loss:1.626; train_loss1:0.9049; train_loss2:0.7212
sample number: 5810.0
sample number: 1623.0
sample number: 1623.0
epoch:54; train_fscore:60.42%; train_loss:1.6019; train_loss1:0.8984; train_loss2:0.7035
sample number: 5810.0
sample number: 1623.0
sample number: 1623.0
epoch:55; train_fscore:61.00%; train_loss:1.6527; train_loss1:0.9035; train_loss2:0.7492
sample number: 5810.0
sample number: 1623.0
sample number: 1623.0
epoch:56; train_fscore:61.82%; train_loss:1.6784; train_loss1:0.9063; train_loss2:0.7721
sample number: 5810.0
sample number: 1623.0
sample number: 1623.0
epoch:57; train_fscore:62.82%; train_loss:1.6265; train_loss1:0.8748; train_loss2:0.7517
sample number: 5810.0
sample number: 1623.0
sample number: 1623.0
epoch:58; train_fscore:61.18%; train_loss:1.6168; train_loss1:0.8786; train_loss2:0.7383
sample number: 5810.0
sample number: 1623.0
sample number: 1623.0
epoch:59; train_fscore:63.58%; train_loss:1.5464; train_loss1:0.8647; train_loss2:0.6817
sample number: 5810.0
sample number: 1623.0
sample number: 1623.0
epoch:60; train_fscore:61.85%; train_loss:1.5782; train_loss1:0.8903; train_loss2:0.6879
sample number: 5810.0
sample number: 1623.0
sample number: 1623.0
epoch:61; train_fscore:59.76%; train_loss:1.5875; train_loss1:0.9163; train_loss2:0.6712
sample number: 5810.0
sample number: 1623.0
sample number: 1623.0
epoch:62; train_fscore:64.29%; train_loss:1.5674; train_loss1:0.8621; train_loss2:0.7054
sample number: 5810.0
sample number: 1623.0
sample number: 1623.0
epoch:63; train_fscore:63.65%; train_loss:1.6174; train_loss1:0.8737; train_loss2:0.7437
sample number: 5810.0
sample number: 1623.0
sample number: 1623.0
epoch:64; train_fscore:64.02%; train_loss:1.5502; train_loss1:0.8535; train_loss2:0.6967
sample number: 5810.0
sample number: 1623.0
sample number: 1623.0
epoch:65; train_fscore:64.50%; train_loss:1.5448; train_loss1:0.8558; train_loss2:0.689
sample number: 5810.0
sample number: 1623.0
sample number: 1623.0
epoch:66; train_fscore:64.42%; train_loss:1.4797; train_loss1:0.8331; train_loss2:0.6466
sample number: 5810.0
sample number: 1623.0
sample number: 1623.0
epoch:67; train_fscore:67.25%; train_loss:1.4915; train_loss1:0.8099; train_loss2:0.6816
sample number: 5810.0
sample number: 1623.0
sample number: 1623.0
epoch:68; train_fscore:66.91%; train_loss:1.5676; train_loss1:0.8156; train_loss2:0.752
sample number: 5810.0
sample number: 1623.0
sample number: 1623.0
epoch:69; train_fscore:66.63%; train_loss:1.5335; train_loss1:0.8078; train_loss2:0.7257
sample number: 5810.0
sample number: 1623.0
sample number: 1623.0
epoch:70; train_fscore:66.03%; train_loss:1.4559; train_loss1:0.8117; train_loss2:0.6442
sample number: 5810.0
sample number: 1623.0
sample number: 1623.0
epoch:71; train_fscore:64.60%; train_loss:1.5264; train_loss1:0.8359; train_loss2:0.6904
sample number: 5810.0
sample number: 1623.0
sample number: 1623.0
epoch:72; train_fscore:66.33%; train_loss:1.4909; train_loss1:0.8099; train_loss2:0.681
sample number: 5810.0
sample number: 1623.0
sample number: 1623.0
epoch:73; train_fscore:64.68%; train_loss:1.5596; train_loss1:0.8359; train_loss2:0.7237
sample number: 5810.0
sample number: 1623.0
sample number: 1623.0
epoch:74; train_fscore:67.43%; train_loss:1.4717; train_loss1:0.7995; train_loss2:0.6722
sample number: 5810.0
sample number: 1623.0
sample number: 1623.0
epoch:75; train_fscore:68.90%; train_loss:1.5077; train_loss1:0.7804; train_loss2:0.7274
sample number: 5810.0
sample number: 1623.0
sample number: 1623.0
epoch:76; train_fscore:68.62%; train_loss:1.5642; train_loss1:0.781; train_loss2:0.7833
sample number: 5810.0
sample number: 1623.0
sample number: 1623.0
epoch:77; train_fscore:67.55%; train_loss:1.4415; train_loss1:0.7981; train_loss2:0.6434
sample number: 5810.0
sample number: 1623.0
sample number: 1623.0
epoch:78; train_fscore:68.63%; train_loss:1.5111; train_loss1:0.7587; train_loss2:0.7524
sample number: 5810.0
sample number: 1623.0
sample number: 1623.0
epoch:79; train_fscore:70.48%; train_loss:1.4144; train_loss1:0.7087; train_loss2:0.7056
sample number: 5810.0
sample number: 1623.0
sample number: 1623.0
epoch:80; train_fscore:72.00%; train_loss:1.357; train_loss1:0.7073; train_loss2:0.6496
sample number: 5810.0
sample number: 1623.0
sample number: 1623.0
epoch:81; train_fscore:72.10%; train_loss:1.3892; train_loss1:0.7044; train_loss2:0.6848
sample number: 5810.0
sample number: 1623.0
sample number: 1623.0
epoch:82; train_fscore:73.63%; train_loss:1.3523; train_loss1:0.678; train_loss2:0.6743
sample number: 5810.0
sample number: 1623.0
sample number: 1623.0
epoch:83; train_fscore:72.25%; train_loss:1.4344; train_loss1:0.6956; train_loss2:0.7388
sample number: 5810.0
sample number: 1623.0
sample number: 1623.0
epoch:84; train_fscore:72.65%; train_loss:1.3868; train_loss1:0.6712; train_loss2:0.7155
sample number: 5810.0
sample number: 1623.0
sample number: 1623.0
epoch:85; train_fscore:72.04%; train_loss:1.3846; train_loss1:0.6888; train_loss2:0.6958
sample number: 5810.0
sample number: 1623.0
sample number: 1623.0
epoch:86; train_fscore:74.33%; train_loss:1.2996; train_loss1:0.6487; train_loss2:0.6509
sample number: 5810.0
sample number: 1623.0
sample number: 1623.0
epoch:87; train_fscore:73.62%; train_loss:1.3647; train_loss1:0.6586; train_loss2:0.7061
sample number: 5810.0
sample number: 1623.0
sample number: 1623.0
epoch:88; train_fscore:74.10%; train_loss:1.3222; train_loss1:0.634; train_loss2:0.6881
sample number: 5810.0
sample number: 1623.0
sample number: 1623.0
epoch:89; train_fscore:72.73%; train_loss:1.3977; train_loss1:0.6673; train_loss2:0.7304
sample number: 5810.0
sample number: 1623.0
sample number: 1623.0
epoch:90; train_fscore:72.47%; train_loss:1.3306; train_loss1:0.6806; train_loss2:0.65
sample number: 5810.0
sample number: 1623.0
sample number: 1623.0
epoch:91; train_fscore:70.91%; train_loss:1.3866; train_loss1:0.6834; train_loss2:0.7032
sample number: 5810.0
sample number: 1623.0
sample number: 1623.0
epoch:92; train_fscore:69.88%; train_loss:1.4274; train_loss1:0.7081; train_loss2:0.7193
sample number: 5810.0
sample number: 1623.0
sample number: 1623.0
epoch:93; train_fscore:72.02%; train_loss:1.356; train_loss1:0.6557; train_loss2:0.7003
sample number: 5810.0
sample number: 1623.0
sample number: 1623.0
epoch:94; train_fscore:71.87%; train_loss:1.3823; train_loss1:0.6809; train_loss2:0.7014
sample number: 5810.0
sample number: 1623.0
sample number: 1623.0
epoch:95; train_fscore:75.11%; train_loss:1.3407; train_loss1:0.6331; train_loss2:0.7076
sample number: 5810.0
sample number: 1623.0
sample number: 1623.0
epoch:96; train_fscore:75.37%; train_loss:1.3416; train_loss1:0.6151; train_loss2:0.7265
sample number: 5810.0
sample number: 1623.0
sample number: 1623.0
epoch:97; train_fscore:74.80%; train_loss:1.2945; train_loss1:0.6331; train_loss2:0.6615
sample number: 5810.0
sample number: 1623.0
sample number: 1623.0
epoch:98; train_fscore:75.72%; train_loss:1.2951; train_loss1:0.6059; train_loss2:0.6893
sample number: 5810.0
sample number: 1623.0
sample number: 1623.0
epoch:99; train_fscore:74.97%; train_loss:1.3443; train_loss1:0.6217; train_loss2:0.7226
sample number: 5810.0
sample number: 1623.0
sample number: 1623.0
epoch:100; train_fscore:76.90%; train_loss:1.3711; train_loss1:0.5945; train_loss2:0.7766
Step3: saving and testing on the 5 folder
>>>>> Finish: training on the 5 folder, duration: 433.0461337566376 >>>>>
====== Saving =======
SMOKE_ONLY=False
save results in /data2/yb/paper/experiments/second_graph_aggregation_iemocap6_20260825_phase_b/formal/ssma/miss_0p5/seed_69/fold_5/saved/iemocapsix_original_addition_secondagg_ssma_f5_s69_m0p5_1787706636.83384.npz
