Namespace(allow_short_run=False, audio_feature='wav2vec-large-c-UTT', base_model='LSTM', batch_size=32, branch_fusion='addition', data_root='/data2/yb/paper/GCNet_TPAMI_modality_jepa_20260818/dataset/IEMOCAP', dataset='IEMOCAPSix', dropout=0.5, epochs=100, fold_index=5, graph_conv_variant='original', hidden=200, l2=1e-05, loss_recon=True, lower_bound=False, lr=0.001, mask_bank_root='/data2/yb/paper/experiments/mpfilm_iemocap6_20260824/mask_banks', mask_seed=70, mask_type='constant-0.5', n_classes=6, n_speakers=2, no_cuda=False, num_folder=5, num_threads=6, output_dir='/data2/yb/paper/experiments/second_graph_aggregation_iemocap6_20260825_phase_b/formal/rtdr/miss_0p5/seed_70/fold_5/saved', post_graph_context='bilstm', pre_graph_context='bilstm', reccls_flag=False, relation_track_routing='diagonal', second_graph_aggregation='add', seed=70, text_feature='deberta-large-4-UTT', time_attn=False, video_feature='manet_UTT', windowf=2, windowp=2)
====== Reading Data =======
audio dimension: 512; text dimension: 1024; video dimension: 1024
stage-aware mask bundle: sha256=13256f35a803c465aef02c9bfa1f0e30048c278af7b3b8bc6979eec7ab0b6896 requested=0.5000 realized=0.5030
====== Training and Evaluation =======
>>>>> Cross-validation: training on the 5 folder >>>>>
Step1: build model (each folder has its own model)
Model have 36419816 paramerters in total
Graph NN with LSTM as base model.
Step2: training (multiple epoches)
sample number: 5810.0
sample number: 1623.0
sample number: 1623.0
epoch:1; train_fscore:15.69%; train_loss:4.7882; train_loss1:1.8139; train_loss2:2.9743
sample number: 5810.0
sample number: 1623.0
sample number: 1623.0
epoch:2; train_fscore:17.27%; train_loss:4.2518; train_loss1:1.8112; train_loss2:2.4406
sample number: 5810.0
sample number: 1623.0
sample number: 1623.0
epoch:3; train_fscore:16.53%; train_loss:3.8599; train_loss1:1.7562; train_loss2:2.1037
sample number: 5810.0
sample number: 1623.0
sample number: 1623.0
epoch:4; train_fscore:17.48%; train_loss:3.5061; train_loss1:1.6801; train_loss2:1.826
sample number: 5810.0
sample number: 1623.0
sample number: 1623.0
epoch:5; train_fscore:18.64%; train_loss:3.3742; train_loss1:1.6326; train_loss2:1.7416
sample number: 5810.0
sample number: 1623.0
sample number: 1623.0
epoch:6; train_fscore:23.07%; train_loss:2.9863; train_loss1:1.6226; train_loss2:1.3636
sample number: 5810.0
sample number: 1623.0
sample number: 1623.0
epoch:7; train_fscore:26.27%; train_loss:2.6864; train_loss1:1.5179; train_loss2:1.1684
sample number: 5810.0
sample number: 1623.0
sample number: 1623.0
epoch:8; train_fscore:26.04%; train_loss:2.4392; train_loss1:1.5261; train_loss2:0.9131
sample number: 5810.0
sample number: 1623.0
sample number: 1623.0
epoch:9; train_fscore:24.70%; train_loss:2.4828; train_loss1:1.5725; train_loss2:0.9103
sample number: 5810.0
sample number: 1623.0
sample number: 1623.0
epoch:10; train_fscore:25.24%; train_loss:2.336; train_loss1:1.5463; train_loss2:0.7897
sample number: 5810.0
sample number: 1623.0
sample number: 1623.0
epoch:11; train_fscore:25.87%; train_loss:2.2703; train_loss1:1.4973; train_loss2:0.773
sample number: 5810.0
sample number: 1623.0
sample number: 1623.0
epoch:12; train_fscore:24.86%; train_loss:2.2536; train_loss1:1.4591; train_loss2:0.7945
sample number: 5810.0
sample number: 1623.0
sample number: 1623.0
epoch:13; train_fscore:27.66%; train_loss:2.1059; train_loss1:1.4424; train_loss2:0.6635
sample number: 5810.0
sample number: 1623.0
sample number: 1623.0
epoch:14; train_fscore:25.84%; train_loss:2.2234; train_loss1:1.4859; train_loss2:0.7375
sample number: 5810.0
sample number: 1623.0
sample number: 1623.0
epoch:15; train_fscore:28.79%; train_loss:2.1726; train_loss1:1.446; train_loss2:0.7267
sample number: 5810.0
sample number: 1623.0
sample number: 1623.0
epoch:16; train_fscore:30.45%; train_loss:2.0863; train_loss1:1.3827; train_loss2:0.7036
sample number: 5810.0
sample number: 1623.0
sample number: 1623.0
epoch:17; train_fscore:30.72%; train_loss:2.2268; train_loss1:1.4564; train_loss2:0.7704
sample number: 5810.0
sample number: 1623.0
sample number: 1623.0
epoch:18; train_fscore:31.84%; train_loss:2.0953; train_loss1:1.3868; train_loss2:0.7085
sample number: 5810.0
sample number: 1623.0
sample number: 1623.0
epoch:19; train_fscore:37.37%; train_loss:2.0308; train_loss1:1.3327; train_loss2:0.6981
sample number: 5810.0
sample number: 1623.0
sample number: 1623.0
epoch:20; train_fscore:34.34%; train_loss:1.9631; train_loss1:1.2864; train_loss2:0.6767
sample number: 5810.0
sample number: 1623.0
sample number: 1623.0
epoch:21; train_fscore:32.85%; train_loss:1.9469; train_loss1:1.2697; train_loss2:0.6772
sample number: 5810.0
sample number: 1623.0
sample number: 1623.0
epoch:22; train_fscore:36.85%; train_loss:1.9996; train_loss1:1.2637; train_loss2:0.7359
sample number: 5810.0
sample number: 1623.0
sample number: 1623.0
epoch:23; train_fscore:40.44%; train_loss:1.9325; train_loss1:1.2356; train_loss2:0.6969
sample number: 5810.0
sample number: 1623.0
sample number: 1623.0
epoch:24; train_fscore:37.59%; train_loss:1.977; train_loss1:1.2745; train_loss2:0.7025
sample number: 5810.0
sample number: 1623.0
sample number: 1623.0
epoch:25; train_fscore:33.70%; train_loss:1.961; train_loss1:1.3035; train_loss2:0.6575
sample number: 5810.0
sample number: 1623.0
sample number: 1623.0
epoch:26; train_fscore:37.24%; train_loss:1.9655; train_loss1:1.2521; train_loss2:0.7134
sample number: 5810.0
sample number: 1623.0
sample number: 1623.0
epoch:27; train_fscore:43.44%; train_loss:1.9584; train_loss1:1.1999; train_loss2:0.7585
sample number: 5810.0
sample number: 1623.0
sample number: 1623.0
epoch:28; train_fscore:40.71%; train_loss:1.917; train_loss1:1.1673; train_loss2:0.7497
sample number: 5810.0
sample number: 1623.0
sample number: 1623.0
epoch:29; train_fscore:46.31%; train_loss:1.8514; train_loss1:1.1678; train_loss2:0.6836
sample number: 5810.0
sample number: 1623.0
sample number: 1623.0
epoch:30; train_fscore:42.89%; train_loss:1.8513; train_loss1:1.1382; train_loss2:0.7131
sample number: 5810.0
sample number: 1623.0
sample number: 1623.0
epoch:31; train_fscore:47.46%; train_loss:1.7788; train_loss1:1.1168; train_loss2:0.6619
sample number: 5810.0
sample number: 1623.0
sample number: 1623.0
epoch:32; train_fscore:44.58%; train_loss:1.7856; train_loss1:1.1136; train_loss2:0.672
sample number: 5810.0
sample number: 1623.0
sample number: 1623.0
epoch:33; train_fscore:51.47%; train_loss:1.7567; train_loss1:1.0934; train_loss2:0.6633
sample number: 5810.0
sample number: 1623.0
sample number: 1623.0
epoch:34; train_fscore:48.03%; train_loss:1.8022; train_loss1:1.073; train_loss2:0.7293
sample number: 5810.0
sample number: 1623.0
sample number: 1623.0
epoch:35; train_fscore:51.74%; train_loss:1.7461; train_loss1:1.0452; train_loss2:0.701
sample number: 5810.0
sample number: 1623.0
sample number: 1623.0
epoch:36; train_fscore:53.13%; train_loss:1.7337; train_loss1:1.0379; train_loss2:0.6958
sample number: 5810.0
sample number: 1623.0
sample number: 1623.0
epoch:37; train_fscore:55.75%; train_loss:1.7227; train_loss1:1.0113; train_loss2:0.7114
sample number: 5810.0
sample number: 1623.0
sample number: 1623.0
epoch:38; train_fscore:54.42%; train_loss:1.7164; train_loss1:1.014; train_loss2:0.7024
sample number: 5810.0
sample number: 1623.0
sample number: 1623.0
epoch:39; train_fscore:54.68%; train_loss:1.7257; train_loss1:1.0296; train_loss2:0.696
sample number: 5810.0
sample number: 1623.0
sample number: 1623.0
epoch:40; train_fscore:52.36%; train_loss:1.7856; train_loss1:1.0543; train_loss2:0.7313
sample number: 5810.0
sample number: 1623.0
sample number: 1623.0
epoch:41; train_fscore:53.77%; train_loss:1.7826; train_loss1:1.0773; train_loss2:0.7053
sample number: 5810.0
sample number: 1623.0
sample number: 1623.0
epoch:42; train_fscore:50.91%; train_loss:1.7995; train_loss1:1.0862; train_loss2:0.7134
sample number: 5810.0
sample number: 1623.0
sample number: 1623.0
epoch:43; train_fscore:53.58%; train_loss:1.7097; train_loss1:1.0598; train_loss2:0.6499
sample number: 5810.0
sample number: 1623.0
sample number: 1623.0
epoch:44; train_fscore:51.74%; train_loss:1.7314; train_loss1:1.0381; train_loss2:0.6933
sample number: 5810.0
sample number: 1623.0
sample number: 1623.0
epoch:45; train_fscore:54.70%; train_loss:1.685; train_loss1:1.0192; train_loss2:0.6657
sample number: 5810.0
sample number: 1623.0
sample number: 1623.0
epoch:46; train_fscore:53.88%; train_loss:1.7594; train_loss1:1.0112; train_loss2:0.7482
sample number: 5810.0
sample number: 1623.0
sample number: 1623.0
epoch:47; train_fscore:57.42%; train_loss:1.6732; train_loss1:0.9679; train_loss2:0.7052
sample number: 5810.0
sample number: 1623.0
sample number: 1623.0
epoch:48; train_fscore:58.07%; train_loss:1.6082; train_loss1:0.9484; train_loss2:0.6599
sample number: 5810.0
sample number: 1623.0
sample number: 1623.0
epoch:49; train_fscore:56.07%; train_loss:1.6639; train_loss1:0.9982; train_loss2:0.6657
sample number: 5810.0
sample number: 1623.0
sample number: 1623.0
epoch:50; train_fscore:56.93%; train_loss:1.7138; train_loss1:1.0027; train_loss2:0.7111
sample number: 5810.0
sample number: 1623.0
sample number: 1623.0
epoch:51; train_fscore:55.01%; train_loss:1.7479; train_loss1:1.0002; train_loss2:0.7477
sample number: 5810.0
sample number: 1623.0
sample number: 1623.0
epoch:52; train_fscore:58.12%; train_loss:1.699; train_loss1:0.9622; train_loss2:0.7368
sample number: 5810.0
sample number: 1623.0
sample number: 1623.0
epoch:53; train_fscore:57.56%; train_loss:1.6969; train_loss1:0.9582; train_loss2:0.7387
sample number: 5810.0
sample number: 1623.0
sample number: 1623.0
epoch:54; train_fscore:59.53%; train_loss:1.601; train_loss1:0.9161; train_loss2:0.6849
sample number: 5810.0
sample number: 1623.0
sample number: 1623.0
epoch:55; train_fscore:60.10%; train_loss:1.616; train_loss1:0.9116; train_loss2:0.7044
sample number: 5810.0
sample number: 1623.0
sample number: 1623.0
epoch:56; train_fscore:60.46%; train_loss:1.6048; train_loss1:0.9081; train_loss2:0.6967
sample number: 5810.0
sample number: 1623.0
sample number: 1623.0
epoch:57; train_fscore:61.46%; train_loss:1.575; train_loss1:0.8927; train_loss2:0.6823
sample number: 5810.0
sample number: 1623.0
sample number: 1623.0
epoch:58; train_fscore:63.34%; train_loss:1.5776; train_loss1:0.8596; train_loss2:0.7181
sample number: 5810.0
sample number: 1623.0
sample number: 1623.0
epoch:59; train_fscore:62.39%; train_loss:1.5572; train_loss1:0.8671; train_loss2:0.6902
sample number: 5810.0
sample number: 1623.0
sample number: 1623.0
epoch:60; train_fscore:64.08%; train_loss:1.5475; train_loss1:0.8365; train_loss2:0.7111
sample number: 5810.0
sample number: 1623.0
sample number: 1623.0
epoch:61; train_fscore:64.84%; train_loss:1.566; train_loss1:0.8446; train_loss2:0.7214
sample number: 5810.0
sample number: 1623.0
sample number: 1623.0
epoch:62; train_fscore:65.44%; train_loss:1.543; train_loss1:0.8293; train_loss2:0.7138
sample number: 5810.0
sample number: 1623.0
sample number: 1623.0
epoch:63; train_fscore:63.58%; train_loss:1.5312; train_loss1:0.8343; train_loss2:0.6969
sample number: 5810.0
sample number: 1623.0
sample number: 1623.0
epoch:64; train_fscore:67.26%; train_loss:1.4495; train_loss1:0.7936; train_loss2:0.6559
sample number: 5810.0
sample number: 1623.0
sample number: 1623.0
epoch:65; train_fscore:65.82%; train_loss:1.5124; train_loss1:0.817; train_loss2:0.6954
sample number: 5810.0
sample number: 1623.0
sample number: 1623.0
epoch:66; train_fscore:66.39%; train_loss:1.4454; train_loss1:0.8055; train_loss2:0.6399
sample number: 5810.0
sample number: 1623.0
sample number: 1623.0
epoch:67; train_fscore:64.71%; train_loss:1.4842; train_loss1:0.8242; train_loss2:0.66
sample number: 5810.0
sample number: 1623.0
sample number: 1623.0
epoch:68; train_fscore:64.42%; train_loss:1.5074; train_loss1:0.813; train_loss2:0.6944
sample number: 5810.0
sample number: 1623.0
sample number: 1623.0
epoch:69; train_fscore:66.02%; train_loss:1.4673; train_loss1:0.7969; train_loss2:0.6704
sample number: 5810.0
sample number: 1623.0
sample number: 1623.0
epoch:70; train_fscore:66.58%; train_loss:1.509; train_loss1:0.7939; train_loss2:0.7151
sample number: 5810.0
sample number: 1623.0
sample number: 1623.0
epoch:71; train_fscore:67.03%; train_loss:1.5021; train_loss1:0.7855; train_loss2:0.7166
sample number: 5810.0
sample number: 1623.0
sample number: 1623.0
epoch:72; train_fscore:66.63%; train_loss:1.4824; train_loss1:0.7871; train_loss2:0.6952
sample number: 5810.0
sample number: 1623.0
sample number: 1623.0
epoch:73; train_fscore:67.64%; train_loss:1.4575; train_loss1:0.7985; train_loss2:0.659
sample number: 5810.0
sample number: 1623.0
sample number: 1623.0
epoch:74; train_fscore:68.80%; train_loss:1.4439; train_loss1:0.761; train_loss2:0.6829
sample number: 5810.0
sample number: 1623.0
sample number: 1623.0
epoch:75; train_fscore:69.47%; train_loss:1.4595; train_loss1:0.7569; train_loss2:0.7026
sample number: 5810.0
sample number: 1623.0
sample number: 1623.0
epoch:76; train_fscore:70.26%; train_loss:1.4037; train_loss1:0.7338; train_loss2:0.6699
sample number: 5810.0
sample number: 1623.0
sample number: 1623.0
epoch:77; train_fscore:71.14%; train_loss:1.4924; train_loss1:0.7277; train_loss2:0.7646
sample number: 5810.0
sample number: 1623.0
sample number: 1623.0
epoch:78; train_fscore:70.43%; train_loss:1.4086; train_loss1:0.7096; train_loss2:0.6989
sample number: 5810.0
sample number: 1623.0
sample number: 1623.0
epoch:79; train_fscore:73.38%; train_loss:1.3517; train_loss1:0.6818; train_loss2:0.6699
sample number: 5810.0
sample number: 1623.0
sample number: 1623.0
epoch:80; train_fscore:71.89%; train_loss:1.3347; train_loss1:0.6882; train_loss2:0.6464
sample number: 5810.0
sample number: 1623.0
sample number: 1623.0
epoch:81; train_fscore:72.65%; train_loss:1.3983; train_loss1:0.6791; train_loss2:0.7192
sample number: 5810.0
sample number: 1623.0
sample number: 1623.0
epoch:82; train_fscore:71.25%; train_loss:1.418; train_loss1:0.697; train_loss2:0.721
sample number: 5810.0
sample number: 1623.0
sample number: 1623.0
epoch:83; train_fscore:72.53%; train_loss:1.3824; train_loss1:0.6908; train_loss2:0.6916
sample number: 5810.0
sample number: 1623.0
sample number: 1623.0
epoch:84; train_fscore:71.87%; train_loss:1.4154; train_loss1:0.6768; train_loss2:0.7386
sample number: 5810.0
sample number: 1623.0
sample number: 1623.0
epoch:85; train_fscore:73.39%; train_loss:1.4277; train_loss1:0.6877; train_loss2:0.74
sample number: 5810.0
sample number: 1623.0
sample number: 1623.0
epoch:86; train_fscore:72.07%; train_loss:1.3662; train_loss1:0.6727; train_loss2:0.6935
sample number: 5810.0
sample number: 1623.0
sample number: 1623.0
epoch:87; train_fscore:73.77%; train_loss:1.4212; train_loss1:0.6714; train_loss2:0.7498
sample number: 5810.0
sample number: 1623.0
sample number: 1623.0
epoch:88; train_fscore:74.46%; train_loss:1.4182; train_loss1:0.6605; train_loss2:0.7577
sample number: 5810.0
sample number: 1623.0
sample number: 1623.0
epoch:89; train_fscore:71.95%; train_loss:1.391; train_loss1:0.6958; train_loss2:0.6952
sample number: 5810.0
sample number: 1623.0
sample number: 1623.0
epoch:90; train_fscore:73.34%; train_loss:1.3997; train_loss1:0.6644; train_loss2:0.7353
sample number: 5810.0
sample number: 1623.0
sample number: 1623.0
epoch:91; train_fscore:73.85%; train_loss:1.3594; train_loss1:0.6443; train_loss2:0.715
sample number: 5810.0
sample number: 1623.0
sample number: 1623.0
epoch:92; train_fscore:75.09%; train_loss:1.3584; train_loss1:0.6251; train_loss2:0.7333
sample number: 5810.0
sample number: 1623.0
sample number: 1623.0
epoch:93; train_fscore:76.76%; train_loss:1.2801; train_loss1:0.6012; train_loss2:0.6788
sample number: 5810.0
sample number: 1623.0
sample number: 1623.0
epoch:94; train_fscore:76.28%; train_loss:1.2932; train_loss1:0.6048; train_loss2:0.6884
sample number: 5810.0
sample number: 1623.0
sample number: 1623.0
epoch:95; train_fscore:75.55%; train_loss:1.325; train_loss1:0.6052; train_loss2:0.7199
sample number: 5810.0
sample number: 1623.0
sample number: 1623.0
epoch:96; train_fscore:75.51%; train_loss:1.2824; train_loss1:0.6131; train_loss2:0.6693
sample number: 5810.0
sample number: 1623.0
sample number: 1623.0
epoch:97; train_fscore:75.20%; train_loss:1.3431; train_loss1:0.6266; train_loss2:0.7165
sample number: 5810.0
sample number: 1623.0
sample number: 1623.0
epoch:98; train_fscore:74.85%; train_loss:1.3715; train_loss1:0.6316; train_loss2:0.7399
sample number: 5810.0
sample number: 1623.0
sample number: 1623.0
epoch:99; train_fscore:75.15%; train_loss:1.303; train_loss1:0.6326; train_loss2:0.6705
sample number: 5810.0
sample number: 1623.0
sample number: 1623.0
epoch:100; train_fscore:73.40%; train_loss:1.3314; train_loss1:0.6473; train_loss2:0.6841
Step3: saving and testing on the 5 folder
>>>>> Finish: training on the 5 folder, duration: 362.92852234840393 >>>>>
====== Saving =======
SMOKE_ONLY=False
save results in /data2/yb/paper/experiments/second_graph_aggregation_iemocap6_20260825_phase_b/formal/rtdr/miss_0p5/seed_70/fold_5/saved/iemocapsix_original_addition_relationtrack_diagonal_f5_s70_m0p5_1787699471.6347728.npz
