Namespace(allow_short_run=False, audio_feature='wav2vec-large-c-UTT', base_model='LSTM', batch_size=32, branch_fusion='addition', data_root='/data2/yb/paper/GCNet_TPAMI_modality_jepa_20260818/dataset/IEMOCAP', dataset='IEMOCAPSix', dropout=0.5, epochs=100, fold_index=5, graph_conv_variant='original', hidden=200, l2=1e-05, loss_recon=True, lower_bound=False, lr=0.001, mask_bank_root='/data2/yb/paper/experiments/mpfilm_iemocap6_20260824/mask_banks', mask_seed=67, mask_type='constant-0.2', n_classes=6, n_speakers=2, no_cuda=False, num_folder=5, num_threads=6, output_dir='/data2/yb/paper/experiments/second_graph_aggregation_iemocap6_20260825_phase_b/formal/rtdr/miss_0p2/seed_67/fold_5/saved', post_graph_context='bilstm', pre_graph_context='bilstm', reccls_flag=False, relation_track_routing='diagonal', second_graph_aggregation='add', seed=67, text_feature='deberta-large-4-UTT', time_attn=False, video_feature='manet_UTT', windowf=2, windowp=2)
====== Reading Data =======
audio dimension: 512; text dimension: 1024; video dimension: 1024
stage-aware mask bundle: sha256=6ece9b3049308985d64deb5fa92f1af98a94ce862810122756db711d6b5d2557 requested=0.2000 realized=0.2019
====== Training and Evaluation =======
>>>>> Cross-validation: training on the 5 folder >>>>>
Step1: build model (each folder has its own model)
Model have 36419816 paramerters in total
Graph NN with LSTM as base model.
Step2: training (multiple epoches)
sample number: 5810.0
sample number: 1623.0
sample number: 1623.0
epoch:1; train_fscore:14.74%; train_loss:2.9713; train_loss1:1.8658; train_loss2:1.1056
sample number: 5810.0
sample number: 1623.0
sample number: 1623.0
epoch:2; train_fscore:10.23%; train_loss:2.8322; train_loss1:1.726; train_loss2:1.1062
sample number: 5810.0
sample number: 1623.0
sample number: 1623.0
epoch:3; train_fscore:18.41%; train_loss:2.6927; train_loss1:1.7628; train_loss2:0.9299
sample number: 5810.0
sample number: 1623.0
sample number: 1623.0
epoch:4; train_fscore:18.20%; train_loss:2.5603; train_loss1:1.6772; train_loss2:0.8831
sample number: 5810.0
sample number: 1623.0
sample number: 1623.0
epoch:5; train_fscore:27.18%; train_loss:2.3594; train_loss1:1.5541; train_loss2:0.8053
sample number: 5810.0
sample number: 1623.0
sample number: 1623.0
epoch:6; train_fscore:30.29%; train_loss:2.4283; train_loss1:1.6219; train_loss2:0.8064
sample number: 5810.0
sample number: 1623.0
sample number: 1623.0
epoch:7; train_fscore:30.55%; train_loss:2.3184; train_loss1:1.5541; train_loss2:0.7643
sample number: 5810.0
sample number: 1623.0
sample number: 1623.0
epoch:8; train_fscore:39.73%; train_loss:2.0575; train_loss1:1.4213; train_loss2:0.6363
sample number: 5810.0
sample number: 1623.0
sample number: 1623.0
epoch:9; train_fscore:40.60%; train_loss:1.9239; train_loss1:1.4199; train_loss2:0.504
sample number: 5810.0
sample number: 1623.0
sample number: 1623.0
epoch:10; train_fscore:42.19%; train_loss:1.7438; train_loss1:1.307; train_loss2:0.4368
sample number: 5810.0
sample number: 1623.0
sample number: 1623.0
epoch:11; train_fscore:44.16%; train_loss:1.6464; train_loss1:1.3075; train_loss2:0.3389
sample number: 5810.0
sample number: 1623.0
sample number: 1623.0
epoch:12; train_fscore:41.13%; train_loss:1.6312; train_loss1:1.2854; train_loss2:0.3458
sample number: 5810.0
sample number: 1623.0
sample number: 1623.0
epoch:13; train_fscore:44.72%; train_loss:1.6277; train_loss1:1.2976; train_loss2:0.3301
sample number: 5810.0
sample number: 1623.0
sample number: 1623.0
epoch:14; train_fscore:41.57%; train_loss:1.6676; train_loss1:1.3423; train_loss2:0.3253
sample number: 5810.0
sample number: 1623.0
sample number: 1623.0
epoch:15; train_fscore:38.81%; train_loss:1.6173; train_loss1:1.3004; train_loss2:0.317
sample number: 5810.0
sample number: 1623.0
sample number: 1623.0
epoch:16; train_fscore:42.34%; train_loss:1.5307; train_loss1:1.2254; train_loss2:0.3052
sample number: 5810.0
sample number: 1623.0
sample number: 1623.0
epoch:17; train_fscore:49.22%; train_loss:1.4592; train_loss1:1.1616; train_loss2:0.2976
sample number: 5810.0
sample number: 1623.0
sample number: 1623.0
epoch:18; train_fscore:50.57%; train_loss:1.3937; train_loss1:1.116; train_loss2:0.2776
sample number: 5810.0
sample number: 1623.0
sample number: 1623.0
epoch:19; train_fscore:49.91%; train_loss:1.4007; train_loss1:1.0992; train_loss2:0.3015
sample number: 5810.0
sample number: 1623.0
sample number: 1623.0
epoch:20; train_fscore:53.63%; train_loss:1.3468; train_loss1:1.0669; train_loss2:0.2799
sample number: 5810.0
sample number: 1623.0
sample number: 1623.0
epoch:21; train_fscore:53.63%; train_loss:1.3224; train_loss1:1.0437; train_loss2:0.2787
sample number: 5810.0
sample number: 1623.0
sample number: 1623.0
epoch:22; train_fscore:55.66%; train_loss:1.3282; train_loss1:1.0344; train_loss2:0.2938
sample number: 5810.0
sample number: 1623.0
sample number: 1623.0
epoch:23; train_fscore:55.05%; train_loss:1.3136; train_loss1:1.0205; train_loss2:0.293
sample number: 5810.0
sample number: 1623.0
sample number: 1623.0
epoch:24; train_fscore:55.32%; train_loss:1.31; train_loss1:0.9989; train_loss2:0.3111
sample number: 5810.0
sample number: 1623.0
sample number: 1623.0
epoch:25; train_fscore:56.58%; train_loss:1.285; train_loss1:1.0219; train_loss2:0.2631
sample number: 5810.0
sample number: 1623.0
sample number: 1623.0
epoch:26; train_fscore:57.31%; train_loss:1.318; train_loss1:1.0034; train_loss2:0.3146
sample number: 5810.0
sample number: 1623.0
sample number: 1623.0
epoch:27; train_fscore:56.77%; train_loss:1.2844; train_loss1:0.9984; train_loss2:0.286
sample number: 5810.0
sample number: 1623.0
sample number: 1623.0
epoch:28; train_fscore:58.73%; train_loss:1.2742; train_loss1:0.9653; train_loss2:0.3088
sample number: 5810.0
sample number: 1623.0
sample number: 1623.0
epoch:29; train_fscore:60.15%; train_loss:1.218; train_loss1:0.9303; train_loss2:0.2876
sample number: 5810.0
sample number: 1623.0
sample number: 1623.0
epoch:30; train_fscore:59.68%; train_loss:1.2435; train_loss1:0.9387; train_loss2:0.3048
sample number: 5810.0
sample number: 1623.0
sample number: 1623.0
epoch:31; train_fscore:60.89%; train_loss:1.1975; train_loss1:0.9038; train_loss2:0.2938
sample number: 5810.0
sample number: 1623.0
sample number: 1623.0
epoch:32; train_fscore:62.55%; train_loss:1.1683; train_loss1:0.8927; train_loss2:0.2756
sample number: 5810.0
sample number: 1623.0
sample number: 1623.0
epoch:33; train_fscore:62.27%; train_loss:1.1579; train_loss1:0.8697; train_loss2:0.2882
sample number: 5810.0
sample number: 1623.0
sample number: 1623.0
epoch:34; train_fscore:64.48%; train_loss:1.1278; train_loss1:0.8511; train_loss2:0.2767
sample number: 5810.0
sample number: 1623.0
sample number: 1623.0
epoch:35; train_fscore:62.68%; train_loss:1.1802; train_loss1:0.8757; train_loss2:0.3045
sample number: 5810.0
sample number: 1623.0
sample number: 1623.0
epoch:36; train_fscore:64.12%; train_loss:1.1592; train_loss1:0.8759; train_loss2:0.2833
sample number: 5810.0
sample number: 1623.0
sample number: 1623.0
epoch:37; train_fscore:63.95%; train_loss:1.1499; train_loss1:0.8746; train_loss2:0.2753
sample number: 5810.0
sample number: 1623.0
sample number: 1623.0
epoch:38; train_fscore:63.43%; train_loss:1.1652; train_loss1:0.8592; train_loss2:0.306
sample number: 5810.0
sample number: 1623.0
sample number: 1623.0
epoch:39; train_fscore:63.11%; train_loss:1.1233; train_loss1:0.8424; train_loss2:0.2809
sample number: 5810.0
sample number: 1623.0
sample number: 1623.0
epoch:40; train_fscore:65.38%; train_loss:1.0976; train_loss1:0.8305; train_loss2:0.267
sample number: 5810.0
sample number: 1623.0
sample number: 1623.0
epoch:41; train_fscore:65.37%; train_loss:1.1377; train_loss1:0.801; train_loss2:0.3367
sample number: 5810.0
sample number: 1623.0
sample number: 1623.0
epoch:42; train_fscore:65.83%; train_loss:1.1105; train_loss1:0.8057; train_loss2:0.3048
sample number: 5810.0
sample number: 1623.0
sample number: 1623.0
epoch:43; train_fscore:67.90%; train_loss:1.0743; train_loss1:0.7879; train_loss2:0.2864
sample number: 5810.0
sample number: 1623.0
sample number: 1623.0
epoch:44; train_fscore:68.28%; train_loss:1.0709; train_loss1:0.7799; train_loss2:0.2909
sample number: 5810.0
sample number: 1623.0
sample number: 1623.0
epoch:45; train_fscore:69.49%; train_loss:1.0338; train_loss1:0.7516; train_loss2:0.2822
sample number: 5810.0
sample number: 1623.0
sample number: 1623.0
epoch:46; train_fscore:69.33%; train_loss:1.0344; train_loss1:0.7429; train_loss2:0.2915
sample number: 5810.0
sample number: 1623.0
sample number: 1623.0
epoch:47; train_fscore:70.51%; train_loss:0.9992; train_loss1:0.7247; train_loss2:0.2745
sample number: 5810.0
sample number: 1623.0
sample number: 1623.0
epoch:48; train_fscore:70.92%; train_loss:0.99; train_loss1:0.7037; train_loss2:0.2863
sample number: 5810.0
sample number: 1623.0
sample number: 1623.0
epoch:49; train_fscore:72.07%; train_loss:0.9555; train_loss1:0.6949; train_loss2:0.2606
sample number: 5810.0
sample number: 1623.0
sample number: 1623.0
epoch:50; train_fscore:73.22%; train_loss:0.9692; train_loss1:0.6647; train_loss2:0.3045
sample number: 5810.0
sample number: 1623.0
sample number: 1623.0
epoch:51; train_fscore:72.91%; train_loss:0.959; train_loss1:0.6627; train_loss2:0.2964
sample number: 5810.0
sample number: 1623.0
sample number: 1623.0
epoch:52; train_fscore:73.68%; train_loss:0.9278; train_loss1:0.6503; train_loss2:0.2774
sample number: 5810.0
sample number: 1623.0
sample number: 1623.0
epoch:53; train_fscore:74.21%; train_loss:0.9182; train_loss1:0.6422; train_loss2:0.276
sample number: 5810.0
sample number: 1623.0
sample number: 1623.0
epoch:54; train_fscore:75.35%; train_loss:0.9206; train_loss1:0.6228; train_loss2:0.2978
sample number: 5810.0
sample number: 1623.0
sample number: 1623.0
epoch:55; train_fscore:76.94%; train_loss:0.8448; train_loss1:0.5858; train_loss2:0.259
sample number: 5810.0
sample number: 1623.0
sample number: 1623.0
epoch:56; train_fscore:77.76%; train_loss:0.8713; train_loss1:0.5809; train_loss2:0.2903
sample number: 5810.0
sample number: 1623.0
sample number: 1623.0
epoch:57; train_fscore:78.41%; train_loss:0.836; train_loss1:0.5597; train_loss2:0.2763
sample number: 5810.0
sample number: 1623.0
sample number: 1623.0
epoch:58; train_fscore:78.43%; train_loss:0.8504; train_loss1:0.5628; train_loss2:0.2875
sample number: 5810.0
sample number: 1623.0
sample number: 1623.0
epoch:59; train_fscore:76.97%; train_loss:0.8735; train_loss1:0.5793; train_loss2:0.2942
sample number: 5810.0
sample number: 1623.0
sample number: 1623.0
epoch:60; train_fscore:77.90%; train_loss:0.8624; train_loss1:0.5678; train_loss2:0.2946
sample number: 5810.0
sample number: 1623.0
sample number: 1623.0
epoch:61; train_fscore:78.97%; train_loss:0.792; train_loss1:0.5271; train_loss2:0.2649
sample number: 5810.0
sample number: 1623.0
sample number: 1623.0
epoch:62; train_fscore:79.35%; train_loss:0.8188; train_loss1:0.5269; train_loss2:0.2919
sample number: 5810.0
sample number: 1623.0
sample number: 1623.0
epoch:63; train_fscore:79.72%; train_loss:0.8072; train_loss1:0.5249; train_loss2:0.2823
sample number: 5810.0
sample number: 1623.0
sample number: 1623.0
epoch:64; train_fscore:79.49%; train_loss:0.8307; train_loss1:0.5244; train_loss2:0.3063
sample number: 5810.0
sample number: 1623.0
sample number: 1623.0
epoch:65; train_fscore:79.35%; train_loss:0.7836; train_loss1:0.5192; train_loss2:0.2644
sample number: 5810.0
sample number: 1623.0
sample number: 1623.0
epoch:66; train_fscore:80.65%; train_loss:0.7463; train_loss1:0.4918; train_loss2:0.2546
sample number: 5810.0
sample number: 1623.0
sample number: 1623.0
epoch:67; train_fscore:79.99%; train_loss:0.7797; train_loss1:0.5028; train_loss2:0.2769
sample number: 5810.0
sample number: 1623.0
sample number: 1623.0
epoch:68; train_fscore:80.61%; train_loss:0.7807; train_loss1:0.5052; train_loss2:0.2755
sample number: 5810.0
sample number: 1623.0
sample number: 1623.0
epoch:69; train_fscore:79.15%; train_loss:0.8275; train_loss1:0.5323; train_loss2:0.2952
sample number: 5810.0
sample number: 1623.0
sample number: 1623.0
epoch:70; train_fscore:80.03%; train_loss:0.8035; train_loss1:0.5067; train_loss2:0.2967
sample number: 5810.0
sample number: 1623.0
sample number: 1623.0
epoch:71; train_fscore:81.59%; train_loss:0.7832; train_loss1:0.4702; train_loss2:0.313
sample number: 5810.0
sample number: 1623.0
sample number: 1623.0
epoch:72; train_fscore:82.03%; train_loss:0.7559; train_loss1:0.4698; train_loss2:0.2861
sample number: 5810.0
sample number: 1623.0
sample number: 1623.0
epoch:73; train_fscore:81.15%; train_loss:0.7614; train_loss1:0.4775; train_loss2:0.2839
sample number: 5810.0
sample number: 1623.0
sample number: 1623.0
epoch:74; train_fscore:81.74%; train_loss:0.7443; train_loss1:0.464; train_loss2:0.2803
sample number: 5810.0
sample number: 1623.0
sample number: 1623.0
epoch:75; train_fscore:81.99%; train_loss:0.7339; train_loss1:0.4596; train_loss2:0.2743
sample number: 5810.0
sample number: 1623.0
sample number: 1623.0
epoch:76; train_fscore:82.57%; train_loss:0.7397; train_loss1:0.4457; train_loss2:0.294
sample number: 5810.0
sample number: 1623.0
sample number: 1623.0
epoch:77; train_fscore:81.64%; train_loss:0.7461; train_loss1:0.4633; train_loss2:0.2828
sample number: 5810.0
sample number: 1623.0
sample number: 1623.0
epoch:78; train_fscore:82.71%; train_loss:0.7386; train_loss1:0.4368; train_loss2:0.3018
sample number: 5810.0
sample number: 1623.0
sample number: 1623.0
epoch:79; train_fscore:84.08%; train_loss:0.6732; train_loss1:0.4101; train_loss2:0.2631
sample number: 5810.0
sample number: 1623.0
sample number: 1623.0
epoch:80; train_fscore:84.28%; train_loss:0.678; train_loss1:0.4063; train_loss2:0.2717
sample number: 5810.0
sample number: 1623.0
sample number: 1623.0
epoch:81; train_fscore:85.29%; train_loss:0.6693; train_loss1:0.3838; train_loss2:0.2855
sample number: 5810.0
sample number: 1623.0
sample number: 1623.0
epoch:82; train_fscore:85.68%; train_loss:0.6301; train_loss1:0.3677; train_loss2:0.2624
sample number: 5810.0
sample number: 1623.0
sample number: 1623.0
epoch:83; train_fscore:85.02%; train_loss:0.6318; train_loss1:0.3661; train_loss2:0.2657
sample number: 5810.0
sample number: 1623.0
sample number: 1623.0
epoch:84; train_fscore:86.18%; train_loss:0.618; train_loss1:0.3511; train_loss2:0.267
sample number: 5810.0
sample number: 1623.0
sample number: 1623.0
epoch:85; train_fscore:86.21%; train_loss:0.6503; train_loss1:0.3517; train_loss2:0.2986
sample number: 5810.0
sample number: 1623.0
sample number: 1623.0
epoch:86; train_fscore:86.47%; train_loss:0.6261; train_loss1:0.3469; train_loss2:0.2793
sample number: 5810.0
sample number: 1623.0
sample number: 1623.0
epoch:87; train_fscore:86.50%; train_loss:0.6138; train_loss1:0.3417; train_loss2:0.2721
sample number: 5810.0
sample number: 1623.0
sample number: 1623.0
epoch:88; train_fscore:86.58%; train_loss:0.6756; train_loss1:0.3519; train_loss2:0.3237
sample number: 5810.0
sample number: 1623.0
sample number: 1623.0
epoch:89; train_fscore:85.14%; train_loss:0.653; train_loss1:0.3724; train_loss2:0.2806
sample number: 5810.0
sample number: 1623.0
sample number: 1623.0
epoch:90; train_fscore:85.54%; train_loss:0.6244; train_loss1:0.3676; train_loss2:0.2568
sample number: 5810.0
sample number: 1623.0
sample number: 1623.0
epoch:91; train_fscore:86.03%; train_loss:0.6404; train_loss1:0.3603; train_loss2:0.28
sample number: 5810.0
sample number: 1623.0
sample number: 1623.0
epoch:92; train_fscore:85.76%; train_loss:0.6334; train_loss1:0.3571; train_loss2:0.2764
sample number: 5810.0
sample number: 1623.0
sample number: 1623.0
epoch:93; train_fscore:86.04%; train_loss:0.6308; train_loss1:0.3488; train_loss2:0.282
sample number: 5810.0
sample number: 1623.0
sample number: 1623.0
epoch:94; train_fscore:86.39%; train_loss:0.6239; train_loss1:0.3371; train_loss2:0.2868
sample number: 5810.0
sample number: 1623.0
sample number: 1623.0
epoch:95; train_fscore:87.45%; train_loss:0.6158; train_loss1:0.3227; train_loss2:0.2931
sample number: 5810.0
sample number: 1623.0
sample number: 1623.0
epoch:96; train_fscore:87.39%; train_loss:0.6095; train_loss1:0.3172; train_loss2:0.2923
sample number: 5810.0
sample number: 1623.0
sample number: 1623.0
epoch:97; train_fscore:88.40%; train_loss:0.5879; train_loss1:0.2893; train_loss2:0.2986
sample number: 5810.0
sample number: 1623.0
sample number: 1623.0
epoch:98; train_fscore:89.31%; train_loss:0.5609; train_loss1:0.2749; train_loss2:0.286
sample number: 5810.0
sample number: 1623.0
sample number: 1623.0
epoch:99; train_fscore:90.27%; train_loss:0.5394; train_loss1:0.259; train_loss2:0.2804
sample number: 5810.0
sample number: 1623.0
sample number: 1623.0
epoch:100; train_fscore:90.01%; train_loss:0.5593; train_loss1:0.2562; train_loss2:0.3031
Step3: saving and testing on the 5 folder
>>>>> Finish: training on the 5 folder, duration: 364.3416256904602 >>>>>
====== Saving =======
SMOKE_ONLY=False
save results in /data2/yb/paper/experiments/second_graph_aggregation_iemocap6_20260825_phase_b/formal/rtdr/miss_0p2/seed_67/fold_5/saved/iemocapsix_original_addition_relationtrack_diagonal_f5_s67_m0p2_1787700131.6358316.npz
