Namespace(allow_short_run=False, audio_feature='wav2vec-large-c-UTT', base_model='LSTM', batch_size=32, branch_fusion='addition', data_root='/data2/yb/paper/GCNet_TPAMI_modality_jepa_20260818/dataset/IEMOCAP', dataset='IEMOCAPSix', dropout=0.5, epochs=100, fold_index=5, graph_conv_variant='original', hidden=200, l2=1e-05, loss_recon=True, lower_bound=False, lr=0.001, mask_bank_root='/data2/yb/paper/experiments/mpfilm_iemocap6_20260824/mask_banks', mask_seed=67, mask_type='constant-0.7', n_classes=6, n_speakers=2, no_cuda=False, num_folder=5, num_threads=6, output_dir='/data2/yb/paper/experiments/second_graph_aggregation_iemocap6_20260825_phase_b/formal/ssma/miss_0p7/seed_67/fold_5/saved', post_graph_context='bilstm', pre_graph_context='bilstm', reccls_flag=False, relation_track_routing='early', second_graph_aggregation='ssma', seed=67, text_feature='deberta-large-4-UTT', time_attn=False, video_feature='manet_UTT', windowf=2, windowp=2)
====== Reading Data =======
audio dimension: 512; text dimension: 1024; video dimension: 1024
stage-aware mask bundle: sha256=f94888ce8343a2d7fb37e60ea458022c434c9594bed1e425726bd086585ba894 requested=0.7000 realized=0.6667
====== Training and Evaluation =======
>>>>> Cross-validation: training on the 5 folder >>>>>
Step1: build model (each folder has its own model)
Model have 37015216 paramerters in total
Graph NN with LSTM as base model.
Step2: training (multiple epoches)
[W Copy.cpp:219] Warning: Casting complex values to real discards the imaginary part (function operator())
sample number: 5810.0
sample number: 1623.0
sample number: 1623.0
epoch:1; train_fscore:11.12%; train_loss:5.5896; train_loss1:1.7993; train_loss2:3.7903
sample number: 5810.0
sample number: 1623.0
sample number: 1623.0
epoch:2; train_fscore:18.63%; train_loss:4.9832; train_loss1:1.7811; train_loss2:3.202
sample number: 5810.0
sample number: 1623.0
sample number: 1623.0
epoch:3; train_fscore:16.65%; train_loss:4.2265; train_loss1:1.7185; train_loss2:2.508
sample number: 5810.0
sample number: 1623.0
sample number: 1623.0
epoch:4; train_fscore:18.35%; train_loss:4.0246; train_loss1:1.6596; train_loss2:2.365
sample number: 5810.0
sample number: 1623.0
sample number: 1623.0
epoch:5; train_fscore:16.67%; train_loss:3.7414; train_loss1:1.7801; train_loss2:1.9613
sample number: 5810.0
sample number: 1623.0
sample number: 1623.0
epoch:6; train_fscore:20.58%; train_loss:3.3495; train_loss1:1.7372; train_loss2:1.6123
sample number: 5810.0
sample number: 1623.0
sample number: 1623.0
epoch:7; train_fscore:25.14%; train_loss:2.9323; train_loss1:1.6289; train_loss2:1.3034
sample number: 5810.0
sample number: 1623.0
sample number: 1623.0
epoch:8; train_fscore:22.74%; train_loss:2.73; train_loss1:1.6032; train_loss2:1.1268
sample number: 5810.0
sample number: 1623.0
sample number: 1623.0
epoch:9; train_fscore:25.22%; train_loss:2.5465; train_loss1:1.5709; train_loss2:0.9756
sample number: 5810.0
sample number: 1623.0
sample number: 1623.0
epoch:10; train_fscore:26.34%; train_loss:2.5423; train_loss1:1.504; train_loss2:1.0384
sample number: 5810.0
sample number: 1623.0
sample number: 1623.0
epoch:11; train_fscore:27.31%; train_loss:2.4144; train_loss1:1.4986; train_loss2:0.9159
sample number: 5810.0
sample number: 1623.0
sample number: 1623.0
epoch:12; train_fscore:25.05%; train_loss:2.4717; train_loss1:1.4725; train_loss2:0.9992
sample number: 5810.0
sample number: 1623.0
sample number: 1623.0
epoch:13; train_fscore:27.66%; train_loss:2.503; train_loss1:1.4649; train_loss2:1.0382
sample number: 5810.0
sample number: 1623.0
sample number: 1623.0
epoch:14; train_fscore:29.71%; train_loss:2.3802; train_loss1:1.4081; train_loss2:0.9721
sample number: 5810.0
sample number: 1623.0
sample number: 1623.0
epoch:15; train_fscore:31.04%; train_loss:2.271; train_loss1:1.3313; train_loss2:0.9398
sample number: 5810.0
sample number: 1623.0
sample number: 1623.0
epoch:16; train_fscore:32.76%; train_loss:2.2948; train_loss1:1.3072; train_loss2:0.9876
sample number: 5810.0
sample number: 1623.0
sample number: 1623.0
epoch:17; train_fscore:36.39%; train_loss:2.2833; train_loss1:1.3676; train_loss2:0.9156
sample number: 5810.0
sample number: 1623.0
sample number: 1623.0
epoch:18; train_fscore:33.76%; train_loss:2.2723; train_loss1:1.3646; train_loss2:0.9078
sample number: 5810.0
sample number: 1623.0
sample number: 1623.0
epoch:19; train_fscore:36.63%; train_loss:2.3387; train_loss1:1.3526; train_loss2:0.986
sample number: 5810.0
sample number: 1623.0
sample number: 1623.0
epoch:20; train_fscore:33.71%; train_loss:2.2306; train_loss1:1.3333; train_loss2:0.8974
sample number: 5810.0
sample number: 1623.0
sample number: 1623.0
epoch:21; train_fscore:39.27%; train_loss:2.2811; train_loss1:1.2609; train_loss2:1.0202
sample number: 5810.0
sample number: 1623.0
sample number: 1623.0
epoch:22; train_fscore:38.89%; train_loss:2.207; train_loss1:1.2617; train_loss2:0.9453
sample number: 5810.0
sample number: 1623.0
sample number: 1623.0
epoch:23; train_fscore:39.61%; train_loss:2.2691; train_loss1:1.2786; train_loss2:0.9905
sample number: 5810.0
sample number: 1623.0
sample number: 1623.0
epoch:24; train_fscore:41.65%; train_loss:2.099; train_loss1:1.2125; train_loss2:0.8865
sample number: 5810.0
sample number: 1623.0
sample number: 1623.0
epoch:25; train_fscore:44.10%; train_loss:2.0913; train_loss1:1.1968; train_loss2:0.8945
sample number: 5810.0
sample number: 1623.0
sample number: 1623.0
epoch:26; train_fscore:42.65%; train_loss:2.2101; train_loss1:1.2251; train_loss2:0.985
sample number: 5810.0
sample number: 1623.0
sample number: 1623.0
epoch:27; train_fscore:45.59%; train_loss:2.0862; train_loss1:1.1473; train_loss2:0.9389
sample number: 5810.0
sample number: 1623.0
sample number: 1623.0
epoch:28; train_fscore:48.86%; train_loss:2.066; train_loss1:1.1462; train_loss2:0.9198
sample number: 5810.0
sample number: 1623.0
sample number: 1623.0
epoch:29; train_fscore:44.89%; train_loss:2.0425; train_loss1:1.1395; train_loss2:0.903
sample number: 5810.0
sample number: 1623.0
sample number: 1623.0
epoch:30; train_fscore:50.27%; train_loss:2.0543; train_loss1:1.1321; train_loss2:0.9222
sample number: 5810.0
sample number: 1623.0
sample number: 1623.0
epoch:31; train_fscore:49.70%; train_loss:2.0087; train_loss1:1.1055; train_loss2:0.9032
sample number: 5810.0
sample number: 1623.0
sample number: 1623.0
epoch:32; train_fscore:50.61%; train_loss:2.0305; train_loss1:1.1039; train_loss2:0.9266
sample number: 5810.0
sample number: 1623.0
sample number: 1623.0
epoch:33; train_fscore:49.34%; train_loss:2.114; train_loss1:1.1164; train_loss2:0.9976
sample number: 5810.0
sample number: 1623.0
sample number: 1623.0
epoch:34; train_fscore:51.48%; train_loss:2.0126; train_loss1:1.0564; train_loss2:0.9563
sample number: 5810.0
sample number: 1623.0
sample number: 1623.0
epoch:35; train_fscore:53.02%; train_loss:2.1178; train_loss1:1.0812; train_loss2:1.0366
sample number: 5810.0
sample number: 1623.0
sample number: 1623.0
epoch:36; train_fscore:51.78%; train_loss:2.0431; train_loss1:1.0941; train_loss2:0.9489
sample number: 5810.0
sample number: 1623.0
sample number: 1623.0
epoch:37; train_fscore:50.57%; train_loss:2.0058; train_loss1:1.0978; train_loss2:0.908
sample number: 5810.0
sample number: 1623.0
sample number: 1623.0
epoch:38; train_fscore:52.36%; train_loss:2.0148; train_loss1:1.0935; train_loss2:0.9214
sample number: 5810.0
sample number: 1623.0
sample number: 1623.0
epoch:39; train_fscore:49.25%; train_loss:2.0214; train_loss1:1.0834; train_loss2:0.9381
sample number: 5810.0
sample number: 1623.0
sample number: 1623.0
epoch:40; train_fscore:53.10%; train_loss:1.9808; train_loss1:1.0624; train_loss2:0.9184
sample number: 5810.0
sample number: 1623.0
sample number: 1623.0
epoch:41; train_fscore:53.74%; train_loss:2.1501; train_loss1:1.0489; train_loss2:1.1012
sample number: 5810.0
sample number: 1623.0
sample number: 1623.0
epoch:42; train_fscore:53.56%; train_loss:1.9935; train_loss1:1.0527; train_loss2:0.9408
sample number: 5810.0
sample number: 1623.0
sample number: 1623.0
epoch:43; train_fscore:52.82%; train_loss:1.9662; train_loss1:1.0555; train_loss2:0.9107
sample number: 5810.0
sample number: 1623.0
sample number: 1623.0
epoch:44; train_fscore:54.56%; train_loss:1.9817; train_loss1:1.0229; train_loss2:0.9588
sample number: 5810.0
sample number: 1623.0
sample number: 1623.0
epoch:45; train_fscore:56.56%; train_loss:1.9172; train_loss1:1.0063; train_loss2:0.9109
sample number: 5810.0
sample number: 1623.0
sample number: 1623.0
epoch:46; train_fscore:57.85%; train_loss:1.9277; train_loss1:0.9939; train_loss2:0.9338
sample number: 5810.0
sample number: 1623.0
sample number: 1623.0
epoch:47; train_fscore:57.04%; train_loss:1.8829; train_loss1:0.9992; train_loss2:0.8837
sample number: 5810.0
sample number: 1623.0
sample number: 1623.0
epoch:48; train_fscore:55.95%; train_loss:1.9344; train_loss1:1.0026; train_loss2:0.9318
sample number: 5810.0
sample number: 1623.0
sample number: 1623.0
epoch:49; train_fscore:55.85%; train_loss:1.8857; train_loss1:0.9857; train_loss2:0.9
sample number: 5810.0
sample number: 1623.0
sample number: 1623.0
epoch:50; train_fscore:56.41%; train_loss:1.971; train_loss1:1.0142; train_loss2:0.9568
sample number: 5810.0
sample number: 1623.0
sample number: 1623.0
epoch:51; train_fscore:58.24%; train_loss:1.8609; train_loss1:0.9715; train_loss2:0.8894
sample number: 5810.0
sample number: 1623.0
sample number: 1623.0
epoch:52; train_fscore:59.26%; train_loss:1.921; train_loss1:0.9428; train_loss2:0.9782
sample number: 5810.0
sample number: 1623.0
sample number: 1623.0
epoch:53; train_fscore:59.34%; train_loss:1.8838; train_loss1:0.9547; train_loss2:0.9291
sample number: 5810.0
sample number: 1623.0
sample number: 1623.0
epoch:54; train_fscore:57.31%; train_loss:1.957; train_loss1:0.9493; train_loss2:1.0077
sample number: 5810.0
sample number: 1623.0
sample number: 1623.0
epoch:55; train_fscore:58.29%; train_loss:1.885; train_loss1:0.9886; train_loss2:0.8964
sample number: 5810.0
sample number: 1623.0
sample number: 1623.0
epoch:56; train_fscore:56.20%; train_loss:1.8936; train_loss1:0.9716; train_loss2:0.922
sample number: 5810.0
sample number: 1623.0
sample number: 1623.0
epoch:57; train_fscore:57.74%; train_loss:1.8001; train_loss1:0.9521; train_loss2:0.848
sample number: 5810.0
sample number: 1623.0
sample number: 1623.0
epoch:58; train_fscore:56.67%; train_loss:1.9252; train_loss1:0.9631; train_loss2:0.9622
sample number: 5810.0
sample number: 1623.0
sample number: 1623.0
epoch:59; train_fscore:60.96%; train_loss:1.922; train_loss1:0.9215; train_loss2:1.0005
sample number: 5810.0
sample number: 1623.0
sample number: 1623.0
epoch:60; train_fscore:60.71%; train_loss:1.8826; train_loss1:0.9112; train_loss2:0.9715
sample number: 5810.0
sample number: 1623.0
sample number: 1623.0
epoch:61; train_fscore:62.98%; train_loss:1.8337; train_loss1:0.8886; train_loss2:0.9452
sample number: 5810.0
sample number: 1623.0
sample number: 1623.0
epoch:62; train_fscore:60.26%; train_loss:1.836; train_loss1:0.9078; train_loss2:0.9283
sample number: 5810.0
sample number: 1623.0
sample number: 1623.0
epoch:63; train_fscore:61.76%; train_loss:1.8173; train_loss1:0.8774; train_loss2:0.9399
sample number: 5810.0
sample number: 1623.0
sample number: 1623.0
epoch:64; train_fscore:63.21%; train_loss:1.8589; train_loss1:0.8725; train_loss2:0.9864
sample number: 5810.0
sample number: 1623.0
sample number: 1623.0
epoch:65; train_fscore:62.30%; train_loss:1.7822; train_loss1:0.8697; train_loss2:0.9126
sample number: 5810.0
sample number: 1623.0
sample number: 1623.0
epoch:66; train_fscore:63.38%; train_loss:1.7867; train_loss1:0.8452; train_loss2:0.9414
sample number: 5810.0
sample number: 1623.0
sample number: 1623.0
epoch:67; train_fscore:64.21%; train_loss:1.8059; train_loss1:0.8477; train_loss2:0.9582
sample number: 5810.0
sample number: 1623.0
sample number: 1623.0
epoch:68; train_fscore:64.69%; train_loss:1.7277; train_loss1:0.8307; train_loss2:0.897
sample number: 5810.0
sample number: 1623.0
sample number: 1623.0
epoch:69; train_fscore:65.90%; train_loss:1.7433; train_loss1:0.8148; train_loss2:0.9285
sample number: 5810.0
sample number: 1623.0
sample number: 1623.0
epoch:70; train_fscore:67.13%; train_loss:1.6777; train_loss1:0.8004; train_loss2:0.8773
sample number: 5810.0
sample number: 1623.0
sample number: 1623.0
epoch:71; train_fscore:65.56%; train_loss:1.8051; train_loss1:0.8167; train_loss2:0.9884
sample number: 5810.0
sample number: 1623.0
sample number: 1623.0
epoch:72; train_fscore:64.62%; train_loss:1.744; train_loss1:0.8159; train_loss2:0.9282
sample number: 5810.0
sample number: 1623.0
sample number: 1623.0
epoch:73; train_fscore:67.98%; train_loss:1.7137; train_loss1:0.7745; train_loss2:0.9392
sample number: 5810.0
sample number: 1623.0
sample number: 1623.0
epoch:74; train_fscore:67.96%; train_loss:1.7218; train_loss1:0.7872; train_loss2:0.9346
sample number: 5810.0
sample number: 1623.0
sample number: 1623.0
epoch:75; train_fscore:67.00%; train_loss:1.7145; train_loss1:0.7794; train_loss2:0.935
sample number: 5810.0
sample number: 1623.0
sample number: 1623.0
epoch:76; train_fscore:70.09%; train_loss:1.6942; train_loss1:0.7337; train_loss2:0.9605
sample number: 5810.0
sample number: 1623.0
sample number: 1623.0
epoch:77; train_fscore:68.97%; train_loss:1.6564; train_loss1:0.7538; train_loss2:0.9026
sample number: 5810.0
sample number: 1623.0
sample number: 1623.0
epoch:78; train_fscore:67.35%; train_loss:1.7136; train_loss1:0.78; train_loss2:0.9336
sample number: 5810.0
sample number: 1623.0
sample number: 1623.0
epoch:79; train_fscore:66.53%; train_loss:1.7006; train_loss1:0.7875; train_loss2:0.9131
sample number: 5810.0
sample number: 1623.0
sample number: 1623.0
epoch:80; train_fscore:67.58%; train_loss:1.6621; train_loss1:0.7716; train_loss2:0.8905
sample number: 5810.0
sample number: 1623.0
sample number: 1623.0
epoch:81; train_fscore:68.51%; train_loss:1.6775; train_loss1:0.7524; train_loss2:0.9251
sample number: 5810.0
sample number: 1623.0
sample number: 1623.0
epoch:82; train_fscore:71.00%; train_loss:1.6108; train_loss1:0.7236; train_loss2:0.8872
sample number: 5810.0
sample number: 1623.0
sample number: 1623.0
epoch:83; train_fscore:69.12%; train_loss:1.6129; train_loss1:0.7646; train_loss2:0.8483
sample number: 5810.0
sample number: 1623.0
sample number: 1623.0
epoch:84; train_fscore:68.55%; train_loss:1.6227; train_loss1:0.752; train_loss2:0.8707
sample number: 5810.0
sample number: 1623.0
sample number: 1623.0
epoch:85; train_fscore:70.99%; train_loss:1.6846; train_loss1:0.7297; train_loss2:0.9549
sample number: 5810.0
sample number: 1623.0
sample number: 1623.0
epoch:86; train_fscore:70.75%; train_loss:1.7122; train_loss1:0.7323; train_loss2:0.9798
sample number: 5810.0
sample number: 1623.0
sample number: 1623.0
epoch:87; train_fscore:68.95%; train_loss:1.6147; train_loss1:0.7742; train_loss2:0.8405
sample number: 5810.0
sample number: 1623.0
sample number: 1623.0
epoch:88; train_fscore:69.41%; train_loss:1.7508; train_loss1:0.7442; train_loss2:1.0066
sample number: 5810.0
sample number: 1623.0
sample number: 1623.0
epoch:89; train_fscore:71.52%; train_loss:1.6024; train_loss1:0.7128; train_loss2:0.8896
sample number: 5810.0
sample number: 1623.0
sample number: 1623.0
epoch:90; train_fscore:70.27%; train_loss:1.6119; train_loss1:0.7198; train_loss2:0.8921
sample number: 5810.0
sample number: 1623.0
sample number: 1623.0
epoch:91; train_fscore:71.11%; train_loss:1.6244; train_loss1:0.711; train_loss2:0.9134
sample number: 5810.0
sample number: 1623.0
sample number: 1623.0
epoch:92; train_fscore:73.42%; train_loss:1.6378; train_loss1:0.6681; train_loss2:0.9697
sample number: 5810.0
sample number: 1623.0
sample number: 1623.0
epoch:93; train_fscore:72.82%; train_loss:1.5606; train_loss1:0.6594; train_loss2:0.9012
sample number: 5810.0
sample number: 1623.0
sample number: 1623.0
epoch:94; train_fscore:73.02%; train_loss:1.6328; train_loss1:0.6643; train_loss2:0.9685
sample number: 5810.0
sample number: 1623.0
sample number: 1623.0
epoch:95; train_fscore:74.61%; train_loss:1.5874; train_loss1:0.6504; train_loss2:0.937
sample number: 5810.0
sample number: 1623.0
sample number: 1623.0
epoch:96; train_fscore:74.46%; train_loss:1.5397; train_loss1:0.6329; train_loss2:0.9067
sample number: 5810.0
sample number: 1623.0
sample number: 1623.0
epoch:97; train_fscore:74.38%; train_loss:1.5665; train_loss1:0.6414; train_loss2:0.9251
sample number: 5810.0
sample number: 1623.0
sample number: 1623.0
epoch:98; train_fscore:72.46%; train_loss:1.5747; train_loss1:0.6744; train_loss2:0.9002
sample number: 5810.0
sample number: 1623.0
sample number: 1623.0
epoch:99; train_fscore:74.45%; train_loss:1.5598; train_loss1:0.6434; train_loss2:0.9164
sample number: 5810.0
sample number: 1623.0
sample number: 1623.0
epoch:100; train_fscore:73.53%; train_loss:1.5725; train_loss1:0.6533; train_loss2:0.9192
Step3: saving and testing on the 5 folder
>>>>> Finish: training on the 5 folder, duration: 405.430358171463 >>>>>
====== Saving =======
SMOKE_ONLY=False
save results in /data2/yb/paper/experiments/second_graph_aggregation_iemocap6_20260825_phase_b/formal/ssma/miss_0p7/seed_67/fold_5/saved/iemocapsix_original_addition_secondagg_ssma_f5_s67_m0p7_1787676776.6325376.npz
