Namespace(allow_short_run=False, audio_feature='wav2vec-large-c-UTT', base_model='LSTM', batch_size=32, branch_fusion='addition', data_root='/data2/yb/paper/GCNet_TPAMI_modality_jepa_20260818/dataset/IEMOCAP', dataset='IEMOCAPSix', dropout=0.5, epochs=100, fold_index=5, graph_conv_variant='original', hidden=200, l2=1e-05, loss_recon=True, lower_bound=False, lr=0.001, mask_bank_root='/data2/yb/paper/experiments/mpfilm_iemocap6_20260824/mask_banks', mask_seed=68, mask_type='constant-0.7', n_classes=6, n_speakers=2, no_cuda=False, num_folder=5, num_threads=6, output_dir='/data2/yb/paper/experiments/second_graph_aggregation_iemocap6_20260825_phase_b/formal/rtdr/miss_0p7/seed_68/fold_5/saved', post_graph_context='bilstm', pre_graph_context='bilstm', reccls_flag=False, relation_track_routing='diagonal', second_graph_aggregation='add', seed=68, text_feature='deberta-large-4-UTT', time_attn=False, video_feature='manet_UTT', windowf=2, windowp=2)
====== Reading Data =======
audio dimension: 512; text dimension: 1024; video dimension: 1024
stage-aware mask bundle: sha256=f79970a397a92a56cfca5d144309311b15de11b14729d174b274e2cd73408f6f requested=0.7000 realized=0.6667
====== Training and Evaluation =======
>>>>> Cross-validation: training on the 5 folder >>>>>
Step1: build model (each folder has its own model)
Model have 36419816 paramerters in total
Graph NN with LSTM as base model.
Step2: training (multiple epoches)
sample number: 5810.0
sample number: 1623.0
sample number: 1623.0
epoch:1; train_fscore:17.50%; train_loss:5.4145; train_loss1:1.7995; train_loss2:3.615
sample number: 5810.0
sample number: 1623.0
sample number: 1623.0
epoch:2; train_fscore:16.89%; train_loss:4.9714; train_loss1:1.7841; train_loss2:3.1873
sample number: 5810.0
sample number: 1623.0
sample number: 1623.0
epoch:3; train_fscore:17.81%; train_loss:4.328; train_loss1:1.7214; train_loss2:2.6065
sample number: 5810.0
sample number: 1623.0
sample number: 1623.0
epoch:4; train_fscore:20.02%; train_loss:4.0813; train_loss1:1.7916; train_loss2:2.2896
sample number: 5810.0
sample number: 1623.0
sample number: 1623.0
epoch:5; train_fscore:21.52%; train_loss:3.6852; train_loss1:1.7348; train_loss2:1.9504
sample number: 5810.0
sample number: 1623.0
sample number: 1623.0
epoch:6; train_fscore:17.58%; train_loss:3.1616; train_loss1:1.7172; train_loss2:1.4444
sample number: 5810.0
sample number: 1623.0
sample number: 1623.0
epoch:7; train_fscore:26.74%; train_loss:2.8561; train_loss1:1.6043; train_loss2:1.2519
sample number: 5810.0
sample number: 1623.0
sample number: 1623.0
epoch:8; train_fscore:25.21%; train_loss:2.7657; train_loss1:1.6245; train_loss2:1.1411
sample number: 5810.0
sample number: 1623.0
sample number: 1623.0
epoch:9; train_fscore:28.25%; train_loss:2.5274; train_loss1:1.509; train_loss2:1.0184
sample number: 5810.0
sample number: 1623.0
sample number: 1623.0
epoch:10; train_fscore:27.15%; train_loss:2.5581; train_loss1:1.5903; train_loss2:0.9679
sample number: 5810.0
sample number: 1623.0
sample number: 1623.0
epoch:11; train_fscore:27.65%; train_loss:2.5794; train_loss1:1.5779; train_loss2:1.0015
sample number: 5810.0
sample number: 1623.0
sample number: 1623.0
epoch:12; train_fscore:23.47%; train_loss:2.4862; train_loss1:1.5021; train_loss2:0.984
sample number: 5810.0
sample number: 1623.0
sample number: 1623.0
epoch:13; train_fscore:27.85%; train_loss:2.4356; train_loss1:1.4772; train_loss2:0.9584
sample number: 5810.0
sample number: 1623.0
sample number: 1623.0
epoch:14; train_fscore:30.39%; train_loss:2.531; train_loss1:1.4569; train_loss2:1.0741
sample number: 5810.0
sample number: 1623.0
sample number: 1623.0
epoch:15; train_fscore:31.17%; train_loss:2.451; train_loss1:1.4339; train_loss2:1.0171
sample number: 5810.0
sample number: 1623.0
sample number: 1623.0
epoch:16; train_fscore:30.93%; train_loss:2.3595; train_loss1:1.383; train_loss2:0.9765
sample number: 5810.0
sample number: 1623.0
sample number: 1623.0
epoch:17; train_fscore:34.47%; train_loss:2.2537; train_loss1:1.3217; train_loss2:0.9321
sample number: 5810.0
sample number: 1623.0
sample number: 1623.0
epoch:18; train_fscore:35.17%; train_loss:2.2555; train_loss1:1.2493; train_loss2:1.0062
sample number: 5810.0
sample number: 1623.0
sample number: 1623.0
epoch:19; train_fscore:39.96%; train_loss:2.2566; train_loss1:1.2105; train_loss2:1.0461
sample number: 5810.0
sample number: 1623.0
sample number: 1623.0
epoch:20; train_fscore:39.68%; train_loss:2.1874; train_loss1:1.2756; train_loss2:0.9117
sample number: 5810.0
sample number: 1623.0
sample number: 1623.0
epoch:21; train_fscore:38.09%; train_loss:2.1987; train_loss1:1.239; train_loss2:0.9597
sample number: 5810.0
sample number: 1623.0
sample number: 1623.0
epoch:22; train_fscore:41.57%; train_loss:2.1678; train_loss1:1.2153; train_loss2:0.9524
sample number: 5810.0
sample number: 1623.0
sample number: 1623.0
epoch:23; train_fscore:44.15%; train_loss:2.1775; train_loss1:1.2095; train_loss2:0.968
sample number: 5810.0
sample number: 1623.0
sample number: 1623.0
epoch:24; train_fscore:45.20%; train_loss:2.1143; train_loss1:1.1938; train_loss2:0.9205
sample number: 5810.0
sample number: 1623.0
sample number: 1623.0
epoch:25; train_fscore:48.43%; train_loss:2.0148; train_loss1:1.1684; train_loss2:0.8464
sample number: 5810.0
sample number: 1623.0
sample number: 1623.0
epoch:26; train_fscore:46.43%; train_loss:2.0811; train_loss1:1.1783; train_loss2:0.9028
sample number: 5810.0
sample number: 1623.0
sample number: 1623.0
epoch:27; train_fscore:48.72%; train_loss:2.0577; train_loss1:1.1491; train_loss2:0.9087
sample number: 5810.0
sample number: 1623.0
sample number: 1623.0
epoch:28; train_fscore:46.99%; train_loss:2.0883; train_loss1:1.1465; train_loss2:0.9417
sample number: 5810.0
sample number: 1623.0
sample number: 1623.0
epoch:29; train_fscore:47.54%; train_loss:2.0693; train_loss1:1.1485; train_loss2:0.9208
sample number: 5810.0
sample number: 1623.0
sample number: 1623.0
epoch:30; train_fscore:47.19%; train_loss:2.0794; train_loss1:1.1879; train_loss2:0.8914
sample number: 5810.0
sample number: 1623.0
sample number: 1623.0
epoch:31; train_fscore:41.74%; train_loss:2.2076; train_loss1:1.2305; train_loss2:0.9771
sample number: 5810.0
sample number: 1623.0
sample number: 1623.0
epoch:32; train_fscore:38.71%; train_loss:2.1734; train_loss1:1.2391; train_loss2:0.9343
sample number: 5810.0
sample number: 1623.0
sample number: 1623.0
epoch:33; train_fscore:42.21%; train_loss:2.186; train_loss1:1.2137; train_loss2:0.9723
sample number: 5810.0
sample number: 1623.0
sample number: 1623.0
epoch:34; train_fscore:45.68%; train_loss:2.1691; train_loss1:1.1317; train_loss2:1.0374
sample number: 5810.0
sample number: 1623.0
sample number: 1623.0
epoch:35; train_fscore:52.57%; train_loss:2.0372; train_loss1:1.101; train_loss2:0.9362
sample number: 5810.0
sample number: 1623.0
sample number: 1623.0
epoch:36; train_fscore:52.50%; train_loss:2.0463; train_loss1:1.053; train_loss2:0.9933
sample number: 5810.0
sample number: 1623.0
sample number: 1623.0
epoch:37; train_fscore:50.27%; train_loss:2.0253; train_loss1:1.0649; train_loss2:0.9604
sample number: 5810.0
sample number: 1623.0
sample number: 1623.0
epoch:38; train_fscore:52.56%; train_loss:2.0895; train_loss1:1.0611; train_loss2:1.0283
sample number: 5810.0
sample number: 1623.0
sample number: 1623.0
epoch:39; train_fscore:53.29%; train_loss:1.9803; train_loss1:1.0336; train_loss2:0.9467
sample number: 5810.0
sample number: 1623.0
sample number: 1623.0
epoch:40; train_fscore:54.38%; train_loss:2.0361; train_loss1:1.0647; train_loss2:0.9714
sample number: 5810.0
sample number: 1623.0
sample number: 1623.0
epoch:41; train_fscore:51.85%; train_loss:2.0272; train_loss1:1.0813; train_loss2:0.9459
sample number: 5810.0
sample number: 1623.0
sample number: 1623.0
epoch:42; train_fscore:55.23%; train_loss:1.9533; train_loss1:1.0079; train_loss2:0.9455
sample number: 5810.0
sample number: 1623.0
sample number: 1623.0
epoch:43; train_fscore:56.26%; train_loss:2.004; train_loss1:0.9865; train_loss2:1.0175
sample number: 5810.0
sample number: 1623.0
sample number: 1623.0
epoch:44; train_fscore:56.10%; train_loss:1.9301; train_loss1:0.9921; train_loss2:0.9379
sample number: 5810.0
sample number: 1623.0
sample number: 1623.0
epoch:45; train_fscore:57.46%; train_loss:1.8783; train_loss1:0.9742; train_loss2:0.9041
sample number: 5810.0
sample number: 1623.0
sample number: 1623.0
epoch:46; train_fscore:58.54%; train_loss:1.7931; train_loss1:0.9434; train_loss2:0.8497
sample number: 5810.0
sample number: 1623.0
sample number: 1623.0
epoch:47; train_fscore:58.46%; train_loss:1.9214; train_loss1:0.9501; train_loss2:0.9713
sample number: 5810.0
sample number: 1623.0
sample number: 1623.0
epoch:48; train_fscore:59.33%; train_loss:1.9074; train_loss1:0.9395; train_loss2:0.9679
sample number: 5810.0
sample number: 1623.0
sample number: 1623.0
epoch:49; train_fscore:61.56%; train_loss:1.9103; train_loss1:0.9145; train_loss2:0.9958
sample number: 5810.0
sample number: 1623.0
sample number: 1623.0
epoch:50; train_fscore:60.30%; train_loss:1.9334; train_loss1:0.9101; train_loss2:1.0232
sample number: 5810.0
sample number: 1623.0
sample number: 1623.0
epoch:51; train_fscore:62.53%; train_loss:1.9357; train_loss1:0.906; train_loss2:1.0298
sample number: 5810.0
sample number: 1623.0
sample number: 1623.0
epoch:52; train_fscore:60.34%; train_loss:1.8321; train_loss1:0.9013; train_loss2:0.9309
sample number: 5810.0
sample number: 1623.0
sample number: 1623.0
epoch:53; train_fscore:61.33%; train_loss:1.8165; train_loss1:0.9091; train_loss2:0.9075
sample number: 5810.0
sample number: 1623.0
sample number: 1623.0
epoch:54; train_fscore:62.19%; train_loss:1.7556; train_loss1:0.8841; train_loss2:0.8716
sample number: 5810.0
sample number: 1623.0
sample number: 1623.0
epoch:55; train_fscore:62.28%; train_loss:1.7966; train_loss1:0.8703; train_loss2:0.9264
sample number: 5810.0
sample number: 1623.0
sample number: 1623.0
epoch:56; train_fscore:63.94%; train_loss:1.8107; train_loss1:0.8535; train_loss2:0.9573
sample number: 5810.0
sample number: 1623.0
sample number: 1623.0
epoch:57; train_fscore:62.45%; train_loss:1.8183; train_loss1:0.8728; train_loss2:0.9455
sample number: 5810.0
sample number: 1623.0
sample number: 1623.0
epoch:58; train_fscore:61.59%; train_loss:1.7969; train_loss1:0.8822; train_loss2:0.9146
sample number: 5810.0
sample number: 1623.0
sample number: 1623.0
epoch:59; train_fscore:63.38%; train_loss:1.755; train_loss1:0.8671; train_loss2:0.8879
sample number: 5810.0
sample number: 1623.0
sample number: 1623.0
epoch:60; train_fscore:62.66%; train_loss:1.7559; train_loss1:0.8553; train_loss2:0.9006
sample number: 5810.0
sample number: 1623.0
sample number: 1623.0
epoch:61; train_fscore:64.30%; train_loss:1.7172; train_loss1:0.8259; train_loss2:0.8913
sample number: 5810.0
sample number: 1623.0
sample number: 1623.0
epoch:62; train_fscore:66.19%; train_loss:1.7655; train_loss1:0.8148; train_loss2:0.9507
sample number: 5810.0
sample number: 1623.0
sample number: 1623.0
epoch:63; train_fscore:63.44%; train_loss:1.8094; train_loss1:0.8427; train_loss2:0.9666
sample number: 5810.0
sample number: 1623.0
sample number: 1623.0
epoch:64; train_fscore:64.49%; train_loss:1.8268; train_loss1:0.8458; train_loss2:0.981
sample number: 5810.0
sample number: 1623.0
sample number: 1623.0
epoch:65; train_fscore:63.66%; train_loss:1.7674; train_loss1:0.8436; train_loss2:0.9239
sample number: 5810.0
sample number: 1623.0
sample number: 1623.0
epoch:66; train_fscore:65.29%; train_loss:1.7103; train_loss1:0.826; train_loss2:0.8843
sample number: 5810.0
sample number: 1623.0
sample number: 1623.0
epoch:67; train_fscore:65.05%; train_loss:1.7499; train_loss1:0.825; train_loss2:0.9249
sample number: 5810.0
sample number: 1623.0
sample number: 1623.0
epoch:68; train_fscore:65.11%; train_loss:1.8594; train_loss1:0.8379; train_loss2:1.0215
sample number: 5810.0
sample number: 1623.0
sample number: 1623.0
epoch:69; train_fscore:65.88%; train_loss:1.7475; train_loss1:0.8356; train_loss2:0.9119
sample number: 5810.0
sample number: 1623.0
sample number: 1623.0
epoch:70; train_fscore:66.82%; train_loss:1.7473; train_loss1:0.8141; train_loss2:0.9332
sample number: 5810.0
sample number: 1623.0
sample number: 1623.0
epoch:71; train_fscore:67.15%; train_loss:1.6787; train_loss1:0.788; train_loss2:0.8907
sample number: 5810.0
sample number: 1623.0
sample number: 1623.0
epoch:72; train_fscore:64.92%; train_loss:1.7497; train_loss1:0.8152; train_loss2:0.9345
sample number: 5810.0
sample number: 1623.0
sample number: 1623.0
epoch:73; train_fscore:68.10%; train_loss:1.687; train_loss1:0.7717; train_loss2:0.9154
sample number: 5810.0
sample number: 1623.0
sample number: 1623.0
epoch:74; train_fscore:68.50%; train_loss:1.7797; train_loss1:0.7763; train_loss2:1.0034
sample number: 5810.0
sample number: 1623.0
sample number: 1623.0
epoch:75; train_fscore:70.53%; train_loss:1.654; train_loss1:0.7319; train_loss2:0.9222
sample number: 5810.0
sample number: 1623.0
sample number: 1623.0
epoch:76; train_fscore:69.63%; train_loss:1.6706; train_loss1:0.7447; train_loss2:0.9259
sample number: 5810.0
sample number: 1623.0
sample number: 1623.0
epoch:77; train_fscore:70.91%; train_loss:1.6557; train_loss1:0.7195; train_loss2:0.9362
sample number: 5810.0
sample number: 1623.0
sample number: 1623.0
epoch:78; train_fscore:70.08%; train_loss:1.641; train_loss1:0.725; train_loss2:0.916
sample number: 5810.0
sample number: 1623.0
sample number: 1623.0
epoch:79; train_fscore:70.15%; train_loss:1.5762; train_loss1:0.7198; train_loss2:0.8564
sample number: 5810.0
sample number: 1623.0
sample number: 1623.0
epoch:80; train_fscore:72.47%; train_loss:1.5837; train_loss1:0.6932; train_loss2:0.8905
sample number: 5810.0
sample number: 1623.0
sample number: 1623.0
epoch:81; train_fscore:72.47%; train_loss:1.7019; train_loss1:0.6865; train_loss2:1.0154
sample number: 5810.0
sample number: 1623.0
sample number: 1623.0
epoch:82; train_fscore:71.43%; train_loss:1.617; train_loss1:0.69; train_loss2:0.927
sample number: 5810.0
sample number: 1623.0
sample number: 1623.0
epoch:83; train_fscore:72.42%; train_loss:1.5532; train_loss1:0.6903; train_loss2:0.8629
sample number: 5810.0
sample number: 1623.0
sample number: 1623.0
epoch:84; train_fscore:72.00%; train_loss:1.6564; train_loss1:0.7082; train_loss2:0.9482
sample number: 5810.0
sample number: 1623.0
sample number: 1623.0
epoch:85; train_fscore:72.26%; train_loss:1.556; train_loss1:0.6869; train_loss2:0.8691
sample number: 5810.0
sample number: 1623.0
sample number: 1623.0
epoch:86; train_fscore:73.36%; train_loss:1.5561; train_loss1:0.673; train_loss2:0.8831
sample number: 5810.0
sample number: 1623.0
sample number: 1623.0
epoch:87; train_fscore:71.48%; train_loss:1.6289; train_loss1:0.6996; train_loss2:0.9294
sample number: 5810.0
sample number: 1623.0
sample number: 1623.0
epoch:88; train_fscore:73.06%; train_loss:1.6085; train_loss1:0.6773; train_loss2:0.9311
sample number: 5810.0
sample number: 1623.0
sample number: 1623.0
epoch:89; train_fscore:73.34%; train_loss:1.6253; train_loss1:0.6576; train_loss2:0.9677
sample number: 5810.0
sample number: 1623.0
sample number: 1623.0
epoch:90; train_fscore:73.55%; train_loss:1.5989; train_loss1:0.6614; train_loss2:0.9375
sample number: 5810.0
sample number: 1623.0
sample number: 1623.0
epoch:91; train_fscore:71.41%; train_loss:1.6031; train_loss1:0.6881; train_loss2:0.915
sample number: 5810.0
sample number: 1623.0
sample number: 1623.0
epoch:92; train_fscore:72.44%; train_loss:1.5969; train_loss1:0.6665; train_loss2:0.9304
sample number: 5810.0
sample number: 1623.0
sample number: 1623.0
epoch:93; train_fscore:75.18%; train_loss:1.544; train_loss1:0.6269; train_loss2:0.917
sample number: 5810.0
sample number: 1623.0
sample number: 1623.0
epoch:94; train_fscore:74.99%; train_loss:1.5355; train_loss1:0.631; train_loss2:0.9045
sample number: 5810.0
sample number: 1623.0
sample number: 1623.0
epoch:95; train_fscore:75.61%; train_loss:1.5367; train_loss1:0.6144; train_loss2:0.9223
sample number: 5810.0
sample number: 1623.0
sample number: 1623.0
epoch:96; train_fscore:74.11%; train_loss:1.5773; train_loss1:0.6247; train_loss2:0.9527
sample number: 5810.0
sample number: 1623.0
sample number: 1623.0
epoch:97; train_fscore:74.08%; train_loss:1.5334; train_loss1:0.6431; train_loss2:0.8902
sample number: 5810.0
sample number: 1623.0
sample number: 1623.0
epoch:98; train_fscore:72.99%; train_loss:1.5764; train_loss1:0.6492; train_loss2:0.9273
sample number: 5810.0
sample number: 1623.0
sample number: 1623.0
epoch:99; train_fscore:73.37%; train_loss:1.5446; train_loss1:0.6657; train_loss2:0.8789
sample number: 5810.0
sample number: 1623.0
sample number: 1623.0
epoch:100; train_fscore:74.70%; train_loss:1.5421; train_loss1:0.6358; train_loss2:0.9063
Step3: saving and testing on the 5 folder
>>>>> Finish: training on the 5 folder, duration: 253.18018102645874 >>>>>
====== Saving =======
SMOKE_ONLY=False
save results in /data2/yb/paper/experiments/second_graph_aggregation_iemocap6_20260825_phase_b/formal/rtdr/miss_0p7/seed_68/fold_5/saved/iemocapsix_original_addition_relationtrack_diagonal_f5_s68_m0p7_1787677052.4036474.npz
