Namespace(allow_short_run=False, audio_feature='wav2vec-large-c-UTT', base_model='LSTM', batch_size=32, branch_fusion='addition', data_root='/data2/yb/paper/GCNet_TPAMI_modality_jepa_20260818/dataset/IEMOCAP', dataset='IEMOCAPSix', dropout=0.5, epochs=100, fold_index=5, graph_conv_variant='original', hidden=200, l2=1e-05, loss_recon=True, lower_bound=False, lr=0.001, mask_bank_root='/data2/yb/paper/experiments/mpfilm_iemocap6_20260824/mask_banks', mask_seed=68, mask_type='constant-0.7', n_classes=6, n_speakers=2, no_cuda=False, num_folder=5, num_threads=6, output_dir='/data2/yb/paper/experiments/second_graph_aggregation_iemocap6_20260825_phase_b/formal/ssma/miss_0p7/seed_68/fold_5/saved', post_graph_context='bilstm', pre_graph_context='bilstm', reccls_flag=False, relation_track_routing='early', second_graph_aggregation='ssma', seed=68, text_feature='deberta-large-4-UTT', time_attn=False, video_feature='manet_UTT', windowf=2, windowp=2)
====== Reading Data =======
audio dimension: 512; text dimension: 1024; video dimension: 1024
stage-aware mask bundle: sha256=f79970a397a92a56cfca5d144309311b15de11b14729d174b274e2cd73408f6f requested=0.7000 realized=0.6667
====== Training and Evaluation =======
>>>>> Cross-validation: training on the 5 folder >>>>>
Step1: build model (each folder has its own model)
Model have 37015216 paramerters in total
Graph NN with LSTM as base model.
Step2: training (multiple epoches)
[W Copy.cpp:219] Warning: Casting complex values to real discards the imaginary part (function operator())
sample number: 5810.0
sample number: 1623.0
sample number: 1623.0
epoch:1; train_fscore:17.72%; train_loss:5.3605; train_loss1:1.7652; train_loss2:3.5953
sample number: 5810.0
sample number: 1623.0
sample number: 1623.0
epoch:2; train_fscore:16.08%; train_loss:4.9285; train_loss1:1.8436; train_loss2:3.0849
sample number: 5810.0
sample number: 1623.0
sample number: 1623.0
epoch:3; train_fscore:14.72%; train_loss:4.3305; train_loss1:1.8014; train_loss2:2.5291
sample number: 5810.0
sample number: 1623.0
sample number: 1623.0
epoch:4; train_fscore:10.50%; train_loss:3.9958; train_loss1:1.7566; train_loss2:2.2392
sample number: 5810.0
sample number: 1623.0
sample number: 1623.0
epoch:5; train_fscore:23.42%; train_loss:3.4875; train_loss1:1.6393; train_loss2:1.8482
sample number: 5810.0
sample number: 1623.0
sample number: 1623.0
epoch:6; train_fscore:20.09%; train_loss:3.0436; train_loss1:1.6796; train_loss2:1.3639
sample number: 5810.0
sample number: 1623.0
sample number: 1623.0
epoch:7; train_fscore:27.99%; train_loss:2.783; train_loss1:1.5733; train_loss2:1.2097
sample number: 5810.0
sample number: 1623.0
sample number: 1623.0
epoch:8; train_fscore:21.88%; train_loss:2.7397; train_loss1:1.6096; train_loss2:1.1301
sample number: 5810.0
sample number: 1623.0
sample number: 1623.0
epoch:9; train_fscore:27.05%; train_loss:2.5819; train_loss1:1.5757; train_loss2:1.0062
sample number: 5810.0
sample number: 1623.0
sample number: 1623.0
epoch:10; train_fscore:25.82%; train_loss:2.599; train_loss1:1.6259; train_loss2:0.9732
sample number: 5810.0
sample number: 1623.0
sample number: 1623.0
epoch:11; train_fscore:28.36%; train_loss:2.5691; train_loss1:1.5662; train_loss2:1.0029
sample number: 5810.0
sample number: 1623.0
sample number: 1623.0
epoch:12; train_fscore:26.84%; train_loss:2.4682; train_loss1:1.4857; train_loss2:0.9825
sample number: 5810.0
sample number: 1623.0
sample number: 1623.0
epoch:13; train_fscore:29.74%; train_loss:2.3734; train_loss1:1.4151; train_loss2:0.9583
sample number: 5810.0
sample number: 1623.0
sample number: 1623.0
epoch:14; train_fscore:29.63%; train_loss:2.4779; train_loss1:1.4147; train_loss2:1.0632
sample number: 5810.0
sample number: 1623.0
sample number: 1623.0
epoch:15; train_fscore:30.01%; train_loss:2.4375; train_loss1:1.4248; train_loss2:1.0127
sample number: 5810.0
sample number: 1623.0
sample number: 1623.0
epoch:16; train_fscore:30.90%; train_loss:2.388; train_loss1:1.415; train_loss2:0.973
sample number: 5810.0
sample number: 1623.0
sample number: 1623.0
epoch:17; train_fscore:33.75%; train_loss:2.2731; train_loss1:1.3429; train_loss2:0.9303
sample number: 5810.0
sample number: 1623.0
sample number: 1623.0
epoch:18; train_fscore:32.76%; train_loss:2.3137; train_loss1:1.3092; train_loss2:1.0044
sample number: 5810.0
sample number: 1623.0
sample number: 1623.0
epoch:19; train_fscore:38.14%; train_loss:2.3219; train_loss1:1.2783; train_loss2:1.0436
sample number: 5810.0
sample number: 1623.0
sample number: 1623.0
epoch:20; train_fscore:36.95%; train_loss:2.2103; train_loss1:1.3015; train_loss2:0.9088
sample number: 5810.0
sample number: 1623.0
sample number: 1623.0
epoch:21; train_fscore:37.84%; train_loss:2.2371; train_loss1:1.2775; train_loss2:0.9596
sample number: 5810.0
sample number: 1623.0
sample number: 1623.0
epoch:22; train_fscore:38.66%; train_loss:2.2248; train_loss1:1.2706; train_loss2:0.9543
sample number: 5810.0
sample number: 1623.0
sample number: 1623.0
epoch:23; train_fscore:36.13%; train_loss:2.238; train_loss1:1.2657; train_loss2:0.9723
sample number: 5810.0
sample number: 1623.0
sample number: 1623.0
epoch:24; train_fscore:43.00%; train_loss:2.1332; train_loss1:1.2136; train_loss2:0.9197
sample number: 5810.0
sample number: 1623.0
sample number: 1623.0
epoch:25; train_fscore:44.43%; train_loss:2.0392; train_loss1:1.1927; train_loss2:0.8465
sample number: 5810.0
sample number: 1623.0
sample number: 1623.0
epoch:26; train_fscore:46.35%; train_loss:2.0795; train_loss1:1.1774; train_loss2:0.9021
sample number: 5810.0
sample number: 1623.0
sample number: 1623.0
epoch:27; train_fscore:45.83%; train_loss:2.0452; train_loss1:1.1362; train_loss2:0.909
sample number: 5810.0
sample number: 1623.0
sample number: 1623.0
epoch:28; train_fscore:50.07%; train_loss:2.0639; train_loss1:1.1194; train_loss2:0.9445
sample number: 5810.0
sample number: 1623.0
sample number: 1623.0
epoch:29; train_fscore:47.48%; train_loss:2.0563; train_loss1:1.1375; train_loss2:0.9189
sample number: 5810.0
sample number: 1623.0
sample number: 1623.0
epoch:30; train_fscore:45.39%; train_loss:2.0436; train_loss1:1.1561; train_loss2:0.8876
sample number: 5810.0
sample number: 1623.0
sample number: 1623.0
epoch:31; train_fscore:50.31%; train_loss:2.1194; train_loss1:1.1407; train_loss2:0.9787
sample number: 5810.0
sample number: 1623.0
sample number: 1623.0
epoch:32; train_fscore:44.68%; train_loss:2.1248; train_loss1:1.191; train_loss2:0.9337
sample number: 5810.0
sample number: 1623.0
sample number: 1623.0
epoch:33; train_fscore:44.03%; train_loss:2.1648; train_loss1:1.1922; train_loss2:0.9726
sample number: 5810.0
sample number: 1623.0
sample number: 1623.0
epoch:34; train_fscore:46.77%; train_loss:2.1499; train_loss1:1.1156; train_loss2:1.0343
sample number: 5810.0
sample number: 1623.0
sample number: 1623.0
epoch:35; train_fscore:50.81%; train_loss:2.0285; train_loss1:1.0936; train_loss2:0.9348
sample number: 5810.0
sample number: 1623.0
sample number: 1623.0
epoch:36; train_fscore:51.92%; train_loss:2.0432; train_loss1:1.0531; train_loss2:0.9901
sample number: 5810.0
sample number: 1623.0
sample number: 1623.0
epoch:37; train_fscore:51.57%; train_loss:2.0281; train_loss1:1.0696; train_loss2:0.9585
sample number: 5810.0
sample number: 1623.0
sample number: 1623.0
epoch:38; train_fscore:53.58%; train_loss:2.0721; train_loss1:1.0469; train_loss2:1.0252
sample number: 5810.0
sample number: 1623.0
sample number: 1623.0
epoch:39; train_fscore:49.39%; train_loss:2.0023; train_loss1:1.0577; train_loss2:0.9447
sample number: 5810.0
sample number: 1623.0
sample number: 1623.0
epoch:40; train_fscore:48.77%; train_loss:2.1634; train_loss1:1.1911; train_loss2:0.9722
sample number: 5810.0
sample number: 1623.0
sample number: 1623.0
epoch:41; train_fscore:48.37%; train_loss:2.0356; train_loss1:1.0895; train_loss2:0.9461
sample number: 5810.0
sample number: 1623.0
sample number: 1623.0
epoch:42; train_fscore:52.47%; train_loss:2.0028; train_loss1:1.0576; train_loss2:0.9452
sample number: 5810.0
sample number: 1623.0
sample number: 1623.0
epoch:43; train_fscore:52.60%; train_loss:2.0586; train_loss1:1.0465; train_loss2:1.012
sample number: 5810.0
sample number: 1623.0
sample number: 1623.0
epoch:44; train_fscore:55.22%; train_loss:1.9406; train_loss1:1.0046; train_loss2:0.936
sample number: 5810.0
sample number: 1623.0
sample number: 1623.0
epoch:45; train_fscore:55.48%; train_loss:1.909; train_loss1:1.0059; train_loss2:0.9031
sample number: 5810.0
sample number: 1623.0
sample number: 1623.0
epoch:46; train_fscore:56.17%; train_loss:1.8326; train_loss1:0.9852; train_loss2:0.8474
sample number: 5810.0
sample number: 1623.0
sample number: 1623.0
epoch:47; train_fscore:56.94%; train_loss:1.956; train_loss1:0.9867; train_loss2:0.9692
sample number: 5810.0
sample number: 1623.0
sample number: 1623.0
epoch:48; train_fscore:56.70%; train_loss:1.9573; train_loss1:0.9895; train_loss2:0.9678
sample number: 5810.0
sample number: 1623.0
sample number: 1623.0
epoch:49; train_fscore:57.98%; train_loss:1.9694; train_loss1:0.9747; train_loss2:0.9946
sample number: 5810.0
sample number: 1623.0
sample number: 1623.0
epoch:50; train_fscore:58.04%; train_loss:1.9898; train_loss1:0.9659; train_loss2:1.0239
sample number: 5810.0
sample number: 1623.0
sample number: 1623.0
epoch:51; train_fscore:58.63%; train_loss:2.002; train_loss1:0.9718; train_loss2:1.0302
sample number: 5810.0
sample number: 1623.0
sample number: 1623.0
epoch:52; train_fscore:58.70%; train_loss:1.8884; train_loss1:0.9572; train_loss2:0.9312
sample number: 5810.0
sample number: 1623.0
sample number: 1623.0
epoch:53; train_fscore:57.81%; train_loss:1.8606; train_loss1:0.9535; train_loss2:0.9071
sample number: 5810.0
sample number: 1623.0
sample number: 1623.0
epoch:54; train_fscore:58.22%; train_loss:1.8291; train_loss1:0.9566; train_loss2:0.8725
sample number: 5810.0
sample number: 1623.0
sample number: 1623.0
epoch:55; train_fscore:57.95%; train_loss:1.9056; train_loss1:0.978; train_loss2:0.9276
sample number: 5810.0
sample number: 1623.0
sample number: 1623.0
epoch:56; train_fscore:59.84%; train_loss:1.9016; train_loss1:0.9418; train_loss2:0.9597
sample number: 5810.0
sample number: 1623.0
sample number: 1623.0
epoch:57; train_fscore:60.65%; train_loss:1.8696; train_loss1:0.9219; train_loss2:0.9476
sample number: 5810.0
sample number: 1623.0
sample number: 1623.0
epoch:58; train_fscore:62.24%; train_loss:1.8279; train_loss1:0.9113; train_loss2:0.9167
sample number: 5810.0
sample number: 1623.0
sample number: 1623.0
epoch:59; train_fscore:60.16%; train_loss:1.8052; train_loss1:0.9142; train_loss2:0.8911
sample number: 5810.0
sample number: 1623.0
sample number: 1623.0
epoch:60; train_fscore:60.84%; train_loss:1.8264; train_loss1:0.922; train_loss2:0.9044
sample number: 5810.0
sample number: 1623.0
sample number: 1623.0
epoch:61; train_fscore:60.58%; train_loss:1.8088; train_loss1:0.914; train_loss2:0.8948
sample number: 5810.0
sample number: 1623.0
sample number: 1623.0
epoch:62; train_fscore:60.41%; train_loss:1.9188; train_loss1:0.9626; train_loss2:0.9562
sample number: 5810.0
sample number: 1623.0
sample number: 1623.0
epoch:63; train_fscore:59.24%; train_loss:1.9153; train_loss1:0.9423; train_loss2:0.973
sample number: 5810.0
sample number: 1623.0
sample number: 1623.0
epoch:64; train_fscore:57.66%; train_loss:1.9588; train_loss1:0.9724; train_loss2:0.9864
sample number: 5810.0
sample number: 1623.0
sample number: 1623.0
epoch:65; train_fscore:58.92%; train_loss:1.877; train_loss1:0.948; train_loss2:0.929
sample number: 5810.0
sample number: 1623.0
sample number: 1623.0
epoch:66; train_fscore:61.25%; train_loss:1.8033; train_loss1:0.9135; train_loss2:0.8898
sample number: 5810.0
sample number: 1623.0
sample number: 1623.0
epoch:67; train_fscore:62.09%; train_loss:1.7998; train_loss1:0.8709; train_loss2:0.929
sample number: 5810.0
sample number: 1623.0
sample number: 1623.0
epoch:68; train_fscore:63.60%; train_loss:1.8917; train_loss1:0.8644; train_loss2:1.0273
sample number: 5810.0
sample number: 1623.0
sample number: 1623.0
epoch:69; train_fscore:63.83%; train_loss:1.7837; train_loss1:0.8686; train_loss2:0.9151
sample number: 5810.0
sample number: 1623.0
sample number: 1623.0
epoch:70; train_fscore:65.08%; train_loss:1.7598; train_loss1:0.8246; train_loss2:0.9352
sample number: 5810.0
sample number: 1623.0
sample number: 1623.0
epoch:71; train_fscore:64.98%; train_loss:1.724; train_loss1:0.8301; train_loss2:0.8939
sample number: 5810.0
sample number: 1623.0
sample number: 1623.0
epoch:72; train_fscore:65.29%; train_loss:1.7619; train_loss1:0.8235; train_loss2:0.9384
sample number: 5810.0
sample number: 1623.0
sample number: 1623.0
epoch:73; train_fscore:68.01%; train_loss:1.7169; train_loss1:0.7973; train_loss2:0.9196
sample number: 5810.0
sample number: 1623.0
sample number: 1623.0
epoch:74; train_fscore:67.03%; train_loss:1.8025; train_loss1:0.795; train_loss2:1.0075
sample number: 5810.0
sample number: 1623.0
sample number: 1623.0
epoch:75; train_fscore:67.32%; train_loss:1.7176; train_loss1:0.7935; train_loss2:0.924
sample number: 5810.0
sample number: 1623.0
sample number: 1623.0
epoch:76; train_fscore:68.19%; train_loss:1.7002; train_loss1:0.7721; train_loss2:0.9281
sample number: 5810.0
sample number: 1623.0
sample number: 1623.0
epoch:77; train_fscore:69.50%; train_loss:1.6817; train_loss1:0.7444; train_loss2:0.9373
sample number: 5810.0
sample number: 1623.0
sample number: 1623.0
epoch:78; train_fscore:70.48%; train_loss:1.6479; train_loss1:0.7306; train_loss2:0.9173
sample number: 5810.0
sample number: 1623.0
sample number: 1623.0
epoch:79; train_fscore:70.48%; train_loss:1.5851; train_loss1:0.7284; train_loss2:0.8567
sample number: 5810.0
sample number: 1623.0
sample number: 1623.0
epoch:80; train_fscore:71.87%; train_loss:1.5951; train_loss1:0.7054; train_loss2:0.8896
sample number: 5810.0
sample number: 1623.0
sample number: 1623.0
epoch:81; train_fscore:70.42%; train_loss:1.7494; train_loss1:0.7318; train_loss2:1.0176
sample number: 5810.0
sample number: 1623.0
sample number: 1623.0
epoch:82; train_fscore:72.82%; train_loss:1.6148; train_loss1:0.6903; train_loss2:0.9245
sample number: 5810.0
sample number: 1623.0
sample number: 1623.0
epoch:83; train_fscore:72.32%; train_loss:1.5538; train_loss1:0.6914; train_loss2:0.8624
sample number: 5810.0
sample number: 1623.0
sample number: 1623.0
epoch:84; train_fscore:68.67%; train_loss:1.7177; train_loss1:0.7681; train_loss2:0.9496
sample number: 5810.0
sample number: 1623.0
sample number: 1623.0
epoch:85; train_fscore:67.20%; train_loss:1.652; train_loss1:0.7787; train_loss2:0.8734
sample number: 5810.0
sample number: 1623.0
sample number: 1623.0
epoch:86; train_fscore:69.48%; train_loss:1.628; train_loss1:0.7427; train_loss2:0.8853
sample number: 5810.0
sample number: 1623.0
sample number: 1623.0
epoch:87; train_fscore:71.38%; train_loss:1.6514; train_loss1:0.7194; train_loss2:0.932
sample number: 5810.0
sample number: 1623.0
sample number: 1623.0
epoch:88; train_fscore:69.71%; train_loss:1.6992; train_loss1:0.7623; train_loss2:0.937
sample number: 5810.0
sample number: 1623.0
sample number: 1623.0
epoch:89; train_fscore:70.37%; train_loss:1.7125; train_loss1:0.7401; train_loss2:0.9724
sample number: 5810.0
sample number: 1623.0
sample number: 1623.0
epoch:90; train_fscore:71.84%; train_loss:1.647; train_loss1:0.707; train_loss2:0.94
sample number: 5810.0
sample number: 1623.0
sample number: 1623.0
epoch:91; train_fscore:70.77%; train_loss:1.6165; train_loss1:0.7014; train_loss2:0.9151
sample number: 5810.0
sample number: 1623.0
sample number: 1623.0
epoch:92; train_fscore:71.97%; train_loss:1.6238; train_loss1:0.6923; train_loss2:0.9315
sample number: 5810.0
sample number: 1623.0
sample number: 1623.0
epoch:93; train_fscore:74.48%; train_loss:1.5628; train_loss1:0.6463; train_loss2:0.9165
sample number: 5810.0
sample number: 1623.0
sample number: 1623.0
epoch:94; train_fscore:75.09%; train_loss:1.5483; train_loss1:0.6411; train_loss2:0.9072
sample number: 5810.0
sample number: 1623.0
sample number: 1623.0
epoch:95; train_fscore:73.59%; train_loss:1.5642; train_loss1:0.6419; train_loss2:0.9224
sample number: 5810.0
sample number: 1623.0
sample number: 1623.0
epoch:96; train_fscore:74.53%; train_loss:1.5821; train_loss1:0.629; train_loss2:0.9531
sample number: 5810.0
sample number: 1623.0
sample number: 1623.0
epoch:97; train_fscore:73.34%; train_loss:1.5419; train_loss1:0.6534; train_loss2:0.8884
sample number: 5810.0
sample number: 1623.0
sample number: 1623.0
epoch:98; train_fscore:69.55%; train_loss:1.6902; train_loss1:0.7597; train_loss2:0.9305
sample number: 5810.0
sample number: 1623.0
sample number: 1623.0
epoch:99; train_fscore:67.97%; train_loss:1.6689; train_loss1:0.7882; train_loss2:0.8807
sample number: 5810.0
sample number: 1623.0
sample number: 1623.0
epoch:100; train_fscore:72.38%; train_loss:1.605; train_loss1:0.6946; train_loss2:0.9103
Step3: saving and testing on the 5 folder
>>>>> Finish: training on the 5 folder, duration: 619.2064681053162 >>>>>
====== Saving =======
SMOKE_ONLY=False
save results in /data2/yb/paper/experiments/second_graph_aggregation_iemocap6_20260825_phase_b/formal/ssma/miss_0p7/seed_68/fold_5/saved/iemocapsix_original_addition_secondagg_ssma_f5_s68_m0p7_1787676990.5882843.npz
