Namespace(allow_short_run=False, audio_feature='wav2vec-large-c-UTT', base_model='LSTM', batch_size=32, branch_fusion='addition', data_root='/data2/yb/paper/GCNet_TPAMI_modality_jepa_20260818/dataset/IEMOCAP', dataset='IEMOCAPSix', dropout=0.5, epochs=100, fold_index=5, graph_conv_variant='original', hidden=200, l2=1e-05, loss_recon=True, lower_bound=False, lr=0.001, mask_bank_root='/data2/yb/paper/experiments/mpfilm_iemocap6_20260824/mask_banks', mask_seed=66, mask_type='constant-0.4', n_classes=6, n_speakers=2, no_cuda=False, num_folder=5, num_threads=6, output_dir='/data2/yb/paper/experiments/second_graph_aggregation_iemocap6_20260825_phase_b/formal/rtdr/miss_0p4/seed_66/fold_5/saved', post_graph_context='bilstm', pre_graph_context='bilstm', reccls_flag=False, relation_track_routing='diagonal', second_graph_aggregation='add', seed=66, text_feature='deberta-large-4-UTT', time_attn=False, video_feature='manet_UTT', windowf=2, windowp=2)
====== Reading Data =======
audio dimension: 512; text dimension: 1024; video dimension: 1024
stage-aware mask bundle: sha256=e829cf2d55db66596820a5b502a3968e7a044a640a88715ede3676d06b8c2e50 requested=0.4000 realized=0.4022
====== Training and Evaluation =======
>>>>> Cross-validation: training on the 5 folder >>>>>
Step1: build model (each folder has its own model)
Model have 36419816 paramerters in total
Graph NN with LSTM as base model.
Step2: training (multiple epoches)
sample number: 5810.0
sample number: 1623.0
sample number: 1623.0
epoch:1; train_fscore:10.17%; train_loss:4.1239; train_loss1:1.7836; train_loss2:2.3403
sample number: 5810.0
sample number: 1623.0
sample number: 1623.0
epoch:2; train_fscore:15.30%; train_loss:3.7942; train_loss1:1.9684; train_loss2:1.8258
sample number: 5810.0
sample number: 1623.0
sample number: 1623.0
epoch:3; train_fscore:18.13%; train_loss:3.3363; train_loss1:1.7581; train_loss2:1.5782
sample number: 5810.0
sample number: 1623.0
sample number: 1623.0
epoch:4; train_fscore:12.50%; train_loss:3.247; train_loss1:1.7681; train_loss2:1.4789
sample number: 5810.0
sample number: 1623.0
sample number: 1623.0
epoch:5; train_fscore:20.49%; train_loss:3.1105; train_loss1:1.7; train_loss2:1.4105
sample number: 5810.0
sample number: 1623.0
sample number: 1623.0
epoch:6; train_fscore:18.35%; train_loss:2.7528; train_loss1:1.6638; train_loss2:1.089
sample number: 5810.0
sample number: 1623.0
sample number: 1623.0
epoch:7; train_fscore:25.14%; train_loss:2.66; train_loss1:1.6016; train_loss2:1.0584
sample number: 5810.0
sample number: 1623.0
sample number: 1623.0
epoch:8; train_fscore:21.98%; train_loss:2.361; train_loss1:1.5221; train_loss2:0.8389
sample number: 5810.0
sample number: 1623.0
sample number: 1623.0
epoch:9; train_fscore:29.16%; train_loss:2.2386; train_loss1:1.5373; train_loss2:0.7013
sample number: 5810.0
sample number: 1623.0
sample number: 1623.0
epoch:10; train_fscore:29.89%; train_loss:2.2063; train_loss1:1.5132; train_loss2:0.6931
sample number: 5810.0
sample number: 1623.0
sample number: 1623.0
epoch:11; train_fscore:27.76%; train_loss:2.0976; train_loss1:1.471; train_loss2:0.6265
sample number: 5810.0
sample number: 1623.0
sample number: 1623.0
epoch:12; train_fscore:30.56%; train_loss:1.9828; train_loss1:1.3879; train_loss2:0.5949
sample number: 5810.0
sample number: 1623.0
sample number: 1623.0
epoch:13; train_fscore:31.12%; train_loss:1.9798; train_loss1:1.3595; train_loss2:0.6203
sample number: 5810.0
sample number: 1623.0
sample number: 1623.0
epoch:14; train_fscore:31.50%; train_loss:2.0072; train_loss1:1.4239; train_loss2:0.5834
sample number: 5810.0
sample number: 1623.0
sample number: 1623.0
epoch:15; train_fscore:26.67%; train_loss:1.9479; train_loss1:1.4; train_loss2:0.5479
sample number: 5810.0
sample number: 1623.0
sample number: 1623.0
epoch:16; train_fscore:33.30%; train_loss:1.9349; train_loss1:1.3321; train_loss2:0.6028
sample number: 5810.0
sample number: 1623.0
sample number: 1623.0
epoch:17; train_fscore:37.56%; train_loss:1.9273; train_loss1:1.3166; train_loss2:0.6107
sample number: 5810.0
sample number: 1623.0
sample number: 1623.0
epoch:18; train_fscore:39.56%; train_loss:1.822; train_loss1:1.2408; train_loss2:0.5812
sample number: 5810.0
sample number: 1623.0
sample number: 1623.0
epoch:19; train_fscore:43.09%; train_loss:1.7997; train_loss1:1.197; train_loss2:0.6026
sample number: 5810.0
sample number: 1623.0
sample number: 1623.0
epoch:20; train_fscore:45.43%; train_loss:1.8074; train_loss1:1.2126; train_loss2:0.5948
sample number: 5810.0
sample number: 1623.0
sample number: 1623.0
epoch:21; train_fscore:45.91%; train_loss:1.7125; train_loss1:1.1633; train_loss2:0.5492
sample number: 5810.0
sample number: 1623.0
sample number: 1623.0
epoch:22; train_fscore:47.78%; train_loss:1.8234; train_loss1:1.2077; train_loss2:0.6157
sample number: 5810.0
sample number: 1623.0
sample number: 1623.0
epoch:23; train_fscore:51.45%; train_loss:1.7143; train_loss1:1.1317; train_loss2:0.5826
sample number: 5810.0
sample number: 1623.0
sample number: 1623.0
epoch:24; train_fscore:49.27%; train_loss:1.6881; train_loss1:1.0983; train_loss2:0.5897
sample number: 5810.0
sample number: 1623.0
sample number: 1623.0
epoch:25; train_fscore:50.43%; train_loss:1.7209; train_loss1:1.1186; train_loss2:0.6023
sample number: 5810.0
sample number: 1623.0
sample number: 1623.0
epoch:26; train_fscore:44.77%; train_loss:1.7059; train_loss1:1.1345; train_loss2:0.5714
sample number: 5810.0
sample number: 1623.0
sample number: 1623.0
epoch:27; train_fscore:50.22%; train_loss:1.6929; train_loss1:1.1086; train_loss2:0.5843
sample number: 5810.0
sample number: 1623.0
sample number: 1623.0
epoch:28; train_fscore:47.33%; train_loss:1.6671; train_loss1:1.0981; train_loss2:0.569
sample number: 5810.0
sample number: 1623.0
sample number: 1623.0
epoch:29; train_fscore:53.25%; train_loss:1.6632; train_loss1:1.0659; train_loss2:0.5972
sample number: 5810.0
sample number: 1623.0
sample number: 1623.0
epoch:30; train_fscore:49.99%; train_loss:1.5959; train_loss1:1.0892; train_loss2:0.5066
sample number: 5810.0
sample number: 1623.0
sample number: 1623.0
epoch:31; train_fscore:53.49%; train_loss:1.6095; train_loss1:1.06; train_loss2:0.5495
sample number: 5810.0
sample number: 1623.0
sample number: 1623.0
epoch:32; train_fscore:52.63%; train_loss:1.6608; train_loss1:1.0413; train_loss2:0.6195
sample number: 5810.0
sample number: 1623.0
sample number: 1623.0
epoch:33; train_fscore:56.38%; train_loss:1.5826; train_loss1:1.0203; train_loss2:0.5624
sample number: 5810.0
sample number: 1623.0
sample number: 1623.0
epoch:34; train_fscore:53.95%; train_loss:1.5567; train_loss1:1.0062; train_loss2:0.5505
sample number: 5810.0
sample number: 1623.0
sample number: 1623.0
epoch:35; train_fscore:55.27%; train_loss:1.632; train_loss1:1.0205; train_loss2:0.6116
sample number: 5810.0
sample number: 1623.0
sample number: 1623.0
epoch:36; train_fscore:53.95%; train_loss:1.542; train_loss1:0.9954; train_loss2:0.5466
sample number: 5810.0
sample number: 1623.0
sample number: 1623.0
epoch:37; train_fscore:57.40%; train_loss:1.575; train_loss1:0.9948; train_loss2:0.5802
sample number: 5810.0
sample number: 1623.0
sample number: 1623.0
epoch:38; train_fscore:58.49%; train_loss:1.5402; train_loss1:0.9739; train_loss2:0.5663
sample number: 5810.0
sample number: 1623.0
sample number: 1623.0
epoch:39; train_fscore:58.02%; train_loss:1.4388; train_loss1:0.9452; train_loss2:0.4936
sample number: 5810.0
sample number: 1623.0
sample number: 1623.0
epoch:40; train_fscore:57.45%; train_loss:1.4879; train_loss1:0.9622; train_loss2:0.5258
sample number: 5810.0
sample number: 1623.0
sample number: 1623.0
epoch:41; train_fscore:58.40%; train_loss:1.5942; train_loss1:0.9443; train_loss2:0.6499
sample number: 5810.0
sample number: 1623.0
sample number: 1623.0
epoch:42; train_fscore:62.50%; train_loss:1.4828; train_loss1:0.9105; train_loss2:0.5723
sample number: 5810.0
sample number: 1623.0
sample number: 1623.0
epoch:43; train_fscore:62.39%; train_loss:1.4758; train_loss1:0.895; train_loss2:0.5808
sample number: 5810.0
sample number: 1623.0
sample number: 1623.0
epoch:44; train_fscore:60.63%; train_loss:1.4846; train_loss1:0.9229; train_loss2:0.5617
sample number: 5810.0
sample number: 1623.0
sample number: 1623.0
epoch:45; train_fscore:61.16%; train_loss:1.4747; train_loss1:0.9075; train_loss2:0.5672
sample number: 5810.0
sample number: 1623.0
sample number: 1623.0
epoch:46; train_fscore:62.08%; train_loss:1.4706; train_loss1:0.9074; train_loss2:0.5632
sample number: 5810.0
sample number: 1623.0
sample number: 1623.0
epoch:47; train_fscore:63.71%; train_loss:1.4639; train_loss1:0.8909; train_loss2:0.573
sample number: 5810.0
sample number: 1623.0
sample number: 1623.0
epoch:48; train_fscore:60.23%; train_loss:1.5161; train_loss1:0.9341; train_loss2:0.582
sample number: 5810.0
sample number: 1623.0
sample number: 1623.0
epoch:49; train_fscore:59.42%; train_loss:1.5233; train_loss1:0.9369; train_loss2:0.5864
sample number: 5810.0
sample number: 1623.0
sample number: 1623.0
epoch:50; train_fscore:61.51%; train_loss:1.5169; train_loss1:0.8938; train_loss2:0.623
sample number: 5810.0
sample number: 1623.0
sample number: 1623.0
epoch:51; train_fscore:62.19%; train_loss:1.4748; train_loss1:0.8653; train_loss2:0.6095
sample number: 5810.0
sample number: 1623.0
sample number: 1623.0
epoch:52; train_fscore:64.99%; train_loss:1.4156; train_loss1:0.8431; train_loss2:0.5725
sample number: 5810.0
sample number: 1623.0
sample number: 1623.0
epoch:53; train_fscore:66.16%; train_loss:1.3913; train_loss1:0.8041; train_loss2:0.5871
sample number: 5810.0
sample number: 1623.0
sample number: 1623.0
epoch:54; train_fscore:67.45%; train_loss:1.3314; train_loss1:0.7843; train_loss2:0.5471
sample number: 5810.0
sample number: 1623.0
sample number: 1623.0
epoch:55; train_fscore:66.97%; train_loss:1.3608; train_loss1:0.8172; train_loss2:0.5435
sample number: 5810.0
sample number: 1623.0
sample number: 1623.0
epoch:56; train_fscore:64.16%; train_loss:1.4427; train_loss1:0.8733; train_loss2:0.5693
sample number: 5810.0
sample number: 1623.0
sample number: 1623.0
epoch:57; train_fscore:61.98%; train_loss:1.4345; train_loss1:0.893; train_loss2:0.5416
sample number: 5810.0
sample number: 1623.0
sample number: 1623.0
epoch:58; train_fscore:64.26%; train_loss:1.4143; train_loss1:0.8291; train_loss2:0.5852
sample number: 5810.0
sample number: 1623.0
sample number: 1623.0
epoch:59; train_fscore:69.05%; train_loss:1.4013; train_loss1:0.7844; train_loss2:0.617
sample number: 5810.0
sample number: 1623.0
sample number: 1623.0
epoch:60; train_fscore:67.49%; train_loss:1.3317; train_loss1:0.7845; train_loss2:0.5472
sample number: 5810.0
sample number: 1623.0
sample number: 1623.0
epoch:61; train_fscore:66.79%; train_loss:1.3854; train_loss1:0.7978; train_loss2:0.5877
sample number: 5810.0
sample number: 1623.0
sample number: 1623.0
epoch:62; train_fscore:67.51%; train_loss:1.3717; train_loss1:0.7842; train_loss2:0.5874
sample number: 5810.0
sample number: 1623.0
sample number: 1623.0
epoch:63; train_fscore:70.16%; train_loss:1.3072; train_loss1:0.7458; train_loss2:0.5614
sample number: 5810.0
sample number: 1623.0
sample number: 1623.0
epoch:64; train_fscore:71.62%; train_loss:1.2443; train_loss1:0.7181; train_loss2:0.5262
sample number: 5810.0
sample number: 1623.0
sample number: 1623.0
epoch:65; train_fscore:72.43%; train_loss:1.2638; train_loss1:0.701; train_loss2:0.5628
sample number: 5810.0
sample number: 1623.0
sample number: 1623.0
epoch:66; train_fscore:70.21%; train_loss:1.2584; train_loss1:0.7261; train_loss2:0.5323
sample number: 5810.0
sample number: 1623.0
sample number: 1623.0
epoch:67; train_fscore:71.65%; train_loss:1.2873; train_loss1:0.7041; train_loss2:0.5831
sample number: 5810.0
sample number: 1623.0
sample number: 1623.0
epoch:68; train_fscore:72.41%; train_loss:1.2185; train_loss1:0.6828; train_loss2:0.5356
sample number: 5810.0
sample number: 1623.0
sample number: 1623.0
epoch:69; train_fscore:73.23%; train_loss:1.2289; train_loss1:0.673; train_loss2:0.5559
sample number: 5810.0
sample number: 1623.0
sample number: 1623.0
epoch:70; train_fscore:72.60%; train_loss:1.2157; train_loss1:0.6783; train_loss2:0.5374
sample number: 5810.0
sample number: 1623.0
sample number: 1623.0
epoch:71; train_fscore:72.99%; train_loss:1.212; train_loss1:0.6794; train_loss2:0.5326
sample number: 5810.0
sample number: 1623.0
sample number: 1623.0
epoch:72; train_fscore:72.59%; train_loss:1.2659; train_loss1:0.6741; train_loss2:0.5918
sample number: 5810.0
sample number: 1623.0
sample number: 1623.0
epoch:73; train_fscore:73.63%; train_loss:1.2378; train_loss1:0.6561; train_loss2:0.5817
sample number: 5810.0
sample number: 1623.0
sample number: 1623.0
epoch:74; train_fscore:74.80%; train_loss:1.1905; train_loss1:0.6419; train_loss2:0.5486
sample number: 5810.0
sample number: 1623.0
sample number: 1623.0
epoch:75; train_fscore:74.20%; train_loss:1.2054; train_loss1:0.6463; train_loss2:0.5591
sample number: 5810.0
sample number: 1623.0
sample number: 1623.0
epoch:76; train_fscore:74.24%; train_loss:1.2143; train_loss1:0.6385; train_loss2:0.5757
sample number: 5810.0
sample number: 1623.0
sample number: 1623.0
epoch:77; train_fscore:73.18%; train_loss:1.223; train_loss1:0.6628; train_loss2:0.5601
sample number: 5810.0
sample number: 1623.0
sample number: 1623.0
epoch:78; train_fscore:73.88%; train_loss:1.1949; train_loss1:0.6388; train_loss2:0.5561
sample number: 5810.0
sample number: 1623.0
sample number: 1623.0
epoch:79; train_fscore:74.71%; train_loss:1.1423; train_loss1:0.6172; train_loss2:0.5251
sample number: 5810.0
sample number: 1623.0
sample number: 1623.0
epoch:80; train_fscore:76.48%; train_loss:1.1418; train_loss1:0.5811; train_loss2:0.5607
sample number: 5810.0
sample number: 1623.0
sample number: 1623.0
epoch:81; train_fscore:75.97%; train_loss:1.1595; train_loss1:0.5957; train_loss2:0.5638
sample number: 5810.0
sample number: 1623.0
sample number: 1623.0
epoch:82; train_fscore:74.44%; train_loss:1.198; train_loss1:0.6246; train_loss2:0.5733
sample number: 5810.0
sample number: 1623.0
sample number: 1623.0
epoch:83; train_fscore:75.45%; train_loss:1.1278; train_loss1:0.6102; train_loss2:0.5176
sample number: 5810.0
sample number: 1623.0
sample number: 1623.0
epoch:84; train_fscore:74.60%; train_loss:1.2054; train_loss1:0.6298; train_loss2:0.5757
sample number: 5810.0
sample number: 1623.0
sample number: 1623.0
epoch:85; train_fscore:76.10%; train_loss:1.1896; train_loss1:0.5958; train_loss2:0.5937
sample number: 5810.0
sample number: 1623.0
sample number: 1623.0
epoch:86; train_fscore:75.73%; train_loss:1.1665; train_loss1:0.6061; train_loss2:0.5604
sample number: 5810.0
sample number: 1623.0
sample number: 1623.0
epoch:87; train_fscore:76.98%; train_loss:1.1329; train_loss1:0.5682; train_loss2:0.5647
sample number: 5810.0
sample number: 1623.0
sample number: 1623.0
epoch:88; train_fscore:77.02%; train_loss:1.1419; train_loss1:0.5732; train_loss2:0.5686
sample number: 5810.0
sample number: 1623.0
sample number: 1623.0
epoch:89; train_fscore:76.88%; train_loss:1.1349; train_loss1:0.579; train_loss2:0.5559
sample number: 5810.0
sample number: 1623.0
sample number: 1623.0
epoch:90; train_fscore:78.37%; train_loss:1.1264; train_loss1:0.5567; train_loss2:0.5697
sample number: 5810.0
sample number: 1623.0
sample number: 1623.0
epoch:91; train_fscore:78.11%; train_loss:1.0975; train_loss1:0.5417; train_loss2:0.5558
sample number: 5810.0
sample number: 1623.0
sample number: 1623.0
epoch:92; train_fscore:77.40%; train_loss:1.1206; train_loss1:0.5646; train_loss2:0.556
sample number: 5810.0
sample number: 1623.0
sample number: 1623.0
epoch:93; train_fscore:76.88%; train_loss:1.1417; train_loss1:0.5692; train_loss2:0.5725
sample number: 5810.0
sample number: 1623.0
sample number: 1623.0
epoch:94; train_fscore:78.12%; train_loss:1.1034; train_loss1:0.5395; train_loss2:0.5639
sample number: 5810.0
sample number: 1623.0
sample number: 1623.0
epoch:95; train_fscore:78.20%; train_loss:1.0611; train_loss1:0.5528; train_loss2:0.5083
sample number: 5810.0
sample number: 1623.0
sample number: 1623.0
epoch:96; train_fscore:78.63%; train_loss:1.1062; train_loss1:0.5358; train_loss2:0.5704
sample number: 5810.0
sample number: 1623.0
sample number: 1623.0
epoch:97; train_fscore:79.22%; train_loss:1.0854; train_loss1:0.5224; train_loss2:0.563
sample number: 5810.0
sample number: 1623.0
sample number: 1623.0
epoch:98; train_fscore:78.92%; train_loss:1.0529; train_loss1:0.5212; train_loss2:0.5316
sample number: 5810.0
sample number: 1623.0
sample number: 1623.0
epoch:99; train_fscore:78.99%; train_loss:1.1391; train_loss1:0.525; train_loss2:0.6141
sample number: 5810.0
sample number: 1623.0
sample number: 1623.0
epoch:100; train_fscore:77.78%; train_loss:1.1436; train_loss1:0.5636; train_loss2:0.58
Step3: saving and testing on the 5 folder
>>>>> Finish: training on the 5 folder, duration: 360.1657934188843 >>>>>
====== Saving =======
SMOKE_ONLY=False
save results in /data2/yb/paper/experiments/second_graph_aggregation_iemocap6_20260825_phase_b/formal/rtdr/miss_0p4/seed_66/fold_5/saved/iemocapsix_original_addition_relationtrack_diagonal_f5_s66_m0p4_1787700515.688494.npz
