Namespace(allow_short_run=False, audio_feature='wav2vec-large-c-UTT', base_model='LSTM', batch_size=32, branch_fusion='addition', data_root='/data2/yb/paper/GCNet_TPAMI_modality_jepa_20260818/dataset/IEMOCAP', dataset='IEMOCAPSix', dropout=0.5, epochs=100, fold_index=5, graph_conv_variant='original', hidden=200, l2=1e-05, loss_recon=True, lower_bound=False, lr=0.001, mask_bank_root='/data2/yb/paper/experiments/mpfilm_iemocap6_20260824/mask_banks', mask_seed=69, mask_type='constant-0.7', n_classes=6, n_speakers=2, no_cuda=False, num_folder=5, num_threads=6, output_dir='/data2/yb/paper/experiments/second_graph_aggregation_iemocap6_20260825/formal/genagg/miss_0p7/seed_69/fold_5/saved', post_graph_context='bilstm', pre_graph_context='bilstm', reccls_flag=False, second_graph_aggregation='genagg', seed=69, text_feature='deberta-large-4-UTT', time_attn=False, video_feature='manet_UTT', windowf=2, windowp=2)
====== Reading Data =======
audio dimension: 512; text dimension: 1024; video dimension: 1024
stage-aware mask bundle: sha256=05fb91a2fcf0587e487218d55b6cb6b8f8c9b86e4ab662c5431f290d9f19da12 requested=0.7000 realized=0.6667
====== Training and Evaluation =======
>>>>> Cross-validation: training on the 5 folder >>>>>
Step1: build model (each folder has its own model)
Model have 36419934 paramerters in total
Graph NN with LSTM as base model.
Step2: training (multiple epoches)
sample number: 5810.0
sample number: 1623.0
sample number: 1623.0
epoch:1; train_fscore:13.93%; train_loss:6.1522; train_loss1:1.8763; train_loss2:3.6338
sample number: 5810.0
sample number: 1623.0
sample number: 1623.0
epoch:2; train_fscore:12.93%; train_loss:5.2326; train_loss1:1.8019; train_loss2:3.2267
sample number: 5810.0
sample number: 1623.0
sample number: 1623.0
epoch:3; train_fscore:15.84%; train_loss:4.7168; train_loss1:1.7812; train_loss2:2.8158
sample number: 5810.0
sample number: 1623.0
sample number: 1623.0
epoch:4; train_fscore:15.35%; train_loss:4.216; train_loss1:1.7648; train_loss2:2.375
sample number: 5810.0
sample number: 1623.0
sample number: 1623.0
epoch:5; train_fscore:14.88%; train_loss:3.9366; train_loss1:1.7708; train_loss2:2.1133
sample number: 5810.0
sample number: 1623.0
sample number: 1623.0
epoch:6; train_fscore:12.72%; train_loss:3.5961; train_loss1:1.742; train_loss2:1.817
sample number: 5810.0
sample number: 1623.0
sample number: 1623.0
epoch:7; train_fscore:17.53%; train_loss:3.1008; train_loss1:1.7794; train_loss2:1.2924
sample number: 5810.0
sample number: 1623.0
sample number: 1623.0
epoch:8; train_fscore:15.37%; train_loss:2.9627; train_loss1:1.8335; train_loss2:1.1055
sample number: 5810.0
sample number: 1623.0
sample number: 1623.0
epoch:9; train_fscore:11.45%; train_loss:2.9008; train_loss1:1.8158; train_loss2:1.065
sample number: 5810.0
sample number: 1623.0
sample number: 1623.0
epoch:10; train_fscore:12.89%; train_loss:2.886; train_loss1:1.7953; train_loss2:1.0739
sample number: 5810.0
sample number: 1623.0
sample number: 1623.0
epoch:11; train_fscore:15.46%; train_loss:2.7731; train_loss1:1.7594; train_loss2:0.9984
sample number: 5810.0
sample number: 1623.0
sample number: 1623.0
epoch:12; train_fscore:12.26%; train_loss:2.7257; train_loss1:1.7533; train_loss2:0.9589
sample number: 5810.0
sample number: 1623.0
sample number: 1623.0
epoch:13; train_fscore:14.31%; train_loss:2.7292; train_loss1:1.7443; train_loss2:0.9724
sample number: 5810.0
sample number: 1623.0
sample number: 1623.0
epoch:14; train_fscore:15.54%; train_loss:2.6674; train_loss1:1.7509; train_loss2:0.9048
sample number: 5810.0
sample number: 1623.0
sample number: 1623.0
epoch:15; train_fscore:15.86%; train_loss:2.7864; train_loss1:1.7531; train_loss2:1.0224
sample number: 5810.0
sample number: 1623.0
sample number: 1623.0
epoch:16; train_fscore:16.21%; train_loss:2.7053; train_loss1:1.7541; train_loss2:0.9408
sample number: 5810.0
sample number: 1623.0
sample number: 1623.0
epoch:17; train_fscore:15.69%; train_loss:2.7701; train_loss1:1.7636; train_loss2:0.9959
sample number: 5810.0
sample number: 1623.0
sample number: 1623.0
epoch:18; train_fscore:13.40%; train_loss:2.7496; train_loss1:1.778; train_loss2:0.9616
sample number: 5810.0
sample number: 1623.0
sample number: 1623.0
epoch:19; train_fscore:15.06%; train_loss:2.749; train_loss1:1.7791; train_loss2:0.9601
sample number: 5810.0
sample number: 1623.0
sample number: 1623.0
epoch:20; train_fscore:16.19%; train_loss:2.7648; train_loss1:1.7421; train_loss2:1.0131
sample number: 5810.0
sample number: 1623.0
sample number: 1623.0
epoch:21; train_fscore:14.42%; train_loss:2.738; train_loss1:1.7596; train_loss2:0.9659
sample number: 5810.0
sample number: 1623.0
sample number: 1623.0
epoch:22; train_fscore:10.41%; train_loss:2.8202; train_loss1:1.8027; train_loss2:0.9977
sample number: 5810.0
sample number: 1623.0
sample number: 1623.0
epoch:23; train_fscore:16.80%; train_loss:2.6618; train_loss1:1.7122; train_loss2:0.933
sample number: 5810.0
sample number: 1623.0
sample number: 1623.0
epoch:24; train_fscore:19.66%; train_loss:2.6937; train_loss1:1.7258; train_loss2:0.9459
sample number: 5810.0
sample number: 1623.0
sample number: 1623.0
epoch:25; train_fscore:19.64%; train_loss:2.6458; train_loss1:1.7074; train_loss2:0.918
sample number: 5810.0
sample number: 1623.0
sample number: 1623.0
epoch:26; train_fscore:21.84%; train_loss:2.6368; train_loss1:1.6584; train_loss2:0.9585
sample number: 5810.0
sample number: 1623.0
sample number: 1623.0
epoch:27; train_fscore:17.81%; train_loss:2.7815; train_loss1:1.756; train_loss2:0.9992
sample number: 5810.0
sample number: 1623.0
sample number: 1623.0
epoch:28; train_fscore:17.73%; train_loss:2.9132; train_loss1:1.7834; train_loss2:1.001
sample number: 5810.0
sample number: 1623.0
sample number: 1623.0
epoch:29; train_fscore:14.05%; train_loss:2.8073; train_loss1:1.7558; train_loss2:0.9298
sample number: 5810.0
sample number: 1623.0
sample number: 1623.0
epoch:30; train_fscore:15.75%; train_loss:2.7339; train_loss1:1.7262; train_loss2:0.9339
sample number: 5810.0
sample number: 1623.0
sample number: 1623.0
epoch:31; train_fscore:14.00%; train_loss:2.7416; train_loss1:1.7221; train_loss2:0.9733
sample number: 5810.0
sample number: 1623.0
sample number: 1623.0
epoch:32; train_fscore:17.18%; train_loss:2.7375; train_loss1:1.7312; train_loss2:0.9759
sample number: 5810.0
sample number: 1623.0
sample number: 1623.0
epoch:33; train_fscore:15.72%; train_loss:2.6332; train_loss1:1.7084; train_loss2:0.9026
sample number: 5810.0
sample number: 1623.0
sample number: 1623.0
epoch:34; train_fscore:17.25%; train_loss:2.6394; train_loss1:1.7116; train_loss2:0.9101
sample number: 5810.0
sample number: 1623.0
sample number: 1623.0
epoch:35; train_fscore:17.66%; train_loss:2.6379; train_loss1:1.698; train_loss2:0.9248
sample number: 5810.0
sample number: 1623.0
sample number: 1623.0
epoch:36; train_fscore:19.54%; train_loss:2.6608; train_loss1:1.6987; train_loss2:0.9486
sample number: 5810.0
sample number: 1623.0
sample number: 1623.0
epoch:37; train_fscore:23.47%; train_loss:2.6185; train_loss1:1.6809; train_loss2:0.9256
sample number: 5810.0
sample number: 1623.0
sample number: 1623.0
epoch:38; train_fscore:19.99%; train_loss:2.6177; train_loss1:1.6619; train_loss2:0.9439
sample number: 5810.0
sample number: 1623.0
sample number: 1623.0
epoch:39; train_fscore:25.06%; train_loss:2.6634; train_loss1:1.6744; train_loss2:0.9764
sample number: 5810.0
sample number: 1623.0
sample number: 1623.0
epoch:40; train_fscore:23.16%; train_loss:2.647; train_loss1:1.6834; train_loss2:0.9463
sample number: 5810.0
sample number: 1623.0
sample number: 1623.0
epoch:41; train_fscore:27.94%; train_loss:2.6361; train_loss1:1.6226; train_loss2:0.9905
sample number: 5810.0
sample number: 1623.0
sample number: 1623.0
epoch:42; train_fscore:29.21%; train_loss:2.4701; train_loss1:1.5161; train_loss2:0.9154
sample number: 5810.0
sample number: 1623.0
sample number: 1623.0
epoch:43; train_fscore:27.93%; train_loss:2.6011; train_loss1:1.536; train_loss2:1.0148
sample number: 5810.0
sample number: 1623.0
sample number: 1623.0
epoch:44; train_fscore:26.18%; train_loss:2.4004; train_loss1:1.451; train_loss2:0.8846
sample number: 5810.0
sample number: 1623.0
sample number: 1623.0
epoch:45; train_fscore:28.74%; train_loss:2.4792; train_loss1:1.4373; train_loss2:1.0018
sample number: 5810.0
sample number: 1623.0
sample number: 1623.0
epoch:46; train_fscore:29.63%; train_loss:2.5495; train_loss1:1.5115; train_loss2:1.0017
sample number: 5810.0
sample number: 1623.0
sample number: 1623.0
epoch:47; train_fscore:27.27%; train_loss:2.4403; train_loss1:1.4912; train_loss2:0.9092
sample number: 5810.0
sample number: 1623.0
sample number: 1623.0
epoch:48; train_fscore:25.14%; train_loss:2.3627; train_loss1:1.4256; train_loss2:0.8984
sample number: 5810.0
sample number: 1623.0
sample number: 1623.0
epoch:49; train_fscore:29.40%; train_loss:2.3854; train_loss1:1.4552; train_loss2:0.8949
sample number: 5810.0
sample number: 1623.0
sample number: 1623.0
epoch:50; train_fscore:32.12%; train_loss:2.3467; train_loss1:1.3874; train_loss2:0.9273
sample number: 5810.0
sample number: 1623.0
sample number: 1623.0
epoch:51; train_fscore:29.81%; train_loss:2.3883; train_loss1:1.366; train_loss2:0.995
sample number: 5810.0
sample number: 1623.0
sample number: 1623.0
epoch:52; train_fscore:33.35%; train_loss:2.295; train_loss1:1.3773; train_loss2:0.8899
sample number: 5810.0
sample number: 1623.0
sample number: 1623.0
epoch:53; train_fscore:35.02%; train_loss:2.2945; train_loss1:1.3294; train_loss2:0.9372
sample number: 5810.0
sample number: 1623.0
sample number: 1623.0
epoch:54; train_fscore:30.90%; train_loss:2.3119; train_loss1:1.3734; train_loss2:0.9165
sample number: 5810.0
sample number: 1623.0
sample number: 1623.0
epoch:55; train_fscore:36.03%; train_loss:2.3464; train_loss1:1.3539; train_loss2:0.9715
sample number: 5810.0
sample number: 1623.0
sample number: 1623.0
epoch:56; train_fscore:33.73%; train_loss:2.4179; train_loss1:1.3908; train_loss2:1.0094
sample number: 5810.0
sample number: 1623.0
sample number: 1623.0
epoch:57; train_fscore:32.52%; train_loss:2.3765; train_loss1:1.3935; train_loss2:0.9608
sample number: 5810.0
sample number: 1623.0
sample number: 1623.0
epoch:58; train_fscore:36.74%; train_loss:2.3294; train_loss1:1.3705; train_loss2:0.933
sample number: 5810.0
sample number: 1623.0
sample number: 1623.0
epoch:59; train_fscore:34.04%; train_loss:2.2905; train_loss1:1.3288; train_loss2:0.9352
sample number: 5810.0
sample number: 1623.0
sample number: 1623.0
epoch:60; train_fscore:41.80%; train_loss:2.2302; train_loss1:1.289; train_loss2:0.9165
sample number: 5810.0
sample number: 1623.0
sample number: 1623.0
epoch:61; train_fscore:36.28%; train_loss:2.2076; train_loss1:1.2959; train_loss2:0.8898
sample number: 5810.0
sample number: 1623.0
sample number: 1623.0
epoch:62; train_fscore:41.14%; train_loss:2.2314; train_loss1:1.2701; train_loss2:0.9417
sample number: 5810.0
sample number: 1623.0
sample number: 1623.0
epoch:63; train_fscore:40.33%; train_loss:2.27; train_loss1:1.2779; train_loss2:0.9749
sample number: 5810.0
sample number: 1623.0
sample number: 1623.0
epoch:64; train_fscore:39.59%; train_loss:2.1739; train_loss1:1.2344; train_loss2:0.9207
sample number: 5810.0
sample number: 1623.0
sample number: 1623.0
epoch:65; train_fscore:43.87%; train_loss:2.1844; train_loss1:1.2558; train_loss2:0.9116
sample number: 5810.0
sample number: 1623.0
sample number: 1623.0
epoch:66; train_fscore:41.75%; train_loss:2.155; train_loss1:1.2616; train_loss2:0.8771
sample number: 5810.0
sample number: 1623.0
sample number: 1623.0
epoch:67; train_fscore:43.98%; train_loss:2.197; train_loss1:1.2604; train_loss2:0.9216
sample number: 5810.0
sample number: 1623.0
sample number: 1623.0
epoch:68; train_fscore:44.55%; train_loss:2.2592; train_loss1:1.2476; train_loss2:0.9963
sample number: 5810.0
sample number: 1623.0
sample number: 1623.0
epoch:69; train_fscore:45.84%; train_loss:2.175; train_loss1:1.2085; train_loss2:0.9518
sample number: 5810.0
sample number: 1623.0
sample number: 1623.0
epoch:70; train_fscore:43.14%; train_loss:2.1324; train_loss1:1.2279; train_loss2:0.8879
sample number: 5810.0
sample number: 1623.0
sample number: 1623.0
epoch:71; train_fscore:42.62%; train_loss:2.2178; train_loss1:1.3312; train_loss2:0.8702
sample number: 5810.0
sample number: 1623.0
sample number: 1623.0
epoch:72; train_fscore:38.85%; train_loss:2.2946; train_loss1:1.3431; train_loss2:0.934
sample number: 5810.0
sample number: 1623.0
sample number: 1623.0
epoch:73; train_fscore:40.02%; train_loss:2.2464; train_loss1:1.3052; train_loss2:0.9261
sample number: 5810.0
sample number: 1623.0
sample number: 1623.0
epoch:74; train_fscore:42.46%; train_loss:2.1826; train_loss1:1.2623; train_loss2:0.9015
sample number: 5810.0
sample number: 1623.0
sample number: 1623.0
epoch:75; train_fscore:46.36%; train_loss:2.2089; train_loss1:1.1913; train_loss2:0.9972
sample number: 5810.0
sample number: 1623.0
sample number: 1623.0
epoch:76; train_fscore:49.91%; train_loss:2.2355; train_loss1:1.1824; train_loss2:1.0335
sample number: 5810.0
sample number: 1623.0
sample number: 1623.0
epoch:77; train_fscore:49.22%; train_loss:2.1157; train_loss1:1.2009; train_loss2:0.8944
sample number: 5810.0
sample number: 1623.0
sample number: 1623.0
epoch:78; train_fscore:46.95%; train_loss:2.1517; train_loss1:1.188; train_loss2:0.9444
sample number: 5810.0
sample number: 1623.0
sample number: 1623.0
epoch:79; train_fscore:42.67%; train_loss:2.2183; train_loss1:1.2514; train_loss2:0.9456
sample number: 5810.0
sample number: 1623.0
sample number: 1623.0
epoch:80; train_fscore:43.99%; train_loss:2.1751; train_loss1:1.271; train_loss2:0.8763
sample number: 5810.0
sample number: 1623.0
sample number: 1623.0
epoch:81; train_fscore:48.05%; train_loss:2.0887; train_loss1:1.1584; train_loss2:0.9044
sample number: 5810.0
sample number: 1623.0
sample number: 1623.0
epoch:82; train_fscore:48.08%; train_loss:2.062; train_loss1:1.127; train_loss2:0.9141
sample number: 5810.0
sample number: 1623.0
sample number: 1623.0
epoch:83; train_fscore:51.40%; train_loss:2.1125; train_loss1:1.1334; train_loss2:0.9558
sample number: 5810.0
sample number: 1623.0
sample number: 1623.0
epoch:84; train_fscore:48.88%; train_loss:2.1093; train_loss1:1.1139; train_loss2:0.9792
sample number: 5810.0
sample number: 1623.0
sample number: 1623.0
epoch:85; train_fscore:48.72%; train_loss:2.0849; train_loss1:1.1412; train_loss2:0.9274
sample number: 5810.0
sample number: 1623.0
sample number: 1623.0
epoch:86; train_fscore:50.37%; train_loss:2.0302; train_loss1:1.1076; train_loss2:0.9074
sample number: 5810.0
sample number: 1623.0
sample number: 1623.0
epoch:87; train_fscore:53.39%; train_loss:2.0133; train_loss1:1.0624; train_loss2:0.9385
sample number: 5810.0
sample number: 1623.0
sample number: 1623.0
epoch:88; train_fscore:51.36%; train_loss:1.9913; train_loss1:1.0708; train_loss2:0.9098
sample number: 5810.0
sample number: 1623.0
sample number: 1623.0
epoch:89; train_fscore:55.47%; train_loss:2.0181; train_loss1:1.0443; train_loss2:0.9629
sample number: 5810.0
sample number: 1623.0
sample number: 1623.0
epoch:90; train_fscore:53.09%; train_loss:1.9572; train_loss1:1.0591; train_loss2:0.8894
sample number: 5810.0
sample number: 1623.0
sample number: 1623.0
epoch:91; train_fscore:53.07%; train_loss:2.0411; train_loss1:1.0508; train_loss2:0.9765
sample number: 5810.0
sample number: 1623.0
sample number: 1623.0
epoch:92; train_fscore:50.47%; train_loss:2.0791; train_loss1:1.088; train_loss2:0.9654
sample number: 5810.0
sample number: 1623.0
sample number: 1623.0
epoch:93; train_fscore:50.12%; train_loss:2.0906; train_loss1:1.1192; train_loss2:0.9374
sample number: 5810.0
sample number: 1623.0
sample number: 1623.0
epoch:94; train_fscore:46.72%; train_loss:2.1163; train_loss1:1.1502; train_loss2:0.9431
sample number: 5810.0
sample number: 1623.0
sample number: 1623.0
epoch:95; train_fscore:52.49%; train_loss:2.0401; train_loss1:1.0643; train_loss2:0.9542
sample number: 5810.0
sample number: 1623.0
sample number: 1623.0
epoch:96; train_fscore:53.33%; train_loss:2.0424; train_loss1:1.0471; train_loss2:0.9806
sample number: 5810.0
sample number: 1623.0
sample number: 1623.0
epoch:97; train_fscore:53.87%; train_loss:1.9679; train_loss1:1.0465; train_loss2:0.9043
sample number: 5810.0
sample number: 1623.0
sample number: 1623.0
epoch:98; train_fscore:55.64%; train_loss:1.9479; train_loss1:1.0022; train_loss2:0.9335
sample number: 5810.0
sample number: 1623.0
sample number: 1623.0
epoch:99; train_fscore:56.09%; train_loss:1.9611; train_loss1:1.0005; train_loss2:0.9486
sample number: 5810.0
sample number: 1623.0
sample number: 1623.0
epoch:100; train_fscore:55.64%; train_loss:2.0249; train_loss1:0.9885; train_loss2:1.0244
Step3: saving and testing on the 5 folder
>>>>> Finish: training on the 5 folder, duration: 798.0589139461517 >>>>>
====== Saving =======
SMOKE_ONLY=False
save results in /data2/yb/paper/experiments/second_graph_aggregation_iemocap6_20260825/formal/genagg/miss_0p7/seed_69/fold_5/saved/iemocapsix_original_addition_secondagg_genagg_f5_s69_m0p7_1787707486.252695.npz
