Namespace(allow_short_run=False, audio_feature='wav2vec-large-c-UTT', base_model='LSTM', batch_size=32, branch_fusion='addition', data_root='/data2/yb/paper/GCNet_TPAMI_modality_jepa_20260818/dataset/IEMOCAP', dataset='IEMOCAPSix', dropout=0.5, epochs=100, fold_index=5, graph_conv_variant='original', hidden=200, l2=1e-05, loss_recon=True, lower_bound=False, lr=0.001, mask_bank_root='/data2/yb/paper/experiments/mpfilm_iemocap6_20260824/mask_banks', mask_seed=68, mask_type='constant-0.3', n_classes=6, n_speakers=2, no_cuda=False, num_folder=5, num_threads=6, output_dir='/data2/yb/paper/experiments/second_graph_aggregation_iemocap6_20260825_phase_b/formal/rtdr/miss_0p3/seed_68/fold_5/saved', post_graph_context='bilstm', pre_graph_context='bilstm', reccls_flag=False, relation_track_routing='diagonal', second_graph_aggregation='add', seed=68, text_feature='deberta-large-4-UTT', time_attn=False, video_feature='manet_UTT', windowf=2, windowp=2)
====== Reading Data =======
audio dimension: 512; text dimension: 1024; video dimension: 1024
stage-aware mask bundle: sha256=97105582a790795d0774770f0b0072d16f7ea545c6acc79e342bf52ec8a08bcb requested=0.3000 realized=0.3020
====== Training and Evaluation =======
>>>>> Cross-validation: training on the 5 folder >>>>>
Step1: build model (each folder has its own model)
Model have 36419816 paramerters in total
Graph NN with LSTM as base model.
Step2: training (multiple epoches)
sample number: 5810.0
sample number: 1623.0
sample number: 1623.0
epoch:1; train_fscore:14.83%; train_loss:3.469; train_loss1:1.7949; train_loss2:1.6741
sample number: 5810.0
sample number: 1623.0
sample number: 1623.0
epoch:2; train_fscore:16.55%; train_loss:3.3161; train_loss1:1.74; train_loss2:1.5761
sample number: 5810.0
sample number: 1623.0
sample number: 1623.0
epoch:3; train_fscore:23.05%; train_loss:2.9938; train_loss1:1.6477; train_loss2:1.3461
sample number: 5810.0
sample number: 1623.0
sample number: 1623.0
epoch:4; train_fscore:18.59%; train_loss:2.9681; train_loss1:1.6221; train_loss2:1.3459
sample number: 5810.0
sample number: 1623.0
sample number: 1623.0
epoch:5; train_fscore:20.43%; train_loss:2.842; train_loss1:1.6519; train_loss2:1.1901
sample number: 5810.0
sample number: 1623.0
sample number: 1623.0
epoch:6; train_fscore:22.78%; train_loss:2.611; train_loss1:1.5988; train_loss2:1.0122
sample number: 5810.0
sample number: 1623.0
sample number: 1623.0
epoch:7; train_fscore:23.09%; train_loss:2.4435; train_loss1:1.5541; train_loss2:0.8894
sample number: 5810.0
sample number: 1623.0
sample number: 1623.0
epoch:8; train_fscore:29.06%; train_loss:2.3722; train_loss1:1.5641; train_loss2:0.8081
sample number: 5810.0
sample number: 1623.0
sample number: 1623.0
epoch:9; train_fscore:26.96%; train_loss:2.1265; train_loss1:1.4864; train_loss2:0.6401
sample number: 5810.0
sample number: 1623.0
sample number: 1623.0
epoch:10; train_fscore:31.79%; train_loss:1.9657; train_loss1:1.4314; train_loss2:0.5343
sample number: 5810.0
sample number: 1623.0
sample number: 1623.0
epoch:11; train_fscore:31.40%; train_loss:2.0711; train_loss1:1.5268; train_loss2:0.5444
sample number: 5810.0
sample number: 1623.0
sample number: 1623.0
epoch:12; train_fscore:25.18%; train_loss:2.0827; train_loss1:1.5889; train_loss2:0.4938
sample number: 5810.0
sample number: 1623.0
sample number: 1623.0
epoch:13; train_fscore:28.95%; train_loss:1.8849; train_loss1:1.407; train_loss2:0.4778
sample number: 5810.0
sample number: 1623.0
sample number: 1623.0
epoch:14; train_fscore:28.51%; train_loss:1.8797; train_loss1:1.3717; train_loss2:0.5079
sample number: 5810.0
sample number: 1623.0
sample number: 1623.0
epoch:15; train_fscore:35.23%; train_loss:1.7869; train_loss1:1.3097; train_loss2:0.4772
sample number: 5810.0
sample number: 1623.0
sample number: 1623.0
epoch:16; train_fscore:40.12%; train_loss:1.6997; train_loss1:1.2351; train_loss2:0.4646
sample number: 5810.0
sample number: 1623.0
sample number: 1623.0
epoch:17; train_fscore:44.86%; train_loss:1.6306; train_loss1:1.1974; train_loss2:0.4332
sample number: 5810.0
sample number: 1623.0
sample number: 1623.0
epoch:18; train_fscore:45.95%; train_loss:1.6862; train_loss1:1.1989; train_loss2:0.4873
sample number: 5810.0
sample number: 1623.0
sample number: 1623.0
epoch:19; train_fscore:44.00%; train_loss:1.6348; train_loss1:1.1532; train_loss2:0.4816
sample number: 5810.0
sample number: 1623.0
sample number: 1623.0
epoch:20; train_fscore:41.85%; train_loss:1.5638; train_loss1:1.1658; train_loss2:0.398
sample number: 5810.0
sample number: 1623.0
sample number: 1623.0
epoch:21; train_fscore:44.31%; train_loss:1.5702; train_loss1:1.1377; train_loss2:0.4326
sample number: 5810.0
sample number: 1623.0
sample number: 1623.0
epoch:22; train_fscore:47.86%; train_loss:1.588; train_loss1:1.1353; train_loss2:0.4527
sample number: 5810.0
sample number: 1623.0
sample number: 1623.0
epoch:23; train_fscore:49.72%; train_loss:1.5269; train_loss1:1.0882; train_loss2:0.4387
sample number: 5810.0
sample number: 1623.0
sample number: 1623.0
epoch:24; train_fscore:51.29%; train_loss:1.4931; train_loss1:1.0774; train_loss2:0.4157
sample number: 5810.0
sample number: 1623.0
sample number: 1623.0
epoch:25; train_fscore:51.70%; train_loss:1.4438; train_loss1:1.0694; train_loss2:0.3745
sample number: 5810.0
sample number: 1623.0
sample number: 1623.0
epoch:26; train_fscore:52.34%; train_loss:1.5015; train_loss1:1.0721; train_loss2:0.4294
sample number: 5810.0
sample number: 1623.0
sample number: 1623.0
epoch:27; train_fscore:51.14%; train_loss:1.4871; train_loss1:1.0516; train_loss2:0.4354
sample number: 5810.0
sample number: 1623.0
sample number: 1623.0
epoch:28; train_fscore:52.43%; train_loss:1.4802; train_loss1:1.0626; train_loss2:0.4176
sample number: 5810.0
sample number: 1623.0
sample number: 1623.0
epoch:29; train_fscore:53.95%; train_loss:1.4487; train_loss1:1.0385; train_loss2:0.4101
sample number: 5810.0
sample number: 1623.0
sample number: 1623.0
epoch:30; train_fscore:56.85%; train_loss:1.3918; train_loss1:0.9948; train_loss2:0.397
sample number: 5810.0
sample number: 1623.0
sample number: 1623.0
epoch:31; train_fscore:53.93%; train_loss:1.4701; train_loss1:1.0295; train_loss2:0.4407
sample number: 5810.0
sample number: 1623.0
sample number: 1623.0
epoch:32; train_fscore:54.37%; train_loss:1.4624; train_loss1:1.0377; train_loss2:0.4247
sample number: 5810.0
sample number: 1623.0
sample number: 1623.0
epoch:33; train_fscore:55.17%; train_loss:1.4804; train_loss1:1.0379; train_loss2:0.4425
sample number: 5810.0
sample number: 1623.0
sample number: 1623.0
epoch:34; train_fscore:56.09%; train_loss:1.4599; train_loss1:0.9751; train_loss2:0.4848
sample number: 5810.0
sample number: 1623.0
sample number: 1623.0
epoch:35; train_fscore:57.42%; train_loss:1.3935; train_loss1:0.9528; train_loss2:0.4407
sample number: 5810.0
sample number: 1623.0
sample number: 1623.0
epoch:36; train_fscore:59.31%; train_loss:1.389; train_loss1:0.9269; train_loss2:0.4621
sample number: 5810.0
sample number: 1623.0
sample number: 1623.0
epoch:37; train_fscore:60.08%; train_loss:1.3672; train_loss1:0.9234; train_loss2:0.4437
sample number: 5810.0
sample number: 1623.0
sample number: 1623.0
epoch:38; train_fscore:59.37%; train_loss:1.355; train_loss1:0.9; train_loss2:0.4549
sample number: 5810.0
sample number: 1623.0
sample number: 1623.0
epoch:39; train_fscore:60.25%; train_loss:1.3422; train_loss1:0.9025; train_loss2:0.4397
sample number: 5810.0
sample number: 1623.0
sample number: 1623.0
epoch:40; train_fscore:62.63%; train_loss:1.3016; train_loss1:0.8752; train_loss2:0.4264
sample number: 5810.0
sample number: 1623.0
sample number: 1623.0
epoch:41; train_fscore:62.56%; train_loss:1.2784; train_loss1:0.8598; train_loss2:0.4186
sample number: 5810.0
sample number: 1623.0
sample number: 1623.0
epoch:42; train_fscore:63.86%; train_loss:1.2505; train_loss1:0.84; train_loss2:0.4105
sample number: 5810.0
sample number: 1623.0
sample number: 1623.0
epoch:43; train_fscore:65.27%; train_loss:1.264; train_loss1:0.8252; train_loss2:0.4389
sample number: 5810.0
sample number: 1623.0
sample number: 1623.0
epoch:44; train_fscore:66.20%; train_loss:1.2438; train_loss1:0.8225; train_loss2:0.4213
sample number: 5810.0
sample number: 1623.0
sample number: 1623.0
epoch:45; train_fscore:65.32%; train_loss:1.2179; train_loss1:0.8137; train_loss2:0.4042
sample number: 5810.0
sample number: 1623.0
sample number: 1623.0
epoch:46; train_fscore:64.90%; train_loss:1.18; train_loss1:0.7966; train_loss2:0.3835
sample number: 5810.0
sample number: 1623.0
sample number: 1623.0
epoch:47; train_fscore:65.62%; train_loss:1.235; train_loss1:0.8097; train_loss2:0.4253
sample number: 5810.0
sample number: 1623.0
sample number: 1623.0
epoch:48; train_fscore:65.13%; train_loss:1.267; train_loss1:0.8267; train_loss2:0.4404
sample number: 5810.0
sample number: 1623.0
sample number: 1623.0
epoch:49; train_fscore:65.61%; train_loss:1.2588; train_loss1:0.8193; train_loss2:0.4395
sample number: 5810.0
sample number: 1623.0
sample number: 1623.0
epoch:50; train_fscore:67.18%; train_loss:1.302; train_loss1:0.7881; train_loss2:0.5139
sample number: 5810.0
sample number: 1623.0
sample number: 1623.0
epoch:51; train_fscore:66.20%; train_loss:1.2826; train_loss1:0.8228; train_loss2:0.4599
sample number: 5810.0
sample number: 1623.0
sample number: 1623.0
epoch:52; train_fscore:63.99%; train_loss:1.2503; train_loss1:0.8448; train_loss2:0.4054
sample number: 5810.0
sample number: 1623.0
sample number: 1623.0
epoch:53; train_fscore:67.30%; train_loss:1.2207; train_loss1:0.7861; train_loss2:0.4347
sample number: 5810.0
sample number: 1623.0
sample number: 1623.0
epoch:54; train_fscore:67.22%; train_loss:1.1932; train_loss1:0.7924; train_loss2:0.4008
sample number: 5810.0
sample number: 1623.0
sample number: 1623.0
epoch:55; train_fscore:68.25%; train_loss:1.1965; train_loss1:0.7612; train_loss2:0.4353
sample number: 5810.0
sample number: 1623.0
sample number: 1623.0
epoch:56; train_fscore:70.55%; train_loss:1.1452; train_loss1:0.7252; train_loss2:0.42
sample number: 5810.0
sample number: 1623.0
sample number: 1623.0
epoch:57; train_fscore:71.39%; train_loss:1.1166; train_loss1:0.6912; train_loss2:0.4254
sample number: 5810.0
sample number: 1623.0
sample number: 1623.0
epoch:58; train_fscore:73.07%; train_loss:1.0952; train_loss1:0.6832; train_loss2:0.412
sample number: 5810.0
sample number: 1623.0
sample number: 1623.0
epoch:59; train_fscore:73.25%; train_loss:1.0387; train_loss1:0.655; train_loss2:0.3837
sample number: 5810.0
sample number: 1623.0
sample number: 1623.0
epoch:60; train_fscore:74.20%; train_loss:1.0801; train_loss1:0.652; train_loss2:0.4281
sample number: 5810.0
sample number: 1623.0
sample number: 1623.0
epoch:61; train_fscore:74.56%; train_loss:1.0424; train_loss1:0.6381; train_loss2:0.4043
sample number: 5810.0
sample number: 1623.0
sample number: 1623.0
epoch:62; train_fscore:75.09%; train_loss:1.0775; train_loss1:0.6383; train_loss2:0.4392
sample number: 5810.0
sample number: 1623.0
sample number: 1623.0
epoch:63; train_fscore:74.43%; train_loss:1.0583; train_loss1:0.6298; train_loss2:0.4284
sample number: 5810.0
sample number: 1623.0
sample number: 1623.0
epoch:64; train_fscore:72.74%; train_loss:1.1122; train_loss1:0.6707; train_loss2:0.4415
sample number: 5810.0
sample number: 1623.0
sample number: 1623.0
epoch:65; train_fscore:75.49%; train_loss:1.0266; train_loss1:0.6242; train_loss2:0.4024
sample number: 5810.0
sample number: 1623.0
sample number: 1623.0
epoch:66; train_fscore:75.20%; train_loss:1.0295; train_loss1:0.6469; train_loss2:0.3826
sample number: 5810.0
sample number: 1623.0
sample number: 1623.0
epoch:67; train_fscore:75.42%; train_loss:1.0338; train_loss1:0.6176; train_loss2:0.4162
sample number: 5810.0
sample number: 1623.0
sample number: 1623.0
epoch:68; train_fscore:74.29%; train_loss:1.1057; train_loss1:0.6438; train_loss2:0.462
sample number: 5810.0
sample number: 1623.0
sample number: 1623.0
epoch:69; train_fscore:75.75%; train_loss:1.0617; train_loss1:0.613; train_loss2:0.4488
sample number: 5810.0
sample number: 1623.0
sample number: 1623.0
epoch:70; train_fscore:75.97%; train_loss:1.0198; train_loss1:0.6075; train_loss2:0.4122
sample number: 5810.0
sample number: 1623.0
sample number: 1623.0
epoch:71; train_fscore:77.44%; train_loss:0.9918; train_loss1:0.5836; train_loss2:0.4083
sample number: 5810.0
sample number: 1623.0
sample number: 1623.0
epoch:72; train_fscore:78.60%; train_loss:0.9548; train_loss1:0.5476; train_loss2:0.4072
sample number: 5810.0
sample number: 1623.0
sample number: 1623.0
epoch:73; train_fscore:78.23%; train_loss:0.974; train_loss1:0.5554; train_loss2:0.4186
sample number: 5810.0
sample number: 1623.0
sample number: 1623.0
epoch:74; train_fscore:78.68%; train_loss:0.9991; train_loss1:0.538; train_loss2:0.4612
sample number: 5810.0
sample number: 1623.0
sample number: 1623.0
epoch:75; train_fscore:78.08%; train_loss:0.9899; train_loss1:0.5445; train_loss2:0.4455
sample number: 5810.0
sample number: 1623.0
sample number: 1623.0
epoch:76; train_fscore:77.68%; train_loss:1.0112; train_loss1:0.57; train_loss2:0.4412
sample number: 5810.0
sample number: 1623.0
sample number: 1623.0
epoch:77; train_fscore:79.02%; train_loss:0.9491; train_loss1:0.5444; train_loss2:0.4047
sample number: 5810.0
sample number: 1623.0
sample number: 1623.0
epoch:78; train_fscore:79.37%; train_loss:0.9246; train_loss1:0.5137; train_loss2:0.4109
sample number: 5810.0
sample number: 1623.0
sample number: 1623.0
epoch:79; train_fscore:78.99%; train_loss:0.9396; train_loss1:0.5374; train_loss2:0.4022
sample number: 5810.0
sample number: 1623.0
sample number: 1623.0
epoch:80; train_fscore:78.93%; train_loss:0.9167; train_loss1:0.5323; train_loss2:0.3844
sample number: 5810.0
sample number: 1623.0
sample number: 1623.0
epoch:81; train_fscore:77.67%; train_loss:1.0185; train_loss1:0.5538; train_loss2:0.4647
sample number: 5810.0
sample number: 1623.0
sample number: 1623.0
epoch:82; train_fscore:79.73%; train_loss:0.9254; train_loss1:0.5092; train_loss2:0.4162
sample number: 5810.0
sample number: 1623.0
sample number: 1623.0
epoch:83; train_fscore:80.08%; train_loss:0.9057; train_loss1:0.5053; train_loss2:0.4003
sample number: 5810.0
sample number: 1623.0
sample number: 1623.0
epoch:84; train_fscore:80.01%; train_loss:0.9552; train_loss1:0.4977; train_loss2:0.4575
sample number: 5810.0
sample number: 1623.0
sample number: 1623.0
epoch:85; train_fscore:81.63%; train_loss:0.8882; train_loss1:0.4781; train_loss2:0.4101
sample number: 5810.0
sample number: 1623.0
sample number: 1623.0
epoch:86; train_fscore:81.19%; train_loss:0.8653; train_loss1:0.4735; train_loss2:0.3918
sample number: 5810.0
sample number: 1623.0
sample number: 1623.0
epoch:87; train_fscore:82.52%; train_loss:0.8624; train_loss1:0.4504; train_loss2:0.412
sample number: 5810.0
sample number: 1623.0
sample number: 1623.0
epoch:88; train_fscore:81.97%; train_loss:0.8872; train_loss1:0.4622; train_loss2:0.425
sample number: 5810.0
sample number: 1623.0
sample number: 1623.0
epoch:89; train_fscore:82.97%; train_loss:0.8465; train_loss1:0.4273; train_loss2:0.4192
sample number: 5810.0
sample number: 1623.0
sample number: 1623.0
epoch:90; train_fscore:82.09%; train_loss:0.8883; train_loss1:0.4528; train_loss2:0.4354
sample number: 5810.0
sample number: 1623.0
sample number: 1623.0
epoch:91; train_fscore:81.90%; train_loss:0.8849; train_loss1:0.4425; train_loss2:0.4424
sample number: 5810.0
sample number: 1623.0
sample number: 1623.0
epoch:92; train_fscore:83.25%; train_loss:0.8717; train_loss1:0.4243; train_loss2:0.4474
sample number: 5810.0
sample number: 1623.0
sample number: 1623.0
epoch:93; train_fscore:83.92%; train_loss:0.8466; train_loss1:0.4089; train_loss2:0.4377
sample number: 5810.0
sample number: 1623.0
sample number: 1623.0
epoch:94; train_fscore:83.31%; train_loss:0.813; train_loss1:0.4168; train_loss2:0.3961
sample number: 5810.0
sample number: 1623.0
sample number: 1623.0
epoch:95; train_fscore:83.49%; train_loss:0.8356; train_loss1:0.4026; train_loss2:0.433
sample number: 5810.0
sample number: 1623.0
sample number: 1623.0
epoch:96; train_fscore:82.83%; train_loss:0.8955; train_loss1:0.4192; train_loss2:0.4763
sample number: 5810.0
sample number: 1623.0
sample number: 1623.0
epoch:97; train_fscore:83.23%; train_loss:0.8215; train_loss1:0.4086; train_loss2:0.4129
sample number: 5810.0
sample number: 1623.0
sample number: 1623.0
epoch:98; train_fscore:83.44%; train_loss:0.8867; train_loss1:0.4138; train_loss2:0.4729
sample number: 5810.0
sample number: 1623.0
sample number: 1623.0
epoch:99; train_fscore:83.24%; train_loss:0.8418; train_loss1:0.4257; train_loss2:0.4161
sample number: 5810.0
sample number: 1623.0
sample number: 1623.0
epoch:100; train_fscore:82.98%; train_loss:0.849; train_loss1:0.4278; train_loss2:0.4212
Step3: saving and testing on the 5 folder
>>>>> Finish: training on the 5 folder, duration: 362.810998916626 >>>>>
====== Saving =======
SMOKE_ONLY=False
save results in /data2/yb/paper/experiments/second_graph_aggregation_iemocap6_20260825_phase_b/formal/rtdr/miss_0p3/seed_68/fold_5/saved/iemocapsix_original_addition_relationtrack_diagonal_f5_s68_m0p3_1787700516.8095326.npz
