Input feature wav2vec-large-c-UTT ===> dim is 512; No. sample is 2199
Input feature roberta-large-lora-r8-mean-UTT ===> dim is 1024; No. sample is 2199
Input feature manet_UTT ===> dim is 1024; No. sample is 2199
audio dimension: 512; text dimension: 1024; video dimension: 1024
epoch=001 train_wf1=0.5163 val8_wf1=0.3441 cls=2.3037 jepa=3.2567
epoch=002 train_wf1=0.4485 val8_wf1=0.2544 cls=2.5181 jepa=2.8320
epoch=003 train_wf1=0.3048 val8_wf1=0.4187 cls=2.5581 jepa=2.6483
epoch=004 train_wf1=0.3922 val8_wf1=0.4187 cls=2.2769 jepa=2.4946
epoch=005 train_wf1=0.3922 val8_wf1=0.4187 cls=2.2476 jepa=2.4579
epoch=006 train_wf1=0.3922 val8_wf1=0.4187 cls=2.2958 jepa=2.4259
epoch=007 train_wf1=0.3922 val8_wf1=0.4187 cls=2.3487 jepa=2.4161
epoch=008 train_wf1=0.3922 val8_wf1=0.6301 cls=2.2118 jepa=2.4143
epoch=009 train_wf1=0.6799 val8_wf1=0.7789 cls=1.8730 jepa=2.4047
epoch=010 train_wf1=0.7398 val8_wf1=0.7271 cls=2.0755 jepa=2.3942
epoch=011 train_wf1=0.7402 val8_wf1=0.7425 cls=1.8643 jepa=2.4176
epoch=012 train_wf1=0.7012 val8_wf1=0.7517 cls=1.7061 jepa=2.3969
epoch=013 train_wf1=0.7504 val8_wf1=0.7617 cls=1.5477 jepa=2.3922
epoch=014 train_wf1=0.7510 val8_wf1=0.7153 cls=1.5761 jepa=2.3731
epoch=015 train_wf1=0.7409 val8_wf1=0.7650 cls=1.4388 jepa=2.3762
epoch=016 train_wf1=0.7720 val8_wf1=0.7606 cls=1.4181 jepa=2.3827
epoch=017 train_wf1=0.7787 val8_wf1=0.7685 cls=1.4017 jepa=2.3745
epoch=018 train_wf1=0.7970 val8_wf1=0.7561 cls=1.2640 jepa=2.3645
epoch=019 train_wf1=0.8130 val8_wf1=0.7759 cls=1.1582 jepa=2.3666
epoch=020 train_wf1=0.8318 val8_wf1=0.7937 cls=1.0853 jepa=2.3671
epoch=021 train_wf1=0.8550 val8_wf1=0.7855 cls=1.0289 jepa=2.3578
epoch=022 train_wf1=0.8423 val8_wf1=0.7683 cls=0.9685 jepa=2.3545
epoch=023 train_wf1=0.8539 val8_wf1=0.8108 cls=0.8827 jepa=2.3610
epoch=024 train_wf1=0.8613 val8_wf1=0.8231 cls=0.8117 jepa=2.3478
epoch=025 train_wf1=0.8645 val8_wf1=0.8157 cls=0.7885 jepa=2.3395
epoch=026 train_wf1=0.8674 val8_wf1=0.8130 cls=0.7827 jepa=2.3443
epoch=027 train_wf1=0.8652 val8_wf1=0.7944 cls=0.7833 jepa=2.3256
epoch=028 train_wf1=0.8616 val8_wf1=0.7882 cls=0.7753 jepa=2.3273
epoch=029 train_wf1=0.8620 val8_wf1=0.7915 cls=0.7306 jepa=2.3254
epoch=030 train_wf1=0.8632 val8_wf1=0.8013 cls=0.7415 jepa=2.3377
epoch=031 train_wf1=0.8541 val8_wf1=0.7735 cls=0.7743 jepa=2.3304
epoch=032 train_wf1=0.8673 val8_wf1=0.8115 cls=0.7299 jepa=2.3378
epoch=033 train_wf1=0.8765 val8_wf1=0.7914 cls=0.6946 jepa=2.3245
epoch=034 train_wf1=0.8850 val8_wf1=0.8007 cls=0.6598 jepa=2.2996
epoch=035 train_wf1=0.8764 val8_wf1=0.7981 cls=0.6674 jepa=2.3081
epoch=036 train_wf1=0.8778 val8_wf1=0.8024 cls=0.6370 jepa=2.3204
epoch=037 train_wf1=0.8776 val8_wf1=0.7686 cls=0.6461 jepa=2.3019
epoch=038 train_wf1=0.8789 val8_wf1=0.7772 cls=0.6593 jepa=2.3025
epoch=039 train_wf1=0.8815 val8_wf1=0.7917 cls=0.6128 jepa=2.3128
epoch=040 train_wf1=0.8833 val8_wf1=0.8015 cls=0.6466 jepa=2.3090
epoch=041 train_wf1=0.8888 val8_wf1=0.7993 cls=0.6316 jepa=2.2807
epoch=042 train_wf1=0.8856 val8_wf1=0.8049 cls=0.6281 jepa=2.3116
epoch=043 train_wf1=0.8916 val8_wf1=0.7991 cls=0.6061 jepa=2.3024
epoch=044 train_wf1=0.8883 val8_wf1=0.8115 cls=0.6386 jepa=2.3029
epoch=045 train_wf1=0.8929 val8_wf1=0.8028 cls=0.6166 jepa=2.3057
epoch=046 train_wf1=0.8921 val8_wf1=0.7971 cls=0.5841 jepa=2.2889
epoch=047 train_wf1=0.8875 val8_wf1=0.7902 cls=0.5912 jepa=2.2804
epoch=048 train_wf1=0.8940 val8_wf1=0.8038 cls=0.5645 jepa=2.2782
epoch=049 train_wf1=0.8944 val8_wf1=0.7939 cls=0.5668 jepa=2.2734
epoch=050 train_wf1=0.8950 val8_wf1=0.7896 cls=0.5844 jepa=2.2798
epoch=051 train_wf1=0.8955 val8_wf1=0.7738 cls=0.5360 jepa=2.2609
epoch=052 train_wf1=0.8949 val8_wf1=0.7846 cls=0.5624 jepa=2.2597
epoch=053 train_wf1=0.8883 val8_wf1=0.7836 cls=0.6080 jepa=2.2560
epoch=054 train_wf1=0.8893 val8_wf1=0.7659 cls=0.5747 jepa=2.2481
epoch=055 train_wf1=0.8993 val8_wf1=0.7695 cls=0.5639 jepa=2.2487
epoch=056 train_wf1=0.8883 val8_wf1=0.7978 cls=0.5971 jepa=2.2615
epoch=057 train_wf1=0.9021 val8_wf1=0.7773 cls=0.5214 jepa=2.2455
epoch=058 train_wf1=0.8994 val8_wf1=0.7884 cls=0.5347 jepa=2.2388
epoch=059 train_wf1=0.8990 val8_wf1=0.7803 cls=0.5127 jepa=2.2167
epoch=060 train_wf1=0.9027 val8_wf1=0.7841 cls=0.5028 jepa=2.2087
epoch=061 train_wf1=0.9061 val8_wf1=0.7744 cls=0.5003 jepa=2.2016
epoch=062 train_wf1=0.9072 val8_wf1=0.7772 cls=0.4943 jepa=2.1823
epoch=063 train_wf1=0.8991 val8_wf1=0.7827 cls=0.5008 jepa=2.1796
epoch=064 train_wf1=0.9102 val8_wf1=0.7883 cls=0.4956 jepa=2.1639
epoch=065 train_wf1=0.9070 val8_wf1=0.7912 cls=0.4843 jepa=2.1524
epoch=066 train_wf1=0.9141 val8_wf1=0.7913 cls=0.4771 jepa=2.1439
epoch=067 train_wf1=0.9138 val8_wf1=0.7779 cls=0.4758 jepa=2.1276
epoch=068 train_wf1=0.9196 val8_wf1=0.7835 cls=0.4296 jepa=2.1349
epoch=069 train_wf1=0.9195 val8_wf1=0.7827 cls=0.4395 jepa=2.0991
epoch=070 train_wf1=0.9213 val8_wf1=0.7820 cls=0.4331 jepa=2.1024
epoch=071 train_wf1=0.9179 val8_wf1=0.7647 cls=0.4242 jepa=2.0846
epoch=072 train_wf1=0.9193 val8_wf1=0.7713 cls=0.4139 jepa=2.0684
epoch=073 train_wf1=0.8964 val8_wf1=0.7766 cls=0.5426 jepa=2.0800
epoch=074 train_wf1=0.9134 val8_wf1=0.7824 cls=0.4520 jepa=2.0938
epoch=075 train_wf1=0.9080 val8_wf1=0.7620 cls=0.4960 jepa=2.0724
epoch=076 train_wf1=0.9174 val8_wf1=0.7744 cls=0.4320 jepa=2.0648
epoch=077 train_wf1=0.9140 val8_wf1=0.7665 cls=0.4743 jepa=2.0578
epoch=078 train_wf1=0.9201 val8_wf1=0.7641 cls=0.4014 jepa=2.0327
epoch=079 train_wf1=0.9294 val8_wf1=0.7702 cls=0.3941 jepa=2.0343
epoch=080 train_wf1=0.9329 val8_wf1=0.7737 cls=0.3698 jepa=2.0016
epoch=081 train_wf1=0.9312 val8_wf1=0.7732 cls=0.3725 jepa=2.0069
epoch=082 train_wf1=0.9321 val8_wf1=0.7903 cls=0.3584 jepa=1.9888
epoch=083 train_wf1=0.9339 val8_wf1=0.7738 cls=0.3450 jepa=1.9697
epoch=084 train_wf1=0.9331 val8_wf1=0.7718 cls=0.3411 jepa=1.9640
epoch=085 train_wf1=0.9318 val8_wf1=0.7825 cls=0.3546 jepa=1.9582
epoch=086 train_wf1=0.9302 val8_wf1=0.7634 cls=0.3368 jepa=1.9632
epoch=087 train_wf1=0.9356 val8_wf1=0.7796 cls=0.3288 jepa=1.9125
epoch=088 train_wf1=0.9334 val8_wf1=0.7689 cls=0.3418 jepa=1.9465
epoch=089 train_wf1=0.9309 val8_wf1=0.7666 cls=0.3337 jepa=1.9203
epoch=090 train_wf1=0.9419 val8_wf1=0.7879 cls=0.2979 jepa=1.9196
epoch=091 train_wf1=0.9408 val8_wf1=0.7713 cls=0.3084 jepa=1.8676
epoch=092 train_wf1=0.9396 val8_wf1=0.7792 cls=0.3225 jepa=1.8827
epoch=093 train_wf1=0.9340 val8_wf1=0.7781 cls=0.3192 jepa=1.8772
epoch=094 train_wf1=0.9440 val8_wf1=0.7584 cls=0.2774 jepa=1.8594
epoch=095 train_wf1=0.9393 val8_wf1=0.7706 cls=0.2871 jepa=1.8473
epoch=096 train_wf1=0.9429 val8_wf1=0.7730 cls=0.2761 jepa=1.8407
epoch=097 train_wf1=0.9397 val8_wf1=0.7746 cls=0.2792 jepa=1.8235
epoch=098 train_wf1=0.9438 val8_wf1=0.7653 cls=0.2564 jepa=1.8148
epoch=099 train_wf1=0.9487 val8_wf1=0.7639 cls=0.2656 jepa=1.8049
epoch=100 train_wf1=0.9486 val8_wf1=0.7687 cls=0.2507 jepa=1.8135
