Namespace(allow_short_run=False, audio_feature='wav2vec-large-c-UTT', base_model='LSTM', batch_size=32, branch_fusion='addition', data_root='/data2/yb/paper/GCNet_TPAMI_modality_jepa_20260818/dataset/IEMOCAP', dataset='IEMOCAPSix', dropout=0.5, epochs=100, fold_index=5, graph_conv_variant='original', hidden=200, l2=1e-05, loss_recon=True, lower_bound=False, lr=0.001, mask_bank_root='/data2/yb/paper/experiments/mpfilm_iemocap6_20260824/mask_banks', mask_seed=67, mask_type='constant-0.0', n_classes=6, n_speakers=2, no_cuda=False, num_folder=5, num_threads=6, output_dir='/data2/yb/paper/experiments/second_graph_aggregation_iemocap6_20260825/formal/genagg/miss_0p0/seed_67/fold_5/saved', post_graph_context='bilstm', pre_graph_context='bilstm', reccls_flag=False, second_graph_aggregation='genagg', seed=67, text_feature='deberta-large-4-UTT', time_attn=False, video_feature='manet_UTT', windowf=2, windowp=2)
====== Reading Data =======
audio dimension: 512; text dimension: 1024; video dimension: 1024
stage-aware mask bundle: sha256=ab7f1b1c4e31edf5027618572052a498ef0071caf76a7ba6a066c003a00d9ef9 requested=0.0000 realized=0.0000
====== Training and Evaluation =======
>>>>> Cross-validation: training on the 5 folder >>>>>
Step1: build model (each folder has its own model)
Model have 36419934 paramerters in total
Graph NN with LSTM as base model.
Step2: training (multiple epoches)
sample number: 5810.0
sample number: 1623.0
sample number: 1623.0
epoch:1; train_fscore:16.47%; train_loss:12.2525; train_loss1:1.8136; train_loss2:0.0
sample number: 5810.0
sample number: 1623.0
sample number: 1623.0
epoch:2; train_fscore:17.15%; train_loss:6.1841; train_loss1:1.753; train_loss2:0.0
sample number: 5810.0
sample number: 1623.0
sample number: 1623.0
epoch:3; train_fscore:10.43%; train_loss:3.9873; train_loss1:1.7545; train_loss2:0.0
sample number: 5810.0
sample number: 1623.0
sample number: 1623.0
epoch:4; train_fscore:14.77%; train_loss:3.0864; train_loss1:1.7368; train_loss2:0.0
sample number: 5810.0
sample number: 1623.0
sample number: 1623.0
epoch:5; train_fscore:17.72%; train_loss:2.5281; train_loss1:1.7207; train_loss2:0.0
sample number: 5810.0
sample number: 1623.0
sample number: 1623.0
epoch:6; train_fscore:15.04%; train_loss:2.2062; train_loss1:1.7271; train_loss2:0.0
sample number: 5810.0
sample number: 1623.0
sample number: 1623.0
epoch:7; train_fscore:18.72%; train_loss:2.154; train_loss1:1.7052; train_loss2:0.0
sample number: 5810.0
sample number: 1623.0
sample number: 1623.0
epoch:8; train_fscore:18.88%; train_loss:2.134; train_loss1:1.7057; train_loss2:0.0
sample number: 5810.0
sample number: 1623.0
sample number: 1623.0
epoch:9; train_fscore:18.07%; train_loss:2.0198; train_loss1:1.6931; train_loss2:0.0
sample number: 5810.0
sample number: 1623.0
sample number: 1623.0
epoch:10; train_fscore:19.30%; train_loss:1.9203; train_loss1:1.6778; train_loss2:0.0
sample number: 5810.0
sample number: 1623.0
sample number: 1623.0
epoch:11; train_fscore:23.01%; train_loss:1.8771; train_loss1:1.6697; train_loss2:0.0
sample number: 5810.0
sample number: 1623.0
sample number: 1623.0
epoch:12; train_fscore:24.80%; train_loss:1.879; train_loss1:1.6861; train_loss2:0.0
sample number: 5810.0
sample number: 1623.0
sample number: 1623.0
epoch:13; train_fscore:24.16%; train_loss:1.84; train_loss1:1.6608; train_loss2:0.0
sample number: 5810.0
sample number: 1623.0
sample number: 1623.0
epoch:14; train_fscore:20.87%; train_loss:1.8359; train_loss1:1.6722; train_loss2:0.0
sample number: 5810.0
sample number: 1623.0
sample number: 1623.0
epoch:15; train_fscore:17.49%; train_loss:1.8261; train_loss1:1.6734; train_loss2:0.0
sample number: 5810.0
sample number: 1623.0
sample number: 1623.0
epoch:16; train_fscore:21.62%; train_loss:1.7849; train_loss1:1.6423; train_loss2:0.0
sample number: 5810.0
sample number: 1623.0
sample number: 1623.0
epoch:17; train_fscore:24.10%; train_loss:1.7491; train_loss1:1.6144; train_loss2:0.0
sample number: 5810.0
sample number: 1623.0
sample number: 1623.0
epoch:18; train_fscore:27.09%; train_loss:1.7429; train_loss1:1.6161; train_loss2:0.0
sample number: 5810.0
sample number: 1623.0
sample number: 1623.0
epoch:19; train_fscore:27.00%; train_loss:1.7313; train_loss1:1.6101; train_loss2:0.0
sample number: 5810.0
sample number: 1623.0
sample number: 1623.0
epoch:20; train_fscore:27.61%; train_loss:1.7065; train_loss1:1.5905; train_loss2:0.0
sample number: 5810.0
sample number: 1623.0
sample number: 1623.0
epoch:21; train_fscore:28.40%; train_loss:1.7074; train_loss1:1.5961; train_loss2:0.0
sample number: 5810.0
sample number: 1623.0
sample number: 1623.0
epoch:22; train_fscore:29.21%; train_loss:1.6843; train_loss1:1.5754; train_loss2:0.0
sample number: 5810.0
sample number: 1623.0
sample number: 1623.0
epoch:23; train_fscore:30.38%; train_loss:1.6755; train_loss1:1.5707; train_loss2:0.0
sample number: 5810.0
sample number: 1623.0
sample number: 1623.0
epoch:24; train_fscore:34.10%; train_loss:1.6642; train_loss1:1.5633; train_loss2:0.0
sample number: 5810.0
sample number: 1623.0
sample number: 1623.0
epoch:25; train_fscore:29.52%; train_loss:1.726; train_loss1:1.6147; train_loss2:0.0
sample number: 5810.0
sample number: 1623.0
sample number: 1623.0
epoch:26; train_fscore:24.47%; train_loss:1.7899; train_loss1:1.6791; train_loss2:0.0
sample number: 5810.0
sample number: 1623.0
sample number: 1623.0
epoch:27; train_fscore:23.61%; train_loss:1.7622; train_loss1:1.6391; train_loss2:0.0
sample number: 5810.0
sample number: 1623.0
sample number: 1623.0
epoch:28; train_fscore:26.55%; train_loss:1.7769; train_loss1:1.6532; train_loss2:0.0
sample number: 5810.0
sample number: 1623.0
sample number: 1623.0
epoch:29; train_fscore:26.34%; train_loss:1.7459; train_loss1:1.6443; train_loss2:0.0
sample number: 5810.0
sample number: 1623.0
sample number: 1623.0
epoch:30; train_fscore:24.85%; train_loss:1.72; train_loss1:1.6277; train_loss2:0.0
sample number: 5810.0
sample number: 1623.0
sample number: 1623.0
epoch:31; train_fscore:27.60%; train_loss:1.6773; train_loss1:1.5957; train_loss2:0.0
sample number: 5810.0
sample number: 1623.0
sample number: 1623.0
epoch:32; train_fscore:30.16%; train_loss:1.6696; train_loss1:1.5933; train_loss2:0.0
sample number: 5810.0
sample number: 1623.0
sample number: 1623.0
epoch:33; train_fscore:29.78%; train_loss:1.6475; train_loss1:1.5747; train_loss2:0.0
sample number: 5810.0
sample number: 1623.0
sample number: 1623.0
epoch:34; train_fscore:30.32%; train_loss:1.633; train_loss1:1.565; train_loss2:0.0
sample number: 5810.0
sample number: 1623.0
sample number: 1623.0
epoch:35; train_fscore:30.55%; train_loss:1.6348; train_loss1:1.5693; train_loss2:0.0
sample number: 5810.0
sample number: 1623.0
sample number: 1623.0
epoch:36; train_fscore:32.41%; train_loss:1.6204; train_loss1:1.5576; train_loss2:0.0
sample number: 5810.0
sample number: 1623.0
sample number: 1623.0
epoch:37; train_fscore:34.02%; train_loss:1.5813; train_loss1:1.5209; train_loss2:0.0
sample number: 5810.0
sample number: 1623.0
sample number: 1623.0
epoch:38; train_fscore:33.41%; train_loss:1.5663; train_loss1:1.5086; train_loss2:0.0
sample number: 5810.0
sample number: 1623.0
sample number: 1623.0
epoch:39; train_fscore:34.83%; train_loss:1.5323; train_loss1:1.4766; train_loss2:0.0
sample number: 5810.0
sample number: 1623.0
sample number: 1623.0
epoch:40; train_fscore:35.99%; train_loss:1.5104; train_loss1:1.4569; train_loss2:0.0
sample number: 5810.0
sample number: 1623.0
sample number: 1623.0
epoch:41; train_fscore:37.80%; train_loss:1.4943; train_loss1:1.4426; train_loss2:0.0
sample number: 5810.0
sample number: 1623.0
sample number: 1623.0
epoch:42; train_fscore:38.05%; train_loss:1.5007; train_loss1:1.4508; train_loss2:0.0
sample number: 5810.0
sample number: 1623.0
sample number: 1623.0
epoch:43; train_fscore:37.31%; train_loss:1.5189; train_loss1:1.471; train_loss2:0.0
sample number: 5810.0
sample number: 1623.0
sample number: 1623.0
epoch:44; train_fscore:37.12%; train_loss:1.491; train_loss1:1.4444; train_loss2:0.0
sample number: 5810.0
sample number: 1623.0
sample number: 1623.0
epoch:45; train_fscore:39.64%; train_loss:1.4492; train_loss1:1.4044; train_loss2:0.0
sample number: 5810.0
sample number: 1623.0
sample number: 1623.0
epoch:46; train_fscore:42.16%; train_loss:1.4271; train_loss1:1.384; train_loss2:0.0
sample number: 5810.0
sample number: 1623.0
sample number: 1623.0
epoch:47; train_fscore:41.95%; train_loss:1.41; train_loss1:1.3686; train_loss2:0.0
sample number: 5810.0
sample number: 1623.0
sample number: 1623.0
epoch:48; train_fscore:43.40%; train_loss:1.4069; train_loss1:1.3661; train_loss2:0.0
sample number: 5810.0
sample number: 1623.0
sample number: 1623.0
epoch:49; train_fscore:43.07%; train_loss:1.4147; train_loss1:1.373; train_loss2:0.0
sample number: 5810.0
sample number: 1623.0
sample number: 1623.0
epoch:50; train_fscore:43.40%; train_loss:1.3749; train_loss1:1.3342; train_loss2:0.0
sample number: 5810.0
sample number: 1623.0
sample number: 1623.0
epoch:51; train_fscore:47.28%; train_loss:1.3339; train_loss1:1.2961; train_loss2:0.0
sample number: 5810.0
sample number: 1623.0
sample number: 1623.0
epoch:52; train_fscore:47.34%; train_loss:1.3188; train_loss1:1.2817; train_loss2:0.0
sample number: 5810.0
sample number: 1623.0
sample number: 1623.0
epoch:53; train_fscore:47.57%; train_loss:1.2763; train_loss1:1.242; train_loss2:0.0
sample number: 5810.0
sample number: 1623.0
sample number: 1623.0
epoch:54; train_fscore:49.55%; train_loss:1.233; train_loss1:1.1998; train_loss2:0.0
sample number: 5810.0
sample number: 1623.0
sample number: 1623.0
epoch:55; train_fscore:52.97%; train_loss:1.2269; train_loss1:1.1947; train_loss2:0.0
sample number: 5810.0
sample number: 1623.0
sample number: 1623.0
epoch:56; train_fscore:51.12%; train_loss:1.2408; train_loss1:1.2096; train_loss2:0.0
sample number: 5810.0
sample number: 1623.0
sample number: 1623.0
epoch:57; train_fscore:53.38%; train_loss:1.1814; train_loss1:1.1498; train_loss2:0.0
sample number: 5810.0
sample number: 1623.0
sample number: 1623.0
epoch:58; train_fscore:54.35%; train_loss:1.1912; train_loss1:1.1605; train_loss2:0.0
sample number: 5810.0
sample number: 1623.0
sample number: 1623.0
epoch:59; train_fscore:55.46%; train_loss:1.127; train_loss1:1.0955; train_loss2:0.0
sample number: 5810.0
sample number: 1623.0
sample number: 1623.0
epoch:60; train_fscore:56.61%; train_loss:1.1093; train_loss1:1.0783; train_loss2:0.0
sample number: 5810.0
sample number: 1623.0
sample number: 1623.0
epoch:61; train_fscore:56.77%; train_loss:1.0855; train_loss1:1.0526; train_loss2:0.0
sample number: 5810.0
sample number: 1623.0
sample number: 1623.0
epoch:62; train_fscore:57.69%; train_loss:1.0666; train_loss1:1.0389; train_loss2:0.0
sample number: 5810.0
sample number: 1623.0
sample number: 1623.0
epoch:63; train_fscore:59.92%; train_loss:1.0222; train_loss1:0.9956; train_loss2:0.0
sample number: 5810.0
sample number: 1623.0
sample number: 1623.0
epoch:64; train_fscore:57.89%; train_loss:1.0791; train_loss1:1.0536; train_loss2:0.0
sample number: 5810.0
sample number: 1623.0
sample number: 1623.0
epoch:65; train_fscore:60.43%; train_loss:1.0393; train_loss1:1.012; train_loss2:0.0
sample number: 5810.0
sample number: 1623.0
sample number: 1623.0
epoch:66; train_fscore:59.91%; train_loss:1.02; train_loss1:0.9944; train_loss2:0.0
sample number: 5810.0
sample number: 1623.0
sample number: 1623.0
epoch:67; train_fscore:62.24%; train_loss:0.9673; train_loss1:0.9412; train_loss2:0.0
sample number: 5810.0
sample number: 1623.0
sample number: 1623.0
epoch:68; train_fscore:64.04%; train_loss:0.9212; train_loss1:0.8975; train_loss2:0.0
sample number: 5810.0
sample number: 1623.0
sample number: 1623.0
epoch:69; train_fscore:63.62%; train_loss:0.9036; train_loss1:0.8785; train_loss2:0.0
sample number: 5810.0
sample number: 1623.0
sample number: 1623.0
epoch:70; train_fscore:66.51%; train_loss:0.8847; train_loss1:0.8597; train_loss2:0.0
sample number: 5810.0
sample number: 1623.0
sample number: 1623.0
epoch:71; train_fscore:65.84%; train_loss:0.8582; train_loss1:0.8316; train_loss2:0.0
sample number: 5810.0
sample number: 1623.0
sample number: 1623.0
epoch:72; train_fscore:69.08%; train_loss:0.8353; train_loss1:0.8117; train_loss2:0.0
sample number: 5810.0
sample number: 1623.0
sample number: 1623.0
epoch:73; train_fscore:68.63%; train_loss:0.8167; train_loss1:0.7929; train_loss2:0.0
sample number: 5810.0
sample number: 1623.0
sample number: 1623.0
epoch:74; train_fscore:70.71%; train_loss:0.7775; train_loss1:0.7549; train_loss2:0.0
sample number: 5810.0
sample number: 1623.0
sample number: 1623.0
epoch:75; train_fscore:71.21%; train_loss:0.7604; train_loss1:0.74; train_loss2:0.0
sample number: 5810.0
sample number: 1623.0
sample number: 1623.0
epoch:76; train_fscore:72.03%; train_loss:0.7299; train_loss1:0.7081; train_loss2:0.0
sample number: 5810.0
sample number: 1623.0
sample number: 1623.0
epoch:77; train_fscore:73.59%; train_loss:0.7021; train_loss1:0.6815; train_loss2:0.0
sample number: 5810.0
sample number: 1623.0
sample number: 1623.0
epoch:78; train_fscore:74.13%; train_loss:0.6696; train_loss1:0.6499; train_loss2:0.0
sample number: 5810.0
sample number: 1623.0
sample number: 1623.0
epoch:79; train_fscore:75.95%; train_loss:0.6318; train_loss1:0.6128; train_loss2:0.0
sample number: 5810.0
sample number: 1623.0
sample number: 1623.0
epoch:80; train_fscore:77.53%; train_loss:0.606; train_loss1:0.5878; train_loss2:0.0
sample number: 5810.0
sample number: 1623.0
sample number: 1623.0
epoch:81; train_fscore:78.16%; train_loss:0.5767; train_loss1:0.5596; train_loss2:0.0
sample number: 5810.0
sample number: 1623.0
sample number: 1623.0
epoch:82; train_fscore:79.10%; train_loss:0.5694; train_loss1:0.5533; train_loss2:0.0
sample number: 5810.0
sample number: 1623.0
sample number: 1623.0
epoch:83; train_fscore:79.33%; train_loss:0.5481; train_loss1:0.5304; train_loss2:0.0
sample number: 5810.0
sample number: 1623.0
sample number: 1623.0
epoch:84; train_fscore:80.56%; train_loss:0.5316; train_loss1:0.514; train_loss2:0.0
sample number: 5810.0
sample number: 1623.0
sample number: 1623.0
epoch:85; train_fscore:80.22%; train_loss:0.5103; train_loss1:0.4902; train_loss2:0.0
sample number: 5810.0
sample number: 1623.0
sample number: 1623.0
epoch:86; train_fscore:81.09%; train_loss:0.5184; train_loss1:0.5005; train_loss2:0.0
sample number: 5810.0
sample number: 1623.0
sample number: 1623.0
epoch:87; train_fscore:82.54%; train_loss:0.4829; train_loss1:0.4662; train_loss2:0.0
sample number: 5810.0
sample number: 1623.0
sample number: 1623.0
epoch:88; train_fscore:83.15%; train_loss:0.4652; train_loss1:0.4489; train_loss2:0.0
sample number: 5810.0
sample number: 1623.0
sample number: 1623.0
epoch:89; train_fscore:83.19%; train_loss:0.4552; train_loss1:0.4392; train_loss2:0.0
sample number: 5810.0
sample number: 1623.0
sample number: 1623.0
epoch:90; train_fscore:84.24%; train_loss:0.4269; train_loss1:0.4118; train_loss2:0.0
sample number: 5810.0
sample number: 1623.0
sample number: 1623.0
epoch:91; train_fscore:85.40%; train_loss:0.4088; train_loss1:0.3946; train_loss2:0.0
sample number: 5810.0
sample number: 1623.0
sample number: 1623.0
epoch:92; train_fscore:86.09%; train_loss:0.3796; train_loss1:0.3655; train_loss2:0.0
sample number: 5810.0
sample number: 1623.0
sample number: 1623.0
epoch:93; train_fscore:86.30%; train_loss:0.3755; train_loss1:0.3627; train_loss2:0.0
sample number: 5810.0
sample number: 1623.0
sample number: 1623.0
epoch:94; train_fscore:87.23%; train_loss:0.3465; train_loss1:0.3339; train_loss2:0.0
sample number: 5810.0
sample number: 1623.0
sample number: 1623.0
epoch:95; train_fscore:87.92%; train_loss:0.3372; train_loss1:0.3251; train_loss2:0.0
sample number: 5810.0
sample number: 1623.0
sample number: 1623.0
epoch:96; train_fscore:88.56%; train_loss:0.3143; train_loss1:0.3028; train_loss2:0.0
sample number: 5810.0
sample number: 1623.0
sample number: 1623.0
epoch:97; train_fscore:89.40%; train_loss:0.2967; train_loss1:0.2856; train_loss2:0.0
sample number: 5810.0
sample number: 1623.0
sample number: 1623.0
epoch:98; train_fscore:89.19%; train_loss:0.297; train_loss1:0.2864; train_loss2:0.0
sample number: 5810.0
sample number: 1623.0
sample number: 1623.0
epoch:99; train_fscore:89.35%; train_loss:0.2903; train_loss1:0.2794; train_loss2:0.0
sample number: 5810.0
sample number: 1623.0
sample number: 1623.0
epoch:100; train_fscore:89.50%; train_loss:0.2851; train_loss1:0.2743; train_loss2:0.0
Step3: saving and testing on the 5 folder
>>>>> Finish: training on the 5 folder, duration: 818.3141705989838 >>>>>
====== Saving =======
SMOKE_ONLY=False
save results in /data2/yb/paper/experiments/second_graph_aggregation_iemocap6_20260825/formal/genagg/miss_0p0/seed_67/fold_5/saved/iemocapsix_original_addition_secondagg_genagg_f5_s67_m0p0_1787675600.650576.npz
