Namespace(allow_short_run=False, audio_feature='wav2vec-large-c-UTT', base_model='LSTM', batch_size=32, branch_fusion='addition', data_root='/data2/yb/paper/GCNet_TPAMI_modality_jepa_20260818/dataset/IEMOCAP', dataset='IEMOCAPSix', dropout=0.5, epochs=100, fold_index=5, graph_conv_variant='original', hidden=200, l2=1e-05, loss_recon=True, lower_bound=False, lr=0.001, mask_bank_root='/data2/yb/paper/experiments/mpfilm_iemocap6_20260824/mask_banks', mask_seed=69, mask_type='constant-0.7', n_classes=6, n_speakers=2, no_cuda=False, num_folder=5, num_threads=6, output_dir='/data2/yb/paper/experiments/second_graph_aggregation_iemocap6_20260825/formal/soft_medoid/miss_0p7/seed_69/fold_5/saved', post_graph_context='bilstm', pre_graph_context='bilstm', reccls_flag=False, second_graph_aggregation='soft_medoid', seed=69, text_feature='deberta-large-4-UTT', time_attn=False, video_feature='manet_UTT', windowf=2, windowp=2)
====== Reading Data =======
audio dimension: 512; text dimension: 1024; video dimension: 1024
stage-aware mask bundle: sha256=05fb91a2fcf0587e487218d55b6cb6b8f8c9b86e4ab662c5431f290d9f19da12 requested=0.7000 realized=0.6667
====== Training and Evaluation =======
>>>>> Cross-validation: training on the 5 folder >>>>>
Step1: build model (each folder has its own model)
Model have 36419816 paramerters in total
Graph NN with LSTM as base model.
Step2: training (multiple epoches)
sample number: 5810.0
sample number: 1623.0
sample number: 1623.0
epoch:1; train_fscore:17.24%; train_loss:5.52; train_loss1:1.8845; train_loss2:3.6355
sample number: 5810.0
sample number: 1623.0
sample number: 1623.0
epoch:2; train_fscore:15.08%; train_loss:4.9993; train_loss1:1.7829; train_loss2:3.2165
sample number: 5810.0
sample number: 1623.0
sample number: 1623.0
epoch:3; train_fscore:18.38%; train_loss:4.5402; train_loss1:1.7511; train_loss2:2.7891
sample number: 5810.0
sample number: 1623.0
sample number: 1623.0
epoch:4; train_fscore:21.18%; train_loss:3.986; train_loss1:1.6453; train_loss2:2.3408
sample number: 5810.0
sample number: 1623.0
sample number: 1623.0
epoch:5; train_fscore:27.22%; train_loss:3.6493; train_loss1:1.5872; train_loss2:2.0621
sample number: 5810.0
sample number: 1623.0
sample number: 1623.0
epoch:6; train_fscore:27.42%; train_loss:3.2445; train_loss1:1.536; train_loss2:1.7085
sample number: 5810.0
sample number: 1623.0
sample number: 1623.0
epoch:7; train_fscore:28.05%; train_loss:2.7728; train_loss1:1.535; train_loss2:1.2378
sample number: 5810.0
sample number: 1623.0
sample number: 1623.0
epoch:8; train_fscore:25.29%; train_loss:2.567; train_loss1:1.4989; train_loss2:1.0681
sample number: 5810.0
sample number: 1623.0
sample number: 1623.0
epoch:9; train_fscore:31.10%; train_loss:2.5105; train_loss1:1.4654; train_loss2:1.045
sample number: 5810.0
sample number: 1623.0
sample number: 1623.0
epoch:10; train_fscore:31.31%; train_loss:2.5578; train_loss1:1.4985; train_loss2:1.0593
sample number: 5810.0
sample number: 1623.0
sample number: 1623.0
epoch:11; train_fscore:32.47%; train_loss:2.3508; train_loss1:1.3652; train_loss2:0.9856
sample number: 5810.0
sample number: 1623.0
sample number: 1623.0
epoch:12; train_fscore:36.67%; train_loss:2.2517; train_loss1:1.2967; train_loss2:0.955
sample number: 5810.0
sample number: 1623.0
sample number: 1623.0
epoch:13; train_fscore:37.97%; train_loss:2.266; train_loss1:1.2932; train_loss2:0.9728
sample number: 5810.0
sample number: 1623.0
sample number: 1623.0
epoch:14; train_fscore:40.70%; train_loss:2.1445; train_loss1:1.2425; train_loss2:0.9019
sample number: 5810.0
sample number: 1623.0
sample number: 1623.0
epoch:15; train_fscore:40.27%; train_loss:2.2362; train_loss1:1.2217; train_loss2:1.0145
sample number: 5810.0
sample number: 1623.0
sample number: 1623.0
epoch:16; train_fscore:45.18%; train_loss:2.1127; train_loss1:1.1826; train_loss2:0.9301
sample number: 5810.0
sample number: 1623.0
sample number: 1623.0
epoch:17; train_fscore:46.04%; train_loss:2.1436; train_loss1:1.1642; train_loss2:0.9794
sample number: 5810.0
sample number: 1623.0
sample number: 1623.0
epoch:18; train_fscore:43.94%; train_loss:2.1754; train_loss1:1.2324; train_loss2:0.9431
sample number: 5810.0
sample number: 1623.0
sample number: 1623.0
epoch:19; train_fscore:43.19%; train_loss:2.1584; train_loss1:1.2186; train_loss2:0.9398
sample number: 5810.0
sample number: 1623.0
sample number: 1623.0
epoch:20; train_fscore:41.92%; train_loss:2.2617; train_loss1:1.2661; train_loss2:0.9956
sample number: 5810.0
sample number: 1623.0
sample number: 1623.0
epoch:21; train_fscore:41.77%; train_loss:2.139; train_loss1:1.189; train_loss2:0.95
sample number: 5810.0
sample number: 1623.0
sample number: 1623.0
epoch:22; train_fscore:42.11%; train_loss:2.1547; train_loss1:1.1721; train_loss2:0.9826
sample number: 5810.0
sample number: 1623.0
sample number: 1623.0
epoch:23; train_fscore:43.68%; train_loss:2.0868; train_loss1:1.17; train_loss2:0.9168
sample number: 5810.0
sample number: 1623.0
sample number: 1623.0
epoch:24; train_fscore:47.48%; train_loss:2.0603; train_loss1:1.1274; train_loss2:0.9329
sample number: 5810.0
sample number: 1623.0
sample number: 1623.0
epoch:25; train_fscore:47.89%; train_loss:2.0331; train_loss1:1.126; train_loss2:0.9071
sample number: 5810.0
sample number: 1623.0
sample number: 1623.0
epoch:26; train_fscore:49.12%; train_loss:2.0678; train_loss1:1.1217; train_loss2:0.946
sample number: 5810.0
sample number: 1623.0
sample number: 1623.0
epoch:27; train_fscore:51.12%; train_loss:2.0572; train_loss1:1.0771; train_loss2:0.9801
sample number: 5810.0
sample number: 1623.0
sample number: 1623.0
epoch:28; train_fscore:49.96%; train_loss:2.0725; train_loss1:1.0867; train_loss2:0.9858
sample number: 5810.0
sample number: 1623.0
sample number: 1623.0
epoch:29; train_fscore:50.98%; train_loss:1.9924; train_loss1:1.0783; train_loss2:0.9141
sample number: 5810.0
sample number: 1623.0
sample number: 1623.0
epoch:30; train_fscore:51.19%; train_loss:2.0064; train_loss1:1.0862; train_loss2:0.9202
sample number: 5810.0
sample number: 1623.0
sample number: 1623.0
epoch:31; train_fscore:50.04%; train_loss:2.0255; train_loss1:1.0681; train_loss2:0.9574
sample number: 5810.0
sample number: 1623.0
sample number: 1623.0
epoch:32; train_fscore:50.83%; train_loss:2.1173; train_loss1:1.1518; train_loss2:0.9655
sample number: 5810.0
sample number: 1623.0
sample number: 1623.0
epoch:33; train_fscore:48.58%; train_loss:1.9896; train_loss1:1.0951; train_loss2:0.8945
sample number: 5810.0
sample number: 1623.0
sample number: 1623.0
epoch:34; train_fscore:48.85%; train_loss:2.0288; train_loss1:1.1278; train_loss2:0.901
sample number: 5810.0
sample number: 1623.0
sample number: 1623.0
epoch:35; train_fscore:49.72%; train_loss:1.9781; train_loss1:1.0633; train_loss2:0.9148
sample number: 5810.0
sample number: 1623.0
sample number: 1623.0
epoch:36; train_fscore:52.20%; train_loss:1.9967; train_loss1:1.0581; train_loss2:0.9386
sample number: 5810.0
sample number: 1623.0
sample number: 1623.0
epoch:37; train_fscore:52.83%; train_loss:1.9617; train_loss1:1.0452; train_loss2:0.9165
sample number: 5810.0
sample number: 1623.0
sample number: 1623.0
epoch:38; train_fscore:56.39%; train_loss:1.9639; train_loss1:1.0313; train_loss2:0.9325
sample number: 5810.0
sample number: 1623.0
sample number: 1623.0
epoch:39; train_fscore:53.90%; train_loss:2.0113; train_loss1:1.0498; train_loss2:0.9615
sample number: 5810.0
sample number: 1623.0
sample number: 1623.0
epoch:40; train_fscore:56.07%; train_loss:1.9385; train_loss1:1.0092; train_loss2:0.9293
sample number: 5810.0
sample number: 1623.0
sample number: 1623.0
epoch:41; train_fscore:55.86%; train_loss:1.975; train_loss1:1.0034; train_loss2:0.9715
sample number: 5810.0
sample number: 1623.0
sample number: 1623.0
epoch:42; train_fscore:56.29%; train_loss:1.937; train_loss1:1.0403; train_loss2:0.8967
sample number: 5810.0
sample number: 1623.0
sample number: 1623.0
epoch:43; train_fscore:57.82%; train_loss:1.9805; train_loss1:0.9903; train_loss2:0.9903
sample number: 5810.0
sample number: 1623.0
sample number: 1623.0
epoch:44; train_fscore:58.13%; train_loss:1.8478; train_loss1:0.9813; train_loss2:0.8666
sample number: 5810.0
sample number: 1623.0
sample number: 1623.0
epoch:45; train_fscore:58.01%; train_loss:1.9467; train_loss1:0.9642; train_loss2:0.9825
sample number: 5810.0
sample number: 1623.0
sample number: 1623.0
epoch:46; train_fscore:59.43%; train_loss:1.9305; train_loss1:0.9476; train_loss2:0.9829
sample number: 5810.0
sample number: 1623.0
sample number: 1623.0
epoch:47; train_fscore:58.49%; train_loss:1.8437; train_loss1:0.9553; train_loss2:0.8884
sample number: 5810.0
sample number: 1623.0
sample number: 1623.0
epoch:48; train_fscore:60.26%; train_loss:1.8098; train_loss1:0.9304; train_loss2:0.8794
sample number: 5810.0
sample number: 1623.0
sample number: 1623.0
epoch:49; train_fscore:57.92%; train_loss:1.8478; train_loss1:0.9696; train_loss2:0.8782
sample number: 5810.0
sample number: 1623.0
sample number: 1623.0
epoch:50; train_fscore:58.04%; train_loss:1.8744; train_loss1:0.9608; train_loss2:0.9136
sample number: 5810.0
sample number: 1623.0
sample number: 1623.0
epoch:51; train_fscore:61.64%; train_loss:1.8965; train_loss1:0.9138; train_loss2:0.9828
sample number: 5810.0
sample number: 1623.0
sample number: 1623.0
epoch:52; train_fscore:60.75%; train_loss:1.811; train_loss1:0.9314; train_loss2:0.8795
sample number: 5810.0
sample number: 1623.0
sample number: 1623.0
epoch:53; train_fscore:59.73%; train_loss:1.8599; train_loss1:0.9324; train_loss2:0.9275
sample number: 5810.0
sample number: 1623.0
sample number: 1623.0
epoch:54; train_fscore:61.50%; train_loss:1.8041; train_loss1:0.8984; train_loss2:0.9057
sample number: 5810.0
sample number: 1623.0
sample number: 1623.0
epoch:55; train_fscore:62.51%; train_loss:1.8552; train_loss1:0.8933; train_loss2:0.9619
sample number: 5810.0
sample number: 1623.0
sample number: 1623.0
epoch:56; train_fscore:62.84%; train_loss:1.8779; train_loss1:0.8765; train_loss2:1.0014
sample number: 5810.0
sample number: 1623.0
sample number: 1623.0
epoch:57; train_fscore:61.78%; train_loss:1.8415; train_loss1:0.8885; train_loss2:0.953
sample number: 5810.0
sample number: 1623.0
sample number: 1623.0
epoch:58; train_fscore:64.76%; train_loss:1.7936; train_loss1:0.8724; train_loss2:0.9212
sample number: 5810.0
sample number: 1623.0
sample number: 1623.0
epoch:59; train_fscore:64.26%; train_loss:1.7841; train_loss1:0.8572; train_loss2:0.9269
sample number: 5810.0
sample number: 1623.0
sample number: 1623.0
epoch:60; train_fscore:64.36%; train_loss:1.7701; train_loss1:0.8626; train_loss2:0.9076
sample number: 5810.0
sample number: 1623.0
sample number: 1623.0
epoch:61; train_fscore:65.27%; train_loss:1.7204; train_loss1:0.841; train_loss2:0.8794
sample number: 5810.0
sample number: 1623.0
sample number: 1623.0
epoch:62; train_fscore:64.56%; train_loss:1.7777; train_loss1:0.8431; train_loss2:0.9345
sample number: 5810.0
sample number: 1623.0
sample number: 1623.0
epoch:63; train_fscore:64.30%; train_loss:1.806; train_loss1:0.8423; train_loss2:0.9637
sample number: 5810.0
sample number: 1623.0
sample number: 1623.0
epoch:64; train_fscore:65.77%; train_loss:1.7386; train_loss1:0.8284; train_loss2:0.9102
sample number: 5810.0
sample number: 1623.0
sample number: 1623.0
epoch:65; train_fscore:65.88%; train_loss:1.7168; train_loss1:0.8143; train_loss2:0.9025
sample number: 5810.0
sample number: 1623.0
sample number: 1623.0
epoch:66; train_fscore:66.46%; train_loss:1.6668; train_loss1:0.7995; train_loss2:0.8673
sample number: 5810.0
sample number: 1623.0
sample number: 1623.0
epoch:67; train_fscore:65.88%; train_loss:1.7333; train_loss1:0.8197; train_loss2:0.9135
sample number: 5810.0
sample number: 1623.0
sample number: 1623.0
epoch:68; train_fscore:67.09%; train_loss:1.7835; train_loss1:0.7967; train_loss2:0.9868
sample number: 5810.0
sample number: 1623.0
sample number: 1623.0
epoch:69; train_fscore:66.02%; train_loss:1.741; train_loss1:0.8003; train_loss2:0.9408
sample number: 5810.0
sample number: 1623.0
sample number: 1623.0
epoch:70; train_fscore:66.37%; train_loss:1.6668; train_loss1:0.7879; train_loss2:0.8789
sample number: 5810.0
sample number: 1623.0
sample number: 1623.0
epoch:71; train_fscore:65.59%; train_loss:1.6671; train_loss1:0.8091; train_loss2:0.858
sample number: 5810.0
sample number: 1623.0
sample number: 1623.0
epoch:72; train_fscore:65.14%; train_loss:1.7645; train_loss1:0.8429; train_loss2:0.9216
sample number: 5810.0
sample number: 1623.0
sample number: 1623.0
epoch:73; train_fscore:66.43%; train_loss:1.7115; train_loss1:0.7987; train_loss2:0.9128
sample number: 5810.0
sample number: 1623.0
sample number: 1623.0
epoch:74; train_fscore:67.28%; train_loss:1.6868; train_loss1:0.7979; train_loss2:0.8889
sample number: 5810.0
sample number: 1623.0
sample number: 1623.0
epoch:75; train_fscore:65.98%; train_loss:1.8059; train_loss1:0.8142; train_loss2:0.9917
sample number: 5810.0
sample number: 1623.0
sample number: 1623.0
epoch:76; train_fscore:67.11%; train_loss:1.814; train_loss1:0.7913; train_loss2:1.0227
sample number: 5810.0
sample number: 1623.0
sample number: 1623.0
epoch:77; train_fscore:69.92%; train_loss:1.64; train_loss1:0.7556; train_loss2:0.8844
sample number: 5810.0
sample number: 1623.0
sample number: 1623.0
epoch:78; train_fscore:68.79%; train_loss:1.6871; train_loss1:0.7513; train_loss2:0.9358
sample number: 5810.0
sample number: 1623.0
sample number: 1623.0
epoch:79; train_fscore:68.45%; train_loss:1.6827; train_loss1:0.7456; train_loss2:0.9371
sample number: 5810.0
sample number: 1623.0
sample number: 1623.0
epoch:80; train_fscore:71.17%; train_loss:1.5756; train_loss1:0.7083; train_loss2:0.8673
sample number: 5810.0
sample number: 1623.0
sample number: 1623.0
epoch:81; train_fscore:71.19%; train_loss:1.6155; train_loss1:0.7195; train_loss2:0.896
sample number: 5810.0
sample number: 1623.0
sample number: 1623.0
epoch:82; train_fscore:70.83%; train_loss:1.6232; train_loss1:0.7164; train_loss2:0.9069
sample number: 5810.0
sample number: 1623.0
sample number: 1623.0
epoch:83; train_fscore:70.52%; train_loss:1.6538; train_loss1:0.7066; train_loss2:0.9472
sample number: 5810.0
sample number: 1623.0
sample number: 1623.0
epoch:84; train_fscore:71.08%; train_loss:1.6895; train_loss1:0.7168; train_loss2:0.9728
sample number: 5810.0
sample number: 1623.0
sample number: 1623.0
epoch:85; train_fscore:69.32%; train_loss:1.6465; train_loss1:0.729; train_loss2:0.9175
sample number: 5810.0
sample number: 1623.0
sample number: 1623.0
epoch:86; train_fscore:69.31%; train_loss:1.6423; train_loss1:0.7417; train_loss2:0.9006
sample number: 5810.0
sample number: 1623.0
sample number: 1623.0
epoch:87; train_fscore:70.79%; train_loss:1.6671; train_loss1:0.735; train_loss2:0.9321
sample number: 5810.0
sample number: 1623.0
sample number: 1623.0
epoch:88; train_fscore:69.64%; train_loss:1.643; train_loss1:0.7398; train_loss2:0.9032
sample number: 5810.0
sample number: 1623.0
sample number: 1623.0
epoch:89; train_fscore:69.71%; train_loss:1.718; train_loss1:0.7585; train_loss2:0.9595
sample number: 5810.0
sample number: 1623.0
sample number: 1623.0
epoch:90; train_fscore:70.49%; train_loss:1.609; train_loss1:0.7247; train_loss2:0.8843
sample number: 5810.0
sample number: 1623.0
sample number: 1623.0
epoch:91; train_fscore:70.34%; train_loss:1.7223; train_loss1:0.7485; train_loss2:0.9737
sample number: 5810.0
sample number: 1623.0
sample number: 1623.0
epoch:92; train_fscore:71.40%; train_loss:1.6652; train_loss1:0.7067; train_loss2:0.9585
sample number: 5810.0
sample number: 1623.0
sample number: 1623.0
epoch:93; train_fscore:71.10%; train_loss:1.6517; train_loss1:0.7307; train_loss2:0.9211
sample number: 5810.0
sample number: 1623.0
sample number: 1623.0
epoch:94; train_fscore:70.10%; train_loss:1.65; train_loss1:0.7266; train_loss2:0.9234
sample number: 5810.0
sample number: 1623.0
sample number: 1623.0
epoch:95; train_fscore:74.20%; train_loss:1.5965; train_loss1:0.6599; train_loss2:0.9366
sample number: 5810.0
sample number: 1623.0
sample number: 1623.0
epoch:96; train_fscore:73.82%; train_loss:1.6121; train_loss1:0.6424; train_loss2:0.9698
sample number: 5810.0
sample number: 1623.0
sample number: 1623.0
epoch:97; train_fscore:76.40%; train_loss:1.4999; train_loss1:0.6067; train_loss2:0.8933
sample number: 5810.0
sample number: 1623.0
sample number: 1623.0
epoch:98; train_fscore:75.49%; train_loss:1.523; train_loss1:0.601; train_loss2:0.922
sample number: 5810.0
sample number: 1623.0
sample number: 1623.0
epoch:99; train_fscore:74.95%; train_loss:1.5419; train_loss1:0.6036; train_loss2:0.9383
sample number: 5810.0
sample number: 1623.0
sample number: 1623.0
epoch:100; train_fscore:76.46%; train_loss:1.5884; train_loss1:0.5748; train_loss2:1.0136
Step3: saving and testing on the 5 folder
>>>>> Finish: training on the 5 folder, duration: 437.8031258583069 >>>>>
====== Saving =======
SMOKE_ONLY=False
save results in /data2/yb/paper/experiments/second_graph_aggregation_iemocap6_20260825/formal/soft_medoid/miss_0p7/seed_69/fold_5/saved/iemocapsix_original_addition_secondagg_soft_medoid_f5_s69_m0p7_1787707124.7916691.npz
