Namespace(allow_short_run=False, audio_feature='wav2vec-large-c-UTT', base_model='LSTM', batch_size=32, branch_fusion='addition', data_root='/data2/yb/paper/GCNet_TPAMI_modality_jepa_20260818/dataset/IEMOCAP', dataset='IEMOCAPSix', dropout=0.5, epochs=100, fold_index=5, graph_conv_variant='original', hidden=200, l2=1e-05, loss_recon=True, lower_bound=False, lr=0.001, mask_bank_root='/data2/yb/paper/experiments/mpfilm_iemocap6_20260824/mask_banks', mask_seed=66, mask_type='constant-0.7', n_classes=6, n_speakers=2, no_cuda=False, num_folder=5, num_threads=6, output_dir='/data2/yb/paper/experiments/second_graph_aggregation_iemocap6_20260825_phase_b/formal/ssma/miss_0p7/seed_66/fold_5/saved', post_graph_context='bilstm', pre_graph_context='bilstm', reccls_flag=False, relation_track_routing='early', second_graph_aggregation='ssma', seed=66, text_feature='deberta-large-4-UTT', time_attn=False, video_feature='manet_UTT', windowf=2, windowp=2)
====== Reading Data =======
audio dimension: 512; text dimension: 1024; video dimension: 1024
stage-aware mask bundle: sha256=0c8d4f876b36101ae981c332b0ea9efd62e7a8868b677b3f04e413cbdbeb22e4 requested=0.7000 realized=0.6667
====== Training and Evaluation =======
>>>>> Cross-validation: training on the 5 folder >>>>>
Step1: build model (each folder has its own model)
Model have 37015216 paramerters in total
Graph NN with LSTM as base model.
Step2: training (multiple epoches)
[W Copy.cpp:219] Warning: Casting complex values to real discards the imaginary part (function operator())
sample number: 5810.0
sample number: 1623.0
sample number: 1623.0
epoch:1; train_fscore:11.45%; train_loss:5.5678; train_loss1:1.7856; train_loss2:3.7821
sample number: 5810.0
sample number: 1623.0
sample number: 1623.0
epoch:2; train_fscore:15.32%; train_loss:4.7441; train_loss1:1.8906; train_loss2:2.8535
sample number: 5810.0
sample number: 1623.0
sample number: 1623.0
epoch:3; train_fscore:14.82%; train_loss:4.0974; train_loss1:1.7583; train_loss2:2.3391
sample number: 5810.0
sample number: 1623.0
sample number: 1623.0
epoch:4; train_fscore:13.01%; train_loss:3.9207; train_loss1:1.7803; train_loss2:2.1404
sample number: 5810.0
sample number: 1623.0
sample number: 1623.0
epoch:5; train_fscore:14.14%; train_loss:3.6921; train_loss1:1.7673; train_loss2:1.9249
sample number: 5810.0
sample number: 1623.0
sample number: 1623.0
epoch:6; train_fscore:15.15%; train_loss:3.0706; train_loss1:1.7725; train_loss2:1.2981
sample number: 5810.0
sample number: 1623.0
sample number: 1623.0
epoch:7; train_fscore:14.07%; train_loss:3.0128; train_loss1:1.7581; train_loss2:1.2548
sample number: 5810.0
sample number: 1623.0
sample number: 1623.0
epoch:8; train_fscore:17.07%; train_loss:2.9193; train_loss1:1.7937; train_loss2:1.1256
sample number: 5810.0
sample number: 1623.0
sample number: 1623.0
epoch:9; train_fscore:14.61%; train_loss:2.8592; train_loss1:1.781; train_loss2:1.0783
sample number: 5810.0
sample number: 1623.0
sample number: 1623.0
epoch:10; train_fscore:15.64%; train_loss:2.818; train_loss1:1.7965; train_loss2:1.0215
sample number: 5810.0
sample number: 1623.0
sample number: 1623.0
epoch:11; train_fscore:18.32%; train_loss:2.7561; train_loss1:1.7197; train_loss2:1.0364
sample number: 5810.0
sample number: 1623.0
sample number: 1623.0
epoch:12; train_fscore:20.80%; train_loss:2.6484; train_loss1:1.6911; train_loss2:0.9573
sample number: 5810.0
sample number: 1623.0
sample number: 1623.0
epoch:13; train_fscore:20.54%; train_loss:2.6766; train_loss1:1.6692; train_loss2:1.0074
sample number: 5810.0
sample number: 1623.0
sample number: 1623.0
epoch:14; train_fscore:20.92%; train_loss:2.5804; train_loss1:1.6134; train_loss2:0.967
sample number: 5810.0
sample number: 1623.0
sample number: 1623.0
epoch:15; train_fscore:22.94%; train_loss:2.5711; train_loss1:1.6343; train_loss2:0.9367
sample number: 5810.0
sample number: 1623.0
sample number: 1623.0
epoch:16; train_fscore:21.32%; train_loss:2.635; train_loss1:1.6379; train_loss2:0.9971
sample number: 5810.0
sample number: 1623.0
sample number: 1623.0
epoch:17; train_fscore:23.33%; train_loss:2.605; train_loss1:1.5666; train_loss2:1.0384
sample number: 5810.0
sample number: 1623.0
sample number: 1623.0
epoch:18; train_fscore:25.58%; train_loss:2.5177; train_loss1:1.5327; train_loss2:0.9849
sample number: 5810.0
sample number: 1623.0
sample number: 1623.0
epoch:19; train_fscore:29.46%; train_loss:2.4487; train_loss1:1.4699; train_loss2:0.9788
sample number: 5810.0
sample number: 1623.0
sample number: 1623.0
epoch:20; train_fscore:27.92%; train_loss:2.4158; train_loss1:1.4572; train_loss2:0.9586
sample number: 5810.0
sample number: 1623.0
sample number: 1623.0
epoch:21; train_fscore:30.46%; train_loss:2.3051; train_loss1:1.406; train_loss2:0.8992
sample number: 5810.0
sample number: 1623.0
sample number: 1623.0
epoch:22; train_fscore:33.70%; train_loss:2.4076; train_loss1:1.3801; train_loss2:1.0275
sample number: 5810.0
sample number: 1623.0
sample number: 1623.0
epoch:23; train_fscore:29.31%; train_loss:2.357; train_loss1:1.3686; train_loss2:0.9884
sample number: 5810.0
sample number: 1623.0
sample number: 1623.0
epoch:24; train_fscore:31.06%; train_loss:2.3051; train_loss1:1.3337; train_loss2:0.9714
sample number: 5810.0
sample number: 1623.0
sample number: 1623.0
epoch:25; train_fscore:33.53%; train_loss:2.4463; train_loss1:1.4463; train_loss2:1.0
sample number: 5810.0
sample number: 1623.0
sample number: 1623.0
epoch:26; train_fscore:31.43%; train_loss:2.3609; train_loss1:1.4033; train_loss2:0.9575
sample number: 5810.0
sample number: 1623.0
sample number: 1623.0
epoch:27; train_fscore:40.66%; train_loss:2.2369; train_loss1:1.3195; train_loss2:0.9174
sample number: 5810.0
sample number: 1623.0
sample number: 1623.0
epoch:28; train_fscore:35.01%; train_loss:2.2659; train_loss1:1.3217; train_loss2:0.9442
sample number: 5810.0
sample number: 1623.0
sample number: 1623.0
epoch:29; train_fscore:37.23%; train_loss:2.2625; train_loss1:1.296; train_loss2:0.9665
sample number: 5810.0
sample number: 1623.0
sample number: 1623.0
epoch:30; train_fscore:35.22%; train_loss:2.1296; train_loss1:1.2714; train_loss2:0.8582
sample number: 5810.0
sample number: 1623.0
sample number: 1623.0
epoch:31; train_fscore:40.60%; train_loss:2.1752; train_loss1:1.2484; train_loss2:0.9268
sample number: 5810.0
sample number: 1623.0
sample number: 1623.0
epoch:32; train_fscore:37.82%; train_loss:2.2237; train_loss1:1.219; train_loss2:1.0046
sample number: 5810.0
sample number: 1623.0
sample number: 1623.0
epoch:33; train_fscore:41.81%; train_loss:2.1542; train_loss1:1.2052; train_loss2:0.949
sample number: 5810.0
sample number: 1623.0
sample number: 1623.0
epoch:34; train_fscore:37.98%; train_loss:2.1552; train_loss1:1.2184; train_loss2:0.9368
sample number: 5810.0
sample number: 1623.0
sample number: 1623.0
epoch:35; train_fscore:46.89%; train_loss:2.2437; train_loss1:1.1697; train_loss2:1.074
sample number: 5810.0
sample number: 1623.0
sample number: 1623.0
epoch:36; train_fscore:38.06%; train_loss:2.1545; train_loss1:1.1966; train_loss2:0.9578
sample number: 5810.0
sample number: 1623.0
sample number: 1623.0
epoch:37; train_fscore:41.14%; train_loss:2.1447; train_loss1:1.178; train_loss2:0.9667
sample number: 5810.0
sample number: 1623.0
sample number: 1623.0
epoch:38; train_fscore:40.77%; train_loss:2.0811; train_loss1:1.1504; train_loss2:0.9307
sample number: 5810.0
sample number: 1623.0
sample number: 1623.0
epoch:39; train_fscore:47.89%; train_loss:1.9437; train_loss1:1.1181; train_loss2:0.8256
sample number: 5810.0
sample number: 1623.0
sample number: 1623.0
epoch:40; train_fscore:47.64%; train_loss:2.0166; train_loss1:1.1092; train_loss2:0.9074
sample number: 5810.0
sample number: 1623.0
sample number: 1623.0
epoch:41; train_fscore:50.35%; train_loss:2.1539; train_loss1:1.12; train_loss2:1.0339
sample number: 5810.0
sample number: 1623.0
sample number: 1623.0
epoch:42; train_fscore:49.16%; train_loss:2.0146; train_loss1:1.116; train_loss2:0.8987
sample number: 5810.0
sample number: 1623.0
sample number: 1623.0
epoch:43; train_fscore:47.88%; train_loss:2.086; train_loss1:1.0966; train_loss2:0.9894
sample number: 5810.0
sample number: 1623.0
sample number: 1623.0
epoch:44; train_fscore:48.26%; train_loss:2.0296; train_loss1:1.0961; train_loss2:0.9335
sample number: 5810.0
sample number: 1623.0
sample number: 1623.0
epoch:45; train_fscore:52.95%; train_loss:2.0255; train_loss1:1.0791; train_loss2:0.9464
sample number: 5810.0
sample number: 1623.0
sample number: 1623.0
epoch:46; train_fscore:50.15%; train_loss:2.0103; train_loss1:1.0758; train_loss2:0.9346
sample number: 5810.0
sample number: 1623.0
sample number: 1623.0
epoch:47; train_fscore:53.34%; train_loss:1.9633; train_loss1:1.0289; train_loss2:0.9344
sample number: 5810.0
sample number: 1623.0
sample number: 1623.0
epoch:48; train_fscore:54.33%; train_loss:1.982; train_loss1:1.0432; train_loss2:0.9388
sample number: 5810.0
sample number: 1623.0
sample number: 1623.0
epoch:49; train_fscore:54.39%; train_loss:1.9499; train_loss1:1.0121; train_loss2:0.9378
sample number: 5810.0
sample number: 1623.0
sample number: 1623.0
epoch:50; train_fscore:54.85%; train_loss:2.0372; train_loss1:1.0126; train_loss2:1.0245
sample number: 5810.0
sample number: 1623.0
sample number: 1623.0
epoch:51; train_fscore:54.64%; train_loss:1.9441; train_loss1:0.9933; train_loss2:0.9508
sample number: 5810.0
sample number: 1623.0
sample number: 1623.0
epoch:52; train_fscore:57.06%; train_loss:1.9202; train_loss1:0.9682; train_loss2:0.952
sample number: 5810.0
sample number: 1623.0
sample number: 1623.0
epoch:53; train_fscore:56.52%; train_loss:1.9648; train_loss1:0.9706; train_loss2:0.9942
sample number: 5810.0
sample number: 1623.0
sample number: 1623.0
epoch:54; train_fscore:58.35%; train_loss:1.8648; train_loss1:0.9498; train_loss2:0.915
sample number: 5810.0
sample number: 1623.0
sample number: 1623.0
epoch:55; train_fscore:57.26%; train_loss:1.8486; train_loss1:0.9502; train_loss2:0.8983
sample number: 5810.0
sample number: 1623.0
sample number: 1623.0
epoch:56; train_fscore:58.24%; train_loss:1.8444; train_loss1:0.9335; train_loss2:0.911
sample number: 5810.0
sample number: 1623.0
sample number: 1623.0
epoch:57; train_fscore:58.69%; train_loss:1.854; train_loss1:0.9324; train_loss2:0.9216
sample number: 5810.0
sample number: 1623.0
sample number: 1623.0
epoch:58; train_fscore:57.93%; train_loss:1.8703; train_loss1:0.9578; train_loss2:0.9126
sample number: 5810.0
sample number: 1623.0
sample number: 1623.0
epoch:59; train_fscore:55.26%; train_loss:2.0183; train_loss1:1.0114; train_loss2:1.0068
sample number: 5810.0
sample number: 1623.0
sample number: 1623.0
epoch:60; train_fscore:54.79%; train_loss:1.9914; train_loss1:1.0729; train_loss2:0.9185
sample number: 5810.0
sample number: 1623.0
sample number: 1623.0
epoch:61; train_fscore:52.07%; train_loss:2.0391; train_loss1:1.0481; train_loss2:0.991
sample number: 5810.0
sample number: 1623.0
sample number: 1623.0
epoch:62; train_fscore:53.78%; train_loss:1.989; train_loss1:1.0213; train_loss2:0.9678
sample number: 5810.0
sample number: 1623.0
sample number: 1623.0
epoch:63; train_fscore:55.95%; train_loss:1.9232; train_loss1:1.0188; train_loss2:0.9044
sample number: 5810.0
sample number: 1623.0
sample number: 1623.0
epoch:64; train_fscore:58.08%; train_loss:1.8499; train_loss1:0.9608; train_loss2:0.8891
sample number: 5810.0
sample number: 1623.0
sample number: 1623.0
epoch:65; train_fscore:57.82%; train_loss:1.8731; train_loss1:0.9589; train_loss2:0.9142
sample number: 5810.0
sample number: 1623.0
sample number: 1623.0
epoch:66; train_fscore:60.35%; train_loss:1.8025; train_loss1:0.915; train_loss2:0.8875
sample number: 5810.0
sample number: 1623.0
sample number: 1623.0
epoch:67; train_fscore:60.59%; train_loss:1.8716; train_loss1:0.9028; train_loss2:0.9687
sample number: 5810.0
sample number: 1623.0
sample number: 1623.0
epoch:68; train_fscore:61.84%; train_loss:1.7603; train_loss1:0.8858; train_loss2:0.8745
sample number: 5810.0
sample number: 1623.0
sample number: 1623.0
epoch:69; train_fscore:62.55%; train_loss:1.7892; train_loss1:0.8696; train_loss2:0.9196
sample number: 5810.0
sample number: 1623.0
sample number: 1623.0
epoch:70; train_fscore:64.34%; train_loss:1.7256; train_loss1:0.8367; train_loss2:0.8889
sample number: 5810.0
sample number: 1623.0
sample number: 1623.0
epoch:71; train_fscore:63.31%; train_loss:1.7659; train_loss1:0.8558; train_loss2:0.9101
sample number: 5810.0
sample number: 1623.0
sample number: 1623.0
epoch:72; train_fscore:65.09%; train_loss:1.8077; train_loss1:0.8412; train_loss2:0.9666
sample number: 5810.0
sample number: 1623.0
sample number: 1623.0
epoch:73; train_fscore:65.11%; train_loss:1.7672; train_loss1:0.8272; train_loss2:0.94
sample number: 5810.0
sample number: 1623.0
sample number: 1623.0
epoch:74; train_fscore:65.19%; train_loss:1.7631; train_loss1:0.8217; train_loss2:0.9414
sample number: 5810.0
sample number: 1623.0
sample number: 1623.0
epoch:75; train_fscore:64.36%; train_loss:1.7123; train_loss1:0.8138; train_loss2:0.8985
sample number: 5810.0
sample number: 1623.0
sample number: 1623.0
epoch:76; train_fscore:66.22%; train_loss:1.7222; train_loss1:0.7911; train_loss2:0.9311
sample number: 5810.0
sample number: 1623.0
sample number: 1623.0
epoch:77; train_fscore:64.81%; train_loss:1.7326; train_loss1:0.813; train_loss2:0.9196
sample number: 5810.0
sample number: 1623.0
sample number: 1623.0
epoch:78; train_fscore:64.51%; train_loss:1.7297; train_loss1:0.8218; train_loss2:0.9079
sample number: 5810.0
sample number: 1623.0
sample number: 1623.0
epoch:79; train_fscore:64.95%; train_loss:1.7096; train_loss1:0.8244; train_loss2:0.8853
sample number: 5810.0
sample number: 1623.0
sample number: 1623.0
epoch:80; train_fscore:66.35%; train_loss:1.656; train_loss1:0.7728; train_loss2:0.8832
sample number: 5810.0
sample number: 1623.0
sample number: 1623.0
epoch:81; train_fscore:68.66%; train_loss:1.7157; train_loss1:0.753; train_loss2:0.9627
sample number: 5810.0
sample number: 1623.0
sample number: 1623.0
epoch:82; train_fscore:69.36%; train_loss:1.7032; train_loss1:0.744; train_loss2:0.9593
sample number: 5810.0
sample number: 1623.0
sample number: 1623.0
epoch:83; train_fscore:69.16%; train_loss:1.6335; train_loss1:0.7426; train_loss2:0.8909
sample number: 5810.0
sample number: 1623.0
sample number: 1623.0
epoch:84; train_fscore:69.93%; train_loss:1.6948; train_loss1:0.7273; train_loss2:0.9674
sample number: 5810.0
sample number: 1623.0
sample number: 1623.0
epoch:85; train_fscore:71.18%; train_loss:1.6244; train_loss1:0.7106; train_loss2:0.9139
sample number: 5810.0
sample number: 1623.0
sample number: 1623.0
epoch:86; train_fscore:72.33%; train_loss:1.6098; train_loss1:0.6855; train_loss2:0.9243
sample number: 5810.0
sample number: 1623.0
sample number: 1623.0
epoch:87; train_fscore:70.82%; train_loss:1.5719; train_loss1:0.6928; train_loss2:0.8791
sample number: 5810.0
sample number: 1623.0
sample number: 1623.0
epoch:88; train_fscore:72.52%; train_loss:1.6314; train_loss1:0.6917; train_loss2:0.9397
sample number: 5810.0
sample number: 1623.0
sample number: 1623.0
epoch:89; train_fscore:71.84%; train_loss:1.5881; train_loss1:0.6803; train_loss2:0.9078
sample number: 5810.0
sample number: 1623.0
sample number: 1623.0
epoch:90; train_fscore:72.04%; train_loss:1.6324; train_loss1:0.6795; train_loss2:0.9529
sample number: 5810.0
sample number: 1623.0
sample number: 1623.0
epoch:91; train_fscore:72.67%; train_loss:1.5978; train_loss1:0.6612; train_loss2:0.9366
sample number: 5810.0
sample number: 1623.0
sample number: 1623.0
epoch:92; train_fscore:74.26%; train_loss:1.5028; train_loss1:0.6356; train_loss2:0.8672
sample number: 5810.0
sample number: 1623.0
sample number: 1623.0
epoch:93; train_fscore:75.09%; train_loss:1.5879; train_loss1:0.6093; train_loss2:0.9786
sample number: 5810.0
sample number: 1623.0
sample number: 1623.0
epoch:94; train_fscore:75.78%; train_loss:1.5249; train_loss1:0.5918; train_loss2:0.9331
sample number: 5810.0
sample number: 1623.0
sample number: 1623.0
epoch:95; train_fscore:75.68%; train_loss:1.4311; train_loss1:0.6001; train_loss2:0.831
sample number: 5810.0
sample number: 1623.0
sample number: 1623.0
epoch:96; train_fscore:74.68%; train_loss:1.548; train_loss1:0.6287; train_loss2:0.9193
sample number: 5810.0
sample number: 1623.0
sample number: 1623.0
epoch:97; train_fscore:74.46%; train_loss:1.547; train_loss1:0.6105; train_loss2:0.9365
sample number: 5810.0
sample number: 1623.0
sample number: 1623.0
epoch:98; train_fscore:74.37%; train_loss:1.4928; train_loss1:0.5972; train_loss2:0.8955
sample number: 5810.0
sample number: 1623.0
sample number: 1623.0
epoch:99; train_fscore:74.83%; train_loss:1.6296; train_loss1:0.6291; train_loss2:1.0005
sample number: 5810.0
sample number: 1623.0
sample number: 1623.0
epoch:100; train_fscore:64.64%; train_loss:1.7637; train_loss1:0.8877; train_loss2:0.8759
Step3: saving and testing on the 5 folder
>>>>> Finish: training on the 5 folder, duration: 406.7251088619232 >>>>>
====== Saving =======
SMOKE_ONLY=False
save results in /data2/yb/paper/experiments/second_graph_aggregation_iemocap6_20260825_phase_b/formal/ssma/miss_0p7/seed_66/fold_5/saved/iemocapsix_original_addition_secondagg_ssma_f5_s66_m0p7_1787676778.1112854.npz
