Namespace(allow_short_run=False, audio_feature='wav2vec-large-c-UTT', base_model='LSTM', batch_size=32, branch_fusion='addition', data_root='/data2/yb/paper/GCNet_TPAMI_modality_jepa_20260818/dataset/IEMOCAP', dataset='IEMOCAPSix', dropout=0.5, epochs=100, fold_index=5, graph_conv_variant='original', hidden=200, l2=1e-05, loss_recon=True, lower_bound=False, lr=0.001, mask_bank_root='/data2/yb/paper/experiments/mpfilm_iemocap6_20260824/mask_banks', mask_seed=69, mask_type='constant-0.1', n_classes=6, n_speakers=2, no_cuda=False, num_folder=5, num_threads=6, output_dir='/data2/yb/paper/experiments/second_graph_aggregation_iemocap6_20260825_phase_b/formal/rtdr/miss_0p1/seed_69/fold_5/saved', post_graph_context='bilstm', pre_graph_context='bilstm', reccls_flag=False, relation_track_routing='diagonal', second_graph_aggregation='add', seed=69, text_feature='deberta-large-4-UTT', time_attn=False, video_feature='manet_UTT', windowf=2, windowp=2)
====== Reading Data =======
audio dimension: 512; text dimension: 1024; video dimension: 1024
stage-aware mask bundle: sha256=7ff1442dc75404f879410b5ad79c09025e6154824b4a57ce6f9e7cbf918a2009 requested=0.1000 realized=0.1025
====== Training and Evaluation =======
>>>>> Cross-validation: training on the 5 folder >>>>>
Step1: build model (each folder has its own model)
Model have 36419816 paramerters in total
Graph NN with LSTM as base model.
Step2: training (multiple epoches)
sample number: 5810.0
sample number: 1623.0
sample number: 1623.0
epoch:1; train_fscore:18.94%; train_loss:2.3644; train_loss1:1.7337; train_loss2:0.6307
sample number: 5810.0
sample number: 1623.0
sample number: 1623.0
epoch:2; train_fscore:13.15%; train_loss:2.5142; train_loss1:1.9762; train_loss2:0.538
sample number: 5810.0
sample number: 1623.0
sample number: 1623.0
epoch:3; train_fscore:16.28%; train_loss:2.3113; train_loss1:1.7794; train_loss2:0.532
sample number: 5810.0
sample number: 1623.0
sample number: 1623.0
epoch:4; train_fscore:16.59%; train_loss:2.2461; train_loss1:1.7814; train_loss2:0.4647
sample number: 5810.0
sample number: 1623.0
sample number: 1623.0
epoch:5; train_fscore:17.53%; train_loss:2.1325; train_loss1:1.7225; train_loss2:0.41
sample number: 5810.0
sample number: 1623.0
sample number: 1623.0
epoch:6; train_fscore:23.90%; train_loss:2.0933; train_loss1:1.6477; train_loss2:0.4455
sample number: 5810.0
sample number: 1623.0
sample number: 1623.0
epoch:7; train_fscore:24.60%; train_loss:2.0235; train_loss1:1.6301; train_loss2:0.3934
sample number: 5810.0
sample number: 1623.0
sample number: 1623.0
epoch:8; train_fscore:29.37%; train_loss:1.8576; train_loss1:1.5034; train_loss2:0.3542
sample number: 5810.0
sample number: 1623.0
sample number: 1623.0
epoch:9; train_fscore:35.78%; train_loss:1.6912; train_loss1:1.3402; train_loss2:0.351
sample number: 5810.0
sample number: 1623.0
sample number: 1623.0
epoch:10; train_fscore:38.31%; train_loss:1.8931; train_loss1:1.5309; train_loss2:0.3622
sample number: 5810.0
sample number: 1623.0
sample number: 1623.0
epoch:11; train_fscore:34.52%; train_loss:1.8516; train_loss1:1.4952; train_loss2:0.3564
sample number: 5810.0
sample number: 1623.0
sample number: 1623.0
epoch:12; train_fscore:33.19%; train_loss:1.656; train_loss1:1.3353; train_loss2:0.3207
sample number: 5810.0
sample number: 1623.0
sample number: 1623.0
epoch:13; train_fscore:42.29%; train_loss:1.5032; train_loss1:1.2576; train_loss2:0.2455
sample number: 5810.0
sample number: 1623.0
sample number: 1623.0
epoch:14; train_fscore:39.14%; train_loss:1.5448; train_loss1:1.3218; train_loss2:0.223
sample number: 5810.0
sample number: 1623.0
sample number: 1623.0
epoch:15; train_fscore:41.80%; train_loss:1.4784; train_loss1:1.2488; train_loss2:0.2295
sample number: 5810.0
sample number: 1623.0
sample number: 1623.0
epoch:16; train_fscore:43.47%; train_loss:1.3972; train_loss1:1.1861; train_loss2:0.2111
sample number: 5810.0
sample number: 1623.0
sample number: 1623.0
epoch:17; train_fscore:46.56%; train_loss:1.3272; train_loss1:1.1616; train_loss2:0.1657
sample number: 5810.0
sample number: 1623.0
sample number: 1623.0
epoch:18; train_fscore:48.62%; train_loss:1.3119; train_loss1:1.1376; train_loss2:0.1744
sample number: 5810.0
sample number: 1623.0
sample number: 1623.0
epoch:19; train_fscore:41.84%; train_loss:1.4897; train_loss1:1.3179; train_loss2:0.1719
sample number: 5810.0
sample number: 1623.0
sample number: 1623.0
epoch:20; train_fscore:44.06%; train_loss:1.449; train_loss1:1.2819; train_loss2:0.1671
sample number: 5810.0
sample number: 1623.0
sample number: 1623.0
epoch:21; train_fscore:41.72%; train_loss:1.4235; train_loss1:1.2356; train_loss2:0.1879
sample number: 5810.0
sample number: 1623.0
sample number: 1623.0
epoch:22; train_fscore:44.06%; train_loss:1.3255; train_loss1:1.1524; train_loss2:0.1732
sample number: 5810.0
sample number: 1623.0
sample number: 1623.0
epoch:23; train_fscore:49.59%; train_loss:1.277; train_loss1:1.1114; train_loss2:0.1656
sample number: 5810.0
sample number: 1623.0
sample number: 1623.0
epoch:24; train_fscore:51.74%; train_loss:1.2132; train_loss1:1.0605; train_loss2:0.1527
sample number: 5810.0
sample number: 1623.0
sample number: 1623.0
epoch:25; train_fscore:55.18%; train_loss:1.1793; train_loss1:1.0386; train_loss2:0.1407
sample number: 5810.0
sample number: 1623.0
sample number: 1623.0
epoch:26; train_fscore:54.58%; train_loss:1.1487; train_loss1:1.0151; train_loss2:0.1336
sample number: 5810.0
sample number: 1623.0
sample number: 1623.0
epoch:27; train_fscore:57.03%; train_loss:1.1685; train_loss1:0.9907; train_loss2:0.1779
sample number: 5810.0
sample number: 1623.0
sample number: 1623.0
epoch:28; train_fscore:58.20%; train_loss:1.1355; train_loss1:0.9631; train_loss2:0.1724
sample number: 5810.0
sample number: 1623.0
sample number: 1623.0
epoch:29; train_fscore:57.73%; train_loss:1.1138; train_loss1:0.9637; train_loss2:0.1501
sample number: 5810.0
sample number: 1623.0
sample number: 1623.0
epoch:30; train_fscore:59.62%; train_loss:1.1023; train_loss1:0.9534; train_loss2:0.1489
sample number: 5810.0
sample number: 1623.0
sample number: 1623.0
epoch:31; train_fscore:60.19%; train_loss:1.0734; train_loss1:0.9328; train_loss2:0.1406
sample number: 5810.0
sample number: 1623.0
sample number: 1623.0
epoch:32; train_fscore:59.69%; train_loss:1.0624; train_loss1:0.9168; train_loss2:0.1456
sample number: 5810.0
sample number: 1623.0
sample number: 1623.0
epoch:33; train_fscore:60.35%; train_loss:1.0329; train_loss1:0.8987; train_loss2:0.1342
sample number: 5810.0
sample number: 1623.0
sample number: 1623.0
epoch:34; train_fscore:61.78%; train_loss:1.032; train_loss1:0.9049; train_loss2:0.1271
sample number: 5810.0
sample number: 1623.0
sample number: 1623.0
epoch:35; train_fscore:59.76%; train_loss:1.0351; train_loss1:0.8963; train_loss2:0.1387
sample number: 5810.0
sample number: 1623.0
sample number: 1623.0
epoch:36; train_fscore:60.94%; train_loss:1.1114; train_loss1:0.9275; train_loss2:0.1838
sample number: 5810.0
sample number: 1623.0
sample number: 1623.0
epoch:37; train_fscore:62.86%; train_loss:1.0341; train_loss1:0.8866; train_loss2:0.1475
sample number: 5810.0
sample number: 1623.0
sample number: 1623.0
epoch:38; train_fscore:61.96%; train_loss:1.041; train_loss1:0.9041; train_loss2:0.1368
sample number: 5810.0
sample number: 1623.0
sample number: 1623.0
epoch:39; train_fscore:63.56%; train_loss:1.0464; train_loss1:0.8904; train_loss2:0.156
sample number: 5810.0
sample number: 1623.0
sample number: 1623.0
epoch:40; train_fscore:60.50%; train_loss:1.0533; train_loss1:0.9099; train_loss2:0.1433
sample number: 5810.0
sample number: 1623.0
sample number: 1623.0
epoch:41; train_fscore:61.21%; train_loss:1.065; train_loss1:0.9094; train_loss2:0.1556
sample number: 5810.0
sample number: 1623.0
sample number: 1623.0
epoch:42; train_fscore:61.32%; train_loss:1.0277; train_loss1:0.8822; train_loss2:0.1455
sample number: 5810.0
sample number: 1623.0
sample number: 1623.0
epoch:43; train_fscore:64.55%; train_loss:1.0003; train_loss1:0.8433; train_loss2:0.157
sample number: 5810.0
sample number: 1623.0
sample number: 1623.0
epoch:44; train_fscore:65.37%; train_loss:0.9756; train_loss1:0.8228; train_loss2:0.1528
sample number: 5810.0
sample number: 1623.0
sample number: 1623.0
epoch:45; train_fscore:66.52%; train_loss:0.9679; train_loss1:0.8072; train_loss2:0.1607
sample number: 5810.0
sample number: 1623.0
sample number: 1623.0
epoch:46; train_fscore:67.59%; train_loss:0.9285; train_loss1:0.7646; train_loss2:0.1639
sample number: 5810.0
sample number: 1623.0
sample number: 1623.0
epoch:47; train_fscore:67.24%; train_loss:0.9344; train_loss1:0.7753; train_loss2:0.1591
sample number: 5810.0
sample number: 1623.0
sample number: 1623.0
epoch:48; train_fscore:68.15%; train_loss:0.9125; train_loss1:0.7682; train_loss2:0.1443
sample number: 5810.0
sample number: 1623.0
sample number: 1623.0
epoch:49; train_fscore:70.73%; train_loss:0.8823; train_loss1:0.7332; train_loss2:0.1492
sample number: 5810.0
sample number: 1623.0
sample number: 1623.0
epoch:50; train_fscore:70.22%; train_loss:0.8617; train_loss1:0.706; train_loss2:0.1557
sample number: 5810.0
sample number: 1623.0
sample number: 1623.0
epoch:51; train_fscore:72.17%; train_loss:0.8348; train_loss1:0.6861; train_loss2:0.1486
sample number: 5810.0
sample number: 1623.0
sample number: 1623.0
epoch:52; train_fscore:73.62%; train_loss:0.8047; train_loss1:0.663; train_loss2:0.1416
sample number: 5810.0
sample number: 1623.0
sample number: 1623.0
epoch:53; train_fscore:72.05%; train_loss:0.8178; train_loss1:0.6746; train_loss2:0.1433
sample number: 5810.0
sample number: 1623.0
sample number: 1623.0
epoch:54; train_fscore:74.70%; train_loss:0.7834; train_loss1:0.6409; train_loss2:0.1425
sample number: 5810.0
sample number: 1623.0
sample number: 1623.0
epoch:55; train_fscore:72.27%; train_loss:0.8092; train_loss1:0.6734; train_loss2:0.1358
sample number: 5810.0
sample number: 1623.0
sample number: 1623.0
epoch:56; train_fscore:74.73%; train_loss:0.7819; train_loss1:0.6357; train_loss2:0.1463
sample number: 5810.0
sample number: 1623.0
sample number: 1623.0
epoch:57; train_fscore:75.09%; train_loss:0.8018; train_loss1:0.642; train_loss2:0.1598
sample number: 5810.0
sample number: 1623.0
sample number: 1623.0
epoch:58; train_fscore:75.20%; train_loss:0.7645; train_loss1:0.6159; train_loss2:0.1485
sample number: 5810.0
sample number: 1623.0
sample number: 1623.0
epoch:59; train_fscore:75.87%; train_loss:0.7838; train_loss1:0.6261; train_loss2:0.1577
sample number: 5810.0
sample number: 1623.0
sample number: 1623.0
epoch:60; train_fscore:76.00%; train_loss:0.7375; train_loss1:0.6017; train_loss2:0.1358
sample number: 5810.0
sample number: 1623.0
sample number: 1623.0
epoch:61; train_fscore:77.26%; train_loss:0.702; train_loss1:0.5815; train_loss2:0.1206
sample number: 5810.0
sample number: 1623.0
sample number: 1623.0
epoch:62; train_fscore:77.23%; train_loss:0.7201; train_loss1:0.5724; train_loss2:0.1477
sample number: 5810.0
sample number: 1623.0
sample number: 1623.0
epoch:63; train_fscore:77.56%; train_loss:0.7184; train_loss1:0.5671; train_loss2:0.1513
sample number: 5810.0
sample number: 1623.0
sample number: 1623.0
epoch:64; train_fscore:78.33%; train_loss:0.6758; train_loss1:0.536; train_loss2:0.1398
sample number: 5810.0
sample number: 1623.0
sample number: 1623.0
epoch:65; train_fscore:78.77%; train_loss:0.6644; train_loss1:0.5338; train_loss2:0.1306
sample number: 5810.0
sample number: 1623.0
sample number: 1623.0
epoch:66; train_fscore:81.19%; train_loss:0.6361; train_loss1:0.4994; train_loss2:0.1367
sample number: 5810.0
sample number: 1623.0
sample number: 1623.0
epoch:67; train_fscore:81.04%; train_loss:0.6302; train_loss1:0.4805; train_loss2:0.1497
sample number: 5810.0
sample number: 1623.0
sample number: 1623.0
epoch:68; train_fscore:80.91%; train_loss:0.6349; train_loss1:0.4827; train_loss2:0.1522
sample number: 5810.0
sample number: 1623.0
sample number: 1623.0
epoch:69; train_fscore:81.56%; train_loss:0.6175; train_loss1:0.4659; train_loss2:0.1516
sample number: 5810.0
sample number: 1623.0
sample number: 1623.0
epoch:70; train_fscore:82.07%; train_loss:0.6113; train_loss1:0.4689; train_loss2:0.1424
sample number: 5810.0
sample number: 1623.0
sample number: 1623.0
epoch:71; train_fscore:82.11%; train_loss:0.6075; train_loss1:0.4565; train_loss2:0.151
sample number: 5810.0
sample number: 1623.0
sample number: 1623.0
epoch:72; train_fscore:82.62%; train_loss:0.5894; train_loss1:0.4463; train_loss2:0.1431
sample number: 5810.0
sample number: 1623.0
sample number: 1623.0
epoch:73; train_fscore:83.17%; train_loss:0.5988; train_loss1:0.4415; train_loss2:0.1573
sample number: 5810.0
sample number: 1623.0
sample number: 1623.0
epoch:74; train_fscore:81.92%; train_loss:0.5942; train_loss1:0.4551; train_loss2:0.1391
sample number: 5810.0
sample number: 1623.0
sample number: 1623.0
epoch:75; train_fscore:83.53%; train_loss:0.6113; train_loss1:0.4384; train_loss2:0.1729
sample number: 5810.0
sample number: 1623.0
sample number: 1623.0
epoch:76; train_fscore:83.79%; train_loss:0.5554; train_loss1:0.415; train_loss2:0.1404
sample number: 5810.0
sample number: 1623.0
sample number: 1623.0
epoch:77; train_fscore:83.95%; train_loss:0.5404; train_loss1:0.4213; train_loss2:0.1192
sample number: 5810.0
sample number: 1623.0
sample number: 1623.0
epoch:78; train_fscore:82.25%; train_loss:0.5835; train_loss1:0.4423; train_loss2:0.1412
sample number: 5810.0
sample number: 1623.0
sample number: 1623.0
epoch:79; train_fscore:81.59%; train_loss:0.6359; train_loss1:0.4709; train_loss2:0.1649
sample number: 5810.0
sample number: 1623.0
sample number: 1623.0
epoch:80; train_fscore:81.57%; train_loss:0.6283; train_loss1:0.4815; train_loss2:0.1469
sample number: 5810.0
sample number: 1623.0
sample number: 1623.0
epoch:81; train_fscore:82.30%; train_loss:0.5955; train_loss1:0.4407; train_loss2:0.1548
sample number: 5810.0
sample number: 1623.0
sample number: 1623.0
epoch:82; train_fscore:83.85%; train_loss:0.5496; train_loss1:0.4094; train_loss2:0.1402
sample number: 5810.0
sample number: 1623.0
sample number: 1623.0
epoch:83; train_fscore:85.46%; train_loss:0.5508; train_loss1:0.3851; train_loss2:0.1657
sample number: 5810.0
sample number: 1623.0
sample number: 1623.0
epoch:84; train_fscore:85.57%; train_loss:0.5296; train_loss1:0.3745; train_loss2:0.1551
sample number: 5810.0
sample number: 1623.0
sample number: 1623.0
epoch:85; train_fscore:86.12%; train_loss:0.5016; train_loss1:0.3575; train_loss2:0.1441
sample number: 5810.0
sample number: 1623.0
sample number: 1623.0
epoch:86; train_fscore:87.09%; train_loss:0.4644; train_loss1:0.3346; train_loss2:0.1299
sample number: 5810.0
sample number: 1623.0
sample number: 1623.0
epoch:87; train_fscore:87.59%; train_loss:0.4682; train_loss1:0.3189; train_loss2:0.1493
sample number: 5810.0
sample number: 1623.0
sample number: 1623.0
epoch:88; train_fscore:87.23%; train_loss:0.455; train_loss1:0.3238; train_loss2:0.1312
sample number: 5810.0
sample number: 1623.0
sample number: 1623.0
epoch:89; train_fscore:88.50%; train_loss:0.4597; train_loss1:0.3072; train_loss2:0.1525
sample number: 5810.0
sample number: 1623.0
sample number: 1623.0
epoch:90; train_fscore:86.42%; train_loss:0.4772; train_loss1:0.3444; train_loss2:0.1328
sample number: 5810.0
sample number: 1623.0
sample number: 1623.0
epoch:91; train_fscore:87.62%; train_loss:0.4719; train_loss1:0.323; train_loss2:0.1489
sample number: 5810.0
sample number: 1623.0
sample number: 1623.0
epoch:92; train_fscore:86.26%; train_loss:0.5053; train_loss1:0.3524; train_loss2:0.1529
sample number: 5810.0
sample number: 1623.0
sample number: 1623.0
epoch:93; train_fscore:88.04%; train_loss:0.4624; train_loss1:0.3235; train_loss2:0.1389
sample number: 5810.0
sample number: 1623.0
sample number: 1623.0
epoch:94; train_fscore:86.68%; train_loss:0.481; train_loss1:0.3419; train_loss2:0.1391
sample number: 5810.0
sample number: 1623.0
sample number: 1623.0
epoch:95; train_fscore:86.78%; train_loss:0.4906; train_loss1:0.3538; train_loss2:0.1368
sample number: 5810.0
sample number: 1623.0
sample number: 1623.0
epoch:96; train_fscore:87.47%; train_loss:0.48; train_loss1:0.3216; train_loss2:0.1584
sample number: 5810.0
sample number: 1623.0
sample number: 1623.0
epoch:97; train_fscore:88.53%; train_loss:0.4548; train_loss1:0.3046; train_loss2:0.1502
sample number: 5810.0
sample number: 1623.0
sample number: 1623.0
epoch:98; train_fscore:89.69%; train_loss:0.4154; train_loss1:0.2703; train_loss2:0.1451
sample number: 5810.0
sample number: 1623.0
sample number: 1623.0
epoch:99; train_fscore:90.06%; train_loss:0.4058; train_loss1:0.2601; train_loss2:0.1457
sample number: 5810.0
sample number: 1623.0
sample number: 1623.0
epoch:100; train_fscore:89.82%; train_loss:0.4296; train_loss1:0.2619; train_loss2:0.1677
Step3: saving and testing on the 5 folder
>>>>> Finish: training on the 5 folder, duration: 363.3656196594238 >>>>>
====== Saving =======
SMOKE_ONLY=False
save results in /data2/yb/paper/experiments/second_graph_aggregation_iemocap6_20260825_phase_b/formal/rtdr/miss_0p1/seed_69/fold_5/saved/iemocapsix_original_addition_relationtrack_diagonal_f5_s69_m0p1_1787700129.9394722.npz
