Namespace(allow_short_run=False, audio_feature='wav2vec-large-c-UTT', base_model='LSTM', batch_size=32, branch_fusion='addition', data_root='/data2/yb/paper/GCNet_TPAMI_modality_jepa_20260818/dataset/IEMOCAP', dataset='IEMOCAPSix', dropout=0.5, epochs=100, fold_index=5, graph_conv_variant='original', hidden=200, l2=1e-05, loss_recon=True, lower_bound=False, lr=0.001, mask_bank_root='/data2/yb/paper/experiments/mpfilm_iemocap6_20260824/mask_banks', mask_seed=70, mask_type='constant-0.5', n_classes=6, n_speakers=2, no_cuda=False, num_folder=5, num_threads=6, output_dir='/data2/yb/paper/experiments/second_graph_aggregation_iemocap6_20260825/formal/soft_medoid/miss_0p5/seed_70/fold_5/saved', post_graph_context='bilstm', pre_graph_context='bilstm', reccls_flag=False, second_graph_aggregation='soft_medoid', seed=70, text_feature='deberta-large-4-UTT', time_attn=False, video_feature='manet_UTT', windowf=2, windowp=2)
====== Reading Data =======
audio dimension: 512; text dimension: 1024; video dimension: 1024
stage-aware mask bundle: sha256=13256f35a803c465aef02c9bfa1f0e30048c278af7b3b8bc6979eec7ab0b6896 requested=0.5000 realized=0.5030
====== Training and Evaluation =======
>>>>> Cross-validation: training on the 5 folder >>>>>
Step1: build model (each folder has its own model)
Model have 36419816 paramerters in total
Graph NN with LSTM as base model.
Step2: training (multiple epoches)
sample number: 5810.0
sample number: 1623.0
sample number: 1623.0
epoch:1; train_fscore:13.97%; train_loss:4.7595; train_loss1:1.7996; train_loss2:2.96
sample number: 5810.0
sample number: 1623.0
sample number: 1623.0
epoch:2; train_fscore:17.63%; train_loss:4.1811; train_loss1:1.8252; train_loss2:2.356
sample number: 5810.0
sample number: 1623.0
sample number: 1623.0
epoch:3; train_fscore:20.26%; train_loss:3.7482; train_loss1:1.7051; train_loss2:2.0431
sample number: 5810.0
sample number: 1623.0
sample number: 1623.0
epoch:4; train_fscore:23.02%; train_loss:3.3913; train_loss1:1.5991; train_loss2:1.7921
sample number: 5810.0
sample number: 1623.0
sample number: 1623.0
epoch:5; train_fscore:24.96%; train_loss:3.181; train_loss1:1.5315; train_loss2:1.6496
sample number: 5810.0
sample number: 1623.0
sample number: 1623.0
epoch:6; train_fscore:25.63%; train_loss:2.8188; train_loss1:1.5631; train_loss2:1.2557
sample number: 5810.0
sample number: 1623.0
sample number: 1623.0
epoch:7; train_fscore:29.38%; train_loss:2.5513; train_loss1:1.4832; train_loss2:1.0681
sample number: 5810.0
sample number: 1623.0
sample number: 1623.0
epoch:8; train_fscore:24.37%; train_loss:2.4111; train_loss1:1.5226; train_loss2:0.8885
sample number: 5810.0
sample number: 1623.0
sample number: 1623.0
epoch:9; train_fscore:32.97%; train_loss:2.2902; train_loss1:1.4083; train_loss2:0.8818
sample number: 5810.0
sample number: 1623.0
sample number: 1623.0
epoch:10; train_fscore:30.50%; train_loss:2.19; train_loss1:1.4082; train_loss2:0.7818
sample number: 5810.0
sample number: 1623.0
sample number: 1623.0
epoch:11; train_fscore:30.95%; train_loss:2.2983; train_loss1:1.522; train_loss2:0.7763
sample number: 5810.0
sample number: 1623.0
sample number: 1623.0
epoch:12; train_fscore:34.66%; train_loss:2.1977; train_loss1:1.4014; train_loss2:0.7963
sample number: 5810.0
sample number: 1623.0
sample number: 1623.0
epoch:13; train_fscore:35.10%; train_loss:2.0089; train_loss1:1.338; train_loss2:0.6709
sample number: 5810.0
sample number: 1623.0
sample number: 1623.0
epoch:14; train_fscore:36.17%; train_loss:1.9678; train_loss1:1.2327; train_loss2:0.7351
sample number: 5810.0
sample number: 1623.0
sample number: 1623.0
epoch:15; train_fscore:40.16%; train_loss:1.9878; train_loss1:1.2606; train_loss2:0.7271
sample number: 5810.0
sample number: 1623.0
sample number: 1623.0
epoch:16; train_fscore:37.69%; train_loss:1.9774; train_loss1:1.2711; train_loss2:0.7064
sample number: 5810.0
sample number: 1623.0
sample number: 1623.0
epoch:17; train_fscore:42.92%; train_loss:1.9953; train_loss1:1.223; train_loss2:0.7724
sample number: 5810.0
sample number: 1623.0
sample number: 1623.0
epoch:18; train_fscore:44.91%; train_loss:1.8938; train_loss1:1.1869; train_loss2:0.7069
sample number: 5810.0
sample number: 1623.0
sample number: 1623.0
epoch:19; train_fscore:41.68%; train_loss:1.8912; train_loss1:1.1978; train_loss2:0.6934
sample number: 5810.0
sample number: 1623.0
sample number: 1623.0
epoch:20; train_fscore:44.79%; train_loss:1.8139; train_loss1:1.141; train_loss2:0.6729
sample number: 5810.0
sample number: 1623.0
sample number: 1623.0
epoch:21; train_fscore:43.73%; train_loss:1.8217; train_loss1:1.1475; train_loss2:0.6742
sample number: 5810.0
sample number: 1623.0
sample number: 1623.0
epoch:22; train_fscore:49.44%; train_loss:1.8433; train_loss1:1.1111; train_loss2:0.7323
sample number: 5810.0
sample number: 1623.0
sample number: 1623.0
epoch:23; train_fscore:49.51%; train_loss:1.8021; train_loss1:1.1148; train_loss2:0.6873
sample number: 5810.0
sample number: 1623.0
sample number: 1623.0
epoch:24; train_fscore:47.08%; train_loss:1.8237; train_loss1:1.1282; train_loss2:0.6955
sample number: 5810.0
sample number: 1623.0
sample number: 1623.0
epoch:25; train_fscore:42.94%; train_loss:1.7983; train_loss1:1.1466; train_loss2:0.6517
sample number: 5810.0
sample number: 1623.0
sample number: 1623.0
epoch:26; train_fscore:47.08%; train_loss:1.8037; train_loss1:1.0953; train_loss2:0.7084
sample number: 5810.0
sample number: 1623.0
sample number: 1623.0
epoch:27; train_fscore:47.08%; train_loss:1.8606; train_loss1:1.1077; train_loss2:0.7529
sample number: 5810.0
sample number: 1623.0
sample number: 1623.0
epoch:28; train_fscore:52.92%; train_loss:1.7957; train_loss1:1.0492; train_loss2:0.7465
sample number: 5810.0
sample number: 1623.0
sample number: 1623.0
epoch:29; train_fscore:53.01%; train_loss:1.7098; train_loss1:1.0335; train_loss2:0.6763
sample number: 5810.0
sample number: 1623.0
sample number: 1623.0
epoch:30; train_fscore:53.82%; train_loss:1.7527; train_loss1:1.0436; train_loss2:0.7091
sample number: 5810.0
sample number: 1623.0
sample number: 1623.0
epoch:31; train_fscore:54.36%; train_loss:1.7132; train_loss1:1.0552; train_loss2:0.658
sample number: 5810.0
sample number: 1623.0
sample number: 1623.0
epoch:32; train_fscore:51.97%; train_loss:1.7068; train_loss1:1.0376; train_loss2:0.6692
sample number: 5810.0
sample number: 1623.0
sample number: 1623.0
epoch:33; train_fscore:54.85%; train_loss:1.6877; train_loss1:1.0274; train_loss2:0.6602
sample number: 5810.0
sample number: 1623.0
sample number: 1623.0
epoch:34; train_fscore:51.53%; train_loss:1.7648; train_loss1:1.0371; train_loss2:0.7277
sample number: 5810.0
sample number: 1623.0
sample number: 1623.0
epoch:35; train_fscore:54.24%; train_loss:1.7213; train_loss1:1.0223; train_loss2:0.699
sample number: 5810.0
sample number: 1623.0
sample number: 1623.0
epoch:36; train_fscore:54.54%; train_loss:1.7005; train_loss1:1.0072; train_loss2:0.6933
sample number: 5810.0
sample number: 1623.0
sample number: 1623.0
epoch:37; train_fscore:56.63%; train_loss:1.7115; train_loss1:1.001; train_loss2:0.7105
sample number: 5810.0
sample number: 1623.0
sample number: 1623.0
epoch:38; train_fscore:56.15%; train_loss:1.6783; train_loss1:0.9751; train_loss2:0.7032
sample number: 5810.0
sample number: 1623.0
sample number: 1623.0
epoch:39; train_fscore:58.25%; train_loss:1.6727; train_loss1:0.9785; train_loss2:0.6942
sample number: 5810.0
sample number: 1623.0
sample number: 1623.0
epoch:40; train_fscore:56.61%; train_loss:1.7022; train_loss1:0.9722; train_loss2:0.73
sample number: 5810.0
sample number: 1623.0
sample number: 1623.0
epoch:41; train_fscore:60.62%; train_loss:1.6372; train_loss1:0.9316; train_loss2:0.7055
sample number: 5810.0
sample number: 1623.0
sample number: 1623.0
epoch:42; train_fscore:57.86%; train_loss:1.672; train_loss1:0.9619; train_loss2:0.7101
sample number: 5810.0
sample number: 1623.0
sample number: 1623.0
epoch:43; train_fscore:56.50%; train_loss:1.6159; train_loss1:0.9707; train_loss2:0.6452
sample number: 5810.0
sample number: 1623.0
sample number: 1623.0
epoch:44; train_fscore:59.57%; train_loss:1.607; train_loss1:0.9154; train_loss2:0.6916
sample number: 5810.0
sample number: 1623.0
sample number: 1623.0
epoch:45; train_fscore:61.82%; train_loss:1.5608; train_loss1:0.896; train_loss2:0.6648
sample number: 5810.0
sample number: 1623.0
sample number: 1623.0
epoch:46; train_fscore:60.66%; train_loss:1.651; train_loss1:0.9038; train_loss2:0.7471
sample number: 5810.0
sample number: 1623.0
sample number: 1623.0
epoch:47; train_fscore:62.07%; train_loss:1.5864; train_loss1:0.883; train_loss2:0.7033
sample number: 5810.0
sample number: 1623.0
sample number: 1623.0
epoch:48; train_fscore:60.64%; train_loss:1.5792; train_loss1:0.9206; train_loss2:0.6586
sample number: 5810.0
sample number: 1623.0
sample number: 1623.0
epoch:49; train_fscore:62.48%; train_loss:1.5441; train_loss1:0.8805; train_loss2:0.6636
sample number: 5810.0
sample number: 1623.0
sample number: 1623.0
epoch:50; train_fscore:65.02%; train_loss:1.5605; train_loss1:0.8522; train_loss2:0.7084
sample number: 5810.0
sample number: 1623.0
sample number: 1623.0
epoch:51; train_fscore:63.22%; train_loss:1.6105; train_loss1:0.8637; train_loss2:0.7467
sample number: 5810.0
sample number: 1623.0
sample number: 1623.0
epoch:52; train_fscore:63.93%; train_loss:1.5908; train_loss1:0.8547; train_loss2:0.7361
sample number: 5810.0
sample number: 1623.0
sample number: 1623.0
epoch:53; train_fscore:65.75%; train_loss:1.5816; train_loss1:0.8433; train_loss2:0.7383
sample number: 5810.0
sample number: 1623.0
sample number: 1623.0
epoch:54; train_fscore:62.21%; train_loss:1.5465; train_loss1:0.864; train_loss2:0.6826
sample number: 5810.0
sample number: 1623.0
sample number: 1623.0
epoch:55; train_fscore:64.58%; train_loss:1.5552; train_loss1:0.8523; train_loss2:0.703
sample number: 5810.0
sample number: 1623.0
sample number: 1623.0
epoch:56; train_fscore:63.29%; train_loss:1.5559; train_loss1:0.8605; train_loss2:0.6955
sample number: 5810.0
sample number: 1623.0
sample number: 1623.0
epoch:57; train_fscore:64.24%; train_loss:1.5144; train_loss1:0.8325; train_loss2:0.6819
sample number: 5810.0
sample number: 1623.0
sample number: 1623.0
epoch:58; train_fscore:64.34%; train_loss:1.5506; train_loss1:0.8334; train_loss2:0.7172
sample number: 5810.0
sample number: 1623.0
sample number: 1623.0
epoch:59; train_fscore:67.17%; train_loss:1.4993; train_loss1:0.8082; train_loss2:0.6911
sample number: 5810.0
sample number: 1623.0
sample number: 1623.0
epoch:60; train_fscore:67.12%; train_loss:1.4899; train_loss1:0.7789; train_loss2:0.711
sample number: 5810.0
sample number: 1623.0
sample number: 1623.0
epoch:61; train_fscore:68.12%; train_loss:1.4951; train_loss1:0.7743; train_loss2:0.7208
sample number: 5810.0
sample number: 1623.0
sample number: 1623.0
epoch:62; train_fscore:68.58%; train_loss:1.4749; train_loss1:0.7627; train_loss2:0.7123
sample number: 5810.0
sample number: 1623.0
sample number: 1623.0
epoch:63; train_fscore:67.83%; train_loss:1.4794; train_loss1:0.7838; train_loss2:0.6956
sample number: 5810.0
sample number: 1623.0
sample number: 1623.0
epoch:64; train_fscore:70.39%; train_loss:1.381; train_loss1:0.7259; train_loss2:0.6551
sample number: 5810.0
sample number: 1623.0
sample number: 1623.0
epoch:65; train_fscore:70.13%; train_loss:1.4253; train_loss1:0.73; train_loss2:0.6953
sample number: 5810.0
sample number: 1623.0
sample number: 1623.0
epoch:66; train_fscore:71.00%; train_loss:1.3521; train_loss1:0.7123; train_loss2:0.6398
sample number: 5810.0
sample number: 1623.0
sample number: 1623.0
epoch:67; train_fscore:69.77%; train_loss:1.402; train_loss1:0.742; train_loss2:0.66
sample number: 5810.0
sample number: 1623.0
sample number: 1623.0
epoch:68; train_fscore:67.49%; train_loss:1.4464; train_loss1:0.753; train_loss2:0.6934
sample number: 5810.0
sample number: 1623.0
sample number: 1623.0
epoch:69; train_fscore:70.85%; train_loss:1.3613; train_loss1:0.6935; train_loss2:0.6678
sample number: 5810.0
sample number: 1623.0
sample number: 1623.0
epoch:70; train_fscore:71.64%; train_loss:1.4045; train_loss1:0.6914; train_loss2:0.7131
sample number: 5810.0
sample number: 1623.0
sample number: 1623.0
epoch:71; train_fscore:71.67%; train_loss:1.4093; train_loss1:0.6948; train_loss2:0.7146
sample number: 5810.0
sample number: 1623.0
sample number: 1623.0
epoch:72; train_fscore:70.07%; train_loss:1.4132; train_loss1:0.7187; train_loss2:0.6945
sample number: 5810.0
sample number: 1623.0
sample number: 1623.0
epoch:73; train_fscore:69.62%; train_loss:1.4059; train_loss1:0.7444; train_loss2:0.6615
sample number: 5810.0
sample number: 1623.0
sample number: 1623.0
epoch:74; train_fscore:73.28%; train_loss:1.3557; train_loss1:0.6715; train_loss2:0.6842
sample number: 5810.0
sample number: 1623.0
sample number: 1623.0
epoch:75; train_fscore:75.25%; train_loss:1.328; train_loss1:0.6262; train_loss2:0.7018
sample number: 5810.0
sample number: 1623.0
sample number: 1623.0
epoch:76; train_fscore:74.43%; train_loss:1.3029; train_loss1:0.6344; train_loss2:0.6685
sample number: 5810.0
sample number: 1623.0
sample number: 1623.0
epoch:77; train_fscore:76.05%; train_loss:1.3763; train_loss1:0.6124; train_loss2:0.7639
sample number: 5810.0
sample number: 1623.0
sample number: 1623.0
epoch:78; train_fscore:75.60%; train_loss:1.3104; train_loss1:0.6133; train_loss2:0.6971
sample number: 5810.0
sample number: 1623.0
sample number: 1623.0
epoch:79; train_fscore:77.30%; train_loss:1.2517; train_loss1:0.5818; train_loss2:0.6699
sample number: 5810.0
sample number: 1623.0
sample number: 1623.0
epoch:80; train_fscore:75.01%; train_loss:1.2837; train_loss1:0.6376; train_loss2:0.6461
sample number: 5810.0
sample number: 1623.0
sample number: 1623.0
epoch:81; train_fscore:72.69%; train_loss:1.4406; train_loss1:0.7205; train_loss2:0.7201
sample number: 5810.0
sample number: 1623.0
sample number: 1623.0
epoch:82; train_fscore:71.82%; train_loss:1.4244; train_loss1:0.7011; train_loss2:0.7233
sample number: 5810.0
sample number: 1623.0
sample number: 1623.0
epoch:83; train_fscore:69.60%; train_loss:1.4037; train_loss1:0.7102; train_loss2:0.6936
sample number: 5810.0
sample number: 1623.0
sample number: 1623.0
epoch:84; train_fscore:69.25%; train_loss:1.4933; train_loss1:0.7552; train_loss2:0.7381
sample number: 5810.0
sample number: 1623.0
sample number: 1623.0
epoch:85; train_fscore:71.40%; train_loss:1.4162; train_loss1:0.6781; train_loss2:0.738
sample number: 5810.0
sample number: 1623.0
sample number: 1623.0
epoch:86; train_fscore:74.36%; train_loss:1.3312; train_loss1:0.6382; train_loss2:0.693
sample number: 5810.0
sample number: 1623.0
sample number: 1623.0
epoch:87; train_fscore:77.09%; train_loss:1.3417; train_loss1:0.592; train_loss2:0.7497
sample number: 5810.0
sample number: 1623.0
sample number: 1623.0
epoch:88; train_fscore:76.74%; train_loss:1.344; train_loss1:0.5854; train_loss2:0.7586
sample number: 5810.0
sample number: 1623.0
sample number: 1623.0
epoch:89; train_fscore:78.69%; train_loss:1.2564; train_loss1:0.5617; train_loss2:0.6947
sample number: 5810.0
sample number: 1623.0
sample number: 1623.0
epoch:90; train_fscore:78.35%; train_loss:1.2863; train_loss1:0.5536; train_loss2:0.7327
sample number: 5810.0
sample number: 1623.0
sample number: 1623.0
epoch:91; train_fscore:78.13%; train_loss:1.2571; train_loss1:0.5444; train_loss2:0.7127
sample number: 5810.0
sample number: 1623.0
sample number: 1623.0
epoch:92; train_fscore:78.72%; train_loss:1.2714; train_loss1:0.541; train_loss2:0.7304
sample number: 5810.0
sample number: 1623.0
sample number: 1623.0
epoch:93; train_fscore:78.88%; train_loss:1.1951; train_loss1:0.5198; train_loss2:0.6753
sample number: 5810.0
sample number: 1623.0
sample number: 1623.0
epoch:94; train_fscore:80.58%; train_loss:1.1777; train_loss1:0.4941; train_loss2:0.6836
sample number: 5810.0
sample number: 1623.0
sample number: 1623.0
epoch:95; train_fscore:80.89%; train_loss:1.208; train_loss1:0.4937; train_loss2:0.7143
sample number: 5810.0
sample number: 1623.0
sample number: 1623.0
epoch:96; train_fscore:81.83%; train_loss:1.1249; train_loss1:0.4611; train_loss2:0.6638
sample number: 5810.0
sample number: 1623.0
sample number: 1623.0
epoch:97; train_fscore:81.24%; train_loss:1.1774; train_loss1:0.4678; train_loss2:0.7096
sample number: 5810.0
sample number: 1623.0
sample number: 1623.0
epoch:98; train_fscore:80.66%; train_loss:1.2147; train_loss1:0.4805; train_loss2:0.7341
sample number: 5810.0
sample number: 1623.0
sample number: 1623.0
epoch:99; train_fscore:82.88%; train_loss:1.1005; train_loss1:0.437; train_loss2:0.6635
sample number: 5810.0
sample number: 1623.0
sample number: 1623.0
epoch:100; train_fscore:82.56%; train_loss:1.0969; train_loss1:0.4193; train_loss2:0.6776
Step3: saving and testing on the 5 folder
>>>>> Finish: training on the 5 folder, duration: 533.430615901947 >>>>>
====== Saving =======
SMOKE_ONLY=False
save results in /data2/yb/paper/experiments/second_graph_aggregation_iemocap6_20260825/formal/soft_medoid/miss_0p5/seed_70/fold_5/saved/iemocapsix_original_addition_secondagg_soft_medoid_f5_s70_m0p5_1787707220.4948308.npz
