Namespace(allow_short_run=False, audio_feature='wav2vec-large-c-UTT', base_model='LSTM', batch_size=32, branch_fusion='addition', data_root='/data2/yb/paper/GCNet_TPAMI_modality_jepa_20260818/dataset/IEMOCAP', dataset='IEMOCAPSix', dropout=0.5, epochs=100, fold_index=5, graph_conv_variant='original', hidden=200, l2=1e-05, loss_recon=True, lower_bound=False, lr=0.001, mask_bank_root='/data2/yb/paper/experiments/mpfilm_iemocap6_20260824/mask_banks', mask_seed=70, mask_type='constant-0.3', n_classes=6, n_speakers=2, no_cuda=False, num_folder=5, num_threads=6, output_dir='/data2/yb/paper/experiments/second_graph_aggregation_iemocap6_20260825_phase_b/formal/rtdr/miss_0p3/seed_70/fold_5/saved', post_graph_context='bilstm', pre_graph_context='bilstm', reccls_flag=False, relation_track_routing='diagonal', second_graph_aggregation='add', seed=70, text_feature='deberta-large-4-UTT', time_attn=False, video_feature='manet_UTT', windowf=2, windowp=2)
====== Reading Data =======
audio dimension: 512; text dimension: 1024; video dimension: 1024
stage-aware mask bundle: sha256=7fe52341846dd4615a6e2669a8b85c40d62b8476b04410b4721fb50e847bc24b requested=0.3000 realized=0.3028
====== Training and Evaluation =======
>>>>> Cross-validation: training on the 5 folder >>>>>
Step1: build model (each folder has its own model)
Model have 36419816 paramerters in total
Graph NN with LSTM as base model.
Step2: training (multiple epoches)
sample number: 5810.0
sample number: 1623.0
sample number: 1623.0
epoch:1; train_fscore:16.38%; train_loss:3.5263; train_loss1:1.7903; train_loss2:1.736
sample number: 5810.0
sample number: 1623.0
sample number: 1623.0
epoch:2; train_fscore:16.65%; train_loss:3.4076; train_loss1:1.8086; train_loss2:1.599
sample number: 5810.0
sample number: 1623.0
sample number: 1623.0
epoch:3; train_fscore:18.76%; train_loss:3.1478; train_loss1:1.6956; train_loss2:1.4522
sample number: 5810.0
sample number: 1623.0
sample number: 1623.0
epoch:4; train_fscore:26.29%; train_loss:2.7885; train_loss1:1.5807; train_loss2:1.2078
sample number: 5810.0
sample number: 1623.0
sample number: 1623.0
epoch:5; train_fscore:25.11%; train_loss:2.7297; train_loss1:1.5187; train_loss2:1.211
sample number: 5810.0
sample number: 1623.0
sample number: 1623.0
epoch:6; train_fscore:27.66%; train_loss:2.5509; train_loss1:1.5094; train_loss2:1.0416
sample number: 5810.0
sample number: 1623.0
sample number: 1623.0
epoch:7; train_fscore:24.80%; train_loss:2.4879; train_loss1:1.551; train_loss2:0.9369
sample number: 5810.0
sample number: 1623.0
sample number: 1623.0
epoch:8; train_fscore:21.39%; train_loss:2.424; train_loss1:1.6431; train_loss2:0.7809
sample number: 5810.0
sample number: 1623.0
sample number: 1623.0
epoch:9; train_fscore:23.95%; train_loss:2.2146; train_loss1:1.5194; train_loss2:0.6952
sample number: 5810.0
sample number: 1623.0
sample number: 1623.0
epoch:10; train_fscore:28.78%; train_loss:1.9903; train_loss1:1.4548; train_loss2:0.5355
sample number: 5810.0
sample number: 1623.0
sample number: 1623.0
epoch:11; train_fscore:27.60%; train_loss:1.9168; train_loss1:1.4147; train_loss2:0.5021
sample number: 5810.0
sample number: 1623.0
sample number: 1623.0
epoch:12; train_fscore:30.67%; train_loss:1.8871; train_loss1:1.3794; train_loss2:0.5077
sample number: 5810.0
sample number: 1623.0
sample number: 1623.0
epoch:13; train_fscore:33.92%; train_loss:1.7593; train_loss1:1.329; train_loss2:0.4303
sample number: 5810.0
sample number: 1623.0
sample number: 1623.0
epoch:14; train_fscore:38.60%; train_loss:1.7616; train_loss1:1.309; train_loss2:0.4526
sample number: 5810.0
sample number: 1623.0
sample number: 1623.0
epoch:15; train_fscore:40.53%; train_loss:1.7256; train_loss1:1.2715; train_loss2:0.4541
sample number: 5810.0
sample number: 1623.0
sample number: 1623.0
epoch:16; train_fscore:39.69%; train_loss:1.7064; train_loss1:1.2877; train_loss2:0.4187
sample number: 5810.0
sample number: 1623.0
sample number: 1623.0
epoch:17; train_fscore:41.75%; train_loss:1.7318; train_loss1:1.2399; train_loss2:0.4919
sample number: 5810.0
sample number: 1623.0
sample number: 1623.0
epoch:18; train_fscore:41.72%; train_loss:1.6341; train_loss1:1.2425; train_loss2:0.3917
sample number: 5810.0
sample number: 1623.0
sample number: 1623.0
epoch:19; train_fscore:41.26%; train_loss:1.6294; train_loss1:1.2367; train_loss2:0.3927
sample number: 5810.0
sample number: 1623.0
sample number: 1623.0
epoch:20; train_fscore:40.12%; train_loss:1.6518; train_loss1:1.2131; train_loss2:0.4387
sample number: 5810.0
sample number: 1623.0
sample number: 1623.0
epoch:21; train_fscore:48.34%; train_loss:1.5473; train_loss1:1.148; train_loss2:0.3993
sample number: 5810.0
sample number: 1623.0
sample number: 1623.0
epoch:22; train_fscore:49.80%; train_loss:1.5495; train_loss1:1.0961; train_loss2:0.4534
sample number: 5810.0
sample number: 1623.0
sample number: 1623.0
epoch:23; train_fscore:53.31%; train_loss:1.5052; train_loss1:1.0586; train_loss2:0.4465
sample number: 5810.0
sample number: 1623.0
sample number: 1623.0
epoch:24; train_fscore:52.02%; train_loss:1.5156; train_loss1:1.0789; train_loss2:0.4367
sample number: 5810.0
sample number: 1623.0
sample number: 1623.0
epoch:25; train_fscore:54.28%; train_loss:1.4331; train_loss1:1.0459; train_loss2:0.3872
sample number: 5810.0
sample number: 1623.0
sample number: 1623.0
epoch:26; train_fscore:55.02%; train_loss:1.447; train_loss1:1.0253; train_loss2:0.4217
sample number: 5810.0
sample number: 1623.0
sample number: 1623.0
epoch:27; train_fscore:57.40%; train_loss:1.4642; train_loss1:1.0018; train_loss2:0.4624
sample number: 5810.0
sample number: 1623.0
sample number: 1623.0
epoch:28; train_fscore:53.90%; train_loss:1.4842; train_loss1:1.0118; train_loss2:0.4725
sample number: 5810.0
sample number: 1623.0
sample number: 1623.0
epoch:29; train_fscore:53.54%; train_loss:1.4203; train_loss1:0.993; train_loss2:0.4273
sample number: 5810.0
sample number: 1623.0
sample number: 1623.0
epoch:30; train_fscore:55.64%; train_loss:1.4482; train_loss1:1.0057; train_loss2:0.4424
sample number: 5810.0
sample number: 1623.0
sample number: 1623.0
epoch:31; train_fscore:55.92%; train_loss:1.4198; train_loss1:1.0141; train_loss2:0.4057
sample number: 5810.0
sample number: 1623.0
sample number: 1623.0
epoch:32; train_fscore:55.62%; train_loss:1.4249; train_loss1:0.9906; train_loss2:0.4343
sample number: 5810.0
sample number: 1623.0
sample number: 1623.0
epoch:33; train_fscore:60.09%; train_loss:1.3464; train_loss1:0.9476; train_loss2:0.3988
sample number: 5810.0
sample number: 1623.0
sample number: 1623.0
epoch:34; train_fscore:59.14%; train_loss:1.3764; train_loss1:0.9228; train_loss2:0.4536
sample number: 5810.0
sample number: 1623.0
sample number: 1623.0
epoch:35; train_fscore:60.07%; train_loss:1.3165; train_loss1:0.9216; train_loss2:0.3949
sample number: 5810.0
sample number: 1623.0
sample number: 1623.0
epoch:36; train_fscore:60.97%; train_loss:1.3258; train_loss1:0.8997; train_loss2:0.4261
sample number: 5810.0
sample number: 1623.0
sample number: 1623.0
epoch:37; train_fscore:61.70%; train_loss:1.2888; train_loss1:0.894; train_loss2:0.3948
sample number: 5810.0
sample number: 1623.0
sample number: 1623.0
epoch:38; train_fscore:60.76%; train_loss:1.3162; train_loss1:0.8899; train_loss2:0.4263
sample number: 5810.0
sample number: 1623.0
sample number: 1623.0
epoch:39; train_fscore:64.45%; train_loss:1.2756; train_loss1:0.856; train_loss2:0.4196
sample number: 5810.0
sample number: 1623.0
sample number: 1623.0
epoch:40; train_fscore:63.53%; train_loss:1.2737; train_loss1:0.8328; train_loss2:0.4409
sample number: 5810.0
sample number: 1623.0
sample number: 1623.0
epoch:41; train_fscore:65.56%; train_loss:1.2489; train_loss1:0.827; train_loss2:0.4218
sample number: 5810.0
sample number: 1623.0
sample number: 1623.0
epoch:42; train_fscore:63.93%; train_loss:1.2896; train_loss1:0.8481; train_loss2:0.4415
sample number: 5810.0
sample number: 1623.0
sample number: 1623.0
epoch:43; train_fscore:62.50%; train_loss:1.267; train_loss1:0.8734; train_loss2:0.3936
sample number: 5810.0
sample number: 1623.0
sample number: 1623.0
epoch:44; train_fscore:65.05%; train_loss:1.2653; train_loss1:0.8297; train_loss2:0.4356
sample number: 5810.0
sample number: 1623.0
sample number: 1623.0
epoch:45; train_fscore:65.45%; train_loss:1.2517; train_loss1:0.8167; train_loss2:0.4349
sample number: 5810.0
sample number: 1623.0
sample number: 1623.0
epoch:46; train_fscore:66.54%; train_loss:1.2343; train_loss1:0.8061; train_loss2:0.4282
sample number: 5810.0
sample number: 1623.0
sample number: 1623.0
epoch:47; train_fscore:65.62%; train_loss:1.2797; train_loss1:0.8256; train_loss2:0.4542
sample number: 5810.0
sample number: 1623.0
sample number: 1623.0
epoch:48; train_fscore:65.25%; train_loss:1.1871; train_loss1:0.8116; train_loss2:0.3755
sample number: 5810.0
sample number: 1623.0
sample number: 1623.0
epoch:49; train_fscore:67.77%; train_loss:1.1941; train_loss1:0.788; train_loss2:0.4061
sample number: 5810.0
sample number: 1623.0
sample number: 1623.0
epoch:50; train_fscore:69.21%; train_loss:1.1914; train_loss1:0.7671; train_loss2:0.4243
sample number: 5810.0
sample number: 1623.0
sample number: 1623.0
epoch:51; train_fscore:69.98%; train_loss:1.1738; train_loss1:0.7337; train_loss2:0.4401
sample number: 5810.0
sample number: 1623.0
sample number: 1623.0
epoch:52; train_fscore:70.74%; train_loss:1.1642; train_loss1:0.7215; train_loss2:0.4428
sample number: 5810.0
sample number: 1623.0
sample number: 1623.0
epoch:53; train_fscore:71.23%; train_loss:1.1763; train_loss1:0.7117; train_loss2:0.4646
sample number: 5810.0
sample number: 1623.0
sample number: 1623.0
epoch:54; train_fscore:71.17%; train_loss:1.0916; train_loss1:0.6974; train_loss2:0.3941
sample number: 5810.0
sample number: 1623.0
sample number: 1623.0
epoch:55; train_fscore:71.23%; train_loss:1.1493; train_loss1:0.7061; train_loss2:0.4432
sample number: 5810.0
sample number: 1623.0
sample number: 1623.0
epoch:56; train_fscore:71.69%; train_loss:1.0893; train_loss1:0.6853; train_loss2:0.4039
sample number: 5810.0
sample number: 1623.0
sample number: 1623.0
epoch:57; train_fscore:73.21%; train_loss:1.0905; train_loss1:0.673; train_loss2:0.4175
sample number: 5810.0
sample number: 1623.0
sample number: 1623.0
epoch:58; train_fscore:74.27%; train_loss:1.0559; train_loss1:0.6397; train_loss2:0.4162
sample number: 5810.0
sample number: 1623.0
sample number: 1623.0
epoch:59; train_fscore:75.06%; train_loss:1.0473; train_loss1:0.6329; train_loss2:0.4144
sample number: 5810.0
sample number: 1623.0
sample number: 1623.0
epoch:60; train_fscore:75.40%; train_loss:1.0406; train_loss1:0.6127; train_loss2:0.4279
sample number: 5810.0
sample number: 1623.0
sample number: 1623.0
epoch:61; train_fscore:75.98%; train_loss:1.0118; train_loss1:0.6062; train_loss2:0.4057
sample number: 5810.0
sample number: 1623.0
sample number: 1623.0
epoch:62; train_fscore:74.90%; train_loss:1.0738; train_loss1:0.6276; train_loss2:0.4462
sample number: 5810.0
sample number: 1623.0
sample number: 1623.0
epoch:63; train_fscore:76.09%; train_loss:0.9919; train_loss1:0.5909; train_loss2:0.4011
sample number: 5810.0
sample number: 1623.0
sample number: 1623.0
epoch:64; train_fscore:75.38%; train_loss:1.0254; train_loss1:0.621; train_loss2:0.4044
sample number: 5810.0
sample number: 1623.0
sample number: 1623.0
epoch:65; train_fscore:75.40%; train_loss:1.018; train_loss1:0.6094; train_loss2:0.4086
sample number: 5810.0
sample number: 1623.0
sample number: 1623.0
epoch:66; train_fscore:75.56%; train_loss:0.9952; train_loss1:0.6063; train_loss2:0.389
sample number: 5810.0
sample number: 1623.0
sample number: 1623.0
epoch:67; train_fscore:74.63%; train_loss:1.0228; train_loss1:0.6247; train_loss2:0.3981
sample number: 5810.0
sample number: 1623.0
sample number: 1623.0
epoch:68; train_fscore:75.30%; train_loss:1.014; train_loss1:0.6013; train_loss2:0.4127
sample number: 5810.0
sample number: 1623.0
sample number: 1623.0
epoch:69; train_fscore:76.40%; train_loss:0.9696; train_loss1:0.5794; train_loss2:0.3903
sample number: 5810.0
sample number: 1623.0
sample number: 1623.0
epoch:70; train_fscore:77.02%; train_loss:1.0016; train_loss1:0.5734; train_loss2:0.4283
sample number: 5810.0
sample number: 1623.0
sample number: 1623.0
epoch:71; train_fscore:77.68%; train_loss:0.9708; train_loss1:0.5589; train_loss2:0.4119
sample number: 5810.0
sample number: 1623.0
sample number: 1623.0
epoch:72; train_fscore:78.27%; train_loss:0.9743; train_loss1:0.5513; train_loss2:0.423
sample number: 5810.0
sample number: 1623.0
sample number: 1623.0
epoch:73; train_fscore:76.15%; train_loss:1.0076; train_loss1:0.5759; train_loss2:0.4317
sample number: 5810.0
sample number: 1623.0
sample number: 1623.0
epoch:74; train_fscore:78.56%; train_loss:0.9755; train_loss1:0.5437; train_loss2:0.4318
sample number: 5810.0
sample number: 1623.0
sample number: 1623.0
epoch:75; train_fscore:78.47%; train_loss:0.9475; train_loss1:0.5249; train_loss2:0.4226
sample number: 5810.0
sample number: 1623.0
sample number: 1623.0
epoch:76; train_fscore:80.31%; train_loss:0.8874; train_loss1:0.4971; train_loss2:0.3903
sample number: 5810.0
sample number: 1623.0
sample number: 1623.0
epoch:77; train_fscore:79.63%; train_loss:0.9882; train_loss1:0.5115; train_loss2:0.4767
sample number: 5810.0
sample number: 1623.0
sample number: 1623.0
epoch:78; train_fscore:80.46%; train_loss:0.9189; train_loss1:0.4927; train_loss2:0.4262
sample number: 5810.0
sample number: 1623.0
sample number: 1623.0
epoch:79; train_fscore:79.99%; train_loss:0.931; train_loss1:0.5103; train_loss2:0.4208
sample number: 5810.0
sample number: 1623.0
sample number: 1623.0
epoch:80; train_fscore:78.93%; train_loss:0.91; train_loss1:0.5245; train_loss2:0.3855
sample number: 5810.0
sample number: 1623.0
sample number: 1623.0
epoch:81; train_fscore:80.14%; train_loss:0.9215; train_loss1:0.4992; train_loss2:0.4223
sample number: 5810.0
sample number: 1623.0
sample number: 1623.0
epoch:82; train_fscore:80.79%; train_loss:0.9155; train_loss1:0.4842; train_loss2:0.4313
sample number: 5810.0
sample number: 1623.0
sample number: 1623.0
epoch:83; train_fscore:81.36%; train_loss:0.8873; train_loss1:0.4649; train_loss2:0.4224
sample number: 5810.0
sample number: 1623.0
sample number: 1623.0
epoch:84; train_fscore:82.28%; train_loss:0.8857; train_loss1:0.4503; train_loss2:0.4354
sample number: 5810.0
sample number: 1623.0
sample number: 1623.0
epoch:85; train_fscore:82.23%; train_loss:0.8999; train_loss1:0.4474; train_loss2:0.4526
sample number: 5810.0
sample number: 1623.0
sample number: 1623.0
epoch:86; train_fscore:82.44%; train_loss:0.8525; train_loss1:0.4359; train_loss2:0.4166
sample number: 5810.0
sample number: 1623.0
sample number: 1623.0
epoch:87; train_fscore:83.05%; train_loss:0.8732; train_loss1:0.4263; train_loss2:0.4469
sample number: 5810.0
sample number: 1623.0
sample number: 1623.0
epoch:88; train_fscore:83.42%; train_loss:0.8494; train_loss1:0.4161; train_loss2:0.4333
sample number: 5810.0
sample number: 1623.0
sample number: 1623.0
epoch:89; train_fscore:83.63%; train_loss:0.8122; train_loss1:0.4101; train_loss2:0.4021
sample number: 5810.0
sample number: 1623.0
sample number: 1623.0
epoch:90; train_fscore:83.06%; train_loss:0.8586; train_loss1:0.416; train_loss2:0.4426
sample number: 5810.0
sample number: 1623.0
sample number: 1623.0
epoch:91; train_fscore:83.92%; train_loss:0.8268; train_loss1:0.4088; train_loss2:0.418
sample number: 5810.0
sample number: 1623.0
sample number: 1623.0
epoch:92; train_fscore:84.04%; train_loss:0.7993; train_loss1:0.3978; train_loss2:0.4015
sample number: 5810.0
sample number: 1623.0
sample number: 1623.0
epoch:93; train_fscore:84.47%; train_loss:0.8002; train_loss1:0.3854; train_loss2:0.4148
sample number: 5810.0
sample number: 1623.0
sample number: 1623.0
epoch:94; train_fscore:84.86%; train_loss:0.7889; train_loss1:0.3692; train_loss2:0.4197
sample number: 5810.0
sample number: 1623.0
sample number: 1623.0
epoch:95; train_fscore:85.76%; train_loss:0.8067; train_loss1:0.3524; train_loss2:0.4544
sample number: 5810.0
sample number: 1623.0
sample number: 1623.0
epoch:96; train_fscore:85.41%; train_loss:0.7552; train_loss1:0.3569; train_loss2:0.3983
sample number: 5810.0
sample number: 1623.0
sample number: 1623.0
epoch:97; train_fscore:86.76%; train_loss:0.7459; train_loss1:0.3307; train_loss2:0.4152
sample number: 5810.0
sample number: 1623.0
sample number: 1623.0
epoch:98; train_fscore:87.01%; train_loss:0.7781; train_loss1:0.3328; train_loss2:0.4453
sample number: 5810.0
sample number: 1623.0
sample number: 1623.0
epoch:99; train_fscore:87.71%; train_loss:0.7244; train_loss1:0.3191; train_loss2:0.4053
sample number: 5810.0
sample number: 1623.0
sample number: 1623.0
epoch:100; train_fscore:86.66%; train_loss:0.7438; train_loss1:0.3255; train_loss2:0.4184
Step3: saving and testing on the 5 folder
>>>>> Finish: training on the 5 folder, duration: 362.34414410591125 >>>>>
====== Saving =======
SMOKE_ONLY=False
save results in /data2/yb/paper/experiments/second_graph_aggregation_iemocap6_20260825_phase_b/formal/rtdr/miss_0p3/seed_70/fold_5/saved/iemocapsix_original_addition_relationtrack_diagonal_f5_s70_m0p3_1787700517.3484962.npz
