Namespace(allow_short_run=False, audio_feature='wav2vec-large-c-UTT', base_model='LSTM', batch_size=32, branch_fusion='addition', data_root='/data2/yb/paper/GCNet_TPAMI_modality_jepa_20260818/dataset/IEMOCAP', dataset='IEMOCAPSix', dropout=0.5, epochs=100, fold_index=5, graph_conv_variant='original', hidden=200, l2=1e-05, loss_recon=True, lower_bound=False, lr=0.001, mask_bank_root='/data2/yb/paper/experiments/mpfilm_iemocap6_20260824/mask_banks', mask_seed=70, mask_type='constant-0.0', n_classes=6, n_speakers=2, no_cuda=False, num_folder=5, num_threads=6, output_dir='/data2/yb/paper/experiments/second_graph_aggregation_iemocap6_20260825/formal/genagg/miss_0p0/seed_70/fold_5/saved', post_graph_context='bilstm', pre_graph_context='bilstm', reccls_flag=False, second_graph_aggregation='genagg', seed=70, text_feature='deberta-large-4-UTT', time_attn=False, video_feature='manet_UTT', windowf=2, windowp=2)
====== Reading Data =======
audio dimension: 512; text dimension: 1024; video dimension: 1024
stage-aware mask bundle: sha256=ab7f1b1c4e31edf5027618572052a498ef0071caf76a7ba6a066c003a00d9ef9 requested=0.0000 realized=0.0000
====== Training and Evaluation =======
>>>>> Cross-validation: training on the 5 folder >>>>>
Step1: build model (each folder has its own model)
Model have 36419934 paramerters in total
Graph NN with LSTM as base model.
Step2: training (multiple epoches)
sample number: 5810.0
sample number: 1623.0
sample number: 1623.0
epoch:1; train_fscore:14.19%; train_loss:3.8516; train_loss1:1.7947; train_loss2:0.0
sample number: 5810.0
sample number: 1623.0
sample number: 1623.0
epoch:2; train_fscore:14.75%; train_loss:2.2793; train_loss1:1.7622; train_loss2:0.0
sample number: 5810.0
sample number: 1623.0
sample number: 1623.0
epoch:3; train_fscore:10.59%; train_loss:2.0517; train_loss1:1.7553; train_loss2:0.0
sample number: 5810.0
sample number: 1623.0
sample number: 1623.0
epoch:4; train_fscore:13.08%; train_loss:1.9344; train_loss1:1.7522; train_loss2:0.0
sample number: 5810.0
sample number: 1623.0
sample number: 1623.0
epoch:5; train_fscore:10.58%; train_loss:1.8895; train_loss1:1.7503; train_loss2:0.0
sample number: 5810.0
sample number: 1623.0
sample number: 1623.0
epoch:6; train_fscore:11.81%; train_loss:1.8448; train_loss1:1.7369; train_loss2:0.0
sample number: 5810.0
sample number: 1623.0
sample number: 1623.0
epoch:7; train_fscore:12.36%; train_loss:1.8218; train_loss1:1.736; train_loss2:0.0
sample number: 5810.0
sample number: 1623.0
sample number: 1623.0
epoch:8; train_fscore:12.66%; train_loss:1.8028; train_loss1:1.731; train_loss2:0.0
sample number: 5810.0
sample number: 1623.0
sample number: 1623.0
epoch:9; train_fscore:14.27%; train_loss:1.7893; train_loss1:1.7297; train_loss2:0.0
sample number: 5810.0
sample number: 1623.0
sample number: 1623.0
epoch:10; train_fscore:13.74%; train_loss:1.7757; train_loss1:1.7255; train_loss2:0.0
sample number: 5810.0
sample number: 1623.0
sample number: 1623.0
epoch:11; train_fscore:14.05%; train_loss:1.7675; train_loss1:1.7239; train_loss2:0.0
sample number: 5810.0
sample number: 1623.0
sample number: 1623.0
epoch:12; train_fscore:14.93%; train_loss:1.7678; train_loss1:1.7288; train_loss2:0.0
sample number: 5810.0
sample number: 1623.0
sample number: 1623.0
epoch:13; train_fscore:16.47%; train_loss:1.7761; train_loss1:1.7411; train_loss2:0.0
sample number: 5810.0
sample number: 1623.0
sample number: 1623.0
epoch:14; train_fscore:14.21%; train_loss:1.7545; train_loss1:1.7214; train_loss2:0.0
sample number: 5810.0
sample number: 1623.0
sample number: 1623.0
epoch:15; train_fscore:15.44%; train_loss:1.7403; train_loss1:1.7118; train_loss2:0.0
sample number: 5810.0
sample number: 1623.0
sample number: 1623.0
epoch:16; train_fscore:16.50%; train_loss:1.7421; train_loss1:1.7166; train_loss2:0.0
sample number: 5810.0
sample number: 1623.0
sample number: 1623.0
epoch:17; train_fscore:16.78%; train_loss:1.7255; train_loss1:1.7027; train_loss2:0.0
sample number: 5810.0
sample number: 1623.0
sample number: 1623.0
epoch:18; train_fscore:18.75%; train_loss:1.7217; train_loss1:1.7012; train_loss2:0.0
sample number: 5810.0
sample number: 1623.0
sample number: 1623.0
epoch:19; train_fscore:19.39%; train_loss:1.723; train_loss1:1.7049; train_loss2:0.0
sample number: 5810.0
sample number: 1623.0
sample number: 1623.0
epoch:20; train_fscore:15.72%; train_loss:1.711; train_loss1:1.6948; train_loss2:0.0
sample number: 5810.0
sample number: 1623.0
sample number: 1623.0
epoch:21; train_fscore:20.61%; train_loss:1.7018; train_loss1:1.6875; train_loss2:0.0
sample number: 5810.0
sample number: 1623.0
sample number: 1623.0
epoch:22; train_fscore:23.70%; train_loss:1.6877; train_loss1:1.6738; train_loss2:0.0
sample number: 5810.0
sample number: 1623.0
sample number: 1623.0
epoch:23; train_fscore:23.02%; train_loss:1.6625; train_loss1:1.6491; train_loss2:0.0
sample number: 5810.0
sample number: 1623.0
sample number: 1623.0
epoch:24; train_fscore:12.13%; train_loss:2.1281; train_loss1:2.1009; train_loss2:0.0
sample number: 5810.0
sample number: 1623.0
sample number: 1623.0
epoch:25; train_fscore:16.61%; train_loss:1.8222; train_loss1:1.7919; train_loss2:0.0
sample number: 5810.0
sample number: 1623.0
sample number: 1623.0
epoch:26; train_fscore:17.79%; train_loss:1.7535; train_loss1:1.7285; train_loss2:0.0
sample number: 5810.0
sample number: 1623.0
sample number: 1623.0
epoch:27; train_fscore:19.46%; train_loss:1.7426; train_loss1:1.7238; train_loss2:0.0
sample number: 5810.0
sample number: 1623.0
sample number: 1623.0
epoch:28; train_fscore:19.03%; train_loss:1.7289; train_loss1:1.7156; train_loss2:0.0
sample number: 5810.0
sample number: 1623.0
sample number: 1623.0
epoch:29; train_fscore:19.91%; train_loss:1.7225; train_loss1:1.7101; train_loss2:0.0
sample number: 5810.0
sample number: 1623.0
sample number: 1623.0
epoch:30; train_fscore:22.05%; train_loss:1.7063; train_loss1:1.6955; train_loss2:0.0
sample number: 5810.0
sample number: 1623.0
sample number: 1623.0
epoch:31; train_fscore:22.79%; train_loss:1.6791; train_loss1:1.6684; train_loss2:0.0
sample number: 5810.0
sample number: 1623.0
sample number: 1623.0
epoch:32; train_fscore:18.99%; train_loss:1.8884; train_loss1:1.8769; train_loss2:0.0
sample number: 5810.0
sample number: 1623.0
sample number: 1623.0
epoch:33; train_fscore:20.14%; train_loss:1.8468; train_loss1:1.8016; train_loss2:0.0
sample number: 5810.0
sample number: 1623.0
sample number: 1623.0
epoch:34; train_fscore:15.43%; train_loss:1.7633; train_loss1:1.7154; train_loss2:0.0
sample number: 5810.0
sample number: 1623.0
sample number: 1623.0
epoch:35; train_fscore:15.08%; train_loss:1.7389; train_loss1:1.7096; train_loss2:0.0
sample number: 5810.0
sample number: 1623.0
sample number: 1623.0
epoch:36; train_fscore:18.59%; train_loss:1.7295; train_loss1:1.7104; train_loss2:0.0
sample number: 5810.0
sample number: 1623.0
sample number: 1623.0
epoch:37; train_fscore:18.92%; train_loss:1.7221; train_loss1:1.7073; train_loss2:0.0
sample number: 5810.0
sample number: 1623.0
sample number: 1623.0
epoch:38; train_fscore:18.69%; train_loss:1.7164; train_loss1:1.7036; train_loss2:0.0
sample number: 5810.0
sample number: 1623.0
sample number: 1623.0
epoch:39; train_fscore:20.15%; train_loss:1.7134; train_loss1:1.7025; train_loss2:0.0
sample number: 5810.0
sample number: 1623.0
sample number: 1623.0
epoch:40; train_fscore:20.67%; train_loss:1.7099; train_loss1:1.7007; train_loss2:0.0
sample number: 5810.0
sample number: 1623.0
sample number: 1623.0
epoch:41; train_fscore:19.90%; train_loss:1.7075; train_loss1:1.6991; train_loss2:0.0
sample number: 5810.0
sample number: 1623.0
sample number: 1623.0
epoch:42; train_fscore:19.31%; train_loss:1.7049; train_loss1:1.6971; train_loss2:0.0
sample number: 5810.0
sample number: 1623.0
sample number: 1623.0
epoch:43; train_fscore:21.95%; train_loss:1.7166; train_loss1:1.7091; train_loss2:0.0
sample number: 5810.0
sample number: 1623.0
sample number: 1623.0
epoch:44; train_fscore:20.98%; train_loss:1.7008; train_loss1:1.694; train_loss2:0.0
sample number: 5810.0
sample number: 1623.0
sample number: 1623.0
epoch:45; train_fscore:20.34%; train_loss:1.6949; train_loss1:1.6882; train_loss2:0.0
sample number: 5810.0
sample number: 1623.0
sample number: 1623.0
epoch:46; train_fscore:22.31%; train_loss:1.6906; train_loss1:1.6843; train_loss2:0.0
sample number: 5810.0
sample number: 1623.0
sample number: 1623.0
epoch:47; train_fscore:23.15%; train_loss:1.6794; train_loss1:1.6733; train_loss2:0.0
sample number: 5810.0
sample number: 1623.0
sample number: 1623.0
epoch:48; train_fscore:24.92%; train_loss:1.6679; train_loss1:1.662; train_loss2:0.0
sample number: 5810.0
sample number: 1623.0
sample number: 1623.0
epoch:49; train_fscore:24.37%; train_loss:1.6632; train_loss1:1.6574; train_loss2:0.0
sample number: 5810.0
sample number: 1623.0
sample number: 1623.0
epoch:50; train_fscore:27.58%; train_loss:1.6449; train_loss1:1.6391; train_loss2:0.0
sample number: 5810.0
sample number: 1623.0
sample number: 1623.0
epoch:51; train_fscore:26.82%; train_loss:1.6771; train_loss1:1.6708; train_loss2:0.0
sample number: 5810.0
sample number: 1623.0
sample number: 1623.0
epoch:52; train_fscore:22.82%; train_loss:1.6716; train_loss1:1.6632; train_loss2:0.0
sample number: 5810.0
sample number: 1623.0
sample number: 1623.0
epoch:53; train_fscore:25.57%; train_loss:1.6762; train_loss1:1.6663; train_loss2:0.0
sample number: 5810.0
sample number: 1623.0
sample number: 1623.0
epoch:54; train_fscore:26.69%; train_loss:1.6701; train_loss1:1.6617; train_loss2:0.0
sample number: 5810.0
sample number: 1623.0
sample number: 1623.0
epoch:55; train_fscore:26.75%; train_loss:1.6483; train_loss1:1.6407; train_loss2:0.0
sample number: 5810.0
sample number: 1623.0
sample number: 1623.0
epoch:56; train_fscore:28.17%; train_loss:1.6313; train_loss1:1.6247; train_loss2:0.0
sample number: 5810.0
sample number: 1623.0
sample number: 1623.0
epoch:57; train_fscore:26.19%; train_loss:1.6288; train_loss1:1.6228; train_loss2:0.0
sample number: 5810.0
sample number: 1623.0
sample number: 1623.0
epoch:58; train_fscore:28.74%; train_loss:1.6057; train_loss1:1.6002; train_loss2:0.0
sample number: 5810.0
sample number: 1623.0
sample number: 1623.0
epoch:59; train_fscore:30.75%; train_loss:1.5994; train_loss1:1.5942; train_loss2:0.0
sample number: 5810.0
sample number: 1623.0
sample number: 1623.0
epoch:60; train_fscore:29.53%; train_loss:1.5812; train_loss1:1.5762; train_loss2:0.0
sample number: 5810.0
sample number: 1623.0
sample number: 1623.0
epoch:61; train_fscore:29.09%; train_loss:1.5657; train_loss1:1.5608; train_loss2:0.0
sample number: 5810.0
sample number: 1623.0
sample number: 1623.0
epoch:62; train_fscore:28.44%; train_loss:1.5791; train_loss1:1.5742; train_loss2:0.0
sample number: 5810.0
sample number: 1623.0
sample number: 1623.0
epoch:63; train_fscore:31.12%; train_loss:1.5755; train_loss1:1.5697; train_loss2:0.0
sample number: 5810.0
sample number: 1623.0
sample number: 1623.0
epoch:64; train_fscore:29.35%; train_loss:1.5814; train_loss1:1.5756; train_loss2:0.0
sample number: 5810.0
sample number: 1623.0
sample number: 1623.0
epoch:65; train_fscore:30.66%; train_loss:1.5878; train_loss1:1.5803; train_loss2:0.0
sample number: 5810.0
sample number: 1623.0
sample number: 1623.0
epoch:66; train_fscore:32.68%; train_loss:1.572; train_loss1:1.5637; train_loss2:0.0
sample number: 5810.0
sample number: 1623.0
sample number: 1623.0
epoch:67; train_fscore:32.32%; train_loss:1.5373; train_loss1:1.5256; train_loss2:0.0
sample number: 5810.0
sample number: 1623.0
sample number: 1623.0
epoch:68; train_fscore:31.35%; train_loss:1.5087; train_loss1:1.4979; train_loss2:0.0
sample number: 5810.0
sample number: 1623.0
sample number: 1623.0
epoch:69; train_fscore:34.06%; train_loss:1.4771; train_loss1:1.4626; train_loss2:0.0
sample number: 5810.0
sample number: 1623.0
sample number: 1623.0
epoch:70; train_fscore:35.84%; train_loss:1.4153; train_loss1:1.4027; train_loss2:0.0
sample number: 5810.0
sample number: 1623.0
sample number: 1623.0
epoch:71; train_fscore:35.04%; train_loss:1.3733; train_loss1:1.3609; train_loss2:0.0
sample number: 5810.0
sample number: 1623.0
sample number: 1623.0
epoch:72; train_fscore:35.95%; train_loss:1.3796; train_loss1:1.3687; train_loss2:0.0
sample number: 5810.0
sample number: 1623.0
sample number: 1623.0
epoch:73; train_fscore:39.96%; train_loss:1.3068; train_loss1:1.2965; train_loss2:0.0
sample number: 5810.0
sample number: 1623.0
sample number: 1623.0
epoch:74; train_fscore:40.97%; train_loss:1.305; train_loss1:1.2937; train_loss2:0.0
sample number: 5810.0
sample number: 1623.0
sample number: 1623.0
epoch:75; train_fscore:44.35%; train_loss:1.2414; train_loss1:1.2313; train_loss2:0.0
sample number: 5810.0
sample number: 1623.0
sample number: 1623.0
epoch:76; train_fscore:44.85%; train_loss:1.2122; train_loss1:1.2023; train_loss2:0.0
sample number: 5810.0
sample number: 1623.0
sample number: 1623.0
epoch:77; train_fscore:46.31%; train_loss:1.2054; train_loss1:1.1953; train_loss2:0.0
sample number: 5810.0
sample number: 1623.0
sample number: 1623.0
epoch:78; train_fscore:35.23%; train_loss:1.5871; train_loss1:1.5702; train_loss2:0.0
sample number: 5810.0
sample number: 1623.0
sample number: 1623.0
epoch:79; train_fscore:34.23%; train_loss:1.4861; train_loss1:1.4605; train_loss2:0.0
sample number: 5810.0
sample number: 1623.0
sample number: 1623.0
epoch:80; train_fscore:37.45%; train_loss:1.3913; train_loss1:1.3629; train_loss2:0.0
sample number: 5810.0
sample number: 1623.0
sample number: 1623.0
epoch:81; train_fscore:40.61%; train_loss:1.325; train_loss1:1.2939; train_loss2:0.0
sample number: 5810.0
sample number: 1623.0
sample number: 1623.0
epoch:82; train_fscore:44.19%; train_loss:1.2588; train_loss1:1.2325; train_loss2:0.0
sample number: 5810.0
sample number: 1623.0
sample number: 1623.0
epoch:83; train_fscore:47.04%; train_loss:1.2092; train_loss1:1.1876; train_loss2:0.0
sample number: 5810.0
sample number: 1623.0
sample number: 1623.0
epoch:84; train_fscore:47.34%; train_loss:1.1753; train_loss1:1.1551; train_loss2:0.0
sample number: 5810.0
sample number: 1623.0
sample number: 1623.0
epoch:85; train_fscore:49.54%; train_loss:1.144; train_loss1:1.1252; train_loss2:0.0
sample number: 5810.0
sample number: 1623.0
sample number: 1623.0
epoch:86; train_fscore:49.82%; train_loss:1.1075; train_loss1:1.0923; train_loss2:0.0
sample number: 5810.0
sample number: 1623.0
sample number: 1623.0
epoch:87; train_fscore:51.91%; train_loss:1.073; train_loss1:1.0575; train_loss2:0.0
sample number: 5810.0
sample number: 1623.0
sample number: 1623.0
epoch:88; train_fscore:53.18%; train_loss:1.0429; train_loss1:1.0281; train_loss2:0.0
sample number: 5810.0
sample number: 1623.0
sample number: 1623.0
epoch:89; train_fscore:54.67%; train_loss:1.0307; train_loss1:1.0166; train_loss2:0.0
sample number: 5810.0
sample number: 1623.0
sample number: 1623.0
epoch:90; train_fscore:56.38%; train_loss:1.0064; train_loss1:0.9922; train_loss2:0.0
sample number: 5810.0
sample number: 1623.0
sample number: 1623.0
epoch:91; train_fscore:56.52%; train_loss:1.0026; train_loss1:0.9894; train_loss2:0.0
sample number: 5810.0
sample number: 1623.0
sample number: 1623.0
epoch:92; train_fscore:58.50%; train_loss:0.9589; train_loss1:0.9438; train_loss2:0.0
sample number: 5810.0
sample number: 1623.0
sample number: 1623.0
epoch:93; train_fscore:58.05%; train_loss:0.9515; train_loss1:0.9372; train_loss2:0.0
sample number: 5810.0
sample number: 1623.0
sample number: 1623.0
epoch:94; train_fscore:61.33%; train_loss:0.9135; train_loss1:0.9006; train_loss2:0.0
sample number: 5810.0
sample number: 1623.0
sample number: 1623.0
epoch:95; train_fscore:62.81%; train_loss:0.8993; train_loss1:0.888; train_loss2:0.0
sample number: 5810.0
sample number: 1623.0
sample number: 1623.0
epoch:96; train_fscore:61.74%; train_loss:0.8955; train_loss1:0.8835; train_loss2:0.0
sample number: 5810.0
sample number: 1623.0
sample number: 1623.0
epoch:97; train_fscore:63.40%; train_loss:0.8661; train_loss1:0.8552; train_loss2:0.0
sample number: 5810.0
sample number: 1623.0
sample number: 1623.0
epoch:98; train_fscore:64.20%; train_loss:0.8488; train_loss1:0.8367; train_loss2:0.0
sample number: 5810.0
sample number: 1623.0
sample number: 1623.0
epoch:99; train_fscore:65.33%; train_loss:0.8325; train_loss1:0.8204; train_loss2:0.0
sample number: 5810.0
sample number: 1623.0
sample number: 1623.0
epoch:100; train_fscore:66.96%; train_loss:0.8028; train_loss1:0.7906; train_loss2:0.0
Step3: saving and testing on the 5 folder
>>>>> Finish: training on the 5 folder, duration: 800.7398915290833 >>>>>
====== Saving =======
SMOKE_ONLY=False
save results in /data2/yb/paper/experiments/second_graph_aggregation_iemocap6_20260825/formal/genagg/miss_0p0/seed_70/fold_5/saved/iemocapsix_original_addition_secondagg_genagg_f5_s70_m0p0_1787707488.880718.npz
