Namespace(allow_short_run=False, audio_feature='wav2vec-large-c-UTT', base_model='LSTM', batch_size=32, branch_fusion='addition', data_root='/data2/yb/paper/GCNet_TPAMI_modality_jepa_20260818/dataset/IEMOCAP', dataset='IEMOCAPSix', dropout=0.5, epochs=100, fold_index=5, graph_conv_variant='original', hidden=200, l2=1e-05, loss_recon=True, lower_bound=False, lr=0.001, mask_bank_root='/data2/yb/paper/experiments/mpfilm_iemocap6_20260824/mask_banks', mask_seed=67, mask_type='constant-0.6', n_classes=6, n_speakers=2, no_cuda=False, num_folder=5, num_threads=6, output_dir='/data2/yb/paper/experiments/second_graph_aggregation_iemocap6_20260825_phase_b/formal/rtdr/miss_0p6/seed_67/fold_5/saved', post_graph_context='bilstm', pre_graph_context='bilstm', reccls_flag=False, relation_track_routing='diagonal', second_graph_aggregation='add', seed=67, text_feature='deberta-large-4-UTT', time_attn=False, video_feature='manet_UTT', windowf=2, windowp=2)
====== Reading Data =======
audio dimension: 512; text dimension: 1024; video dimension: 1024
stage-aware mask bundle: sha256=02680827c4a5bcc2366bfa30484cccf20c53d63e4877c91606f4cf612176c5b4 requested=0.6000 realized=0.6038
====== Training and Evaluation =======
>>>>> Cross-validation: training on the 5 folder >>>>>
Step1: build model (each folder has its own model)
Model have 36419816 paramerters in total
Graph NN with LSTM as base model.
Step2: training (multiple epoches)
sample number: 5810.0
sample number: 1623.0
sample number: 1623.0
epoch:1; train_fscore:14.50%; train_loss:5.1033; train_loss1:1.881; train_loss2:3.2223
sample number: 5810.0
sample number: 1623.0
sample number: 1623.0
epoch:2; train_fscore:17.44%; train_loss:4.6881; train_loss1:1.7642; train_loss2:2.9239
sample number: 5810.0
sample number: 1623.0
sample number: 1623.0
epoch:3; train_fscore:15.65%; train_loss:4.1917; train_loss1:1.8423; train_loss2:2.3494
sample number: 5810.0
sample number: 1623.0
sample number: 1623.0
epoch:4; train_fscore:15.08%; train_loss:4.0025; train_loss1:1.7606; train_loss2:2.2418
sample number: 5810.0
sample number: 1623.0
sample number: 1623.0
epoch:5; train_fscore:18.81%; train_loss:3.6034; train_loss1:1.6587; train_loss2:1.9446
sample number: 5810.0
sample number: 1623.0
sample number: 1623.0
epoch:6; train_fscore:19.40%; train_loss:3.3959; train_loss1:1.7558; train_loss2:1.6401
sample number: 5810.0
sample number: 1623.0
sample number: 1623.0
epoch:7; train_fscore:24.53%; train_loss:2.9189; train_loss1:1.6338; train_loss2:1.2852
sample number: 5810.0
sample number: 1623.0
sample number: 1623.0
epoch:8; train_fscore:23.08%; train_loss:2.6386; train_loss1:1.6211; train_loss2:1.0175
sample number: 5810.0
sample number: 1623.0
sample number: 1623.0
epoch:9; train_fscore:26.16%; train_loss:2.5814; train_loss1:1.6478; train_loss2:0.9336
sample number: 5810.0
sample number: 1623.0
sample number: 1623.0
epoch:10; train_fscore:23.65%; train_loss:2.4934; train_loss1:1.5617; train_loss2:0.9317
sample number: 5810.0
sample number: 1623.0
sample number: 1623.0
epoch:11; train_fscore:26.57%; train_loss:2.3901; train_loss1:1.5285; train_loss2:0.8616
sample number: 5810.0
sample number: 1623.0
sample number: 1623.0
epoch:12; train_fscore:24.43%; train_loss:2.5211; train_loss1:1.5966; train_loss2:0.9245
sample number: 5810.0
sample number: 1623.0
sample number: 1623.0
epoch:13; train_fscore:25.07%; train_loss:2.5354; train_loss1:1.5715; train_loss2:0.9639
sample number: 5810.0
sample number: 1623.0
sample number: 1623.0
epoch:14; train_fscore:27.48%; train_loss:2.4466; train_loss1:1.5601; train_loss2:0.8866
sample number: 5810.0
sample number: 1623.0
sample number: 1623.0
epoch:15; train_fscore:25.52%; train_loss:2.3403; train_loss1:1.5149; train_loss2:0.8254
sample number: 5810.0
sample number: 1623.0
sample number: 1623.0
epoch:16; train_fscore:26.23%; train_loss:2.441; train_loss1:1.5752; train_loss2:0.8657
sample number: 5810.0
sample number: 1623.0
sample number: 1623.0
epoch:17; train_fscore:21.81%; train_loss:2.495; train_loss1:1.6368; train_loss2:0.8582
sample number: 5810.0
sample number: 1623.0
sample number: 1623.0
epoch:18; train_fscore:22.22%; train_loss:2.4227; train_loss1:1.6091; train_loss2:0.8136
sample number: 5810.0
sample number: 1623.0
sample number: 1623.0
epoch:19; train_fscore:23.44%; train_loss:2.3861; train_loss1:1.5089; train_loss2:0.8772
sample number: 5810.0
sample number: 1623.0
sample number: 1623.0
epoch:20; train_fscore:25.09%; train_loss:2.3409; train_loss1:1.5369; train_loss2:0.8039
sample number: 5810.0
sample number: 1623.0
sample number: 1623.0
epoch:21; train_fscore:24.63%; train_loss:2.3918; train_loss1:1.517; train_loss2:0.8749
sample number: 5810.0
sample number: 1623.0
sample number: 1623.0
epoch:22; train_fscore:26.94%; train_loss:2.335; train_loss1:1.4751; train_loss2:0.8599
sample number: 5810.0
sample number: 1623.0
sample number: 1623.0
epoch:23; train_fscore:29.70%; train_loss:2.3223; train_loss1:1.4317; train_loss2:0.8906
sample number: 5810.0
sample number: 1623.0
sample number: 1623.0
epoch:24; train_fscore:31.14%; train_loss:2.1888; train_loss1:1.3779; train_loss2:0.8109
sample number: 5810.0
sample number: 1623.0
sample number: 1623.0
epoch:25; train_fscore:28.77%; train_loss:2.3056; train_loss1:1.4758; train_loss2:0.8298
sample number: 5810.0
sample number: 1623.0
sample number: 1623.0
epoch:26; train_fscore:26.38%; train_loss:2.3573; train_loss1:1.4605; train_loss2:0.8968
sample number: 5810.0
sample number: 1623.0
sample number: 1623.0
epoch:27; train_fscore:32.98%; train_loss:2.2252; train_loss1:1.3626; train_loss2:0.8627
sample number: 5810.0
sample number: 1623.0
sample number: 1623.0
epoch:28; train_fscore:38.32%; train_loss:2.1699; train_loss1:1.3114; train_loss2:0.8585
sample number: 5810.0
sample number: 1623.0
sample number: 1623.0
epoch:29; train_fscore:32.60%; train_loss:2.1021; train_loss1:1.2685; train_loss2:0.8336
sample number: 5810.0
sample number: 1623.0
sample number: 1623.0
epoch:30; train_fscore:40.27%; train_loss:2.0511; train_loss1:1.1965; train_loss2:0.8546
sample number: 5810.0
sample number: 1623.0
sample number: 1623.0
epoch:31; train_fscore:42.19%; train_loss:2.0121; train_loss1:1.2074; train_loss2:0.8047
sample number: 5810.0
sample number: 1623.0
sample number: 1623.0
epoch:32; train_fscore:41.41%; train_loss:2.0043; train_loss1:1.1682; train_loss2:0.8361
sample number: 5810.0
sample number: 1623.0
sample number: 1623.0
epoch:33; train_fscore:45.76%; train_loss:2.0114; train_loss1:1.138; train_loss2:0.8735
sample number: 5810.0
sample number: 1623.0
sample number: 1623.0
epoch:34; train_fscore:47.92%; train_loss:1.9676; train_loss1:1.125; train_loss2:0.8426
sample number: 5810.0
sample number: 1623.0
sample number: 1623.0
epoch:35; train_fscore:46.70%; train_loss:2.1153; train_loss1:1.1611; train_loss2:0.9541
sample number: 5810.0
sample number: 1623.0
sample number: 1623.0
epoch:36; train_fscore:49.80%; train_loss:1.9754; train_loss1:1.1386; train_loss2:0.8367
sample number: 5810.0
sample number: 1623.0
sample number: 1623.0
epoch:37; train_fscore:46.17%; train_loss:2.0235; train_loss1:1.1723; train_loss2:0.8512
sample number: 5810.0
sample number: 1623.0
sample number: 1623.0
epoch:38; train_fscore:45.19%; train_loss:2.0235; train_loss1:1.2031; train_loss2:0.8204
sample number: 5810.0
sample number: 1623.0
sample number: 1623.0
epoch:39; train_fscore:41.45%; train_loss:2.0904; train_loss1:1.238; train_loss2:0.8525
sample number: 5810.0
sample number: 1623.0
sample number: 1623.0
epoch:40; train_fscore:45.35%; train_loss:1.9836; train_loss1:1.1753; train_loss2:0.8083
sample number: 5810.0
sample number: 1623.0
sample number: 1623.0
epoch:41; train_fscore:44.98%; train_loss:2.1021; train_loss1:1.1518; train_loss2:0.9502
sample number: 5810.0
sample number: 1623.0
sample number: 1623.0
epoch:42; train_fscore:47.23%; train_loss:1.9881; train_loss1:1.1361; train_loss2:0.852
sample number: 5810.0
sample number: 1623.0
sample number: 1623.0
epoch:43; train_fscore:50.55%; train_loss:1.9202; train_loss1:1.0946; train_loss2:0.8255
sample number: 5810.0
sample number: 1623.0
sample number: 1623.0
epoch:44; train_fscore:50.70%; train_loss:1.9509; train_loss1:1.0736; train_loss2:0.8773
sample number: 5810.0
sample number: 1623.0
sample number: 1623.0
epoch:45; train_fscore:52.47%; train_loss:1.8745; train_loss1:1.0465; train_loss2:0.8279
sample number: 5810.0
sample number: 1623.0
sample number: 1623.0
epoch:46; train_fscore:53.55%; train_loss:1.8824; train_loss1:1.0375; train_loss2:0.8448
sample number: 5810.0
sample number: 1623.0
sample number: 1623.0
epoch:47; train_fscore:53.29%; train_loss:1.8561; train_loss1:1.0396; train_loss2:0.8165
sample number: 5810.0
sample number: 1623.0
sample number: 1623.0
epoch:48; train_fscore:52.74%; train_loss:1.9143; train_loss1:1.0643; train_loss2:0.85
sample number: 5810.0
sample number: 1623.0
sample number: 1623.0
epoch:49; train_fscore:52.27%; train_loss:1.8344; train_loss1:1.0072; train_loss2:0.8272
sample number: 5810.0
sample number: 1623.0
sample number: 1623.0
epoch:50; train_fscore:55.28%; train_loss:1.8844; train_loss1:1.0227; train_loss2:0.8617
sample number: 5810.0
sample number: 1623.0
sample number: 1623.0
epoch:51; train_fscore:56.12%; train_loss:1.7864; train_loss1:0.9862; train_loss2:0.8002
sample number: 5810.0
sample number: 1623.0
sample number: 1623.0
epoch:52; train_fscore:58.37%; train_loss:1.8611; train_loss1:0.9711; train_loss2:0.89
sample number: 5810.0
sample number: 1623.0
sample number: 1623.0
epoch:53; train_fscore:57.39%; train_loss:1.8359; train_loss1:0.9689; train_loss2:0.867
sample number: 5810.0
sample number: 1623.0
sample number: 1623.0
epoch:54; train_fscore:56.86%; train_loss:1.8856; train_loss1:0.976; train_loss2:0.9095
sample number: 5810.0
sample number: 1623.0
sample number: 1623.0
epoch:55; train_fscore:59.60%; train_loss:1.732; train_loss1:0.9402; train_loss2:0.7918
sample number: 5810.0
sample number: 1623.0
sample number: 1623.0
epoch:56; train_fscore:58.90%; train_loss:1.8175; train_loss1:0.969; train_loss2:0.8485
sample number: 5810.0
sample number: 1623.0
sample number: 1623.0
epoch:57; train_fscore:59.73%; train_loss:1.7107; train_loss1:0.9465; train_loss2:0.7641
sample number: 5810.0
sample number: 1623.0
sample number: 1623.0
epoch:58; train_fscore:60.64%; train_loss:1.7996; train_loss1:0.9317; train_loss2:0.8679
sample number: 5810.0
sample number: 1623.0
sample number: 1623.0
epoch:59; train_fscore:59.65%; train_loss:1.8293; train_loss1:0.9308; train_loss2:0.8985
sample number: 5810.0
sample number: 1623.0
sample number: 1623.0
epoch:60; train_fscore:60.70%; train_loss:1.7702; train_loss1:0.9044; train_loss2:0.8658
sample number: 5810.0
sample number: 1623.0
sample number: 1623.0
epoch:61; train_fscore:60.37%; train_loss:1.8094; train_loss1:0.9399; train_loss2:0.8696
sample number: 5810.0
sample number: 1623.0
sample number: 1623.0
epoch:62; train_fscore:60.58%; train_loss:1.7227; train_loss1:0.9022; train_loss2:0.8205
sample number: 5810.0
sample number: 1623.0
sample number: 1623.0
epoch:63; train_fscore:62.33%; train_loss:1.7544; train_loss1:0.9071; train_loss2:0.8473
sample number: 5810.0
sample number: 1623.0
sample number: 1623.0
epoch:64; train_fscore:61.95%; train_loss:1.7928; train_loss1:0.9008; train_loss2:0.892
sample number: 5810.0
sample number: 1623.0
sample number: 1623.0
epoch:65; train_fscore:61.43%; train_loss:1.712; train_loss1:0.9046; train_loss2:0.8075
sample number: 5810.0
sample number: 1623.0
sample number: 1623.0
epoch:66; train_fscore:59.50%; train_loss:1.7305; train_loss1:0.8995; train_loss2:0.831
sample number: 5810.0
sample number: 1623.0
sample number: 1623.0
epoch:67; train_fscore:61.61%; train_loss:1.7608; train_loss1:0.9029; train_loss2:0.858
sample number: 5810.0
sample number: 1623.0
sample number: 1623.0
epoch:68; train_fscore:60.94%; train_loss:1.7118; train_loss1:0.8945; train_loss2:0.8173
sample number: 5810.0
sample number: 1623.0
sample number: 1623.0
epoch:69; train_fscore:62.71%; train_loss:1.7139; train_loss1:0.8792; train_loss2:0.8346
sample number: 5810.0
sample number: 1623.0
sample number: 1623.0
epoch:70; train_fscore:63.63%; train_loss:1.6491; train_loss1:0.8546; train_loss2:0.7945
sample number: 5810.0
sample number: 1623.0
sample number: 1623.0
epoch:71; train_fscore:64.32%; train_loss:1.7454; train_loss1:0.8385; train_loss2:0.9069
sample number: 5810.0
sample number: 1623.0
sample number: 1623.0
epoch:72; train_fscore:66.33%; train_loss:1.6509; train_loss1:0.8186; train_loss2:0.8323
sample number: 5810.0
sample number: 1623.0
sample number: 1623.0
epoch:73; train_fscore:65.64%; train_loss:1.6932; train_loss1:0.8323; train_loss2:0.8609
sample number: 5810.0
sample number: 1623.0
sample number: 1623.0
epoch:74; train_fscore:65.91%; train_loss:1.6702; train_loss1:0.8236; train_loss2:0.8466
sample number: 5810.0
sample number: 1623.0
sample number: 1623.0
epoch:75; train_fscore:66.46%; train_loss:1.6591; train_loss1:0.8173; train_loss2:0.8418
sample number: 5810.0
sample number: 1623.0
sample number: 1623.0
epoch:76; train_fscore:68.63%; train_loss:1.6479; train_loss1:0.7884; train_loss2:0.8595
sample number: 5810.0
sample number: 1623.0
sample number: 1623.0
epoch:77; train_fscore:66.79%; train_loss:1.592; train_loss1:0.8074; train_loss2:0.7846
sample number: 5810.0
sample number: 1623.0
sample number: 1623.0
epoch:78; train_fscore:69.21%; train_loss:1.6028; train_loss1:0.7685; train_loss2:0.8344
sample number: 5810.0
sample number: 1623.0
sample number: 1623.0
epoch:79; train_fscore:65.32%; train_loss:1.6766; train_loss1:0.8494; train_loss2:0.8272
sample number: 5810.0
sample number: 1623.0
sample number: 1623.0
epoch:80; train_fscore:67.00%; train_loss:1.6321; train_loss1:0.8007; train_loss2:0.8314
sample number: 5810.0
sample number: 1623.0
sample number: 1623.0
epoch:81; train_fscore:68.54%; train_loss:1.5852; train_loss1:0.7809; train_loss2:0.8043
sample number: 5810.0
sample number: 1623.0
sample number: 1623.0
epoch:82; train_fscore:68.99%; train_loss:1.5771; train_loss1:0.7649; train_loss2:0.8122
sample number: 5810.0
sample number: 1623.0
sample number: 1623.0
epoch:83; train_fscore:69.75%; train_loss:1.5707; train_loss1:0.7446; train_loss2:0.8261
sample number: 5810.0
sample number: 1623.0
sample number: 1623.0
epoch:84; train_fscore:69.02%; train_loss:1.561; train_loss1:0.7622; train_loss2:0.7988
sample number: 5810.0
sample number: 1623.0
sample number: 1623.0
epoch:85; train_fscore:69.56%; train_loss:1.6421; train_loss1:0.7621; train_loss2:0.88
sample number: 5810.0
sample number: 1623.0
sample number: 1623.0
epoch:86; train_fscore:70.34%; train_loss:1.6136; train_loss1:0.7417; train_loss2:0.8719
sample number: 5810.0
sample number: 1623.0
sample number: 1623.0
epoch:87; train_fscore:68.57%; train_loss:1.5242; train_loss1:0.7621; train_loss2:0.7621
sample number: 5810.0
sample number: 1623.0
sample number: 1623.0
epoch:88; train_fscore:70.81%; train_loss:1.6314; train_loss1:0.7191; train_loss2:0.9122
sample number: 5810.0
sample number: 1623.0
sample number: 1623.0
epoch:89; train_fscore:71.41%; train_loss:1.517; train_loss1:0.7083; train_loss2:0.8087
sample number: 5810.0
sample number: 1623.0
sample number: 1623.0
epoch:90; train_fscore:71.30%; train_loss:1.5292; train_loss1:0.7213; train_loss2:0.8079
sample number: 5810.0
sample number: 1623.0
sample number: 1623.0
epoch:91; train_fscore:70.29%; train_loss:1.5629; train_loss1:0.73; train_loss2:0.8329
sample number: 5810.0
sample number: 1623.0
sample number: 1623.0
epoch:92; train_fscore:70.68%; train_loss:1.5921; train_loss1:0.7296; train_loss2:0.8625
sample number: 5810.0
sample number: 1623.0
sample number: 1623.0
epoch:93; train_fscore:69.05%; train_loss:1.5857; train_loss1:0.7507; train_loss2:0.835
sample number: 5810.0
sample number: 1623.0
sample number: 1623.0
epoch:94; train_fscore:71.03%; train_loss:1.588; train_loss1:0.7169; train_loss2:0.8711
sample number: 5810.0
sample number: 1623.0
sample number: 1623.0
epoch:95; train_fscore:71.22%; train_loss:1.5375; train_loss1:0.71; train_loss2:0.8275
sample number: 5810.0
sample number: 1623.0
sample number: 1623.0
epoch:96; train_fscore:70.86%; train_loss:1.5468; train_loss1:0.7226; train_loss2:0.8242
sample number: 5810.0
sample number: 1623.0
sample number: 1623.0
epoch:97; train_fscore:72.37%; train_loss:1.53; train_loss1:0.6837; train_loss2:0.8463
sample number: 5810.0
sample number: 1623.0
sample number: 1623.0
epoch:98; train_fscore:72.30%; train_loss:1.5256; train_loss1:0.6898; train_loss2:0.8357
sample number: 5810.0
sample number: 1623.0
sample number: 1623.0
epoch:99; train_fscore:72.25%; train_loss:1.5239; train_loss1:0.7032; train_loss2:0.8207
sample number: 5810.0
sample number: 1623.0
sample number: 1623.0
epoch:100; train_fscore:71.90%; train_loss:1.5056; train_loss1:0.6735; train_loss2:0.8321
Step3: saving and testing on the 5 folder
>>>>> Finish: training on the 5 folder, duration: 203.80045461654663 >>>>>
====== Saving =======
SMOKE_ONLY=False
save results in /data2/yb/paper/experiments/second_graph_aggregation_iemocap6_20260825_phase_b/formal/rtdr/miss_0p6/seed_67/fold_5/saved/iemocapsix_original_addition_relationtrack_diagonal_f5_s67_m0p6_1787700743.2177582.npz
