Namespace(allow_short_run=False, audio_feature='wav2vec-large-c-UTT', base_model='LSTM', batch_size=32, branch_fusion='addition', data_root='/data2/yb/paper/GCNet_TPAMI_modality_jepa_20260818/dataset/IEMOCAP', dataset='IEMOCAPSix', dropout=0.5, epochs=100, fold_index=5, graph_conv_variant='original', hidden=200, l2=1e-05, loss_recon=True, lower_bound=False, lr=0.001, mask_bank_root='/data2/yb/paper/experiments/mpfilm_iemocap6_20260824/mask_banks', mask_seed=70, mask_type='constant-0.5', n_classes=6, n_speakers=2, no_cuda=False, num_folder=5, num_threads=6, output_dir='/data2/yb/paper/experiments/second_graph_aggregation_iemocap6_20260825/formal/genagg/miss_0p5/seed_70/fold_5/saved', post_graph_context='bilstm', pre_graph_context='bilstm', reccls_flag=False, second_graph_aggregation='genagg', seed=70, text_feature='deberta-large-4-UTT', time_attn=False, video_feature='manet_UTT', windowf=2, windowp=2)
====== Reading Data =======
audio dimension: 512; text dimension: 1024; video dimension: 1024
stage-aware mask bundle: sha256=13256f35a803c465aef02c9bfa1f0e30048c278af7b3b8bc6979eec7ab0b6896 requested=0.5000 realized=0.5030
====== Training and Evaluation =======
>>>>> Cross-validation: training on the 5 folder >>>>>
Step1: build model (each folder has its own model)
Model have 36419934 paramerters in total
Graph NN with LSTM as base model.
Step2: training (multiple epoches)
sample number: 5810.0
sample number: 1623.0
sample number: 1623.0
epoch:1; train_fscore:13.77%; train_loss:7.0242; train_loss1:1.7911; train_loss2:2.9597
sample number: 5810.0
sample number: 1623.0
sample number: 1623.0
epoch:2; train_fscore:15.81%; train_loss:4.7355; train_loss1:1.82; train_loss2:2.3484
sample number: 5810.0
sample number: 1623.0
sample number: 1623.0
epoch:3; train_fscore:16.57%; train_loss:4.1099; train_loss1:1.7886; train_loss2:2.005
sample number: 5810.0
sample number: 1623.0
sample number: 1623.0
epoch:4; train_fscore:14.33%; train_loss:3.711; train_loss1:1.7621; train_loss2:1.7458
sample number: 5810.0
sample number: 1623.0
sample number: 1623.0
epoch:5; train_fscore:14.95%; train_loss:3.5249; train_loss1:1.7848; train_loss2:1.5882
sample number: 5810.0
sample number: 1623.0
sample number: 1623.0
epoch:6; train_fscore:14.02%; train_loss:3.1471; train_loss1:1.8344; train_loss2:1.1981
sample number: 5810.0
sample number: 1623.0
sample number: 1623.0
epoch:7; train_fscore:9.60%; train_loss:2.908; train_loss1:1.774; train_loss2:1.0406
sample number: 5810.0
sample number: 1623.0
sample number: 1623.0
epoch:8; train_fscore:13.42%; train_loss:2.7146; train_loss1:1.7619; train_loss2:0.8765
sample number: 5810.0
sample number: 1623.0
sample number: 1623.0
epoch:9; train_fscore:15.00%; train_loss:2.7332; train_loss1:1.7877; train_loss2:0.8806
sample number: 5810.0
sample number: 1623.0
sample number: 1623.0
epoch:10; train_fscore:15.71%; train_loss:2.6183; train_loss1:1.7817; train_loss2:0.7811
sample number: 5810.0
sample number: 1623.0
sample number: 1623.0
epoch:11; train_fscore:14.42%; train_loss:2.579; train_loss1:1.7603; train_loss2:0.7703
sample number: 5810.0
sample number: 1623.0
sample number: 1623.0
epoch:12; train_fscore:16.69%; train_loss:2.6208; train_loss1:1.7844; train_loss2:0.7929
sample number: 5810.0
sample number: 1623.0
sample number: 1623.0
epoch:13; train_fscore:13.46%; train_loss:2.4809; train_loss1:1.7758; train_loss2:0.6666
sample number: 5810.0
sample number: 1623.0
sample number: 1623.0
epoch:14; train_fscore:14.52%; train_loss:2.5287; train_loss1:1.7629; train_loss2:0.7308
sample number: 5810.0
sample number: 1623.0
sample number: 1623.0
epoch:15; train_fscore:15.56%; train_loss:2.5235; train_loss1:1.7637; train_loss2:0.7282
sample number: 5810.0
sample number: 1623.0
sample number: 1623.0
epoch:16; train_fscore:12.14%; train_loss:2.5191; train_loss1:1.7827; train_loss2:0.7078
sample number: 5810.0
sample number: 1623.0
sample number: 1623.0
epoch:17; train_fscore:13.96%; train_loss:2.5935; train_loss1:1.79; train_loss2:0.7775
sample number: 5810.0
sample number: 1623.0
sample number: 1623.0
epoch:18; train_fscore:13.74%; train_loss:2.5183; train_loss1:1.7797; train_loss2:0.7147
sample number: 5810.0
sample number: 1623.0
sample number: 1623.0
epoch:19; train_fscore:13.77%; train_loss:2.5042; train_loss1:1.7793; train_loss2:0.7031
sample number: 5810.0
sample number: 1623.0
sample number: 1623.0
epoch:20; train_fscore:12.48%; train_loss:2.4657; train_loss1:1.7623; train_loss2:0.6834
sample number: 5810.0
sample number: 1623.0
sample number: 1623.0
epoch:21; train_fscore:9.21%; train_loss:2.4771; train_loss1:1.7716; train_loss2:0.6873
sample number: 5810.0
sample number: 1623.0
sample number: 1623.0
epoch:22; train_fscore:12.46%; train_loss:2.5164; train_loss1:1.7556; train_loss2:0.7442
sample number: 5810.0
sample number: 1623.0
sample number: 1623.0
epoch:23; train_fscore:16.03%; train_loss:2.4596; train_loss1:1.7445; train_loss2:0.6998
sample number: 5810.0
sample number: 1623.0
sample number: 1623.0
epoch:24; train_fscore:17.44%; train_loss:2.4913; train_loss1:1.7695; train_loss2:0.7074
sample number: 5810.0
sample number: 1623.0
sample number: 1623.0
epoch:25; train_fscore:17.35%; train_loss:2.4259; train_loss1:1.7461; train_loss2:0.6661
sample number: 5810.0
sample number: 1623.0
sample number: 1623.0
epoch:26; train_fscore:17.99%; train_loss:2.478; train_loss1:1.7455; train_loss2:0.7194
sample number: 5810.0
sample number: 1623.0
sample number: 1623.0
epoch:27; train_fscore:16.37%; train_loss:2.526; train_loss1:1.7476; train_loss2:0.7658
sample number: 5810.0
sample number: 1623.0
sample number: 1623.0
epoch:28; train_fscore:16.38%; train_loss:2.4924; train_loss1:1.7213; train_loss2:0.7591
sample number: 5810.0
sample number: 1623.0
sample number: 1623.0
epoch:29; train_fscore:20.09%; train_loss:2.4422; train_loss1:1.7409; train_loss2:0.6899
sample number: 5810.0
sample number: 1623.0
sample number: 1623.0
epoch:30; train_fscore:16.55%; train_loss:2.5036; train_loss1:1.772; train_loss2:0.72
sample number: 5810.0
sample number: 1623.0
sample number: 1623.0
epoch:31; train_fscore:19.16%; train_loss:2.4343; train_loss1:1.7482; train_loss2:0.6732
sample number: 5810.0
sample number: 1623.0
sample number: 1623.0
epoch:32; train_fscore:17.97%; train_loss:2.4364; train_loss1:1.7424; train_loss2:0.6826
sample number: 5810.0
sample number: 1623.0
sample number: 1623.0
epoch:33; train_fscore:17.79%; train_loss:2.4309; train_loss1:1.7486; train_loss2:0.6716
sample number: 5810.0
sample number: 1623.0
sample number: 1623.0
epoch:34; train_fscore:15.77%; train_loss:2.4814; train_loss1:1.7355; train_loss2:0.7362
sample number: 5810.0
sample number: 1623.0
sample number: 1623.0
epoch:35; train_fscore:17.41%; train_loss:2.4418; train_loss1:1.7219; train_loss2:0.7107
sample number: 5810.0
sample number: 1623.0
sample number: 1623.0
epoch:36; train_fscore:20.77%; train_loss:2.4303; train_loss1:1.7147; train_loss2:0.7067
sample number: 5810.0
sample number: 1623.0
sample number: 1623.0
epoch:37; train_fscore:16.70%; train_loss:2.4575; train_loss1:1.7267; train_loss2:0.7224
sample number: 5810.0
sample number: 1623.0
sample number: 1623.0
epoch:38; train_fscore:19.88%; train_loss:2.4223; train_loss1:1.7003; train_loss2:0.7139
sample number: 5810.0
sample number: 1623.0
sample number: 1623.0
epoch:39; train_fscore:19.79%; train_loss:2.4291; train_loss1:1.7164; train_loss2:0.7049
sample number: 5810.0
sample number: 1623.0
sample number: 1623.0
epoch:40; train_fscore:18.42%; train_loss:2.4508; train_loss1:1.7027; train_loss2:0.7404
sample number: 5810.0
sample number: 1623.0
sample number: 1623.0
epoch:41; train_fscore:19.78%; train_loss:2.4108; train_loss1:1.6877; train_loss2:0.7152
sample number: 5810.0
sample number: 1623.0
sample number: 1623.0
epoch:42; train_fscore:21.50%; train_loss:2.4078; train_loss1:1.6789; train_loss2:0.7211
sample number: 5810.0
sample number: 1623.0
sample number: 1623.0
epoch:43; train_fscore:22.49%; train_loss:2.4233; train_loss1:1.75; train_loss2:0.6606
sample number: 5810.0
sample number: 1623.0
sample number: 1623.0
epoch:44; train_fscore:21.14%; train_loss:2.4183; train_loss1:1.6934; train_loss2:0.7055
sample number: 5810.0
sample number: 1623.0
sample number: 1623.0
epoch:45; train_fscore:21.40%; train_loss:2.3905; train_loss1:1.6994; train_loss2:0.6788
sample number: 5810.0
sample number: 1623.0
sample number: 1623.0
epoch:46; train_fscore:22.49%; train_loss:2.4436; train_loss1:1.6752; train_loss2:0.7588
sample number: 5810.0
sample number: 1623.0
sample number: 1623.0
epoch:47; train_fscore:24.29%; train_loss:2.3861; train_loss1:1.6633; train_loss2:0.7151
sample number: 5810.0
sample number: 1623.0
sample number: 1623.0
epoch:48; train_fscore:25.33%; train_loss:2.327; train_loss1:1.6507; train_loss2:0.6692
sample number: 5810.0
sample number: 1623.0
sample number: 1623.0
epoch:49; train_fscore:26.32%; train_loss:2.3088; train_loss1:1.6273; train_loss2:0.6746
sample number: 5810.0
sample number: 1623.0
sample number: 1623.0
epoch:50; train_fscore:29.29%; train_loss:2.342; train_loss1:1.6132; train_loss2:0.7225
sample number: 5810.0
sample number: 1623.0
sample number: 1623.0
epoch:51; train_fscore:26.61%; train_loss:2.4016; train_loss1:1.6364; train_loss2:0.7592
sample number: 5810.0
sample number: 1623.0
sample number: 1623.0
epoch:52; train_fscore:31.37%; train_loss:2.3385; train_loss1:1.582; train_loss2:0.7506
sample number: 5810.0
sample number: 1623.0
sample number: 1623.0
epoch:53; train_fscore:29.96%; train_loss:2.3479; train_loss1:1.5923; train_loss2:0.7499
sample number: 5810.0
sample number: 1623.0
sample number: 1623.0
epoch:54; train_fscore:29.45%; train_loss:2.3427; train_loss1:1.642; train_loss2:0.6948
sample number: 5810.0
sample number: 1623.0
sample number: 1623.0
epoch:55; train_fscore:25.68%; train_loss:2.3583; train_loss1:1.6339; train_loss2:0.7146
sample number: 5810.0
sample number: 1623.0
sample number: 1623.0
epoch:56; train_fscore:28.49%; train_loss:2.3319; train_loss1:1.6147; train_loss2:0.708
sample number: 5810.0
sample number: 1623.0
sample number: 1623.0
epoch:57; train_fscore:33.14%; train_loss:2.2772; train_loss1:1.5759; train_loss2:0.6926
sample number: 5810.0
sample number: 1623.0
sample number: 1623.0
epoch:58; train_fscore:30.39%; train_loss:2.2852; train_loss1:1.5487; train_loss2:0.7295
sample number: 5810.0
sample number: 1623.0
sample number: 1623.0
epoch:59; train_fscore:33.15%; train_loss:2.2528; train_loss1:1.5482; train_loss2:0.6984
sample number: 5810.0
sample number: 1623.0
sample number: 1623.0
epoch:60; train_fscore:31.16%; train_loss:2.2524; train_loss1:1.5246; train_loss2:0.7224
sample number: 5810.0
sample number: 1623.0
sample number: 1623.0
epoch:61; train_fscore:35.00%; train_loss:2.2414; train_loss1:1.5048; train_loss2:0.7314
sample number: 5810.0
sample number: 1623.0
sample number: 1623.0
epoch:62; train_fscore:33.88%; train_loss:2.2333; train_loss1:1.5028; train_loss2:0.7255
sample number: 5810.0
sample number: 1623.0
sample number: 1623.0
epoch:63; train_fscore:35.27%; train_loss:2.1917; train_loss1:1.4816; train_loss2:0.7052
sample number: 5810.0
sample number: 1623.0
sample number: 1623.0
epoch:64; train_fscore:36.88%; train_loss:2.1271; train_loss1:1.4565; train_loss2:0.6656
sample number: 5810.0
sample number: 1623.0
sample number: 1623.0
epoch:65; train_fscore:37.41%; train_loss:2.1721; train_loss1:1.4595; train_loss2:0.7074
sample number: 5810.0
sample number: 1623.0
sample number: 1623.0
epoch:66; train_fscore:36.70%; train_loss:2.1508; train_loss1:1.4889; train_loss2:0.65
sample number: 5810.0
sample number: 1623.0
sample number: 1623.0
epoch:67; train_fscore:34.65%; train_loss:2.1564; train_loss1:1.479; train_loss2:0.6688
sample number: 5810.0
sample number: 1623.0
sample number: 1623.0
epoch:68; train_fscore:36.92%; train_loss:2.1604; train_loss1:1.4473; train_loss2:0.7055
sample number: 5810.0
sample number: 1623.0
sample number: 1623.0
epoch:69; train_fscore:40.20%; train_loss:2.0883; train_loss1:1.4019; train_loss2:0.6782
sample number: 5810.0
sample number: 1623.0
sample number: 1623.0
epoch:70; train_fscore:40.28%; train_loss:2.1289; train_loss1:1.3965; train_loss2:0.7255
sample number: 5810.0
sample number: 1623.0
sample number: 1623.0
epoch:71; train_fscore:39.52%; train_loss:2.1134; train_loss1:1.3817; train_loss2:0.7261
sample number: 5810.0
sample number: 1623.0
sample number: 1623.0
epoch:72; train_fscore:40.42%; train_loss:2.078; train_loss1:1.3696; train_loss2:0.7034
sample number: 5810.0
sample number: 1623.0
sample number: 1623.0
epoch:73; train_fscore:43.63%; train_loss:2.0041; train_loss1:1.3292; train_loss2:0.6696
sample number: 5810.0
sample number: 1623.0
sample number: 1623.0
epoch:74; train_fscore:41.97%; train_loss:2.0387; train_loss1:1.3403; train_loss2:0.6912
sample number: 5810.0
sample number: 1623.0
sample number: 1623.0
epoch:75; train_fscore:44.78%; train_loss:2.0232; train_loss1:1.3045; train_loss2:0.7122
sample number: 5810.0
sample number: 1623.0
sample number: 1623.0
epoch:76; train_fscore:46.68%; train_loss:1.9561; train_loss1:1.2721; train_loss2:0.677
sample number: 5810.0
sample number: 1623.0
sample number: 1623.0
epoch:77; train_fscore:48.57%; train_loss:2.0146; train_loss1:1.2308; train_loss2:0.7736
sample number: 5810.0
sample number: 1623.0
sample number: 1623.0
epoch:78; train_fscore:51.04%; train_loss:1.8976; train_loss1:1.182; train_loss2:0.7054
sample number: 5810.0
sample number: 1623.0
sample number: 1623.0
epoch:79; train_fscore:51.84%; train_loss:1.8442; train_loss1:1.1551; train_loss2:0.6759
sample number: 5810.0
sample number: 1623.0
sample number: 1623.0
epoch:80; train_fscore:52.72%; train_loss:1.7844; train_loss1:1.1176; train_loss2:0.6512
sample number: 5810.0
sample number: 1623.0
sample number: 1623.0
epoch:81; train_fscore:37.40%; train_loss:2.3674; train_loss1:1.6049; train_loss2:0.7353
sample number: 5810.0
sample number: 1623.0
sample number: 1623.0
epoch:82; train_fscore:35.20%; train_loss:2.3429; train_loss1:1.524; train_loss2:0.7493
sample number: 5810.0
sample number: 1623.0
sample number: 1623.0
epoch:83; train_fscore:43.39%; train_loss:2.0926; train_loss1:1.3421; train_loss2:0.7131
sample number: 5810.0
sample number: 1623.0
sample number: 1623.0
epoch:84; train_fscore:45.56%; train_loss:2.0759; train_loss1:1.3022; train_loss2:0.7505
sample number: 5810.0
sample number: 1623.0
sample number: 1623.0
epoch:85; train_fscore:46.60%; train_loss:2.0803; train_loss1:1.3158; train_loss2:0.7521
sample number: 5810.0
sample number: 1623.0
sample number: 1623.0
epoch:86; train_fscore:48.68%; train_loss:1.9613; train_loss1:1.2492; train_loss2:0.7028
sample number: 5810.0
sample number: 1623.0
sample number: 1623.0
epoch:87; train_fscore:50.32%; train_loss:1.972; train_loss1:1.2033; train_loss2:0.7603
sample number: 5810.0
sample number: 1623.0
sample number: 1623.0
epoch:88; train_fscore:52.29%; train_loss:1.9403; train_loss1:1.1659; train_loss2:0.7676
sample number: 5810.0
sample number: 1623.0
sample number: 1623.0
epoch:89; train_fscore:54.01%; train_loss:1.8469; train_loss1:1.1363; train_loss2:0.7052
sample number: 5810.0
sample number: 1623.0
sample number: 1623.0
epoch:90; train_fscore:56.52%; train_loss:1.8373; train_loss1:1.0884; train_loss2:0.7441
sample number: 5810.0
sample number: 1623.0
sample number: 1623.0
epoch:91; train_fscore:56.87%; train_loss:1.7827; train_loss1:1.0563; train_loss2:0.7219
sample number: 5810.0
sample number: 1623.0
sample number: 1623.0
epoch:92; train_fscore:58.96%; train_loss:1.7674; train_loss1:1.0218; train_loss2:0.7417
sample number: 5810.0
sample number: 1623.0
sample number: 1623.0
epoch:93; train_fscore:58.68%; train_loss:1.6905; train_loss1:1.0019; train_loss2:0.6848
sample number: 5810.0
sample number: 1623.0
sample number: 1623.0
epoch:94; train_fscore:61.60%; train_loss:1.6596; train_loss1:0.9619; train_loss2:0.694
sample number: 5810.0
sample number: 1623.0
sample number: 1623.0
epoch:95; train_fscore:63.46%; train_loss:1.6541; train_loss1:0.9223; train_loss2:0.7283
sample number: 5810.0
sample number: 1623.0
sample number: 1623.0
epoch:96; train_fscore:65.08%; train_loss:1.5799; train_loss1:0.9011; train_loss2:0.6753
sample number: 5810.0
sample number: 1623.0
sample number: 1623.0
epoch:97; train_fscore:67.16%; train_loss:1.5732; train_loss1:0.8473; train_loss2:0.7225
sample number: 5810.0
sample number: 1623.0
sample number: 1623.0
epoch:98; train_fscore:67.87%; train_loss:1.5717; train_loss1:0.824; train_loss2:0.7445
sample number: 5810.0
sample number: 1623.0
sample number: 1623.0
epoch:99; train_fscore:68.49%; train_loss:1.4924; train_loss1:0.8145; train_loss2:0.6746
sample number: 5810.0
sample number: 1623.0
sample number: 1623.0
epoch:100; train_fscore:68.61%; train_loss:1.4971; train_loss1:0.8077; train_loss2:0.6861
Step3: saving and testing on the 5 folder
>>>>> Finish: training on the 5 folder, duration: 499.24689841270447 >>>>>
====== Saving =======
SMOKE_ONLY=False
save results in /data2/yb/paper/experiments/second_graph_aggregation_iemocap6_20260825/formal/genagg/miss_0p5/seed_70/fold_5/saved/iemocapsix_original_addition_secondagg_genagg_f5_s70_m0p5_1787707184.7191005.npz
