Namespace(allow_short_run=False, audio_feature='wav2vec-large-c-UTT', base_model='LSTM', batch_size=32, branch_fusion='addition', data_root='/data2/yb/paper/GCNet_TPAMI_modality_jepa_20260818/dataset/IEMOCAP', dataset='IEMOCAPSix', dropout=0.5, epochs=100, fold_index=5, graph_conv_variant='original', hidden=200, l2=1e-05, loss_recon=True, lower_bound=False, lr=0.001, mask_bank_root='/data2/yb/paper/experiments/mpfilm_iemocap6_20260824/mask_banks', mask_seed=68, mask_type='constant-0.5', n_classes=6, n_speakers=2, no_cuda=False, num_folder=5, num_threads=6, output_dir='/data2/yb/paper/experiments/second_graph_aggregation_iemocap6_20260825_phase_b/formal/ssma/miss_0p5/seed_68/fold_5/saved', post_graph_context='bilstm', pre_graph_context='bilstm', reccls_flag=False, relation_track_routing='early', second_graph_aggregation='ssma', seed=68, text_feature='deberta-large-4-UTT', time_attn=False, video_feature='manet_UTT', windowf=2, windowp=2)
====== Reading Data =======
audio dimension: 512; text dimension: 1024; video dimension: 1024
stage-aware mask bundle: sha256=9854a6c8d347c4fa104576092d5c33c5d2052d8d2f7f9ed623bcc7f7d91be6d5 requested=0.5000 realized=0.5030
====== Training and Evaluation =======
>>>>> Cross-validation: training on the 5 folder >>>>>
Step1: build model (each folder has its own model)
Model have 37015216 paramerters in total
Graph NN with LSTM as base model.
Step2: training (multiple epoches)
[W Copy.cpp:219] Warning: Casting complex values to real discards the imaginary part (function operator())
sample number: 5810.0
sample number: 1623.0
sample number: 1623.0
epoch:1; train_fscore:18.19%; train_loss:4.4506; train_loss1:1.745; train_loss2:2.7056
sample number: 5810.0
sample number: 1623.0
sample number: 1623.0
epoch:2; train_fscore:16.15%; train_loss:4.2933; train_loss1:1.8704; train_loss2:2.4229
sample number: 5810.0
sample number: 1623.0
sample number: 1623.0
epoch:3; train_fscore:16.62%; train_loss:3.7799; train_loss1:1.7495; train_loss2:2.0304
sample number: 5810.0
sample number: 1623.0
sample number: 1623.0
epoch:4; train_fscore:23.47%; train_loss:3.4475; train_loss1:1.6149; train_loss2:1.8326
sample number: 5810.0
sample number: 1623.0
sample number: 1623.0
epoch:5; train_fscore:22.62%; train_loss:3.1704; train_loss1:1.6099; train_loss2:1.5605
sample number: 5810.0
sample number: 1623.0
sample number: 1623.0
epoch:6; train_fscore:18.70%; train_loss:2.91; train_loss1:1.6883; train_loss2:1.2218
sample number: 5810.0
sample number: 1623.0
sample number: 1623.0
epoch:7; train_fscore:20.62%; train_loss:2.6584; train_loss1:1.6285; train_loss2:1.0299
sample number: 5810.0
sample number: 1623.0
sample number: 1623.0
epoch:8; train_fscore:23.72%; train_loss:2.5051; train_loss1:1.5729; train_loss2:0.9323
sample number: 5810.0
sample number: 1623.0
sample number: 1623.0
epoch:9; train_fscore:25.99%; train_loss:2.3196; train_loss1:1.5347; train_loss2:0.7849
sample number: 5810.0
sample number: 1623.0
sample number: 1623.0
epoch:10; train_fscore:26.04%; train_loss:2.2666; train_loss1:1.5382; train_loss2:0.7284
sample number: 5810.0
sample number: 1623.0
sample number: 1623.0
epoch:11; train_fscore:28.75%; train_loss:2.2991; train_loss1:1.5055; train_loss2:0.7936
sample number: 5810.0
sample number: 1623.0
sample number: 1623.0
epoch:12; train_fscore:29.53%; train_loss:2.2033; train_loss1:1.4387; train_loss2:0.7646
sample number: 5810.0
sample number: 1623.0
sample number: 1623.0
epoch:13; train_fscore:30.58%; train_loss:2.1429; train_loss1:1.4354; train_loss2:0.7074
sample number: 5810.0
sample number: 1623.0
sample number: 1623.0
epoch:14; train_fscore:31.77%; train_loss:2.2042; train_loss1:1.3814; train_loss2:0.8228
sample number: 5810.0
sample number: 1623.0
sample number: 1623.0
epoch:15; train_fscore:33.35%; train_loss:2.1916; train_loss1:1.4234; train_loss2:0.7682
sample number: 5810.0
sample number: 1623.0
sample number: 1623.0
epoch:16; train_fscore:30.76%; train_loss:2.1386; train_loss1:1.4042; train_loss2:0.7344
sample number: 5810.0
sample number: 1623.0
sample number: 1623.0
epoch:17; train_fscore:34.88%; train_loss:2.0058; train_loss1:1.3135; train_loss2:0.6922
sample number: 5810.0
sample number: 1623.0
sample number: 1623.0
epoch:18; train_fscore:33.80%; train_loss:2.0579; train_loss1:1.2973; train_loss2:0.7606
sample number: 5810.0
sample number: 1623.0
sample number: 1623.0
epoch:19; train_fscore:36.79%; train_loss:2.0489; train_loss1:1.261; train_loss2:0.7878
sample number: 5810.0
sample number: 1623.0
sample number: 1623.0
epoch:20; train_fscore:39.54%; train_loss:1.9237; train_loss1:1.2381; train_loss2:0.6855
sample number: 5810.0
sample number: 1623.0
sample number: 1623.0
epoch:21; train_fscore:37.04%; train_loss:1.96; train_loss1:1.2104; train_loss2:0.7496
sample number: 5810.0
sample number: 1623.0
sample number: 1623.0
epoch:22; train_fscore:44.72%; train_loss:1.913; train_loss1:1.1661; train_loss2:0.7469
sample number: 5810.0
sample number: 1623.0
sample number: 1623.0
epoch:23; train_fscore:45.11%; train_loss:1.8829; train_loss1:1.1607; train_loss2:0.7222
sample number: 5810.0
sample number: 1623.0
sample number: 1623.0
epoch:24; train_fscore:47.66%; train_loss:1.8568; train_loss1:1.162; train_loss2:0.6948
sample number: 5810.0
sample number: 1623.0
sample number: 1623.0
epoch:25; train_fscore:50.29%; train_loss:1.7738; train_loss1:1.1251; train_loss2:0.6486
sample number: 5810.0
sample number: 1623.0
sample number: 1623.0
epoch:26; train_fscore:46.89%; train_loss:1.8691; train_loss1:1.1631; train_loss2:0.706
sample number: 5810.0
sample number: 1623.0
sample number: 1623.0
epoch:27; train_fscore:47.39%; train_loss:1.8398; train_loss1:1.1456; train_loss2:0.6942
sample number: 5810.0
sample number: 1623.0
sample number: 1623.0
epoch:28; train_fscore:47.97%; train_loss:1.8563; train_loss1:1.1409; train_loss2:0.7155
sample number: 5810.0
sample number: 1623.0
sample number: 1623.0
epoch:29; train_fscore:46.00%; train_loss:1.8013; train_loss1:1.1157; train_loss2:0.6856
sample number: 5810.0
sample number: 1623.0
sample number: 1623.0
epoch:30; train_fscore:48.82%; train_loss:1.7846; train_loss1:1.1157; train_loss2:0.6689
sample number: 5810.0
sample number: 1623.0
sample number: 1623.0
epoch:31; train_fscore:50.64%; train_loss:1.8005; train_loss1:1.088; train_loss2:0.7125
sample number: 5810.0
sample number: 1623.0
sample number: 1623.0
epoch:32; train_fscore:48.98%; train_loss:1.8337; train_loss1:1.1206; train_loss2:0.7132
sample number: 5810.0
sample number: 1623.0
sample number: 1623.0
epoch:33; train_fscore:48.58%; train_loss:1.8664; train_loss1:1.1284; train_loss2:0.7379
sample number: 5810.0
sample number: 1623.0
sample number: 1623.0
epoch:34; train_fscore:52.40%; train_loss:1.8319; train_loss1:1.0596; train_loss2:0.7724
sample number: 5810.0
sample number: 1623.0
sample number: 1623.0
epoch:35; train_fscore:53.88%; train_loss:1.7324; train_loss1:1.0421; train_loss2:0.6904
sample number: 5810.0
sample number: 1623.0
sample number: 1623.0
epoch:36; train_fscore:54.15%; train_loss:1.8043; train_loss1:1.0428; train_loss2:0.7615
sample number: 5810.0
sample number: 1623.0
sample number: 1623.0
epoch:37; train_fscore:50.90%; train_loss:1.8162; train_loss1:1.082; train_loss2:0.7342
sample number: 5810.0
sample number: 1623.0
sample number: 1623.0
epoch:38; train_fscore:50.39%; train_loss:1.8721; train_loss1:1.0876; train_loss2:0.7846
sample number: 5810.0
sample number: 1623.0
sample number: 1623.0
epoch:39; train_fscore:52.19%; train_loss:1.7711; train_loss1:1.0563; train_loss2:0.7148
sample number: 5810.0
sample number: 1623.0
sample number: 1623.0
epoch:40; train_fscore:53.45%; train_loss:1.7612; train_loss1:1.0413; train_loss2:0.72
sample number: 5810.0
sample number: 1623.0
sample number: 1623.0
epoch:41; train_fscore:53.36%; train_loss:1.7482; train_loss1:1.026; train_loss2:0.7222
sample number: 5810.0
sample number: 1623.0
sample number: 1623.0
epoch:42; train_fscore:58.08%; train_loss:1.6944; train_loss1:0.9887; train_loss2:0.7057
sample number: 5810.0
sample number: 1623.0
sample number: 1623.0
epoch:43; train_fscore:56.90%; train_loss:1.7546; train_loss1:0.9701; train_loss2:0.7845
sample number: 5810.0
sample number: 1623.0
sample number: 1623.0
epoch:44; train_fscore:60.83%; train_loss:1.6538; train_loss1:0.9473; train_loss2:0.7065
sample number: 5810.0
sample number: 1623.0
sample number: 1623.0
epoch:45; train_fscore:58.04%; train_loss:1.6332; train_loss1:0.9518; train_loss2:0.6814
sample number: 5810.0
sample number: 1623.0
sample number: 1623.0
epoch:46; train_fscore:59.44%; train_loss:1.554; train_loss1:0.9223; train_loss2:0.6317
sample number: 5810.0
sample number: 1623.0
sample number: 1623.0
epoch:47; train_fscore:60.66%; train_loss:1.5898; train_loss1:0.9156; train_loss2:0.6742
sample number: 5810.0
sample number: 1623.0
sample number: 1623.0
epoch:48; train_fscore:61.54%; train_loss:1.6136; train_loss1:0.8955; train_loss2:0.7181
sample number: 5810.0
sample number: 1623.0
sample number: 1623.0
epoch:49; train_fscore:60.59%; train_loss:1.664; train_loss1:0.9057; train_loss2:0.7583
sample number: 5810.0
sample number: 1623.0
sample number: 1623.0
epoch:50; train_fscore:61.65%; train_loss:1.7037; train_loss1:0.8986; train_loss2:0.8051
sample number: 5810.0
sample number: 1623.0
sample number: 1623.0
epoch:51; train_fscore:62.39%; train_loss:1.658; train_loss1:0.8802; train_loss2:0.7778
sample number: 5810.0
sample number: 1623.0
sample number: 1623.0
epoch:52; train_fscore:59.38%; train_loss:1.6019; train_loss1:0.8946; train_loss2:0.7073
sample number: 5810.0
sample number: 1623.0
sample number: 1623.0
epoch:53; train_fscore:62.30%; train_loss:1.5768; train_loss1:0.8951; train_loss2:0.6817
sample number: 5810.0
sample number: 1623.0
sample number: 1623.0
epoch:54; train_fscore:63.81%; train_loss:1.5042; train_loss1:0.8578; train_loss2:0.6464
sample number: 5810.0
sample number: 1623.0
sample number: 1623.0
epoch:55; train_fscore:64.71%; train_loss:1.5316; train_loss1:0.837; train_loss2:0.6945
sample number: 5810.0
sample number: 1623.0
sample number: 1623.0
epoch:56; train_fscore:63.85%; train_loss:1.5667; train_loss1:0.8383; train_loss2:0.7284
sample number: 5810.0
sample number: 1623.0
sample number: 1623.0
epoch:57; train_fscore:63.97%; train_loss:1.5418; train_loss1:0.8354; train_loss2:0.7064
sample number: 5810.0
sample number: 1623.0
sample number: 1623.0
epoch:58; train_fscore:65.93%; train_loss:1.5014; train_loss1:0.8122; train_loss2:0.6893
sample number: 5810.0
sample number: 1623.0
sample number: 1623.0
epoch:59; train_fscore:65.97%; train_loss:1.4766; train_loss1:0.8037; train_loss2:0.6729
sample number: 5810.0
sample number: 1623.0
sample number: 1623.0
epoch:60; train_fscore:67.41%; train_loss:1.4728; train_loss1:0.7934; train_loss2:0.6794
sample number: 5810.0
sample number: 1623.0
sample number: 1623.0
epoch:61; train_fscore:67.91%; train_loss:1.4426; train_loss1:0.7728; train_loss2:0.6697
sample number: 5810.0
sample number: 1623.0
sample number: 1623.0
epoch:62; train_fscore:67.54%; train_loss:1.5084; train_loss1:0.7941; train_loss2:0.7143
sample number: 5810.0
sample number: 1623.0
sample number: 1623.0
epoch:63; train_fscore:66.96%; train_loss:1.5405; train_loss1:0.8011; train_loss2:0.7394
sample number: 5810.0
sample number: 1623.0
sample number: 1623.0
epoch:64; train_fscore:66.45%; train_loss:1.5289; train_loss1:0.8136; train_loss2:0.7153
sample number: 5810.0
sample number: 1623.0
sample number: 1623.0
epoch:65; train_fscore:63.32%; train_loss:1.5346; train_loss1:0.8276; train_loss2:0.707
sample number: 5810.0
sample number: 1623.0
sample number: 1623.0
epoch:66; train_fscore:68.04%; train_loss:1.4275; train_loss1:0.7765; train_loss2:0.6509
sample number: 5810.0
sample number: 1623.0
sample number: 1623.0
epoch:67; train_fscore:67.58%; train_loss:1.4906; train_loss1:0.7878; train_loss2:0.7028
sample number: 5810.0
sample number: 1623.0
sample number: 1623.0
epoch:68; train_fscore:70.06%; train_loss:1.5076; train_loss1:0.7408; train_loss2:0.7668
sample number: 5810.0
sample number: 1623.0
sample number: 1623.0
epoch:69; train_fscore:67.04%; train_loss:1.4608; train_loss1:0.7582; train_loss2:0.7026
sample number: 5810.0
sample number: 1623.0
sample number: 1623.0
epoch:70; train_fscore:70.00%; train_loss:1.4258; train_loss1:0.7278; train_loss2:0.6979
sample number: 5810.0
sample number: 1623.0
sample number: 1623.0
epoch:71; train_fscore:69.83%; train_loss:1.3885; train_loss1:0.715; train_loss2:0.6735
sample number: 5810.0
sample number: 1623.0
sample number: 1623.0
epoch:72; train_fscore:70.83%; train_loss:1.4174; train_loss1:0.6984; train_loss2:0.7191
sample number: 5810.0
sample number: 1623.0
sample number: 1623.0
epoch:73; train_fscore:71.82%; train_loss:1.4083; train_loss1:0.7115; train_loss2:0.6968
sample number: 5810.0
sample number: 1623.0
sample number: 1623.0
epoch:74; train_fscore:71.77%; train_loss:1.4188; train_loss1:0.6783; train_loss2:0.7405
sample number: 5810.0
sample number: 1623.0
sample number: 1623.0
epoch:75; train_fscore:71.72%; train_loss:1.4254; train_loss1:0.702; train_loss2:0.7234
sample number: 5810.0
sample number: 1623.0
sample number: 1623.0
epoch:76; train_fscore:68.32%; train_loss:1.4979; train_loss1:0.7561; train_loss2:0.7418
sample number: 5810.0
sample number: 1623.0
sample number: 1623.0
epoch:77; train_fscore:70.41%; train_loss:1.3914; train_loss1:0.7144; train_loss2:0.677
sample number: 5810.0
sample number: 1623.0
sample number: 1623.0
epoch:78; train_fscore:72.21%; train_loss:1.395; train_loss1:0.6922; train_loss2:0.7029
sample number: 5810.0
sample number: 1623.0
sample number: 1623.0
epoch:79; train_fscore:74.20%; train_loss:1.2964; train_loss1:0.6512; train_loss2:0.6452
sample number: 5810.0
sample number: 1623.0
sample number: 1623.0
epoch:80; train_fscore:73.77%; train_loss:1.3186; train_loss1:0.6515; train_loss2:0.6671
sample number: 5810.0
sample number: 1623.0
sample number: 1623.0
epoch:81; train_fscore:72.72%; train_loss:1.4144; train_loss1:0.6501; train_loss2:0.7643
sample number: 5810.0
sample number: 1623.0
sample number: 1623.0
epoch:82; train_fscore:73.91%; train_loss:1.3171; train_loss1:0.6324; train_loss2:0.6846
sample number: 5810.0
sample number: 1623.0
sample number: 1623.0
epoch:83; train_fscore:74.68%; train_loss:1.278; train_loss1:0.6272; train_loss2:0.6508
sample number: 5810.0
sample number: 1623.0
sample number: 1623.0
epoch:84; train_fscore:73.85%; train_loss:1.3622; train_loss1:0.6465; train_loss2:0.7157
sample number: 5810.0
sample number: 1623.0
sample number: 1623.0
epoch:85; train_fscore:76.07%; train_loss:1.2588; train_loss1:0.6022; train_loss2:0.6566
sample number: 5810.0
sample number: 1623.0
sample number: 1623.0
epoch:86; train_fscore:76.11%; train_loss:1.255; train_loss1:0.5978; train_loss2:0.6571
sample number: 5810.0
sample number: 1623.0
sample number: 1623.0
epoch:87; train_fscore:77.06%; train_loss:1.2804; train_loss1:0.5809; train_loss2:0.6995
sample number: 5810.0
sample number: 1623.0
sample number: 1623.0
epoch:88; train_fscore:76.24%; train_loss:1.2993; train_loss1:0.5961; train_loss2:0.7032
sample number: 5810.0
sample number: 1623.0
sample number: 1623.0
epoch:89; train_fscore:77.46%; train_loss:1.287; train_loss1:0.5605; train_loss2:0.7265
sample number: 5810.0
sample number: 1623.0
sample number: 1623.0
epoch:90; train_fscore:78.36%; train_loss:1.2378; train_loss1:0.549; train_loss2:0.6888
sample number: 5810.0
sample number: 1623.0
sample number: 1623.0
epoch:91; train_fscore:79.61%; train_loss:1.2337; train_loss1:0.5313; train_loss2:0.7024
sample number: 5810.0
sample number: 1623.0
sample number: 1623.0
epoch:92; train_fscore:79.18%; train_loss:1.252; train_loss1:0.5242; train_loss2:0.7278
sample number: 5810.0
sample number: 1623.0
sample number: 1623.0
epoch:93; train_fscore:78.60%; train_loss:1.2324; train_loss1:0.5283; train_loss2:0.7041
sample number: 5810.0
sample number: 1623.0
sample number: 1623.0
epoch:94; train_fscore:77.83%; train_loss:1.1987; train_loss1:0.5334; train_loss2:0.6653
sample number: 5810.0
sample number: 1623.0
sample number: 1623.0
epoch:95; train_fscore:78.85%; train_loss:1.2214; train_loss1:0.5265; train_loss2:0.6948
sample number: 5810.0
sample number: 1623.0
sample number: 1623.0
epoch:96; train_fscore:79.85%; train_loss:1.2577; train_loss1:0.5115; train_loss2:0.7462
sample number: 5810.0
sample number: 1623.0
sample number: 1623.0
epoch:97; train_fscore:80.91%; train_loss:1.1628; train_loss1:0.4848; train_loss2:0.678
sample number: 5810.0
sample number: 1623.0
sample number: 1623.0
epoch:98; train_fscore:79.89%; train_loss:1.1834; train_loss1:0.499; train_loss2:0.6844
sample number: 5810.0
sample number: 1623.0
sample number: 1623.0
epoch:99; train_fscore:80.15%; train_loss:1.1526; train_loss1:0.492; train_loss2:0.6607
sample number: 5810.0
sample number: 1623.0
sample number: 1623.0
epoch:100; train_fscore:80.62%; train_loss:1.1444; train_loss1:0.4857; train_loss2:0.6587
Step3: saving and testing on the 5 folder
>>>>> Finish: training on the 5 folder, duration: 429.86828351020813 >>>>>
====== Saving =======
SMOKE_ONLY=False
save results in /data2/yb/paper/experiments/second_graph_aggregation_iemocap6_20260825_phase_b/formal/ssma/miss_0p5/seed_68/fold_5/saved/iemocapsix_original_addition_secondagg_ssma_f5_s68_m0p5_1787706632.343782.npz
