Namespace(allow_short_run=False, audio_feature='wav2vec-large-c-UTT', base_model='LSTM', batch_size=32, branch_fusion='addition', data_root='/data2/yb/paper/GCNet_TPAMI_modality_jepa_20260818/dataset/IEMOCAP', dataset='IEMOCAPSix', dropout=0.5, epochs=100, fold_index=5, graph_conv_variant='original', hidden=200, l2=1e-05, loss_recon=True, lower_bound=False, lr=0.001, mask_bank_root='/data2/yb/paper/experiments/mpfilm_iemocap6_20260824/mask_banks', mask_seed=67, mask_type='constant-0.5', n_classes=6, n_speakers=2, no_cuda=False, num_folder=5, num_threads=6, output_dir='/data2/yb/paper/experiments/second_graph_aggregation_iemocap6_20260825_phase_b/formal/ssma/miss_0p5/seed_67/fold_5/saved', post_graph_context='bilstm', pre_graph_context='bilstm', reccls_flag=False, relation_track_routing='early', second_graph_aggregation='ssma', seed=67, text_feature='deberta-large-4-UTT', time_attn=False, video_feature='manet_UTT', windowf=2, windowp=2)
====== Reading Data =======
audio dimension: 512; text dimension: 1024; video dimension: 1024
stage-aware mask bundle: sha256=3c71477ffce402e88dd6792b75e563937f19f19f089335a9dbb9748ad4772915 requested=0.5000 realized=0.5028
====== Training and Evaluation =======
>>>>> Cross-validation: training on the 5 folder >>>>>
Step1: build model (each folder has its own model)
Model have 37015216 paramerters in total
Graph NN with LSTM as base model.
Step2: training (multiple epoches)
[W Copy.cpp:219] Warning: Casting complex values to real discards the imaginary part (function operator())
sample number: 5810.0
sample number: 1623.0
sample number: 1623.0
epoch:1; train_fscore:11.37%; train_loss:4.6716; train_loss1:1.8081; train_loss2:2.8635
sample number: 5810.0
sample number: 1623.0
sample number: 1623.0
epoch:2; train_fscore:11.32%; train_loss:4.3327; train_loss1:1.7509; train_loss2:2.5818
sample number: 5810.0
sample number: 1623.0
sample number: 1623.0
epoch:3; train_fscore:17.98%; train_loss:3.93; train_loss1:1.7927; train_loss2:2.1372
sample number: 5810.0
sample number: 1623.0
sample number: 1623.0
epoch:4; train_fscore:19.06%; train_loss:3.7213; train_loss1:1.6893; train_loss2:2.032
sample number: 5810.0
sample number: 1623.0
sample number: 1623.0
epoch:5; train_fscore:18.75%; train_loss:3.4345; train_loss1:1.6974; train_loss2:1.7371
sample number: 5810.0
sample number: 1623.0
sample number: 1623.0
epoch:6; train_fscore:22.60%; train_loss:3.2776; train_loss1:1.6054; train_loss2:1.6722
sample number: 5810.0
sample number: 1623.0
sample number: 1623.0
epoch:7; train_fscore:22.91%; train_loss:2.9625; train_loss1:1.6525; train_loss2:1.31
sample number: 5810.0
sample number: 1623.0
sample number: 1623.0
epoch:8; train_fscore:20.47%; train_loss:2.5557; train_loss1:1.625; train_loss2:0.9307
sample number: 5810.0
sample number: 1623.0
sample number: 1623.0
epoch:9; train_fscore:23.09%; train_loss:2.4782; train_loss1:1.6454; train_loss2:0.8329
sample number: 5810.0
sample number: 1623.0
sample number: 1623.0
epoch:10; train_fscore:24.22%; train_loss:2.3436; train_loss1:1.5463; train_loss2:0.7973
sample number: 5810.0
sample number: 1623.0
sample number: 1623.0
epoch:11; train_fscore:27.94%; train_loss:2.2273; train_loss1:1.521; train_loss2:0.7063
sample number: 5810.0
sample number: 1623.0
sample number: 1623.0
epoch:12; train_fscore:26.65%; train_loss:2.2827; train_loss1:1.51; train_loss2:0.7727
sample number: 5810.0
sample number: 1623.0
sample number: 1623.0
epoch:13; train_fscore:27.12%; train_loss:2.311; train_loss1:1.5247; train_loss2:0.7863
sample number: 5810.0
sample number: 1623.0
sample number: 1623.0
epoch:14; train_fscore:31.74%; train_loss:2.2086; train_loss1:1.4675; train_loss2:0.7411
sample number: 5810.0
sample number: 1623.0
sample number: 1623.0
epoch:15; train_fscore:28.48%; train_loss:2.1724; train_loss1:1.471; train_loss2:0.7014
sample number: 5810.0
sample number: 1623.0
sample number: 1623.0
epoch:16; train_fscore:28.33%; train_loss:2.1871; train_loss1:1.4333; train_loss2:0.7538
sample number: 5810.0
sample number: 1623.0
sample number: 1623.0
epoch:17; train_fscore:30.52%; train_loss:2.1048; train_loss1:1.4206; train_loss2:0.6842
sample number: 5810.0
sample number: 1623.0
sample number: 1623.0
epoch:18; train_fscore:29.01%; train_loss:2.0652; train_loss1:1.3774; train_loss2:0.6878
sample number: 5810.0
sample number: 1623.0
sample number: 1623.0
epoch:19; train_fscore:30.41%; train_loss:2.1274; train_loss1:1.3887; train_loss2:0.7387
sample number: 5810.0
sample number: 1623.0
sample number: 1623.0
epoch:20; train_fscore:32.40%; train_loss:1.9936; train_loss1:1.3424; train_loss2:0.6512
sample number: 5810.0
sample number: 1623.0
sample number: 1623.0
epoch:21; train_fscore:35.44%; train_loss:2.0109; train_loss1:1.263; train_loss2:0.7479
sample number: 5810.0
sample number: 1623.0
sample number: 1623.0
epoch:22; train_fscore:34.52%; train_loss:1.9771; train_loss1:1.2759; train_loss2:0.7011
sample number: 5810.0
sample number: 1623.0
sample number: 1623.0
epoch:23; train_fscore:42.44%; train_loss:1.9926; train_loss1:1.2393; train_loss2:0.7533
sample number: 5810.0
sample number: 1623.0
sample number: 1623.0
epoch:24; train_fscore:37.98%; train_loss:1.95; train_loss1:1.3057; train_loss2:0.6443
sample number: 5810.0
sample number: 1623.0
sample number: 1623.0
epoch:25; train_fscore:40.87%; train_loss:1.924; train_loss1:1.2545; train_loss2:0.6695
sample number: 5810.0
sample number: 1623.0
sample number: 1623.0
epoch:26; train_fscore:37.29%; train_loss:2.0039; train_loss1:1.2924; train_loss2:0.7115
sample number: 5810.0
sample number: 1623.0
sample number: 1623.0
epoch:27; train_fscore:44.87%; train_loss:1.922; train_loss1:1.1982; train_loss2:0.7238
sample number: 5810.0
sample number: 1623.0
sample number: 1623.0
epoch:28; train_fscore:45.94%; train_loss:1.8604; train_loss1:1.1518; train_loss2:0.7086
sample number: 5810.0
sample number: 1623.0
sample number: 1623.0
epoch:29; train_fscore:49.12%; train_loss:1.8479; train_loss1:1.1361; train_loss2:0.7118
sample number: 5810.0
sample number: 1623.0
sample number: 1623.0
epoch:30; train_fscore:48.46%; train_loss:1.7904; train_loss1:1.1044; train_loss2:0.6861
sample number: 5810.0
sample number: 1623.0
sample number: 1623.0
epoch:31; train_fscore:49.91%; train_loss:1.8206; train_loss1:1.1161; train_loss2:0.7045
sample number: 5810.0
sample number: 1623.0
sample number: 1623.0
epoch:32; train_fscore:52.61%; train_loss:1.8132; train_loss1:1.0989; train_loss2:0.7144
sample number: 5810.0
sample number: 1623.0
sample number: 1623.0
epoch:33; train_fscore:51.65%; train_loss:1.8137; train_loss1:1.0862; train_loss2:0.7276
sample number: 5810.0
sample number: 1623.0
sample number: 1623.0
epoch:34; train_fscore:48.85%; train_loss:1.8971; train_loss1:1.1751; train_loss2:0.722
sample number: 5810.0
sample number: 1623.0
sample number: 1623.0
epoch:35; train_fscore:48.80%; train_loss:1.9395; train_loss1:1.18; train_loss2:0.7595
sample number: 5810.0
sample number: 1623.0
sample number: 1623.0
epoch:36; train_fscore:45.89%; train_loss:1.8838; train_loss1:1.1867; train_loss2:0.6971
sample number: 5810.0
sample number: 1623.0
sample number: 1623.0
epoch:37; train_fscore:49.41%; train_loss:1.863; train_loss1:1.1741; train_loss2:0.689
sample number: 5810.0
sample number: 1623.0
sample number: 1623.0
epoch:38; train_fscore:46.35%; train_loss:1.8196; train_loss1:1.1582; train_loss2:0.6614
sample number: 5810.0
sample number: 1623.0
sample number: 1623.0
epoch:39; train_fscore:48.56%; train_loss:1.8554; train_loss1:1.1311; train_loss2:0.7243
sample number: 5810.0
sample number: 1623.0
sample number: 1623.0
epoch:40; train_fscore:47.90%; train_loss:1.7354; train_loss1:1.0744; train_loss2:0.661
sample number: 5810.0
sample number: 1623.0
sample number: 1623.0
epoch:41; train_fscore:55.79%; train_loss:1.8444; train_loss1:1.0363; train_loss2:0.8081
sample number: 5810.0
sample number: 1623.0
sample number: 1623.0
epoch:42; train_fscore:52.77%; train_loss:1.7546; train_loss1:1.043; train_loss2:0.7116
sample number: 5810.0
sample number: 1623.0
sample number: 1623.0
epoch:43; train_fscore:55.23%; train_loss:1.6916; train_loss1:1.0129; train_loss2:0.6787
sample number: 5810.0
sample number: 1623.0
sample number: 1623.0
epoch:44; train_fscore:56.65%; train_loss:1.7322; train_loss1:0.9885; train_loss2:0.7437
sample number: 5810.0
sample number: 1623.0
sample number: 1623.0
epoch:45; train_fscore:55.31%; train_loss:1.6741; train_loss1:0.9944; train_loss2:0.6796
sample number: 5810.0
sample number: 1623.0
sample number: 1623.0
epoch:46; train_fscore:56.14%; train_loss:1.7008; train_loss1:1.0016; train_loss2:0.6992
sample number: 5810.0
sample number: 1623.0
sample number: 1623.0
epoch:47; train_fscore:58.57%; train_loss:1.6569; train_loss1:0.9608; train_loss2:0.6962
sample number: 5810.0
sample number: 1623.0
sample number: 1623.0
epoch:48; train_fscore:58.39%; train_loss:1.7018; train_loss1:0.9671; train_loss2:0.7347
sample number: 5810.0
sample number: 1623.0
sample number: 1623.0
epoch:49; train_fscore:60.22%; train_loss:1.6092; train_loss1:0.9247; train_loss2:0.6845
sample number: 5810.0
sample number: 1623.0
sample number: 1623.0
epoch:50; train_fscore:59.51%; train_loss:1.6632; train_loss1:0.9534; train_loss2:0.7097
sample number: 5810.0
sample number: 1623.0
sample number: 1623.0
epoch:51; train_fscore:63.25%; train_loss:1.5614; train_loss1:0.8938; train_loss2:0.6677
sample number: 5810.0
sample number: 1623.0
sample number: 1623.0
epoch:52; train_fscore:62.26%; train_loss:1.6224; train_loss1:0.8853; train_loss2:0.7371
sample number: 5810.0
sample number: 1623.0
sample number: 1623.0
epoch:53; train_fscore:63.06%; train_loss:1.6026; train_loss1:0.8734; train_loss2:0.7291
sample number: 5810.0
sample number: 1623.0
sample number: 1623.0
epoch:54; train_fscore:62.81%; train_loss:1.6131; train_loss1:0.8665; train_loss2:0.7467
sample number: 5810.0
sample number: 1623.0
sample number: 1623.0
epoch:55; train_fscore:63.30%; train_loss:1.5017; train_loss1:0.855; train_loss2:0.6467
sample number: 5810.0
sample number: 1623.0
sample number: 1623.0
epoch:56; train_fscore:61.35%; train_loss:1.6012; train_loss1:0.899; train_loss2:0.7022
sample number: 5810.0
sample number: 1623.0
sample number: 1623.0
epoch:57; train_fscore:61.64%; train_loss:1.5749; train_loss1:0.9253; train_loss2:0.6496
sample number: 5810.0
sample number: 1623.0
sample number: 1623.0
epoch:58; train_fscore:60.38%; train_loss:1.661; train_loss1:0.9266; train_loss2:0.7344
sample number: 5810.0
sample number: 1623.0
sample number: 1623.0
epoch:59; train_fscore:62.81%; train_loss:1.6609; train_loss1:0.9104; train_loss2:0.7504
sample number: 5810.0
sample number: 1623.0
sample number: 1623.0
epoch:60; train_fscore:61.81%; train_loss:1.616; train_loss1:0.8842; train_loss2:0.7318
sample number: 5810.0
sample number: 1623.0
sample number: 1623.0
epoch:61; train_fscore:63.91%; train_loss:1.5906; train_loss1:0.8664; train_loss2:0.7241
sample number: 5810.0
sample number: 1623.0
sample number: 1623.0
epoch:62; train_fscore:62.19%; train_loss:1.5812; train_loss1:0.8762; train_loss2:0.705
sample number: 5810.0
sample number: 1623.0
sample number: 1623.0
epoch:63; train_fscore:63.51%; train_loss:1.5827; train_loss1:0.8816; train_loss2:0.7011
sample number: 5810.0
sample number: 1623.0
sample number: 1623.0
epoch:64; train_fscore:63.76%; train_loss:1.6113; train_loss1:0.8575; train_loss2:0.7538
sample number: 5810.0
sample number: 1623.0
sample number: 1623.0
epoch:65; train_fscore:63.19%; train_loss:1.5394; train_loss1:0.8775; train_loss2:0.6619
sample number: 5810.0
sample number: 1623.0
sample number: 1623.0
epoch:66; train_fscore:63.25%; train_loss:1.5801; train_loss1:0.8628; train_loss2:0.7173
sample number: 5810.0
sample number: 1623.0
sample number: 1623.0
epoch:67; train_fscore:64.65%; train_loss:1.5424; train_loss1:0.8314; train_loss2:0.711
sample number: 5810.0
sample number: 1623.0
sample number: 1623.0
epoch:68; train_fscore:68.11%; train_loss:1.4401; train_loss1:0.7738; train_loss2:0.6663
sample number: 5810.0
sample number: 1623.0
sample number: 1623.0
epoch:69; train_fscore:68.30%; train_loss:1.4674; train_loss1:0.7826; train_loss2:0.6848
sample number: 5810.0
sample number: 1623.0
sample number: 1623.0
epoch:70; train_fscore:67.72%; train_loss:1.458; train_loss1:0.7777; train_loss2:0.6803
sample number: 5810.0
sample number: 1623.0
sample number: 1623.0
epoch:71; train_fscore:67.23%; train_loss:1.5641; train_loss1:0.7865; train_loss2:0.7776
sample number: 5810.0
sample number: 1623.0
sample number: 1623.0
epoch:72; train_fscore:69.03%; train_loss:1.4443; train_loss1:0.7515; train_loss2:0.6927
sample number: 5810.0
sample number: 1623.0
sample number: 1623.0
epoch:73; train_fscore:69.01%; train_loss:1.4691; train_loss1:0.7527; train_loss2:0.7164
sample number: 5810.0
sample number: 1623.0
sample number: 1623.0
epoch:74; train_fscore:69.92%; train_loss:1.4451; train_loss1:0.7331; train_loss2:0.7119
sample number: 5810.0
sample number: 1623.0
sample number: 1623.0
epoch:75; train_fscore:71.45%; train_loss:1.3997; train_loss1:0.6985; train_loss2:0.7012
sample number: 5810.0
sample number: 1623.0
sample number: 1623.0
epoch:76; train_fscore:70.66%; train_loss:1.4352; train_loss1:0.7237; train_loss2:0.7115
sample number: 5810.0
sample number: 1623.0
sample number: 1623.0
epoch:77; train_fscore:72.10%; train_loss:1.3387; train_loss1:0.6884; train_loss2:0.6503
sample number: 5810.0
sample number: 1623.0
sample number: 1623.0
epoch:78; train_fscore:71.67%; train_loss:1.4108; train_loss1:0.7018; train_loss2:0.709
sample number: 5810.0
sample number: 1623.0
sample number: 1623.0
epoch:79; train_fscore:72.62%; train_loss:1.3724; train_loss1:0.6822; train_loss2:0.6901
sample number: 5810.0
sample number: 1623.0
sample number: 1623.0
epoch:80; train_fscore:71.16%; train_loss:1.3874; train_loss1:0.7022; train_loss2:0.6852
sample number: 5810.0
sample number: 1623.0
sample number: 1623.0
epoch:81; train_fscore:71.03%; train_loss:1.402; train_loss1:0.6977; train_loss2:0.7043
sample number: 5810.0
sample number: 1623.0
sample number: 1623.0
epoch:82; train_fscore:73.18%; train_loss:1.3366; train_loss1:0.6779; train_loss2:0.6587
sample number: 5810.0
sample number: 1623.0
sample number: 1623.0
epoch:83; train_fscore:71.66%; train_loss:1.3257; train_loss1:0.6865; train_loss2:0.6393
sample number: 5810.0
sample number: 1623.0
sample number: 1623.0
epoch:84; train_fscore:72.90%; train_loss:1.2959; train_loss1:0.6677; train_loss2:0.6283
sample number: 5810.0
sample number: 1623.0
sample number: 1623.0
epoch:85; train_fscore:74.13%; train_loss:1.3691; train_loss1:0.6436; train_loss2:0.7256
sample number: 5810.0
sample number: 1623.0
sample number: 1623.0
epoch:86; train_fscore:73.80%; train_loss:1.3638; train_loss1:0.6479; train_loss2:0.7158
sample number: 5810.0
sample number: 1623.0
sample number: 1623.0
epoch:87; train_fscore:72.82%; train_loss:1.2781; train_loss1:0.6583; train_loss2:0.6197
sample number: 5810.0
sample number: 1623.0
sample number: 1623.0
epoch:88; train_fscore:74.92%; train_loss:1.4014; train_loss1:0.6272; train_loss2:0.7742
sample number: 5810.0
sample number: 1623.0
sample number: 1623.0
epoch:89; train_fscore:75.22%; train_loss:1.2345; train_loss1:0.6008; train_loss2:0.6337
sample number: 5810.0
sample number: 1623.0
sample number: 1623.0
epoch:90; train_fscore:76.80%; train_loss:1.2698; train_loss1:0.5821; train_loss2:0.6878
sample number: 5810.0
sample number: 1623.0
sample number: 1623.0
epoch:91; train_fscore:76.03%; train_loss:1.3011; train_loss1:0.594; train_loss2:0.7071
sample number: 5810.0
sample number: 1623.0
sample number: 1623.0
epoch:92; train_fscore:75.40%; train_loss:1.3293; train_loss1:0.5975; train_loss2:0.7318
sample number: 5810.0
sample number: 1623.0
sample number: 1623.0
epoch:93; train_fscore:74.68%; train_loss:1.3541; train_loss1:0.6217; train_loss2:0.7324
sample number: 5810.0
sample number: 1623.0
sample number: 1623.0
epoch:94; train_fscore:76.93%; train_loss:1.3247; train_loss1:0.5889; train_loss2:0.7357
sample number: 5810.0
sample number: 1623.0
sample number: 1623.0
epoch:95; train_fscore:76.62%; train_loss:1.2955; train_loss1:0.5849; train_loss2:0.7105
sample number: 5810.0
sample number: 1623.0
sample number: 1623.0
epoch:96; train_fscore:75.85%; train_loss:1.3041; train_loss1:0.5965; train_loss2:0.7076
sample number: 5810.0
sample number: 1623.0
sample number: 1623.0
epoch:97; train_fscore:76.00%; train_loss:1.2713; train_loss1:0.5935; train_loss2:0.6778
sample number: 5810.0
sample number: 1623.0
sample number: 1623.0
epoch:98; train_fscore:76.15%; train_loss:1.2571; train_loss1:0.5855; train_loss2:0.6716
sample number: 5810.0
sample number: 1623.0
sample number: 1623.0
epoch:99; train_fscore:77.56%; train_loss:1.2838; train_loss1:0.5714; train_loss2:0.7124
sample number: 5810.0
sample number: 1623.0
sample number: 1623.0
epoch:100; train_fscore:77.46%; train_loss:1.2142; train_loss1:0.556; train_loss2:0.6581
Step3: saving and testing on the 5 folder
>>>>> Finish: training on the 5 folder, duration: 433.0350399017334 >>>>>
====== Saving =======
SMOKE_ONLY=False
save results in /data2/yb/paper/experiments/second_graph_aggregation_iemocap6_20260825_phase_b/formal/ssma/miss_0p5/seed_67/fold_5/saved/iemocapsix_original_addition_secondagg_ssma_f5_s67_m0p5_1787706635.8467062.npz
