Namespace(allow_short_run=False, audio_feature='wav2vec-large-c-UTT', base_model='LSTM', batch_size=32, branch_fusion='addition', data_root='/data2/yb/paper/GCNet_TPAMI_modality_jepa_20260818/dataset/IEMOCAP', dataset='IEMOCAPSix', dropout=0.5, epochs=100, fold_index=5, graph_conv_variant='original', hidden=200, l2=1e-05, loss_recon=True, lower_bound=False, lr=0.001, mask_bank_root='/data2/yb/paper/experiments/mpfilm_iemocap6_20260824/mask_banks', mask_seed=69, mask_type='constant-0.5', n_classes=6, n_speakers=2, no_cuda=False, num_folder=5, num_threads=6, output_dir='/data2/yb/paper/experiments/second_graph_aggregation_iemocap6_20260825/formal/genagg/miss_0p5/seed_69/fold_5/saved', post_graph_context='bilstm', pre_graph_context='bilstm', reccls_flag=False, second_graph_aggregation='genagg', seed=69, text_feature='deberta-large-4-UTT', time_attn=False, video_feature='manet_UTT', windowf=2, windowp=2)
====== Reading Data =======
audio dimension: 512; text dimension: 1024; video dimension: 1024
stage-aware mask bundle: sha256=3df3697b72b3d463b93f7b46f1e1d9abfe9b29abd165d5a6fab72184326cd330 requested=0.5000 realized=0.5030
====== Training and Evaluation =======
>>>>> Cross-validation: training on the 5 folder >>>>>
Step1: build model (each folder has its own model)
Model have 36419934 paramerters in total
Graph NN with LSTM as base model.
Step2: training (multiple epoches)
sample number: 5810.0
sample number: 1623.0
sample number: 1623.0
epoch:1; train_fscore:13.81%; train_loss:5.3502; train_loss1:1.8383; train_loss2:2.9193
sample number: 5810.0
sample number: 1623.0
sample number: 1623.0
epoch:2; train_fscore:15.76%; train_loss:4.4202; train_loss1:1.7959; train_loss2:2.4481
sample number: 5810.0
sample number: 1623.0
sample number: 1623.0
epoch:3; train_fscore:14.32%; train_loss:4.0688; train_loss1:1.7749; train_loss2:2.1892
sample number: 5810.0
sample number: 1623.0
sample number: 1623.0
epoch:4; train_fscore:11.38%; train_loss:3.745; train_loss1:1.7585; train_loss2:1.9158
sample number: 5810.0
sample number: 1623.0
sample number: 1623.0
epoch:5; train_fscore:12.57%; train_loss:3.4818; train_loss1:1.7638; train_loss2:1.6696
sample number: 5810.0
sample number: 1623.0
sample number: 1623.0
epoch:6; train_fscore:15.15%; train_loss:3.2996; train_loss1:1.7499; train_loss2:1.5137
sample number: 5810.0
sample number: 1623.0
sample number: 1623.0
epoch:7; train_fscore:12.55%; train_loss:2.952; train_loss1:1.7951; train_loss2:1.1289
sample number: 5810.0
sample number: 1623.0
sample number: 1623.0
epoch:8; train_fscore:15.96%; train_loss:2.7755; train_loss1:1.8112; train_loss2:0.9399
sample number: 5810.0
sample number: 1623.0
sample number: 1623.0
epoch:9; train_fscore:16.00%; train_loss:2.7095; train_loss1:1.8228; train_loss2:0.8663
sample number: 5810.0
sample number: 1623.0
sample number: 1623.0
epoch:10; train_fscore:17.04%; train_loss:2.6279; train_loss1:1.7892; train_loss2:0.8206
sample number: 5810.0
sample number: 1623.0
sample number: 1623.0
epoch:11; train_fscore:15.49%; train_loss:2.5772; train_loss1:1.781; train_loss2:0.78
sample number: 5810.0
sample number: 1623.0
sample number: 1623.0
epoch:12; train_fscore:15.68%; train_loss:2.5008; train_loss1:1.7654; train_loss2:0.7209
sample number: 5810.0
sample number: 1623.0
sample number: 1623.0
epoch:13; train_fscore:15.25%; train_loss:2.4987; train_loss1:1.7457; train_loss2:0.7396
sample number: 5810.0
sample number: 1623.0
sample number: 1623.0
epoch:14; train_fscore:17.24%; train_loss:2.4756; train_loss1:1.7742; train_loss2:0.6888
sample number: 5810.0
sample number: 1623.0
sample number: 1623.0
epoch:15; train_fscore:17.00%; train_loss:2.5775; train_loss1:1.7636; train_loss2:0.8022
sample number: 5810.0
sample number: 1623.0
sample number: 1623.0
epoch:16; train_fscore:14.90%; train_loss:2.4948; train_loss1:1.7654; train_loss2:0.7185
sample number: 5810.0
sample number: 1623.0
sample number: 1623.0
epoch:17; train_fscore:15.17%; train_loss:2.5167; train_loss1:1.7744; train_loss2:0.7319
sample number: 5810.0
sample number: 1623.0
sample number: 1623.0
epoch:18; train_fscore:15.76%; train_loss:2.5052; train_loss1:1.7795; train_loss2:0.7159
sample number: 5810.0
sample number: 1623.0
sample number: 1623.0
epoch:19; train_fscore:14.36%; train_loss:2.5466; train_loss1:1.7709; train_loss2:0.7664
sample number: 5810.0
sample number: 1623.0
sample number: 1623.0
epoch:20; train_fscore:10.10%; train_loss:2.5584; train_loss1:1.7683; train_loss2:0.7813
sample number: 5810.0
sample number: 1623.0
sample number: 1623.0
epoch:21; train_fscore:13.19%; train_loss:2.515; train_loss1:1.7528; train_loss2:0.7537
sample number: 5810.0
sample number: 1623.0
sample number: 1623.0
epoch:22; train_fscore:14.39%; train_loss:2.5341; train_loss1:1.7592; train_loss2:0.7666
sample number: 5810.0
sample number: 1623.0
sample number: 1623.0
epoch:23; train_fscore:17.44%; train_loss:2.4158; train_loss1:1.7468; train_loss2:0.6584
sample number: 5810.0
sample number: 1623.0
sample number: 1623.0
epoch:24; train_fscore:13.65%; train_loss:2.4574; train_loss1:1.7479; train_loss2:0.7011
sample number: 5810.0
sample number: 1623.0
sample number: 1623.0
epoch:25; train_fscore:15.32%; train_loss:2.4635; train_loss1:1.7535; train_loss2:0.7021
sample number: 5810.0
sample number: 1623.0
sample number: 1623.0
epoch:26; train_fscore:14.17%; train_loss:2.4784; train_loss1:1.7378; train_loss2:0.7337
sample number: 5810.0
sample number: 1623.0
sample number: 1623.0
epoch:27; train_fscore:16.09%; train_loss:2.502; train_loss1:1.7309; train_loss2:0.7647
sample number: 5810.0
sample number: 1623.0
sample number: 1623.0
epoch:28; train_fscore:16.50%; train_loss:2.4532; train_loss1:1.7222; train_loss2:0.7251
sample number: 5810.0
sample number: 1623.0
sample number: 1623.0
epoch:29; train_fscore:16.34%; train_loss:2.4197; train_loss1:1.7133; train_loss2:0.7005
sample number: 5810.0
sample number: 1623.0
sample number: 1623.0
epoch:30; train_fscore:19.68%; train_loss:2.4389; train_loss1:1.7243; train_loss2:0.7082
sample number: 5810.0
sample number: 1623.0
sample number: 1623.0
epoch:31; train_fscore:13.71%; train_loss:2.4887; train_loss1:1.7437; train_loss2:0.7125
sample number: 5810.0
sample number: 1623.0
sample number: 1623.0
epoch:32; train_fscore:14.56%; train_loss:2.4947; train_loss1:1.7514; train_loss2:0.7223
sample number: 5810.0
sample number: 1623.0
sample number: 1623.0
epoch:33; train_fscore:16.17%; train_loss:2.4496; train_loss1:1.7221; train_loss2:0.7133
sample number: 5810.0
sample number: 1623.0
sample number: 1623.0
epoch:34; train_fscore:15.07%; train_loss:2.4255; train_loss1:1.7284; train_loss2:0.6866
sample number: 5810.0
sample number: 1623.0
sample number: 1623.0
epoch:35; train_fscore:16.01%; train_loss:2.4086; train_loss1:1.7088; train_loss2:0.6907
sample number: 5810.0
sample number: 1623.0
sample number: 1623.0
epoch:36; train_fscore:16.64%; train_loss:2.4895; train_loss1:1.7201; train_loss2:0.7628
sample number: 5810.0
sample number: 1623.0
sample number: 1623.0
epoch:37; train_fscore:21.24%; train_loss:2.4331; train_loss1:1.7067; train_loss2:0.7205
sample number: 5810.0
sample number: 1623.0
sample number: 1623.0
epoch:38; train_fscore:18.13%; train_loss:2.4113; train_loss1:1.6978; train_loss2:0.7085
sample number: 5810.0
sample number: 1623.0
sample number: 1623.0
epoch:39; train_fscore:21.01%; train_loss:2.4451; train_loss1:1.71; train_loss2:0.7265
sample number: 5810.0
sample number: 1623.0
sample number: 1623.0
epoch:40; train_fscore:15.48%; train_loss:2.461; train_loss1:1.7328; train_loss2:0.7152
sample number: 5810.0
sample number: 1623.0
sample number: 1623.0
epoch:41; train_fscore:17.67%; train_loss:2.513; train_loss1:1.7524; train_loss2:0.7468
sample number: 5810.0
sample number: 1623.0
sample number: 1623.0
epoch:42; train_fscore:16.60%; train_loss:2.4194; train_loss1:1.7262; train_loss2:0.6849
sample number: 5810.0
sample number: 1623.0
sample number: 1623.0
epoch:43; train_fscore:18.36%; train_loss:2.4924; train_loss1:1.7148; train_loss2:0.7713
sample number: 5810.0
sample number: 1623.0
sample number: 1623.0
epoch:44; train_fscore:19.55%; train_loss:2.3935; train_loss1:1.7198; train_loss2:0.6687
sample number: 5810.0
sample number: 1623.0
sample number: 1623.0
epoch:45; train_fscore:18.42%; train_loss:2.4899; train_loss1:1.7213; train_loss2:0.7642
sample number: 5810.0
sample number: 1623.0
sample number: 1623.0
epoch:46; train_fscore:21.84%; train_loss:2.4887; train_loss1:1.7047; train_loss2:0.78
sample number: 5810.0
sample number: 1623.0
sample number: 1623.0
epoch:47; train_fscore:22.34%; train_loss:2.3964; train_loss1:1.7017; train_loss2:0.6911
sample number: 5810.0
sample number: 1623.0
sample number: 1623.0
epoch:48; train_fscore:19.42%; train_loss:2.3889; train_loss1:1.7081; train_loss2:0.6773
sample number: 5810.0
sample number: 1623.0
sample number: 1623.0
epoch:49; train_fscore:21.87%; train_loss:2.38; train_loss1:1.7081; train_loss2:0.6687
sample number: 5810.0
sample number: 1623.0
sample number: 1623.0
epoch:50; train_fscore:24.57%; train_loss:2.3866; train_loss1:1.6633; train_loss2:0.7199
sample number: 5810.0
sample number: 1623.0
sample number: 1623.0
epoch:51; train_fscore:19.95%; train_loss:2.4218; train_loss1:1.6809; train_loss2:0.737
sample number: 5810.0
sample number: 1623.0
sample number: 1623.0
epoch:52; train_fscore:23.88%; train_loss:2.3464; train_loss1:1.6764; train_loss2:0.6658
sample number: 5810.0
sample number: 1623.0
sample number: 1623.0
epoch:53; train_fscore:26.98%; train_loss:2.3614; train_loss1:1.6232; train_loss2:0.7335
sample number: 5810.0
sample number: 1623.0
sample number: 1623.0
epoch:54; train_fscore:22.31%; train_loss:2.3915; train_loss1:1.6705; train_loss2:0.714
sample number: 5810.0
sample number: 1623.0
sample number: 1623.0
epoch:55; train_fscore:28.23%; train_loss:2.3872; train_loss1:1.6116; train_loss2:0.7624
sample number: 5810.0
sample number: 1623.0
sample number: 1623.0
epoch:56; train_fscore:26.75%; train_loss:2.378; train_loss1:1.5702; train_loss2:0.7867
sample number: 5810.0
sample number: 1623.0
sample number: 1623.0
epoch:57; train_fscore:24.18%; train_loss:2.4714; train_loss1:1.6875; train_loss2:0.7625
sample number: 5810.0
sample number: 1623.0
sample number: 1623.0
epoch:58; train_fscore:26.75%; train_loss:2.3523; train_loss1:1.5815; train_loss2:0.7543
sample number: 5810.0
sample number: 1623.0
sample number: 1623.0
epoch:59; train_fscore:29.37%; train_loss:2.2444; train_loss1:1.5246; train_loss2:0.6969
sample number: 5810.0
sample number: 1623.0
sample number: 1623.0
epoch:60; train_fscore:35.42%; train_loss:2.1782; train_loss1:1.4501; train_loss2:0.6984
sample number: 5810.0
sample number: 1623.0
sample number: 1623.0
epoch:61; train_fscore:25.20%; train_loss:2.3284; train_loss1:1.6122; train_loss2:0.6879
sample number: 5810.0
sample number: 1623.0
sample number: 1623.0
epoch:62; train_fscore:28.16%; train_loss:2.2913; train_loss1:1.5477; train_loss2:0.7203
sample number: 5810.0
sample number: 1623.0
sample number: 1623.0
epoch:63; train_fscore:27.02%; train_loss:2.2402; train_loss1:1.4624; train_loss2:0.7571
sample number: 5810.0
sample number: 1623.0
sample number: 1623.0
epoch:64; train_fscore:30.10%; train_loss:2.1432; train_loss1:1.4152; train_loss2:0.7094
sample number: 5810.0
sample number: 1623.0
sample number: 1623.0
epoch:65; train_fscore:34.43%; train_loss:2.0826; train_loss1:1.3758; train_loss2:0.6976
sample number: 5810.0
sample number: 1623.0
sample number: 1623.0
epoch:66; train_fscore:35.71%; train_loss:2.0341; train_loss1:1.3706; train_loss2:0.654
sample number: 5810.0
sample number: 1623.0
sample number: 1623.0
epoch:67; train_fscore:37.88%; train_loss:2.0367; train_loss1:1.3415; train_loss2:0.6888
sample number: 5810.0
sample number: 1623.0
sample number: 1623.0
epoch:68; train_fscore:37.05%; train_loss:2.0825; train_loss1:1.3206; train_loss2:0.7561
sample number: 5810.0
sample number: 1623.0
sample number: 1623.0
epoch:69; train_fscore:35.36%; train_loss:2.1969; train_loss1:1.4598; train_loss2:0.7297
sample number: 5810.0
sample number: 1623.0
sample number: 1623.0
epoch:70; train_fscore:32.65%; train_loss:2.0717; train_loss1:1.4103; train_loss2:0.6499
sample number: 5810.0
sample number: 1623.0
sample number: 1623.0
epoch:71; train_fscore:38.02%; train_loss:2.041; train_loss1:1.3254; train_loss2:0.6949
sample number: 5810.0
sample number: 1623.0
sample number: 1623.0
epoch:72; train_fscore:38.47%; train_loss:2.0436; train_loss1:1.3363; train_loss2:0.687
sample number: 5810.0
sample number: 1623.0
sample number: 1623.0
epoch:73; train_fscore:36.64%; train_loss:2.0182; train_loss1:1.2789; train_loss2:0.7271
sample number: 5810.0
sample number: 1623.0
sample number: 1623.0
epoch:74; train_fscore:39.13%; train_loss:1.9587; train_loss1:1.2744; train_loss2:0.6734
sample number: 5810.0
sample number: 1623.0
sample number: 1623.0
epoch:75; train_fscore:43.25%; train_loss:1.9662; train_loss1:1.2295; train_loss2:0.7272
sample number: 5810.0
sample number: 1623.0
sample number: 1623.0
epoch:76; train_fscore:41.78%; train_loss:2.0232; train_loss1:1.2279; train_loss2:0.7857
sample number: 5810.0
sample number: 1623.0
sample number: 1623.0
epoch:77; train_fscore:42.92%; train_loss:1.8763; train_loss1:1.2183; train_loss2:0.6429
sample number: 5810.0
sample number: 1623.0
sample number: 1623.0
epoch:78; train_fscore:41.88%; train_loss:2.0035; train_loss1:1.2412; train_loss2:0.7535
sample number: 5810.0
sample number: 1623.0
sample number: 1623.0
epoch:79; train_fscore:45.98%; train_loss:1.904; train_loss1:1.1861; train_loss2:0.7098
sample number: 5810.0
sample number: 1623.0
sample number: 1623.0
epoch:80; train_fscore:47.59%; train_loss:1.8169; train_loss1:1.1598; train_loss2:0.6512
sample number: 5810.0
sample number: 1623.0
sample number: 1623.0
epoch:81; train_fscore:44.99%; train_loss:1.8407; train_loss1:1.1446; train_loss2:0.6873
sample number: 5810.0
sample number: 1623.0
sample number: 1623.0
epoch:82; train_fscore:47.42%; train_loss:1.8196; train_loss1:1.1361; train_loss2:0.6769
sample number: 5810.0
sample number: 1623.0
sample number: 1623.0
epoch:83; train_fscore:47.00%; train_loss:1.8985; train_loss1:1.1493; train_loss2:0.7431
sample number: 5810.0
sample number: 1623.0
sample number: 1623.0
epoch:84; train_fscore:49.00%; train_loss:1.8505; train_loss1:1.121; train_loss2:0.7182
sample number: 5810.0
sample number: 1623.0
sample number: 1623.0
epoch:85; train_fscore:48.64%; train_loss:1.8284; train_loss1:1.1209; train_loss2:0.6983
sample number: 5810.0
sample number: 1623.0
sample number: 1623.0
epoch:86; train_fscore:48.90%; train_loss:1.7529; train_loss1:1.0943; train_loss2:0.6536
sample number: 5810.0
sample number: 1623.0
sample number: 1623.0
epoch:87; train_fscore:51.29%; train_loss:1.7827; train_loss1:1.0677; train_loss2:0.7089
sample number: 5810.0
sample number: 1623.0
sample number: 1623.0
epoch:88; train_fscore:49.79%; train_loss:1.7814; train_loss1:1.0828; train_loss2:0.6926
sample number: 5810.0
sample number: 1623.0
sample number: 1623.0
epoch:89; train_fscore:53.66%; train_loss:1.7892; train_loss1:1.0497; train_loss2:0.7336
sample number: 5810.0
sample number: 1623.0
sample number: 1623.0
epoch:90; train_fscore:53.41%; train_loss:1.7116; train_loss1:1.052; train_loss2:0.6529
sample number: 5810.0
sample number: 1623.0
sample number: 1623.0
epoch:91; train_fscore:54.30%; train_loss:1.7525; train_loss1:1.0394; train_loss2:0.7056
sample number: 5810.0
sample number: 1623.0
sample number: 1623.0
epoch:92; train_fscore:49.97%; train_loss:1.8066; train_loss1:1.0798; train_loss2:0.7195
sample number: 5810.0
sample number: 1623.0
sample number: 1623.0
epoch:93; train_fscore:53.33%; train_loss:1.7443; train_loss1:1.0355; train_loss2:0.7019
sample number: 5810.0
sample number: 1623.0
sample number: 1623.0
epoch:94; train_fscore:48.15%; train_loss:1.7984; train_loss1:1.0874; train_loss2:0.7039
sample number: 5810.0
sample number: 1623.0
sample number: 1623.0
epoch:95; train_fscore:53.15%; train_loss:1.7765; train_loss1:1.0576; train_loss2:0.7106
sample number: 5810.0
sample number: 1623.0
sample number: 1623.0
epoch:96; train_fscore:52.48%; train_loss:1.7794; train_loss1:1.0433; train_loss2:0.7301
sample number: 5810.0
sample number: 1623.0
sample number: 1623.0
epoch:97; train_fscore:53.38%; train_loss:1.7053; train_loss1:1.0349; train_loss2:0.6637
sample number: 5810.0
sample number: 1623.0
sample number: 1623.0
epoch:98; train_fscore:54.46%; train_loss:1.7332; train_loss1:1.0354; train_loss2:0.692
sample number: 5810.0
sample number: 1623.0
sample number: 1623.0
epoch:99; train_fscore:54.82%; train_loss:1.7332; train_loss1:0.9993; train_loss2:0.7268
sample number: 5810.0
sample number: 1623.0
sample number: 1623.0
epoch:100; train_fscore:54.78%; train_loss:1.8013; train_loss1:1.0151; train_loss2:0.7792
Step3: saving and testing on the 5 folder
>>>>> Finish: training on the 5 folder, duration: 495.17181873321533 >>>>>
====== Saving =======
SMOKE_ONLY=False
save results in /data2/yb/paper/experiments/second_graph_aggregation_iemocap6_20260825/formal/genagg/miss_0p5/seed_69/fold_5/saved/iemocapsix_original_addition_secondagg_genagg_f5_s69_m0p5_1787707182.769573.npz
