audio dimension: 512; text dimension: 1024; video dimension: 1024
Traceback (most recent call last):
  File "/data2/yb/remote_experiments/osram_current_history_relation_20261003/code/experiments/osram_current_history_relation_20261003/residual_off.py", line 121, in <module>
    main()
  File "/data2/yb/remote_experiments/osram_current_history_relation_20261003/code/experiments/osram_current_history_relation_20261003/residual_off.py", line 96, in main
    np.testing.assert_array_equal(artifacts['predictions'], reference['predictions'])
  File "/data2/yb/reproduction_workspace/envs/s0/lib/python3.10/site-packages/numpy/testing/_private/utils.py", line 985, in assert_array_equal
    assert_array_compare(operator.__eq__, x, y, err_msg=err_msg,
  File "/data2/yb/reproduction_workspace/envs/s0/lib/python3.10/contextlib.py", line 79, in inner
    return func(*args, **kwds)
  File "/data2/yb/reproduction_workspace/envs/s0/lib/python3.10/site-packages/numpy/testing/_private/utils.py", line 862, in assert_array_compare
    raise AssertionError(msg)
AssertionError:
Arrays are not equal

Mismatched elements: 427 / 686 (62.2%)
Max absolute difference: 2.3841858e-07
Max relative difference: 2.9350289e-05
 x: array([-8.690265e-01,  1.674789e+00,  1.030127e+00, -9.811264e-01,
       -6.598961e-01, -6.812153e-01, -6.188567e-01, -2.679285e-01,
       -8.538919e-01, -6.753655e-01, -6.477713e-01, -2.121942e-01,...
 y: array([-8.690265e-01,  1.674789e+00,  1.030127e+00, -9.811263e-01,
       -6.598960e-01, -6.812154e-01, -6.188568e-01, -2.679285e-01,
       -8.538920e-01, -6.753654e-01, -6.477712e-01, -2.121942e-01,...
