Namespace(allow_short_run=False, audio_feature='wav2vec-large-c-UTT', base_model='LSTM', batch_size=32, branch_fusion='addition', data_root='/data2/yb/paper/GCNet_TPAMI_modality_jepa_20260818/dataset/IEMOCAP', dataset='IEMOCAPSix', dropout=0.5, epochs=100, fold_index=5, graph_conv_variant='original', hidden=200, l2=1e-05, loss_recon=True, lower_bound=False, lr=0.001, mask_bank_root='/data2/yb/paper/experiments/mpfilm_iemocap6_20260824/mask_banks', mask_seed=67, mask_type='constant-0.5', n_classes=6, n_speakers=2, no_cuda=False, num_folder=5, num_threads=6, output_dir='/data2/yb/paper/experiments/second_graph_aggregation_iemocap6_20260825/formal/soft_medoid/miss_0p5/seed_67/fold_5/saved', post_graph_context='bilstm', pre_graph_context='bilstm', reccls_flag=False, second_graph_aggregation='soft_medoid', seed=67, text_feature='deberta-large-4-UTT', time_attn=False, video_feature='manet_UTT', windowf=2, windowp=2)
====== Reading Data =======
audio dimension: 512; text dimension: 1024; video dimension: 1024
stage-aware mask bundle: sha256=3c71477ffce402e88dd6792b75e563937f19f19f089335a9dbb9748ad4772915 requested=0.5000 realized=0.5028
====== Training and Evaluation =======
>>>>> Cross-validation: training on the 5 folder >>>>>
Step1: build model (each folder has its own model)
Model have 36419816 paramerters in total
Graph NN with LSTM as base model.
Step2: training (multiple epoches)
sample number: 5810.0
sample number: 1623.0
sample number: 1623.0
epoch:1; train_fscore:14.65%; train_loss:4.709; train_loss1:1.8734; train_loss2:2.8356
sample number: 5810.0
sample number: 1623.0
sample number: 1623.0
epoch:2; train_fscore:19.73%; train_loss:4.1965; train_loss1:1.7569; train_loss2:2.4396
sample number: 5810.0
sample number: 1623.0
sample number: 1623.0
epoch:3; train_fscore:17.36%; train_loss:3.767; train_loss1:1.8018; train_loss2:1.9652
sample number: 5810.0
sample number: 1623.0
sample number: 1623.0
epoch:4; train_fscore:20.30%; train_loss:3.5627; train_loss1:1.7072; train_loss2:1.8555
sample number: 5810.0
sample number: 1623.0
sample number: 1623.0
epoch:5; train_fscore:22.04%; train_loss:3.1679; train_loss1:1.5961; train_loss2:1.5718
sample number: 5810.0
sample number: 1623.0
sample number: 1623.0
epoch:6; train_fscore:17.60%; train_loss:3.2169; train_loss1:1.8231; train_loss2:1.3938
sample number: 5810.0
sample number: 1623.0
sample number: 1623.0
epoch:7; train_fscore:16.95%; train_loss:2.7374; train_loss1:1.6562; train_loss2:1.0813
sample number: 5810.0
sample number: 1623.0
sample number: 1623.0
epoch:8; train_fscore:20.73%; train_loss:2.5082; train_loss1:1.6702; train_loss2:0.838
sample number: 5810.0
sample number: 1623.0
sample number: 1623.0
epoch:9; train_fscore:22.49%; train_loss:2.5108; train_loss1:1.7136; train_loss2:0.7972
sample number: 5810.0
sample number: 1623.0
sample number: 1623.0
epoch:10; train_fscore:23.92%; train_loss:2.3741; train_loss1:1.5971; train_loss2:0.7769
sample number: 5810.0
sample number: 1623.0
sample number: 1623.0
epoch:11; train_fscore:24.86%; train_loss:2.2644; train_loss1:1.5649; train_loss2:0.6995
sample number: 5810.0
sample number: 1623.0
sample number: 1623.0
epoch:12; train_fscore:23.49%; train_loss:2.3051; train_loss1:1.535; train_loss2:0.7701
sample number: 5810.0
sample number: 1623.0
sample number: 1623.0
epoch:13; train_fscore:27.71%; train_loss:2.2826; train_loss1:1.4979; train_loss2:0.7848
sample number: 5810.0
sample number: 1623.0
sample number: 1623.0
epoch:14; train_fscore:27.36%; train_loss:2.272; train_loss1:1.5311; train_loss2:0.741
sample number: 5810.0
sample number: 1623.0
sample number: 1623.0
epoch:15; train_fscore:27.19%; train_loss:2.151; train_loss1:1.4517; train_loss2:0.6994
sample number: 5810.0
sample number: 1623.0
sample number: 1623.0
epoch:16; train_fscore:27.69%; train_loss:2.207; train_loss1:1.4532; train_loss2:0.7538
sample number: 5810.0
sample number: 1623.0
sample number: 1623.0
epoch:17; train_fscore:28.23%; train_loss:2.1487; train_loss1:1.4626; train_loss2:0.6861
sample number: 5810.0
sample number: 1623.0
sample number: 1623.0
epoch:18; train_fscore:30.82%; train_loss:2.0967; train_loss1:1.4092; train_loss2:0.6875
sample number: 5810.0
sample number: 1623.0
sample number: 1623.0
epoch:19; train_fscore:30.07%; train_loss:2.1648; train_loss1:1.4275; train_loss2:0.7373
sample number: 5810.0
sample number: 1623.0
sample number: 1623.0
epoch:20; train_fscore:32.97%; train_loss:2.0367; train_loss1:1.3861; train_loss2:0.6506
sample number: 5810.0
sample number: 1623.0
sample number: 1623.0
epoch:21; train_fscore:33.82%; train_loss:2.1528; train_loss1:1.4021; train_loss2:0.7507
sample number: 5810.0
sample number: 1623.0
sample number: 1623.0
epoch:22; train_fscore:33.04%; train_loss:2.1558; train_loss1:1.4486; train_loss2:0.7071
sample number: 5810.0
sample number: 1623.0
sample number: 1623.0
epoch:23; train_fscore:39.06%; train_loss:2.0998; train_loss1:1.3374; train_loss2:0.7624
sample number: 5810.0
sample number: 1623.0
sample number: 1623.0
epoch:24; train_fscore:35.03%; train_loss:1.9911; train_loss1:1.3398; train_loss2:0.6513
sample number: 5810.0
sample number: 1623.0
sample number: 1623.0
epoch:25; train_fscore:36.53%; train_loss:1.9448; train_loss1:1.2755; train_loss2:0.6694
sample number: 5810.0
sample number: 1623.0
sample number: 1623.0
epoch:26; train_fscore:39.56%; train_loss:1.9424; train_loss1:1.2297; train_loss2:0.7127
sample number: 5810.0
sample number: 1623.0
sample number: 1623.0
epoch:27; train_fscore:36.80%; train_loss:1.9327; train_loss1:1.2112; train_loss2:0.7215
sample number: 5810.0
sample number: 1623.0
sample number: 1623.0
epoch:28; train_fscore:47.10%; train_loss:1.8695; train_loss1:1.1616; train_loss2:0.7079
sample number: 5810.0
sample number: 1623.0
sample number: 1623.0
epoch:29; train_fscore:46.74%; train_loss:1.8548; train_loss1:1.1453; train_loss2:0.7095
sample number: 5810.0
sample number: 1623.0
sample number: 1623.0
epoch:30; train_fscore:50.53%; train_loss:1.8091; train_loss1:1.1249; train_loss2:0.6842
sample number: 5810.0
sample number: 1623.0
sample number: 1623.0
epoch:31; train_fscore:48.45%; train_loss:1.8383; train_loss1:1.1366; train_loss2:0.7016
sample number: 5810.0
sample number: 1623.0
sample number: 1623.0
epoch:32; train_fscore:47.61%; train_loss:1.8674; train_loss1:1.154; train_loss2:0.7134
sample number: 5810.0
sample number: 1623.0
sample number: 1623.0
epoch:33; train_fscore:46.42%; train_loss:1.8973; train_loss1:1.1712; train_loss2:0.7261
sample number: 5810.0
sample number: 1623.0
sample number: 1623.0
epoch:34; train_fscore:45.60%; train_loss:1.852; train_loss1:1.1335; train_loss2:0.7184
sample number: 5810.0
sample number: 1623.0
sample number: 1623.0
epoch:35; train_fscore:45.49%; train_loss:1.911; train_loss1:1.153; train_loss2:0.758
sample number: 5810.0
sample number: 1623.0
sample number: 1623.0
epoch:36; train_fscore:53.56%; train_loss:1.7747; train_loss1:1.0801; train_loss2:0.6946
sample number: 5810.0
sample number: 1623.0
sample number: 1623.0
epoch:37; train_fscore:48.02%; train_loss:1.8212; train_loss1:1.1351; train_loss2:0.6862
sample number: 5810.0
sample number: 1623.0
sample number: 1623.0
epoch:38; train_fscore:53.48%; train_loss:1.7372; train_loss1:1.081; train_loss2:0.6563
sample number: 5810.0
sample number: 1623.0
sample number: 1623.0
epoch:39; train_fscore:50.57%; train_loss:1.7994; train_loss1:1.0778; train_loss2:0.7216
sample number: 5810.0
sample number: 1623.0
sample number: 1623.0
epoch:40; train_fscore:53.55%; train_loss:1.7052; train_loss1:1.0471; train_loss2:0.6581
sample number: 5810.0
sample number: 1623.0
sample number: 1623.0
epoch:41; train_fscore:54.50%; train_loss:1.8428; train_loss1:1.0405; train_loss2:0.8024
sample number: 5810.0
sample number: 1623.0
sample number: 1623.0
epoch:42; train_fscore:52.08%; train_loss:1.7657; train_loss1:1.057; train_loss2:0.7087
sample number: 5810.0
sample number: 1623.0
sample number: 1623.0
epoch:43; train_fscore:54.17%; train_loss:1.6977; train_loss1:1.0245; train_loss2:0.6732
sample number: 5810.0
sample number: 1623.0
sample number: 1623.0
epoch:44; train_fscore:55.07%; train_loss:1.7671; train_loss1:1.0275; train_loss2:0.7397
sample number: 5810.0
sample number: 1623.0
sample number: 1623.0
epoch:45; train_fscore:55.38%; train_loss:1.6775; train_loss1:1.0006; train_loss2:0.6769
sample number: 5810.0
sample number: 1623.0
sample number: 1623.0
epoch:46; train_fscore:55.15%; train_loss:1.7079; train_loss1:1.0124; train_loss2:0.6955
sample number: 5810.0
sample number: 1623.0
sample number: 1623.0
epoch:47; train_fscore:55.77%; train_loss:1.7107; train_loss1:1.0165; train_loss2:0.6942
sample number: 5810.0
sample number: 1623.0
sample number: 1623.0
epoch:48; train_fscore:52.94%; train_loss:1.7615; train_loss1:1.0257; train_loss2:0.7358
sample number: 5810.0
sample number: 1623.0
sample number: 1623.0
epoch:49; train_fscore:54.45%; train_loss:1.7099; train_loss1:1.0256; train_loss2:0.6843
sample number: 5810.0
sample number: 1623.0
sample number: 1623.0
epoch:50; train_fscore:56.87%; train_loss:1.7134; train_loss1:1.0039; train_loss2:0.7095
sample number: 5810.0
sample number: 1623.0
sample number: 1623.0
epoch:51; train_fscore:54.38%; train_loss:1.6655; train_loss1:0.996; train_loss2:0.6696
sample number: 5810.0
sample number: 1623.0
sample number: 1623.0
epoch:52; train_fscore:53.45%; train_loss:1.7429; train_loss1:1.0057; train_loss2:0.7373
sample number: 5810.0
sample number: 1623.0
sample number: 1623.0
epoch:53; train_fscore:55.28%; train_loss:1.7049; train_loss1:0.9756; train_loss2:0.7293
sample number: 5810.0
sample number: 1623.0
sample number: 1623.0
epoch:54; train_fscore:59.50%; train_loss:1.7144; train_loss1:0.9666; train_loss2:0.7478
sample number: 5810.0
sample number: 1623.0
sample number: 1623.0
epoch:55; train_fscore:58.14%; train_loss:1.5984; train_loss1:0.9511; train_loss2:0.6473
sample number: 5810.0
sample number: 1623.0
sample number: 1623.0
epoch:56; train_fscore:60.04%; train_loss:1.634; train_loss1:0.9321; train_loss2:0.7019
sample number: 5810.0
sample number: 1623.0
sample number: 1623.0
epoch:57; train_fscore:59.98%; train_loss:1.5976; train_loss1:0.9475; train_loss2:0.6502
sample number: 5810.0
sample number: 1623.0
sample number: 1623.0
epoch:58; train_fscore:59.92%; train_loss:1.6657; train_loss1:0.9318; train_loss2:0.734
sample number: 5810.0
sample number: 1623.0
sample number: 1623.0
epoch:59; train_fscore:59.79%; train_loss:1.6669; train_loss1:0.9162; train_loss2:0.7506
sample number: 5810.0
sample number: 1623.0
sample number: 1623.0
epoch:60; train_fscore:59.66%; train_loss:1.6606; train_loss1:0.9292; train_loss2:0.7314
sample number: 5810.0
sample number: 1623.0
sample number: 1623.0
epoch:61; train_fscore:61.62%; train_loss:1.6577; train_loss1:0.933; train_loss2:0.7247
sample number: 5810.0
sample number: 1623.0
sample number: 1623.0
epoch:62; train_fscore:60.47%; train_loss:1.6307; train_loss1:0.9272; train_loss2:0.7035
sample number: 5810.0
sample number: 1623.0
sample number: 1623.0
epoch:63; train_fscore:59.19%; train_loss:1.6346; train_loss1:0.9335; train_loss2:0.7011
sample number: 5810.0
sample number: 1623.0
sample number: 1623.0
epoch:64; train_fscore:60.95%; train_loss:1.6835; train_loss1:0.9298; train_loss2:0.7537
sample number: 5810.0
sample number: 1623.0
sample number: 1623.0
epoch:65; train_fscore:62.34%; train_loss:1.5534; train_loss1:0.8918; train_loss2:0.6616
sample number: 5810.0
sample number: 1623.0
sample number: 1623.0
epoch:66; train_fscore:63.68%; train_loss:1.5817; train_loss1:0.8654; train_loss2:0.7164
sample number: 5810.0
sample number: 1623.0
sample number: 1623.0
epoch:67; train_fscore:64.14%; train_loss:1.5588; train_loss1:0.849; train_loss2:0.7098
sample number: 5810.0
sample number: 1623.0
sample number: 1623.0
epoch:68; train_fscore:62.54%; train_loss:1.5323; train_loss1:0.8659; train_loss2:0.6664
sample number: 5810.0
sample number: 1623.0
sample number: 1623.0
epoch:69; train_fscore:65.10%; train_loss:1.5187; train_loss1:0.8338; train_loss2:0.6849
sample number: 5810.0
sample number: 1623.0
sample number: 1623.0
epoch:70; train_fscore:64.81%; train_loss:1.5114; train_loss1:0.8315; train_loss2:0.6799
sample number: 5810.0
sample number: 1623.0
sample number: 1623.0
epoch:71; train_fscore:65.85%; train_loss:1.6063; train_loss1:0.8301; train_loss2:0.7762
sample number: 5810.0
sample number: 1623.0
sample number: 1623.0
epoch:72; train_fscore:65.06%; train_loss:1.5231; train_loss1:0.8307; train_loss2:0.6924
sample number: 5810.0
sample number: 1623.0
sample number: 1623.0
epoch:73; train_fscore:63.04%; train_loss:1.5715; train_loss1:0.8556; train_loss2:0.716
sample number: 5810.0
sample number: 1623.0
sample number: 1623.0
epoch:74; train_fscore:65.75%; train_loss:1.5234; train_loss1:0.8108; train_loss2:0.7127
sample number: 5810.0
sample number: 1623.0
sample number: 1623.0
epoch:75; train_fscore:67.06%; train_loss:1.5002; train_loss1:0.7981; train_loss2:0.7021
sample number: 5810.0
sample number: 1623.0
sample number: 1623.0
epoch:76; train_fscore:67.32%; train_loss:1.5176; train_loss1:0.8048; train_loss2:0.7128
sample number: 5810.0
sample number: 1623.0
sample number: 1623.0
epoch:77; train_fscore:67.64%; train_loss:1.4151; train_loss1:0.7644; train_loss2:0.6508
sample number: 5810.0
sample number: 1623.0
sample number: 1623.0
epoch:78; train_fscore:68.29%; train_loss:1.4811; train_loss1:0.7719; train_loss2:0.7092
sample number: 5810.0
sample number: 1623.0
sample number: 1623.0
epoch:79; train_fscore:67.32%; train_loss:1.472; train_loss1:0.779; train_loss2:0.693
sample number: 5810.0
sample number: 1623.0
sample number: 1623.0
epoch:80; train_fscore:69.58%; train_loss:1.4318; train_loss1:0.7462; train_loss2:0.6856
sample number: 5810.0
sample number: 1623.0
sample number: 1623.0
epoch:81; train_fscore:68.31%; train_loss:1.4536; train_loss1:0.7501; train_loss2:0.7034
sample number: 5810.0
sample number: 1623.0
sample number: 1623.0
epoch:82; train_fscore:69.39%; train_loss:1.394; train_loss1:0.7341; train_loss2:0.66
sample number: 5810.0
sample number: 1623.0
sample number: 1623.0
epoch:83; train_fscore:69.28%; train_loss:1.3672; train_loss1:0.7268; train_loss2:0.6404
sample number: 5810.0
sample number: 1623.0
sample number: 1623.0
epoch:84; train_fscore:69.07%; train_loss:1.3509; train_loss1:0.7232; train_loss2:0.6278
sample number: 5810.0
sample number: 1623.0
sample number: 1623.0
epoch:85; train_fscore:68.16%; train_loss:1.4671; train_loss1:0.739; train_loss2:0.7281
sample number: 5810.0
sample number: 1623.0
sample number: 1623.0
epoch:86; train_fscore:69.13%; train_loss:1.4739; train_loss1:0.756; train_loss2:0.7179
sample number: 5810.0
sample number: 1623.0
sample number: 1623.0
epoch:87; train_fscore:67.62%; train_loss:1.387; train_loss1:0.7655; train_loss2:0.6215
sample number: 5810.0
sample number: 1623.0
sample number: 1623.0
epoch:88; train_fscore:68.08%; train_loss:1.5538; train_loss1:0.7767; train_loss2:0.7771
sample number: 5810.0
sample number: 1623.0
sample number: 1623.0
epoch:89; train_fscore:68.24%; train_loss:1.4151; train_loss1:0.7773; train_loss2:0.6378
sample number: 5810.0
sample number: 1623.0
sample number: 1623.0
epoch:90; train_fscore:67.74%; train_loss:1.4963; train_loss1:0.8011; train_loss2:0.6952
sample number: 5810.0
sample number: 1623.0
sample number: 1623.0
epoch:91; train_fscore:69.21%; train_loss:1.4559; train_loss1:0.7448; train_loss2:0.7111
sample number: 5810.0
sample number: 1623.0
sample number: 1623.0
epoch:92; train_fscore:69.38%; train_loss:1.4697; train_loss1:0.7347; train_loss2:0.735
sample number: 5810.0
sample number: 1623.0
sample number: 1623.0
epoch:93; train_fscore:68.69%; train_loss:1.4718; train_loss1:0.7341; train_loss2:0.7377
sample number: 5810.0
sample number: 1623.0
sample number: 1623.0
epoch:94; train_fscore:71.65%; train_loss:1.4488; train_loss1:0.7081; train_loss2:0.7407
sample number: 5810.0
sample number: 1623.0
sample number: 1623.0
epoch:95; train_fscore:72.07%; train_loss:1.3976; train_loss1:0.6841; train_loss2:0.7134
sample number: 5810.0
sample number: 1623.0
sample number: 1623.0
epoch:96; train_fscore:74.05%; train_loss:1.3571; train_loss1:0.6492; train_loss2:0.7079
sample number: 5810.0
sample number: 1623.0
sample number: 1623.0
epoch:97; train_fscore:75.80%; train_loss:1.2944; train_loss1:0.6153; train_loss2:0.6792
sample number: 5810.0
sample number: 1623.0
sample number: 1623.0
epoch:98; train_fscore:75.51%; train_loss:1.2817; train_loss1:0.6083; train_loss2:0.6734
sample number: 5810.0
sample number: 1623.0
sample number: 1623.0
epoch:99; train_fscore:76.05%; train_loss:1.3091; train_loss1:0.5969; train_loss2:0.7122
sample number: 5810.0
sample number: 1623.0
sample number: 1623.0
epoch:100; train_fscore:76.86%; train_loss:1.2455; train_loss1:0.5863; train_loss2:0.6593
Step3: saving and testing on the 5 folder
>>>>> Finish: training on the 5 folder, duration: 339.361750125885 >>>>>
====== Saving =======
SMOKE_ONLY=False
save results in /data2/yb/paper/experiments/second_graph_aggregation_iemocap6_20260825/formal/soft_medoid/miss_0p5/seed_67/fold_5/saved/iemocapsix_original_addition_secondagg_soft_medoid_f5_s67_m0p5_1787707025.7898145.npz
