Namespace(allow_short_run=False, audio_feature='wav2vec-large-c-UTT', base_model='LSTM', batch_size=32, branch_fusion='addition', data_root='/data2/yb/paper/GCNet_TPAMI_modality_jepa_20260818/dataset/IEMOCAP', dataset='IEMOCAPSix', dropout=0.5, epochs=100, fold_index=5, graph_conv_variant='original', hidden=200, l2=1e-05, loss_recon=True, lower_bound=False, lr=0.001, mask_bank_root='/data2/yb/paper/experiments/mpfilm_iemocap6_20260824/mask_banks', mask_seed=69, mask_type='constant-0.6', n_classes=6, n_speakers=2, no_cuda=False, num_folder=5, num_threads=6, output_dir='/data2/yb/paper/experiments/second_graph_aggregation_iemocap6_20260825_phase_b/formal/rtdr/miss_0p6/seed_69/fold_5/saved', post_graph_context='bilstm', pre_graph_context='bilstm', reccls_flag=False, relation_track_routing='diagonal', second_graph_aggregation='add', seed=69, text_feature='deberta-large-4-UTT', time_attn=False, video_feature='manet_UTT', windowf=2, windowp=2)
====== Reading Data =======
audio dimension: 512; text dimension: 1024; video dimension: 1024
stage-aware mask bundle: sha256=d2e5bfc141dd461c712d35b9d1cdded6546a6a244a421a81273ad416d20615fb requested=0.6000 realized=0.6040
====== Training and Evaluation =======
>>>>> Cross-validation: training on the 5 folder >>>>>
Step1: build model (each folder has its own model)
Model have 36419816 paramerters in total
Graph NN with LSTM as base model.
Step2: training (multiple epoches)
sample number: 5810.0
sample number: 1623.0
sample number: 1623.0
epoch:1; train_fscore:13.76%; train_loss:5.3198; train_loss1:1.9047; train_loss2:3.4151
sample number: 5810.0
sample number: 1623.0
sample number: 1623.0
epoch:2; train_fscore:13.25%; train_loss:4.7691; train_loss1:1.7807; train_loss2:2.9884
sample number: 5810.0
sample number: 1623.0
sample number: 1623.0
epoch:3; train_fscore:18.82%; train_loss:4.3549; train_loss1:1.7178; train_loss2:2.6371
sample number: 5810.0
sample number: 1623.0
sample number: 1623.0
epoch:4; train_fscore:22.90%; train_loss:3.8826; train_loss1:1.6036; train_loss2:2.279
sample number: 5810.0
sample number: 1623.0
sample number: 1623.0
epoch:5; train_fscore:24.80%; train_loss:3.592; train_loss1:1.5486; train_loss2:2.0434
sample number: 5810.0
sample number: 1623.0
sample number: 1623.0
epoch:6; train_fscore:23.84%; train_loss:3.353; train_loss1:1.5655; train_loss2:1.7875
sample number: 5810.0
sample number: 1623.0
sample number: 1623.0
epoch:7; train_fscore:27.91%; train_loss:2.8839; train_loss1:1.5408; train_loss2:1.3431
sample number: 5810.0
sample number: 1623.0
sample number: 1623.0
epoch:8; train_fscore:27.55%; train_loss:2.6603; train_loss1:1.5542; train_loss2:1.106
sample number: 5810.0
sample number: 1623.0
sample number: 1623.0
epoch:9; train_fscore:27.76%; train_loss:2.4492; train_loss1:1.4869; train_loss2:0.9623
sample number: 5810.0
sample number: 1623.0
sample number: 1623.0
epoch:10; train_fscore:24.78%; train_loss:2.571; train_loss1:1.5861; train_loss2:0.9849
sample number: 5810.0
sample number: 1623.0
sample number: 1623.0
epoch:11; train_fscore:24.99%; train_loss:2.4127; train_loss1:1.4827; train_loss2:0.93
sample number: 5810.0
sample number: 1623.0
sample number: 1623.0
epoch:12; train_fscore:34.79%; train_loss:2.2967; train_loss1:1.4012; train_loss2:0.8955
sample number: 5810.0
sample number: 1623.0
sample number: 1623.0
epoch:13; train_fscore:35.23%; train_loss:2.2432; train_loss1:1.3501; train_loss2:0.8931
sample number: 5810.0
sample number: 1623.0
sample number: 1623.0
epoch:14; train_fscore:36.84%; train_loss:2.1352; train_loss1:1.3101; train_loss2:0.8251
sample number: 5810.0
sample number: 1623.0
sample number: 1623.0
epoch:15; train_fscore:33.42%; train_loss:2.2272; train_loss1:1.2723; train_loss2:0.9549
sample number: 5810.0
sample number: 1623.0
sample number: 1623.0
epoch:16; train_fscore:43.14%; train_loss:2.0333; train_loss1:1.2117; train_loss2:0.8216
sample number: 5810.0
sample number: 1623.0
sample number: 1623.0
epoch:17; train_fscore:44.25%; train_loss:2.112; train_loss1:1.2116; train_loss2:0.9004
sample number: 5810.0
sample number: 1623.0
sample number: 1623.0
epoch:18; train_fscore:39.70%; train_loss:2.0542; train_loss1:1.2035; train_loss2:0.8507
sample number: 5810.0
sample number: 1623.0
sample number: 1623.0
epoch:19; train_fscore:47.13%; train_loss:2.0562; train_loss1:1.1796; train_loss2:0.8766
sample number: 5810.0
sample number: 1623.0
sample number: 1623.0
epoch:20; train_fscore:39.86%; train_loss:2.1228; train_loss1:1.2097; train_loss2:0.9132
sample number: 5810.0
sample number: 1623.0
sample number: 1623.0
epoch:21; train_fscore:46.12%; train_loss:2.0281; train_loss1:1.174; train_loss2:0.8541
sample number: 5810.0
sample number: 1623.0
sample number: 1623.0
epoch:22; train_fscore:44.96%; train_loss:2.0159; train_loss1:1.1359; train_loss2:0.88
sample number: 5810.0
sample number: 1623.0
sample number: 1623.0
epoch:23; train_fscore:48.00%; train_loss:1.9678; train_loss1:1.132; train_loss2:0.8358
sample number: 5810.0
sample number: 1623.0
sample number: 1623.0
epoch:24; train_fscore:49.63%; train_loss:1.9903; train_loss1:1.1359; train_loss2:0.8544
sample number: 5810.0
sample number: 1623.0
sample number: 1623.0
epoch:25; train_fscore:49.01%; train_loss:1.9287; train_loss1:1.1049; train_loss2:0.8238
sample number: 5810.0
sample number: 1623.0
sample number: 1623.0
epoch:26; train_fscore:49.47%; train_loss:1.9122; train_loss1:1.0819; train_loss2:0.8303
sample number: 5810.0
sample number: 1623.0
sample number: 1623.0
epoch:27; train_fscore:51.29%; train_loss:1.9618; train_loss1:1.0794; train_loss2:0.8824
sample number: 5810.0
sample number: 1623.0
sample number: 1623.0
epoch:28; train_fscore:50.84%; train_loss:1.9399; train_loss1:1.0641; train_loss2:0.8759
sample number: 5810.0
sample number: 1623.0
sample number: 1623.0
epoch:29; train_fscore:53.22%; train_loss:1.8671; train_loss1:1.0392; train_loss2:0.8279
sample number: 5810.0
sample number: 1623.0
sample number: 1623.0
epoch:30; train_fscore:54.21%; train_loss:1.9092; train_loss1:1.0667; train_loss2:0.8425
sample number: 5810.0
sample number: 1623.0
sample number: 1623.0
epoch:31; train_fscore:51.07%; train_loss:1.9881; train_loss1:1.0932; train_loss2:0.8949
sample number: 5810.0
sample number: 1623.0
sample number: 1623.0
epoch:32; train_fscore:53.99%; train_loss:1.8799; train_loss1:1.0495; train_loss2:0.8304
sample number: 5810.0
sample number: 1623.0
sample number: 1623.0
epoch:33; train_fscore:53.41%; train_loss:1.892; train_loss1:1.0577; train_loss2:0.8344
sample number: 5810.0
sample number: 1623.0
sample number: 1623.0
epoch:34; train_fscore:56.63%; train_loss:1.8178; train_loss1:1.0174; train_loss2:0.8004
sample number: 5810.0
sample number: 1623.0
sample number: 1623.0
epoch:35; train_fscore:52.90%; train_loss:1.8676; train_loss1:1.0325; train_loss2:0.835
sample number: 5810.0
sample number: 1623.0
sample number: 1623.0
epoch:36; train_fscore:57.02%; train_loss:1.8737; train_loss1:0.9964; train_loss2:0.8773
sample number: 5810.0
sample number: 1623.0
sample number: 1623.0
epoch:37; train_fscore:58.45%; train_loss:1.7949; train_loss1:0.9531; train_loss2:0.8419
sample number: 5810.0
sample number: 1623.0
sample number: 1623.0
epoch:38; train_fscore:57.77%; train_loss:1.8348; train_loss1:0.9645; train_loss2:0.8703
sample number: 5810.0
sample number: 1623.0
sample number: 1623.0
epoch:39; train_fscore:58.83%; train_loss:1.818; train_loss1:0.9696; train_loss2:0.8485
sample number: 5810.0
sample number: 1623.0
sample number: 1623.0
epoch:40; train_fscore:57.60%; train_loss:1.8202; train_loss1:0.9664; train_loss2:0.8538
sample number: 5810.0
sample number: 1623.0
sample number: 1623.0
epoch:41; train_fscore:60.56%; train_loss:1.8096; train_loss1:0.9274; train_loss2:0.8822
sample number: 5810.0
sample number: 1623.0
sample number: 1623.0
epoch:42; train_fscore:58.41%; train_loss:1.7599; train_loss1:0.9394; train_loss2:0.8205
sample number: 5810.0
sample number: 1623.0
sample number: 1623.0
epoch:43; train_fscore:58.30%; train_loss:1.8937; train_loss1:0.9721; train_loss2:0.9216
sample number: 5810.0
sample number: 1623.0
sample number: 1623.0
epoch:44; train_fscore:57.41%; train_loss:1.7531; train_loss1:0.9672; train_loss2:0.7859
sample number: 5810.0
sample number: 1623.0
sample number: 1623.0
epoch:45; train_fscore:59.24%; train_loss:1.8388; train_loss1:0.9493; train_loss2:0.8895
sample number: 5810.0
sample number: 1623.0
sample number: 1623.0
epoch:46; train_fscore:59.33%; train_loss:1.8348; train_loss1:0.941; train_loss2:0.8938
sample number: 5810.0
sample number: 1623.0
sample number: 1623.0
epoch:47; train_fscore:61.05%; train_loss:1.7248; train_loss1:0.9163; train_loss2:0.8085
sample number: 5810.0
sample number: 1623.0
sample number: 1623.0
epoch:48; train_fscore:59.70%; train_loss:1.7764; train_loss1:0.9657; train_loss2:0.8107
sample number: 5810.0
sample number: 1623.0
sample number: 1623.0
epoch:49; train_fscore:58.00%; train_loss:1.7176; train_loss1:0.94; train_loss2:0.7775
sample number: 5810.0
sample number: 1623.0
sample number: 1623.0
epoch:50; train_fscore:59.14%; train_loss:1.7742; train_loss1:0.929; train_loss2:0.8452
sample number: 5810.0
sample number: 1623.0
sample number: 1623.0
epoch:51; train_fscore:62.45%; train_loss:1.7734; train_loss1:0.8922; train_loss2:0.8812
sample number: 5810.0
sample number: 1623.0
sample number: 1623.0
epoch:52; train_fscore:62.73%; train_loss:1.6714; train_loss1:0.8716; train_loss2:0.7998
sample number: 5810.0
sample number: 1623.0
sample number: 1623.0
epoch:53; train_fscore:62.62%; train_loss:1.6902; train_loss1:0.8544; train_loss2:0.8358
sample number: 5810.0
sample number: 1623.0
sample number: 1623.0
epoch:54; train_fscore:64.90%; train_loss:1.6699; train_loss1:0.8437; train_loss2:0.8262
sample number: 5810.0
sample number: 1623.0
sample number: 1623.0
epoch:55; train_fscore:63.33%; train_loss:1.6882; train_loss1:0.8553; train_loss2:0.8329
sample number: 5810.0
sample number: 1623.0
sample number: 1623.0
epoch:56; train_fscore:64.21%; train_loss:1.7897; train_loss1:0.8713; train_loss2:0.9185
sample number: 5810.0
sample number: 1623.0
sample number: 1623.0
epoch:57; train_fscore:62.93%; train_loss:1.7756; train_loss1:0.8952; train_loss2:0.8804
sample number: 5810.0
sample number: 1623.0
sample number: 1623.0
epoch:58; train_fscore:61.43%; train_loss:1.7472; train_loss1:0.8902; train_loss2:0.857
sample number: 5810.0
sample number: 1623.0
sample number: 1623.0
epoch:59; train_fscore:65.04%; train_loss:1.6887; train_loss1:0.8498; train_loss2:0.8389
sample number: 5810.0
sample number: 1623.0
sample number: 1623.0
epoch:60; train_fscore:65.92%; train_loss:1.6488; train_loss1:0.8202; train_loss2:0.8286
sample number: 5810.0
sample number: 1623.0
sample number: 1623.0
epoch:61; train_fscore:64.91%; train_loss:1.6449; train_loss1:0.832; train_loss2:0.8129
sample number: 5810.0
sample number: 1623.0
sample number: 1623.0
epoch:62; train_fscore:66.56%; train_loss:1.6332; train_loss1:0.8006; train_loss2:0.8326
sample number: 5810.0
sample number: 1623.0
sample number: 1623.0
epoch:63; train_fscore:69.17%; train_loss:1.6432; train_loss1:0.7746; train_loss2:0.8686
sample number: 5810.0
sample number: 1623.0
sample number: 1623.0
epoch:64; train_fscore:68.80%; train_loss:1.6075; train_loss1:0.7607; train_loss2:0.8468
sample number: 5810.0
sample number: 1623.0
sample number: 1623.0
epoch:65; train_fscore:70.33%; train_loss:1.5588; train_loss1:0.7435; train_loss2:0.8153
sample number: 5810.0
sample number: 1623.0
sample number: 1623.0
epoch:66; train_fscore:68.45%; train_loss:1.5394; train_loss1:0.7525; train_loss2:0.7869
sample number: 5810.0
sample number: 1623.0
sample number: 1623.0
epoch:67; train_fscore:71.33%; train_loss:1.5851; train_loss1:0.7279; train_loss2:0.8572
sample number: 5810.0
sample number: 1623.0
sample number: 1623.0
epoch:68; train_fscore:69.40%; train_loss:1.6455; train_loss1:0.748; train_loss2:0.8975
sample number: 5810.0
sample number: 1623.0
sample number: 1623.0
epoch:69; train_fscore:69.04%; train_loss:1.6226; train_loss1:0.7675; train_loss2:0.8551
sample number: 5810.0
sample number: 1623.0
sample number: 1623.0
epoch:70; train_fscore:70.31%; train_loss:1.5296; train_loss1:0.7392; train_loss2:0.7904
sample number: 5810.0
sample number: 1623.0
sample number: 1623.0
epoch:71; train_fscore:70.95%; train_loss:1.5067; train_loss1:0.7231; train_loss2:0.7836
sample number: 5810.0
sample number: 1623.0
sample number: 1623.0
epoch:72; train_fscore:70.11%; train_loss:1.5656; train_loss1:0.7433; train_loss2:0.8224
sample number: 5810.0
sample number: 1623.0
sample number: 1623.0
epoch:73; train_fscore:71.01%; train_loss:1.5837; train_loss1:0.7221; train_loss2:0.8615
sample number: 5810.0
sample number: 1623.0
sample number: 1623.0
epoch:74; train_fscore:71.35%; train_loss:1.5194; train_loss1:0.7251; train_loss2:0.7943
sample number: 5810.0
sample number: 1623.0
sample number: 1623.0
epoch:75; train_fscore:70.19%; train_loss:1.5968; train_loss1:0.7281; train_loss2:0.8687
sample number: 5810.0
sample number: 1623.0
sample number: 1623.0
epoch:76; train_fscore:71.49%; train_loss:1.6253; train_loss1:0.6987; train_loss2:0.9266
sample number: 5810.0
sample number: 1623.0
sample number: 1623.0
epoch:77; train_fscore:72.93%; train_loss:1.4693; train_loss1:0.671; train_loss2:0.7983
sample number: 5810.0
sample number: 1623.0
sample number: 1623.0
epoch:78; train_fscore:72.34%; train_loss:1.5698; train_loss1:0.6904; train_loss2:0.8793
sample number: 5810.0
sample number: 1623.0
sample number: 1623.0
epoch:79; train_fscore:72.08%; train_loss:1.5751; train_loss1:0.7123; train_loss2:0.8628
sample number: 5810.0
sample number: 1623.0
sample number: 1623.0
epoch:80; train_fscore:72.93%; train_loss:1.4585; train_loss1:0.6621; train_loss2:0.7963
sample number: 5810.0
sample number: 1623.0
sample number: 1623.0
epoch:81; train_fscore:73.65%; train_loss:1.4758; train_loss1:0.6591; train_loss2:0.8167
sample number: 5810.0
sample number: 1623.0
sample number: 1623.0
epoch:82; train_fscore:72.06%; train_loss:1.4958; train_loss1:0.6708; train_loss2:0.8251
sample number: 5810.0
sample number: 1623.0
sample number: 1623.0
epoch:83; train_fscore:72.49%; train_loss:1.5578; train_loss1:0.6549; train_loss2:0.9029
sample number: 5810.0
sample number: 1623.0
sample number: 1623.0
epoch:84; train_fscore:73.02%; train_loss:1.5478; train_loss1:0.6779; train_loss2:0.8698
sample number: 5810.0
sample number: 1623.0
sample number: 1623.0
epoch:85; train_fscore:72.89%; train_loss:1.4851; train_loss1:0.6776; train_loss2:0.8075
sample number: 5810.0
sample number: 1623.0
sample number: 1623.0
epoch:86; train_fscore:73.28%; train_loss:1.4545; train_loss1:0.6662; train_loss2:0.7883
sample number: 5810.0
sample number: 1623.0
sample number: 1623.0
epoch:87; train_fscore:72.95%; train_loss:1.5519; train_loss1:0.6777; train_loss2:0.8743
sample number: 5810.0
sample number: 1623.0
sample number: 1623.0
epoch:88; train_fscore:73.43%; train_loss:1.491; train_loss1:0.6808; train_loss2:0.8102
sample number: 5810.0
sample number: 1623.0
sample number: 1623.0
epoch:89; train_fscore:72.37%; train_loss:1.5852; train_loss1:0.6912; train_loss2:0.894
sample number: 5810.0
sample number: 1623.0
sample number: 1623.0
epoch:90; train_fscore:71.60%; train_loss:1.5006; train_loss1:0.6996; train_loss2:0.801
sample number: 5810.0
sample number: 1623.0
sample number: 1623.0
epoch:91; train_fscore:72.86%; train_loss:1.5117; train_loss1:0.6609; train_loss2:0.8509
sample number: 5810.0
sample number: 1623.0
sample number: 1623.0
epoch:92; train_fscore:74.13%; train_loss:1.5151; train_loss1:0.6537; train_loss2:0.8614
sample number: 5810.0
sample number: 1623.0
sample number: 1623.0
epoch:93; train_fscore:72.90%; train_loss:1.5308; train_loss1:0.6744; train_loss2:0.8564
sample number: 5810.0
sample number: 1623.0
sample number: 1623.0
epoch:94; train_fscore:70.80%; train_loss:1.5833; train_loss1:0.7206; train_loss2:0.8628
sample number: 5810.0
sample number: 1623.0
sample number: 1623.0
epoch:95; train_fscore:71.58%; train_loss:1.5734; train_loss1:0.7122; train_loss2:0.8612
sample number: 5810.0
sample number: 1623.0
sample number: 1623.0
epoch:96; train_fscore:72.11%; train_loss:1.5589; train_loss1:0.6758; train_loss2:0.8831
sample number: 5810.0
sample number: 1623.0
sample number: 1623.0
epoch:97; train_fscore:75.10%; train_loss:1.4494; train_loss1:0.6331; train_loss2:0.8162
sample number: 5810.0
sample number: 1623.0
sample number: 1623.0
epoch:98; train_fscore:76.39%; train_loss:1.3938; train_loss1:0.5959; train_loss2:0.7979
sample number: 5810.0
sample number: 1623.0
sample number: 1623.0
epoch:99; train_fscore:75.65%; train_loss:1.4745; train_loss1:0.6052; train_loss2:0.8693
sample number: 5810.0
sample number: 1623.0
sample number: 1623.0
epoch:100; train_fscore:76.56%; train_loss:1.4784; train_loss1:0.5843; train_loss2:0.8941
Step3: saving and testing on the 5 folder
>>>>> Finish: training on the 5 folder, duration: 343.32986307144165 >>>>>
====== Saving =======
SMOKE_ONLY=False
save results in /data2/yb/paper/experiments/second_graph_aggregation_iemocap6_20260825_phase_b/formal/rtdr/miss_0p6/seed_69/fold_5/saved/iemocapsix_original_addition_relationtrack_diagonal_f5_s69_m0p6_1787700883.447544.npz
