Namespace(allow_short_run=False, audio_feature='wav2vec-large-c-UTT', base_model='LSTM', batch_size=32, branch_fusion='addition', data_root='/data2/yb/paper/GCNet_TPAMI_modality_jepa_20260818/dataset/IEMOCAP', dataset='IEMOCAPSix', dropout=0.5, epochs=100, fold_index=5, graph_conv_variant='original', hidden=200, l2=1e-05, loss_recon=True, lower_bound=False, lr=0.001, mask_bank_root='/data2/yb/paper/experiments/mpfilm_iemocap6_20260824/mask_banks', mask_seed=66, mask_type='constant-0.5', n_classes=6, n_speakers=2, no_cuda=False, num_folder=5, num_threads=6, output_dir='/data2/yb/paper/experiments/second_graph_aggregation_iemocap6_20260825_phase_b/formal/rtdr/miss_0p5/seed_66/fold_5/saved', post_graph_context='bilstm', pre_graph_context='bilstm', reccls_flag=False, relation_track_routing='diagonal', second_graph_aggregation='add', seed=66, text_feature='deberta-large-4-UTT', time_attn=False, video_feature='manet_UTT', windowf=2, windowp=2)
====== Reading Data =======
audio dimension: 512; text dimension: 1024; video dimension: 1024
stage-aware mask bundle: sha256=bb80c56c917d1db989c65ece1718b3aaae4c4ac88802208de2183ac3475d9c90 requested=0.5000 realized=0.5028
====== Training and Evaluation =======
>>>>> Cross-validation: training on the 5 folder >>>>>
Step1: build model (each folder has its own model)
Model have 36419816 paramerters in total
Graph NN with LSTM as base model.
Step2: training (multiple epoches)
sample number: 5810.0
sample number: 1623.0
sample number: 1623.0
epoch:1; train_fscore:10.35%; train_loss:4.6249; train_loss1:1.7886; train_loss2:2.8364
sample number: 5810.0
sample number: 1623.0
sample number: 1623.0
epoch:2; train_fscore:15.79%; train_loss:4.2053; train_loss1:1.9889; train_loss2:2.2164
sample number: 5810.0
sample number: 1623.0
sample number: 1623.0
epoch:3; train_fscore:13.78%; train_loss:3.7254; train_loss1:1.7631; train_loss2:1.9623
sample number: 5810.0
sample number: 1623.0
sample number: 1623.0
epoch:4; train_fscore:12.70%; train_loss:3.5294; train_loss1:1.7721; train_loss2:1.7573
sample number: 5810.0
sample number: 1623.0
sample number: 1623.0
epoch:5; train_fscore:16.51%; train_loss:3.3893; train_loss1:1.753; train_loss2:1.6364
sample number: 5810.0
sample number: 1623.0
sample number: 1623.0
epoch:6; train_fscore:15.80%; train_loss:2.9807; train_loss1:1.7439; train_loss2:1.2368
sample number: 5810.0
sample number: 1623.0
sample number: 1623.0
epoch:7; train_fscore:17.90%; train_loss:2.8687; train_loss1:1.7285; train_loss2:1.1402
sample number: 5810.0
sample number: 1623.0
sample number: 1623.0
epoch:8; train_fscore:19.89%; train_loss:2.5999; train_loss1:1.6608; train_loss2:0.9391
sample number: 5810.0
sample number: 1623.0
sample number: 1623.0
epoch:9; train_fscore:22.84%; train_loss:2.5035; train_loss1:1.6526; train_loss2:0.8509
sample number: 5810.0
sample number: 1623.0
sample number: 1623.0
epoch:10; train_fscore:23.55%; train_loss:2.4062; train_loss1:1.6065; train_loss2:0.7997
sample number: 5810.0
sample number: 1623.0
sample number: 1623.0
epoch:11; train_fscore:24.47%; train_loss:2.2854; train_loss1:1.5108; train_loss2:0.7746
sample number: 5810.0
sample number: 1623.0
sample number: 1623.0
epoch:12; train_fscore:27.81%; train_loss:2.2584; train_loss1:1.5129; train_loss2:0.7455
sample number: 5810.0
sample number: 1623.0
sample number: 1623.0
epoch:13; train_fscore:24.16%; train_loss:2.2175; train_loss1:1.4545; train_loss2:0.763
sample number: 5810.0
sample number: 1623.0
sample number: 1623.0
epoch:14; train_fscore:33.11%; train_loss:2.118; train_loss1:1.3879; train_loss2:0.7301
sample number: 5810.0
sample number: 1623.0
sample number: 1623.0
epoch:15; train_fscore:28.10%; train_loss:2.082; train_loss1:1.3967; train_loss2:0.6853
sample number: 5810.0
sample number: 1623.0
sample number: 1623.0
epoch:16; train_fscore:32.04%; train_loss:2.0715; train_loss1:1.3525; train_loss2:0.719
sample number: 5810.0
sample number: 1623.0
sample number: 1623.0
epoch:17; train_fscore:32.38%; train_loss:2.1502; train_loss1:1.3575; train_loss2:0.7927
sample number: 5810.0
sample number: 1623.0
sample number: 1623.0
epoch:18; train_fscore:39.02%; train_loss:2.0159; train_loss1:1.286; train_loss2:0.73
sample number: 5810.0
sample number: 1623.0
sample number: 1623.0
epoch:19; train_fscore:40.87%; train_loss:2.0071; train_loss1:1.2692; train_loss2:0.7379
sample number: 5810.0
sample number: 1623.0
sample number: 1623.0
epoch:20; train_fscore:39.63%; train_loss:2.1091; train_loss1:1.3497; train_loss2:0.7594
sample number: 5810.0
sample number: 1623.0
sample number: 1623.0
epoch:21; train_fscore:37.21%; train_loss:1.9556; train_loss1:1.2982; train_loss2:0.6574
sample number: 5810.0
sample number: 1623.0
sample number: 1623.0
epoch:22; train_fscore:37.16%; train_loss:2.0624; train_loss1:1.2719; train_loss2:0.7906
sample number: 5810.0
sample number: 1623.0
sample number: 1623.0
epoch:23; train_fscore:44.22%; train_loss:1.9537; train_loss1:1.2251; train_loss2:0.7285
sample number: 5810.0
sample number: 1623.0
sample number: 1623.0
epoch:24; train_fscore:41.06%; train_loss:1.9707; train_loss1:1.2187; train_loss2:0.752
sample number: 5810.0
sample number: 1623.0
sample number: 1623.0
epoch:25; train_fscore:45.71%; train_loss:1.9146; train_loss1:1.1862; train_loss2:0.7284
sample number: 5810.0
sample number: 1623.0
sample number: 1623.0
epoch:26; train_fscore:42.12%; train_loss:1.8871; train_loss1:1.1725; train_loss2:0.7146
sample number: 5810.0
sample number: 1623.0
sample number: 1623.0
epoch:27; train_fscore:46.36%; train_loss:1.8773; train_loss1:1.1823; train_loss2:0.695
sample number: 5810.0
sample number: 1623.0
sample number: 1623.0
epoch:28; train_fscore:44.35%; train_loss:1.822; train_loss1:1.14; train_loss2:0.6821
sample number: 5810.0
sample number: 1623.0
sample number: 1623.0
epoch:29; train_fscore:49.53%; train_loss:1.8606; train_loss1:1.1237; train_loss2:0.737
sample number: 5810.0
sample number: 1623.0
sample number: 1623.0
epoch:30; train_fscore:48.80%; train_loss:1.7264; train_loss1:1.1042; train_loss2:0.6221
sample number: 5810.0
sample number: 1623.0
sample number: 1623.0
epoch:31; train_fscore:49.19%; train_loss:1.8315; train_loss1:1.1439; train_loss2:0.6876
sample number: 5810.0
sample number: 1623.0
sample number: 1623.0
epoch:32; train_fscore:47.65%; train_loss:1.8974; train_loss1:1.1272; train_loss2:0.7702
sample number: 5810.0
sample number: 1623.0
sample number: 1623.0
epoch:33; train_fscore:47.60%; train_loss:1.8372; train_loss1:1.1178; train_loss2:0.7194
sample number: 5810.0
sample number: 1623.0
sample number: 1623.0
epoch:34; train_fscore:49.08%; train_loss:1.7945; train_loss1:1.0694; train_loss2:0.7251
sample number: 5810.0
sample number: 1623.0
sample number: 1623.0
epoch:35; train_fscore:52.93%; train_loss:1.8649; train_loss1:1.0467; train_loss2:0.8182
sample number: 5810.0
sample number: 1623.0
sample number: 1623.0
epoch:36; train_fscore:50.68%; train_loss:1.7172; train_loss1:1.0302; train_loss2:0.687
sample number: 5810.0
sample number: 1623.0
sample number: 1623.0
epoch:37; train_fscore:54.49%; train_loss:1.7849; train_loss1:1.0417; train_loss2:0.7432
sample number: 5810.0
sample number: 1623.0
sample number: 1623.0
epoch:38; train_fscore:55.27%; train_loss:1.7431; train_loss1:1.0323; train_loss2:0.7108
sample number: 5810.0
sample number: 1623.0
sample number: 1623.0
epoch:39; train_fscore:53.06%; train_loss:1.6395; train_loss1:1.0176; train_loss2:0.6219
sample number: 5810.0
sample number: 1623.0
sample number: 1623.0
epoch:40; train_fscore:55.11%; train_loss:1.664; train_loss1:0.9971; train_loss2:0.6669
sample number: 5810.0
sample number: 1623.0
sample number: 1623.0
epoch:41; train_fscore:54.84%; train_loss:1.8235; train_loss1:1.0026; train_loss2:0.8209
sample number: 5810.0
sample number: 1623.0
sample number: 1623.0
epoch:42; train_fscore:57.57%; train_loss:1.6268; train_loss1:0.9524; train_loss2:0.6744
sample number: 5810.0
sample number: 1623.0
sample number: 1623.0
epoch:43; train_fscore:57.16%; train_loss:1.7064; train_loss1:0.9715; train_loss2:0.735
sample number: 5810.0
sample number: 1623.0
sample number: 1623.0
epoch:44; train_fscore:59.00%; train_loss:1.6657; train_loss1:0.9671; train_loss2:0.6986
sample number: 5810.0
sample number: 1623.0
sample number: 1623.0
epoch:45; train_fscore:60.11%; train_loss:1.5927; train_loss1:0.9213; train_loss2:0.6714
sample number: 5810.0
sample number: 1623.0
sample number: 1623.0
epoch:46; train_fscore:58.76%; train_loss:1.633; train_loss1:0.9257; train_loss2:0.7072
sample number: 5810.0
sample number: 1623.0
sample number: 1623.0
epoch:47; train_fscore:59.73%; train_loss:1.5951; train_loss1:0.9237; train_loss2:0.6714
sample number: 5810.0
sample number: 1623.0
sample number: 1623.0
epoch:48; train_fscore:62.85%; train_loss:1.6335; train_loss1:0.9092; train_loss2:0.7243
sample number: 5810.0
sample number: 1623.0
sample number: 1623.0
epoch:49; train_fscore:59.08%; train_loss:1.641; train_loss1:0.9328; train_loss2:0.7082
sample number: 5810.0
sample number: 1623.0
sample number: 1623.0
epoch:50; train_fscore:60.25%; train_loss:1.6813; train_loss1:0.923; train_loss2:0.7583
sample number: 5810.0
sample number: 1623.0
sample number: 1623.0
epoch:51; train_fscore:58.56%; train_loss:1.6842; train_loss1:0.9328; train_loss2:0.7514
sample number: 5810.0
sample number: 1623.0
sample number: 1623.0
epoch:52; train_fscore:62.46%; train_loss:1.6096; train_loss1:0.8848; train_loss2:0.7248
sample number: 5810.0
sample number: 1623.0
sample number: 1623.0
epoch:53; train_fscore:64.13%; train_loss:1.5689; train_loss1:0.8551; train_loss2:0.7138
sample number: 5810.0
sample number: 1623.0
sample number: 1623.0
epoch:54; train_fscore:64.56%; train_loss:1.5181; train_loss1:0.8401; train_loss2:0.678
sample number: 5810.0
sample number: 1623.0
sample number: 1623.0
epoch:55; train_fscore:63.75%; train_loss:1.5282; train_loss1:0.8504; train_loss2:0.6778
sample number: 5810.0
sample number: 1623.0
sample number: 1623.0
epoch:56; train_fscore:66.85%; train_loss:1.5004; train_loss1:0.81; train_loss2:0.6904
sample number: 5810.0
sample number: 1623.0
sample number: 1623.0
epoch:57; train_fscore:65.17%; train_loss:1.5418; train_loss1:0.8249; train_loss2:0.7169
sample number: 5810.0
sample number: 1623.0
sample number: 1623.0
epoch:58; train_fscore:66.53%; train_loss:1.4983; train_loss1:0.8292; train_loss2:0.6691
sample number: 5810.0
sample number: 1623.0
sample number: 1623.0
epoch:59; train_fscore:64.81%; train_loss:1.6091; train_loss1:0.8418; train_loss2:0.7673
sample number: 5810.0
sample number: 1623.0
sample number: 1623.0
epoch:60; train_fscore:64.35%; train_loss:1.5746; train_loss1:0.8671; train_loss2:0.7075
sample number: 5810.0
sample number: 1623.0
sample number: 1623.0
epoch:61; train_fscore:62.44%; train_loss:1.6066; train_loss1:0.8667; train_loss2:0.7399
sample number: 5810.0
sample number: 1623.0
sample number: 1623.0
epoch:62; train_fscore:64.39%; train_loss:1.5359; train_loss1:0.8227; train_loss2:0.7132
sample number: 5810.0
sample number: 1623.0
sample number: 1623.0
epoch:63; train_fscore:66.93%; train_loss:1.4858; train_loss1:0.7785; train_loss2:0.7073
sample number: 5810.0
sample number: 1623.0
sample number: 1623.0
epoch:64; train_fscore:68.79%; train_loss:1.4486; train_loss1:0.7625; train_loss2:0.6861
sample number: 5810.0
sample number: 1623.0
sample number: 1623.0
epoch:65; train_fscore:69.80%; train_loss:1.4588; train_loss1:0.7547; train_loss2:0.7041
sample number: 5810.0
sample number: 1623.0
sample number: 1623.0
epoch:66; train_fscore:69.42%; train_loss:1.4212; train_loss1:0.7451; train_loss2:0.676
sample number: 5810.0
sample number: 1623.0
sample number: 1623.0
epoch:67; train_fscore:70.86%; train_loss:1.4568; train_loss1:0.7235; train_loss2:0.7333
sample number: 5810.0
sample number: 1623.0
sample number: 1623.0
epoch:68; train_fscore:71.24%; train_loss:1.3908; train_loss1:0.7052; train_loss2:0.6856
sample number: 5810.0
sample number: 1623.0
sample number: 1623.0
epoch:69; train_fscore:72.04%; train_loss:1.4204; train_loss1:0.6996; train_loss2:0.7208
sample number: 5810.0
sample number: 1623.0
sample number: 1623.0
epoch:70; train_fscore:72.46%; train_loss:1.3663; train_loss1:0.6957; train_loss2:0.6706
sample number: 5810.0
sample number: 1623.0
sample number: 1623.0
epoch:71; train_fscore:71.14%; train_loss:1.3717; train_loss1:0.7036; train_loss2:0.6681
sample number: 5810.0
sample number: 1623.0
sample number: 1623.0
epoch:72; train_fscore:70.29%; train_loss:1.4705; train_loss1:0.7336; train_loss2:0.7369
sample number: 5810.0
sample number: 1623.0
sample number: 1623.0
epoch:73; train_fscore:70.27%; train_loss:1.4667; train_loss1:0.7454; train_loss2:0.7213
sample number: 5810.0
sample number: 1623.0
sample number: 1623.0
epoch:74; train_fscore:68.83%; train_loss:1.4256; train_loss1:0.7622; train_loss2:0.6634
sample number: 5810.0
sample number: 1623.0
sample number: 1623.0
epoch:75; train_fscore:72.10%; train_loss:1.4012; train_loss1:0.7085; train_loss2:0.6926
sample number: 5810.0
sample number: 1623.0
sample number: 1623.0
epoch:76; train_fscore:72.19%; train_loss:1.4041; train_loss1:0.6922; train_loss2:0.7119
sample number: 5810.0
sample number: 1623.0
sample number: 1623.0
epoch:77; train_fscore:72.57%; train_loss:1.3839; train_loss1:0.6817; train_loss2:0.7022
sample number: 5810.0
sample number: 1623.0
sample number: 1623.0
epoch:78; train_fscore:72.66%; train_loss:1.3832; train_loss1:0.677; train_loss2:0.7062
sample number: 5810.0
sample number: 1623.0
sample number: 1623.0
epoch:79; train_fscore:71.96%; train_loss:1.3731; train_loss1:0.6804; train_loss2:0.6928
sample number: 5810.0
sample number: 1623.0
sample number: 1623.0
epoch:80; train_fscore:73.97%; train_loss:1.3333; train_loss1:0.6482; train_loss2:0.6851
sample number: 5810.0
sample number: 1623.0
sample number: 1623.0
epoch:81; train_fscore:74.46%; train_loss:1.3521; train_loss1:0.638; train_loss2:0.7141
sample number: 5810.0
sample number: 1623.0
sample number: 1623.0
epoch:82; train_fscore:74.27%; train_loss:1.3651; train_loss1:0.6431; train_loss2:0.722
sample number: 5810.0
sample number: 1623.0
sample number: 1623.0
epoch:83; train_fscore:75.11%; train_loss:1.2796; train_loss1:0.6253; train_loss2:0.6543
sample number: 5810.0
sample number: 1623.0
sample number: 1623.0
epoch:84; train_fscore:73.87%; train_loss:1.3603; train_loss1:0.6324; train_loss2:0.7279
sample number: 5810.0
sample number: 1623.0
sample number: 1623.0
epoch:85; train_fscore:74.60%; train_loss:1.3632; train_loss1:0.6513; train_loss2:0.7119
sample number: 5810.0
sample number: 1623.0
sample number: 1623.0
epoch:86; train_fscore:72.88%; train_loss:1.3716; train_loss1:0.6539; train_loss2:0.7177
sample number: 5810.0
sample number: 1623.0
sample number: 1623.0
epoch:87; train_fscore:70.89%; train_loss:1.3558; train_loss1:0.6979; train_loss2:0.6578
sample number: 5810.0
sample number: 1623.0
sample number: 1623.0
epoch:88; train_fscore:72.49%; train_loss:1.3877; train_loss1:0.6703; train_loss2:0.7174
sample number: 5810.0
sample number: 1623.0
sample number: 1623.0
epoch:89; train_fscore:74.62%; train_loss:1.3286; train_loss1:0.6439; train_loss2:0.6847
sample number: 5810.0
sample number: 1623.0
sample number: 1623.0
epoch:90; train_fscore:74.57%; train_loss:1.3328; train_loss1:0.6244; train_loss2:0.7084
sample number: 5810.0
sample number: 1623.0
sample number: 1623.0
epoch:91; train_fscore:76.31%; train_loss:1.3077; train_loss1:0.6002; train_loss2:0.7075
sample number: 5810.0
sample number: 1623.0
sample number: 1623.0
epoch:92; train_fscore:76.45%; train_loss:1.2213; train_loss1:0.5859; train_loss2:0.6354
sample number: 5810.0
sample number: 1623.0
sample number: 1623.0
epoch:93; train_fscore:77.22%; train_loss:1.3119; train_loss1:0.5837; train_loss2:0.7282
sample number: 5810.0
sample number: 1623.0
sample number: 1623.0
epoch:94; train_fscore:76.64%; train_loss:1.2848; train_loss1:0.5751; train_loss2:0.7096
sample number: 5810.0
sample number: 1623.0
sample number: 1623.0
epoch:95; train_fscore:76.25%; train_loss:1.2511; train_loss1:0.5963; train_loss2:0.6548
sample number: 5810.0
sample number: 1623.0
sample number: 1623.0
epoch:96; train_fscore:75.57%; train_loss:1.2907; train_loss1:0.5958; train_loss2:0.6949
sample number: 5810.0
sample number: 1623.0
sample number: 1623.0
epoch:97; train_fscore:76.37%; train_loss:1.2792; train_loss1:0.5794; train_loss2:0.6998
sample number: 5810.0
sample number: 1623.0
sample number: 1623.0
epoch:98; train_fscore:77.41%; train_loss:1.2155; train_loss1:0.5618; train_loss2:0.6537
sample number: 5810.0
sample number: 1623.0
sample number: 1623.0
epoch:99; train_fscore:77.57%; train_loss:1.278; train_loss1:0.5521; train_loss2:0.7259
sample number: 5810.0
sample number: 1623.0
sample number: 1623.0
epoch:100; train_fscore:76.79%; train_loss:1.2825; train_loss1:0.5644; train_loss2:0.7181
Step3: saving and testing on the 5 folder
>>>>> Finish: training on the 5 folder, duration: 363.848025560379 >>>>>
====== Saving =======
SMOKE_ONLY=False
save results in /data2/yb/paper/experiments/second_graph_aggregation_iemocap6_20260825_phase_b/formal/rtdr/miss_0p5/seed_66/fold_5/saved/iemocapsix_original_addition_relationtrack_diagonal_f5_s66_m0p5_1787699471.8378437.npz
