Namespace(allow_short_run=False, audio_feature='wav2vec-large-c-UTT', base_model='LSTM', batch_size=32, branch_fusion='addition', data_root='/data2/yb/paper/GCNet_TPAMI_modality_jepa_20260818/dataset/IEMOCAP', dataset='IEMOCAPSix', dropout=0.5, epochs=100, fold_index=5, graph_conv_variant='original', hidden=200, l2=1e-05, loss_recon=True, lower_bound=False, lr=0.001, mask_bank_root='/data2/yb/paper/experiments/mpfilm_iemocap6_20260824/mask_banks', mask_seed=70, mask_type='constant-0.7', n_classes=6, n_speakers=2, no_cuda=False, num_folder=5, num_threads=6, output_dir='/data2/yb/paper/experiments/second_graph_aggregation_iemocap6_20260825_phase_b/formal/ssma/miss_0p7/seed_70/fold_5/saved', post_graph_context='bilstm', pre_graph_context='bilstm', reccls_flag=False, relation_track_routing='early', second_graph_aggregation='ssma', seed=70, text_feature='deberta-large-4-UTT', time_attn=False, video_feature='manet_UTT', windowf=2, windowp=2)
====== Reading Data =======
audio dimension: 512; text dimension: 1024; video dimension: 1024
stage-aware mask bundle: sha256=d7aa8a8154ba531a1752637da1de343be35d5a6b243dfcac5f5091f88faee424 requested=0.7000 realized=0.6667
====== Training and Evaluation =======
>>>>> Cross-validation: training on the 5 folder >>>>>
Step1: build model (each folder has its own model)
Model have 37015216 paramerters in total
Graph NN with LSTM as base model.
Step2: training (multiple epoches)
[W Copy.cpp:219] Warning: Casting complex values to real discards the imaginary part (function operator())
sample number: 5810.0
sample number: 1623.0
sample number: 1623.0
epoch:1; train_fscore:15.95%; train_loss:5.6284; train_loss1:1.7919; train_loss2:3.8365
sample number: 5810.0
sample number: 1623.0
sample number: 1623.0
epoch:2; train_fscore:16.81%; train_loss:4.9159; train_loss1:1.8593; train_loss2:3.0566
sample number: 5810.0
sample number: 1623.0
sample number: 1623.0
epoch:3; train_fscore:15.36%; train_loss:4.4983; train_loss1:1.8139; train_loss2:2.6844
sample number: 5810.0
sample number: 1623.0
sample number: 1623.0
epoch:4; train_fscore:10.55%; train_loss:4.0549; train_loss1:1.7726; train_loss2:2.2823
sample number: 5810.0
sample number: 1623.0
sample number: 1623.0
epoch:5; train_fscore:21.42%; train_loss:3.7149; train_loss1:1.7697; train_loss2:1.9452
sample number: 5810.0
sample number: 1623.0
sample number: 1623.0
epoch:6; train_fscore:15.52%; train_loss:3.2918; train_loss1:1.8398; train_loss2:1.4521
sample number: 5810.0
sample number: 1623.0
sample number: 1623.0
epoch:7; train_fscore:18.36%; train_loss:3.0023; train_loss1:1.7144; train_loss2:1.2879
sample number: 5810.0
sample number: 1623.0
sample number: 1623.0
epoch:8; train_fscore:18.17%; train_loss:2.8423; train_loss1:1.6775; train_loss2:1.1647
sample number: 5810.0
sample number: 1623.0
sample number: 1623.0
epoch:9; train_fscore:29.74%; train_loss:2.7916; train_loss1:1.6332; train_loss2:1.1585
sample number: 5810.0
sample number: 1623.0
sample number: 1623.0
epoch:10; train_fscore:30.40%; train_loss:2.5852; train_loss1:1.5445; train_loss2:1.0407
sample number: 5810.0
sample number: 1623.0
sample number: 1623.0
epoch:11; train_fscore:32.43%; train_loss:2.4686; train_loss1:1.4348; train_loss2:1.0337
sample number: 5810.0
sample number: 1623.0
sample number: 1623.0
epoch:12; train_fscore:35.12%; train_loss:2.4536; train_loss1:1.394; train_loss2:1.0596
sample number: 5810.0
sample number: 1623.0
sample number: 1623.0
epoch:13; train_fscore:28.04%; train_loss:2.5075; train_loss1:1.5931; train_loss2:0.9144
sample number: 5810.0
sample number: 1623.0
sample number: 1623.0
epoch:14; train_fscore:29.56%; train_loss:2.5932; train_loss1:1.5964; train_loss2:0.9968
sample number: 5810.0
sample number: 1623.0
sample number: 1623.0
epoch:15; train_fscore:30.17%; train_loss:2.4295; train_loss1:1.4424; train_loss2:0.9871
sample number: 5810.0
sample number: 1623.0
sample number: 1623.0
epoch:16; train_fscore:35.70%; train_loss:2.4264; train_loss1:1.4324; train_loss2:0.994
sample number: 5810.0
sample number: 1623.0
sample number: 1623.0
epoch:17; train_fscore:30.40%; train_loss:2.5257; train_loss1:1.4824; train_loss2:1.0433
sample number: 5810.0
sample number: 1623.0
sample number: 1623.0
epoch:18; train_fscore:26.79%; train_loss:2.4614; train_loss1:1.5496; train_loss2:0.9118
sample number: 5810.0
sample number: 1623.0
sample number: 1623.0
epoch:19; train_fscore:25.88%; train_loss:2.5036; train_loss1:1.5612; train_loss2:0.9424
sample number: 5810.0
sample number: 1623.0
sample number: 1623.0
epoch:20; train_fscore:28.01%; train_loss:2.4825; train_loss1:1.5509; train_loss2:0.9316
sample number: 5810.0
sample number: 1623.0
sample number: 1623.0
epoch:21; train_fscore:27.53%; train_loss:2.4856; train_loss1:1.5776; train_loss2:0.9081
sample number: 5810.0
sample number: 1623.0
sample number: 1623.0
epoch:22; train_fscore:23.62%; train_loss:2.5256; train_loss1:1.5401; train_loss2:0.9856
sample number: 5810.0
sample number: 1623.0
sample number: 1623.0
epoch:23; train_fscore:23.24%; train_loss:2.4389; train_loss1:1.5115; train_loss2:0.9274
sample number: 5810.0
sample number: 1623.0
sample number: 1623.0
epoch:24; train_fscore:23.26%; train_loss:2.4513; train_loss1:1.5059; train_loss2:0.9455
sample number: 5810.0
sample number: 1623.0
sample number: 1623.0
epoch:25; train_fscore:27.69%; train_loss:2.3959; train_loss1:1.482; train_loss2:0.9139
sample number: 5810.0
sample number: 1623.0
sample number: 1623.0
epoch:26; train_fscore:31.40%; train_loss:2.3932; train_loss1:1.4638; train_loss2:0.9293
sample number: 5810.0
sample number: 1623.0
sample number: 1623.0
epoch:27; train_fscore:30.00%; train_loss:2.4959; train_loss1:1.4915; train_loss2:1.0044
sample number: 5810.0
sample number: 1623.0
sample number: 1623.0
epoch:28; train_fscore:31.05%; train_loss:2.4416; train_loss1:1.463; train_loss2:0.9786
sample number: 5810.0
sample number: 1623.0
sample number: 1623.0
epoch:29; train_fscore:35.26%; train_loss:2.3397; train_loss1:1.4306; train_loss2:0.9091
sample number: 5810.0
sample number: 1623.0
sample number: 1623.0
epoch:30; train_fscore:37.40%; train_loss:2.3021; train_loss1:1.3671; train_loss2:0.935
sample number: 5810.0
sample number: 1623.0
sample number: 1623.0
epoch:31; train_fscore:38.18%; train_loss:2.2421; train_loss1:1.3233; train_loss2:0.9187
sample number: 5810.0
sample number: 1623.0
sample number: 1623.0
epoch:32; train_fscore:38.54%; train_loss:2.1833; train_loss1:1.2756; train_loss2:0.9078
sample number: 5810.0
sample number: 1623.0
sample number: 1623.0
epoch:33; train_fscore:36.69%; train_loss:2.2952; train_loss1:1.3993; train_loss2:0.8959
sample number: 5810.0
sample number: 1623.0
sample number: 1623.0
epoch:34; train_fscore:39.63%; train_loss:2.3047; train_loss1:1.3314; train_loss2:0.9733
sample number: 5810.0
sample number: 1623.0
sample number: 1623.0
epoch:35; train_fscore:33.72%; train_loss:2.2275; train_loss1:1.3142; train_loss2:0.9133
sample number: 5810.0
sample number: 1623.0
sample number: 1623.0
epoch:36; train_fscore:38.17%; train_loss:2.2423; train_loss1:1.3243; train_loss2:0.9181
sample number: 5810.0
sample number: 1623.0
sample number: 1623.0
epoch:37; train_fscore:39.14%; train_loss:2.1969; train_loss1:1.2668; train_loss2:0.9301
sample number: 5810.0
sample number: 1623.0
sample number: 1623.0
epoch:38; train_fscore:44.62%; train_loss:2.1991; train_loss1:1.219; train_loss2:0.9801
sample number: 5810.0
sample number: 1623.0
sample number: 1623.0
epoch:39; train_fscore:45.65%; train_loss:2.1497; train_loss1:1.2205; train_loss2:0.9292
sample number: 5810.0
sample number: 1623.0
sample number: 1623.0
epoch:40; train_fscore:41.59%; train_loss:2.1692; train_loss1:1.2009; train_loss2:0.9683
sample number: 5810.0
sample number: 1623.0
sample number: 1623.0
epoch:41; train_fscore:43.74%; train_loss:2.1945; train_loss1:1.2496; train_loss2:0.9449
sample number: 5810.0
sample number: 1623.0
sample number: 1623.0
epoch:42; train_fscore:40.56%; train_loss:2.1908; train_loss1:1.2547; train_loss2:0.936
sample number: 5810.0
sample number: 1623.0
sample number: 1623.0
epoch:43; train_fscore:43.74%; train_loss:2.2009; train_loss1:1.3257; train_loss2:0.8752
sample number: 5810.0
sample number: 1623.0
sample number: 1623.0
epoch:44; train_fscore:46.04%; train_loss:2.1935; train_loss1:1.2468; train_loss2:0.9467
sample number: 5810.0
sample number: 1623.0
sample number: 1623.0
epoch:45; train_fscore:45.36%; train_loss:2.111; train_loss1:1.2007; train_loss2:0.9103
sample number: 5810.0
sample number: 1623.0
sample number: 1623.0
epoch:46; train_fscore:47.87%; train_loss:2.117; train_loss1:1.1514; train_loss2:0.9656
sample number: 5810.0
sample number: 1623.0
sample number: 1623.0
epoch:47; train_fscore:47.33%; train_loss:2.1139; train_loss1:1.1542; train_loss2:0.9597
sample number: 5810.0
sample number: 1623.0
sample number: 1623.0
epoch:48; train_fscore:49.47%; train_loss:2.0299; train_loss1:1.1223; train_loss2:0.9075
sample number: 5810.0
sample number: 1623.0
sample number: 1623.0
epoch:49; train_fscore:48.08%; train_loss:2.0072; train_loss1:1.1203; train_loss2:0.8869
sample number: 5810.0
sample number: 1623.0
sample number: 1623.0
epoch:50; train_fscore:52.51%; train_loss:2.0014; train_loss1:1.0802; train_loss2:0.9211
sample number: 5810.0
sample number: 1623.0
sample number: 1623.0
epoch:51; train_fscore:49.28%; train_loss:2.1426; train_loss1:1.1375; train_loss2:1.005
sample number: 5810.0
sample number: 1623.0
sample number: 1623.0
epoch:52; train_fscore:48.44%; train_loss:2.1872; train_loss1:1.1782; train_loss2:1.009
sample number: 5810.0
sample number: 1623.0
sample number: 1623.0
epoch:53; train_fscore:46.26%; train_loss:2.2024; train_loss1:1.223; train_loss2:0.9795
sample number: 5810.0
sample number: 1623.0
sample number: 1623.0
epoch:54; train_fscore:45.69%; train_loss:2.1323; train_loss1:1.2118; train_loss2:0.9206
sample number: 5810.0
sample number: 1623.0
sample number: 1623.0
epoch:55; train_fscore:42.17%; train_loss:2.1966; train_loss1:1.2608; train_loss2:0.9358
sample number: 5810.0
sample number: 1623.0
sample number: 1623.0
epoch:56; train_fscore:43.72%; train_loss:2.1243; train_loss1:1.2287; train_loss2:0.8956
sample number: 5810.0
sample number: 1623.0
sample number: 1623.0
epoch:57; train_fscore:45.91%; train_loss:2.0873; train_loss1:1.1426; train_loss2:0.9447
sample number: 5810.0
sample number: 1623.0
sample number: 1623.0
epoch:58; train_fscore:46.95%; train_loss:2.1038; train_loss1:1.1146; train_loss2:0.9893
sample number: 5810.0
sample number: 1623.0
sample number: 1623.0
epoch:59; train_fscore:48.12%; train_loss:1.9747; train_loss1:1.0816; train_loss2:0.8931
sample number: 5810.0
sample number: 1623.0
sample number: 1623.0
epoch:60; train_fscore:52.99%; train_loss:2.0202; train_loss1:1.0809; train_loss2:0.9393
sample number: 5810.0
sample number: 1623.0
sample number: 1623.0
epoch:61; train_fscore:49.73%; train_loss:1.9844; train_loss1:1.0636; train_loss2:0.9208
sample number: 5810.0
sample number: 1623.0
sample number: 1623.0
epoch:62; train_fscore:56.14%; train_loss:1.9971; train_loss1:1.0339; train_loss2:0.9632
sample number: 5810.0
sample number: 1623.0
sample number: 1623.0
epoch:63; train_fscore:54.10%; train_loss:1.9251; train_loss1:1.0186; train_loss2:0.9065
sample number: 5810.0
sample number: 1623.0
sample number: 1623.0
epoch:64; train_fscore:54.11%; train_loss:1.9326; train_loss1:1.0657; train_loss2:0.8669
sample number: 5810.0
sample number: 1623.0
sample number: 1623.0
epoch:65; train_fscore:53.99%; train_loss:1.937; train_loss1:1.028; train_loss2:0.909
sample number: 5810.0
sample number: 1623.0
sample number: 1623.0
epoch:66; train_fscore:54.47%; train_loss:1.9252; train_loss1:1.0279; train_loss2:0.8973
sample number: 5810.0
sample number: 1623.0
sample number: 1623.0
epoch:67; train_fscore:55.25%; train_loss:1.8844; train_loss1:1.0081; train_loss2:0.8763
sample number: 5810.0
sample number: 1623.0
sample number: 1623.0
epoch:68; train_fscore:54.32%; train_loss:1.9242; train_loss1:1.0128; train_loss2:0.9113
sample number: 5810.0
sample number: 1623.0
sample number: 1623.0
epoch:69; train_fscore:53.67%; train_loss:1.9088; train_loss1:1.0308; train_loss2:0.8779
sample number: 5810.0
sample number: 1623.0
sample number: 1623.0
epoch:70; train_fscore:56.98%; train_loss:1.9819; train_loss1:1.0209; train_loss2:0.961
sample number: 5810.0
sample number: 1623.0
sample number: 1623.0
epoch:71; train_fscore:41.81%; train_loss:2.5661; train_loss1:1.6048; train_loss2:0.9613
sample number: 5810.0
sample number: 1623.0
sample number: 1623.0
epoch:72; train_fscore:36.15%; train_loss:2.4066; train_loss1:1.4801; train_loss2:0.9265
sample number: 5810.0
sample number: 1623.0
sample number: 1623.0
epoch:73; train_fscore:46.12%; train_loss:2.11; train_loss1:1.1893; train_loss2:0.9208
sample number: 5810.0
sample number: 1623.0
sample number: 1623.0
epoch:74; train_fscore:48.08%; train_loss:2.0604; train_loss1:1.1316; train_loss2:0.9288
sample number: 5810.0
sample number: 1623.0
sample number: 1623.0
epoch:75; train_fscore:52.08%; train_loss:2.0337; train_loss1:1.0953; train_loss2:0.9384
sample number: 5810.0
sample number: 1623.0
sample number: 1623.0
epoch:76; train_fscore:53.72%; train_loss:1.9588; train_loss1:1.0668; train_loss2:0.892
sample number: 5810.0
sample number: 1623.0
sample number: 1623.0
epoch:77; train_fscore:55.98%; train_loss:2.0593; train_loss1:1.0249; train_loss2:1.0344
sample number: 5810.0
sample number: 1623.0
sample number: 1623.0
epoch:78; train_fscore:55.29%; train_loss:1.9531; train_loss1:1.0056; train_loss2:0.9474
sample number: 5810.0
sample number: 1623.0
sample number: 1623.0
epoch:79; train_fscore:56.60%; train_loss:1.9098; train_loss1:0.9916; train_loss2:0.9182
sample number: 5810.0
sample number: 1623.0
sample number: 1623.0
epoch:80; train_fscore:59.30%; train_loss:1.8555; train_loss1:0.9629; train_loss2:0.8926
sample number: 5810.0
sample number: 1623.0
sample number: 1623.0
epoch:81; train_fscore:59.07%; train_loss:1.8979; train_loss1:0.9438; train_loss2:0.954
sample number: 5810.0
sample number: 1623.0
sample number: 1623.0
epoch:82; train_fscore:59.56%; train_loss:1.9059; train_loss1:0.954; train_loss2:0.9519
sample number: 5810.0
sample number: 1623.0
sample number: 1623.0
epoch:83; train_fscore:59.92%; train_loss:1.8265; train_loss1:0.9369; train_loss2:0.8896
sample number: 5810.0
sample number: 1623.0
sample number: 1623.0
epoch:84; train_fscore:60.36%; train_loss:1.8867; train_loss1:0.9184; train_loss2:0.9682
sample number: 5810.0
sample number: 1623.0
sample number: 1623.0
epoch:85; train_fscore:60.86%; train_loss:1.9191; train_loss1:0.9109; train_loss2:1.0082
sample number: 5810.0
sample number: 1623.0
sample number: 1623.0
epoch:86; train_fscore:61.70%; train_loss:1.8255; train_loss1:0.9137; train_loss2:0.9118
sample number: 5810.0
sample number: 1623.0
sample number: 1623.0
epoch:87; train_fscore:61.25%; train_loss:1.8558; train_loss1:0.9119; train_loss2:0.944
sample number: 5810.0
sample number: 1623.0
sample number: 1623.0
epoch:88; train_fscore:62.51%; train_loss:1.8352; train_loss1:0.8815; train_loss2:0.9536
sample number: 5810.0
sample number: 1623.0
sample number: 1623.0
epoch:89; train_fscore:61.35%; train_loss:1.8431; train_loss1:0.935; train_loss2:0.9081
sample number: 5810.0
sample number: 1623.0
sample number: 1623.0
epoch:90; train_fscore:62.38%; train_loss:1.8459; train_loss1:0.899; train_loss2:0.9468
sample number: 5810.0
sample number: 1623.0
sample number: 1623.0
epoch:91; train_fscore:61.50%; train_loss:1.8778; train_loss1:0.9142; train_loss2:0.9635
sample number: 5810.0
sample number: 1623.0
sample number: 1623.0
epoch:92; train_fscore:62.07%; train_loss:1.8477; train_loss1:0.899; train_loss2:0.9486
sample number: 5810.0
sample number: 1623.0
sample number: 1623.0
epoch:93; train_fscore:64.61%; train_loss:1.7791; train_loss1:0.8567; train_loss2:0.9224
sample number: 5810.0
sample number: 1623.0
sample number: 1623.0
epoch:94; train_fscore:63.77%; train_loss:1.7379; train_loss1:0.8416; train_loss2:0.8963
sample number: 5810.0
sample number: 1623.0
sample number: 1623.0
epoch:95; train_fscore:66.67%; train_loss:1.7596; train_loss1:0.8059; train_loss2:0.9537
sample number: 5810.0
sample number: 1623.0
sample number: 1623.0
epoch:96; train_fscore:66.23%; train_loss:1.7018; train_loss1:0.8109; train_loss2:0.8908
sample number: 5810.0
sample number: 1623.0
sample number: 1623.0
epoch:97; train_fscore:67.80%; train_loss:1.7252; train_loss1:0.7893; train_loss2:0.9359
sample number: 5810.0
sample number: 1623.0
sample number: 1623.0
epoch:98; train_fscore:67.23%; train_loss:1.7191; train_loss1:0.7865; train_loss2:0.9326
sample number: 5810.0
sample number: 1623.0
sample number: 1623.0
epoch:99; train_fscore:66.91%; train_loss:1.7109; train_loss1:0.7807; train_loss2:0.9302
sample number: 5810.0
sample number: 1623.0
sample number: 1623.0
epoch:100; train_fscore:69.03%; train_loss:1.677; train_loss1:0.7525; train_loss2:0.9245
Step3: saving and testing on the 5 folder
>>>>> Finish: training on the 5 folder, duration: 432.74720072746277 >>>>>
====== Saving =======
SMOKE_ONLY=False
save results in /data2/yb/paper/experiments/second_graph_aggregation_iemocap6_20260825_phase_b/formal/ssma/miss_0p7/seed_70/fold_5/saved/iemocapsix_original_addition_secondagg_ssma_f5_s70_m0p7_1787706636.7589018.npz
