Namespace(allow_short_run=False, audio_feature='wav2vec-large-c-UTT', base_model='LSTM', batch_size=32, branch_fusion='addition', data_root='/data2/yb/paper/GCNet_TPAMI_modality_jepa_20260818/dataset/IEMOCAP', dataset='IEMOCAPSix', dropout=0.5, epochs=100, fold_index=5, graph_conv_variant='original', hidden=200, l2=1e-05, loss_recon=True, lower_bound=False, lr=0.001, mask_bank_root='/data2/yb/paper/experiments/mpfilm_iemocap6_20260824/mask_banks', mask_seed=66, mask_type='constant-0.2', n_classes=6, n_speakers=2, no_cuda=False, num_folder=5, num_threads=6, output_dir='/data2/yb/paper/experiments/second_graph_aggregation_iemocap6_20260825_phase_b/formal/rtdr/miss_0p2/seed_66/fold_5/saved', post_graph_context='bilstm', pre_graph_context='bilstm', reccls_flag=False, relation_track_routing='diagonal', second_graph_aggregation='add', seed=66, text_feature='deberta-large-4-UTT', time_attn=False, video_feature='manet_UTT', windowf=2, windowp=2)
====== Reading Data =======
audio dimension: 512; text dimension: 1024; video dimension: 1024
stage-aware mask bundle: sha256=c702a1a7070e21337e31518997ba7fcfa4fc0699d184b5909576608636aa099f requested=0.2000 realized=0.2019
====== Training and Evaluation =======
>>>>> Cross-validation: training on the 5 folder >>>>>
Step1: build model (each folder has its own model)
Model have 36419816 paramerters in total
Graph NN with LSTM as base model.
Step2: training (multiple epoches)
sample number: 5810.0
sample number: 1623.0
sample number: 1623.0
epoch:1; train_fscore:11.45%; train_loss:2.949; train_loss1:1.8006; train_loss2:1.1484
sample number: 5810.0
sample number: 1623.0
sample number: 1623.0
epoch:2; train_fscore:15.13%; train_loss:2.7916; train_loss1:1.7675; train_loss2:1.0241
sample number: 5810.0
sample number: 1623.0
sample number: 1623.0
epoch:3; train_fscore:21.89%; train_loss:2.5729; train_loss1:1.6764; train_loss2:0.8965
sample number: 5810.0
sample number: 1623.0
sample number: 1623.0
epoch:4; train_fscore:23.40%; train_loss:2.4383; train_loss1:1.5661; train_loss2:0.8722
sample number: 5810.0
sample number: 1623.0
sample number: 1623.0
epoch:5; train_fscore:19.10%; train_loss:2.5052; train_loss1:1.6497; train_loss2:0.8555
sample number: 5810.0
sample number: 1623.0
sample number: 1623.0
epoch:6; train_fscore:27.22%; train_loss:2.3862; train_loss1:1.6522; train_loss2:0.734
sample number: 5810.0
sample number: 1623.0
sample number: 1623.0
epoch:7; train_fscore:32.28%; train_loss:2.2336; train_loss1:1.4481; train_loss2:0.7855
sample number: 5810.0
sample number: 1623.0
sample number: 1623.0
epoch:8; train_fscore:36.86%; train_loss:2.0797; train_loss1:1.4214; train_loss2:0.6583
sample number: 5810.0
sample number: 1623.0
sample number: 1623.0
epoch:9; train_fscore:41.45%; train_loss:1.9672; train_loss1:1.3811; train_loss2:0.5861
sample number: 5810.0
sample number: 1623.0
sample number: 1623.0
epoch:10; train_fscore:39.71%; train_loss:1.788; train_loss1:1.2948; train_loss2:0.4932
sample number: 5810.0
sample number: 1623.0
sample number: 1623.0
epoch:11; train_fscore:44.65%; train_loss:1.6939; train_loss1:1.2896; train_loss2:0.4042
sample number: 5810.0
sample number: 1623.0
sample number: 1623.0
epoch:12; train_fscore:41.47%; train_loss:1.5929; train_loss1:1.2165; train_loss2:0.3764
sample number: 5810.0
sample number: 1623.0
sample number: 1623.0
epoch:13; train_fscore:46.84%; train_loss:1.5655; train_loss1:1.2121; train_loss2:0.3534
sample number: 5810.0
sample number: 1623.0
sample number: 1623.0
epoch:14; train_fscore:50.20%; train_loss:1.4718; train_loss1:1.1419; train_loss2:0.3299
sample number: 5810.0
sample number: 1623.0
sample number: 1623.0
epoch:15; train_fscore:50.43%; train_loss:1.468; train_loss1:1.1527; train_loss2:0.3152
sample number: 5810.0
sample number: 1623.0
sample number: 1623.0
epoch:16; train_fscore:49.82%; train_loss:1.4242; train_loss1:1.102; train_loss2:0.3223
sample number: 5810.0
sample number: 1623.0
sample number: 1623.0
epoch:17; train_fscore:50.58%; train_loss:1.3925; train_loss1:1.0683; train_loss2:0.3242
sample number: 5810.0
sample number: 1623.0
sample number: 1623.0
epoch:18; train_fscore:52.46%; train_loss:1.3468; train_loss1:1.0406; train_loss2:0.3062
sample number: 5810.0
sample number: 1623.0
sample number: 1623.0
epoch:19; train_fscore:53.89%; train_loss:1.3398; train_loss1:1.0295; train_loss2:0.3104
sample number: 5810.0
sample number: 1623.0
sample number: 1623.0
epoch:20; train_fscore:53.30%; train_loss:1.3205; train_loss1:1.022; train_loss2:0.2985
sample number: 5810.0
sample number: 1623.0
sample number: 1623.0
epoch:21; train_fscore:54.51%; train_loss:1.2692; train_loss1:0.9988; train_loss2:0.2703
sample number: 5810.0
sample number: 1623.0
sample number: 1623.0
epoch:22; train_fscore:55.02%; train_loss:1.3264; train_loss1:1.0315; train_loss2:0.2948
sample number: 5810.0
sample number: 1623.0
sample number: 1623.0
epoch:23; train_fscore:56.35%; train_loss:1.2949; train_loss1:0.987; train_loss2:0.3079
sample number: 5810.0
sample number: 1623.0
sample number: 1623.0
epoch:24; train_fscore:54.79%; train_loss:1.2773; train_loss1:0.9935; train_loss2:0.2838
sample number: 5810.0
sample number: 1623.0
sample number: 1623.0
epoch:25; train_fscore:56.91%; train_loss:1.2547; train_loss1:0.9651; train_loss2:0.2896
sample number: 5810.0
sample number: 1623.0
sample number: 1623.0
epoch:26; train_fscore:58.21%; train_loss:1.2437; train_loss1:0.9493; train_loss2:0.2944
sample number: 5810.0
sample number: 1623.0
sample number: 1623.0
epoch:27; train_fscore:59.11%; train_loss:1.2266; train_loss1:0.942; train_loss2:0.2847
sample number: 5810.0
sample number: 1623.0
sample number: 1623.0
epoch:28; train_fscore:59.12%; train_loss:1.2066; train_loss1:0.9359; train_loss2:0.2707
sample number: 5810.0
sample number: 1623.0
sample number: 1623.0
epoch:29; train_fscore:58.57%; train_loss:1.2026; train_loss1:0.9271; train_loss2:0.2755
sample number: 5810.0
sample number: 1623.0
sample number: 1623.0
epoch:30; train_fscore:60.76%; train_loss:1.1937; train_loss1:0.926; train_loss2:0.2677
sample number: 5810.0
sample number: 1623.0
sample number: 1623.0
epoch:31; train_fscore:61.26%; train_loss:1.1657; train_loss1:0.8929; train_loss2:0.2728
sample number: 5810.0
sample number: 1623.0
sample number: 1623.0
epoch:32; train_fscore:61.35%; train_loss:1.2404; train_loss1:0.89; train_loss2:0.3503
sample number: 5810.0
sample number: 1623.0
sample number: 1623.0
epoch:33; train_fscore:61.96%; train_loss:1.1369; train_loss1:0.8572; train_loss2:0.2798
sample number: 5810.0
sample number: 1623.0
sample number: 1623.0
epoch:34; train_fscore:64.86%; train_loss:1.1398; train_loss1:0.8462; train_loss2:0.2935
sample number: 5810.0
sample number: 1623.0
sample number: 1623.0
epoch:35; train_fscore:63.99%; train_loss:1.1771; train_loss1:0.862; train_loss2:0.3151
sample number: 5810.0
sample number: 1623.0
sample number: 1623.0
epoch:36; train_fscore:64.66%; train_loss:1.1177; train_loss1:0.8315; train_loss2:0.2862
sample number: 5810.0
sample number: 1623.0
sample number: 1623.0
epoch:37; train_fscore:64.38%; train_loss:1.1562; train_loss1:0.8467; train_loss2:0.3095
sample number: 5810.0
sample number: 1623.0
sample number: 1623.0
epoch:38; train_fscore:66.25%; train_loss:1.0748; train_loss1:0.8054; train_loss2:0.2694
sample number: 5810.0
sample number: 1623.0
sample number: 1623.0
epoch:39; train_fscore:66.42%; train_loss:1.0369; train_loss1:0.7915; train_loss2:0.2453
sample number: 5810.0
sample number: 1623.0
sample number: 1623.0
epoch:40; train_fscore:66.81%; train_loss:1.0689; train_loss1:0.7801; train_loss2:0.2889
sample number: 5810.0
sample number: 1623.0
sample number: 1623.0
epoch:41; train_fscore:67.67%; train_loss:1.1003; train_loss1:0.7775; train_loss2:0.3228
sample number: 5810.0
sample number: 1623.0
sample number: 1623.0
epoch:42; train_fscore:68.02%; train_loss:1.0691; train_loss1:0.7764; train_loss2:0.2928
sample number: 5810.0
sample number: 1623.0
sample number: 1623.0
epoch:43; train_fscore:68.72%; train_loss:1.0544; train_loss1:0.7607; train_loss2:0.2938
sample number: 5810.0
sample number: 1623.0
sample number: 1623.0
epoch:44; train_fscore:69.68%; train_loss:1.0096; train_loss1:0.7241; train_loss2:0.2855
sample number: 5810.0
sample number: 1623.0
sample number: 1623.0
epoch:45; train_fscore:72.39%; train_loss:0.9643; train_loss1:0.6941; train_loss2:0.2702
sample number: 5810.0
sample number: 1623.0
sample number: 1623.0
epoch:46; train_fscore:72.35%; train_loss:0.9714; train_loss1:0.6814; train_loss2:0.29
sample number: 5810.0
sample number: 1623.0
sample number: 1623.0
epoch:47; train_fscore:73.18%; train_loss:0.9305; train_loss1:0.6515; train_loss2:0.279
sample number: 5810.0
sample number: 1623.0
sample number: 1623.0
epoch:48; train_fscore:74.81%; train_loss:0.9163; train_loss1:0.6195; train_loss2:0.2968
sample number: 5810.0
sample number: 1623.0
sample number: 1623.0
epoch:49; train_fscore:73.85%; train_loss:0.9452; train_loss1:0.6494; train_loss2:0.2958
sample number: 5810.0
sample number: 1623.0
sample number: 1623.0
epoch:50; train_fscore:73.15%; train_loss:0.9794; train_loss1:0.6606; train_loss2:0.3189
sample number: 5810.0
sample number: 1623.0
sample number: 1623.0
epoch:51; train_fscore:75.40%; train_loss:0.9414; train_loss1:0.6194; train_loss2:0.322
sample number: 5810.0
sample number: 1623.0
sample number: 1623.0
epoch:52; train_fscore:75.77%; train_loss:0.9079; train_loss1:0.6016; train_loss2:0.3063
sample number: 5810.0
sample number: 1623.0
sample number: 1623.0
epoch:53; train_fscore:76.45%; train_loss:0.8763; train_loss1:0.5847; train_loss2:0.2917
sample number: 5810.0
sample number: 1623.0
sample number: 1623.0
epoch:54; train_fscore:75.62%; train_loss:0.8385; train_loss1:0.586; train_loss2:0.2526
sample number: 5810.0
sample number: 1623.0
sample number: 1623.0
epoch:55; train_fscore:77.48%; train_loss:0.8533; train_loss1:0.5685; train_loss2:0.2848
sample number: 5810.0
sample number: 1623.0
sample number: 1623.0
epoch:56; train_fscore:74.97%; train_loss:0.9028; train_loss1:0.5925; train_loss2:0.3103
sample number: 5810.0
sample number: 1623.0
sample number: 1623.0
epoch:57; train_fscore:77.24%; train_loss:0.8593; train_loss1:0.5795; train_loss2:0.2798
sample number: 5810.0
sample number: 1623.0
sample number: 1623.0
epoch:58; train_fscore:77.49%; train_loss:0.8307; train_loss1:0.5602; train_loss2:0.2705
sample number: 5810.0
sample number: 1623.0
sample number: 1623.0
epoch:59; train_fscore:76.78%; train_loss:0.8888; train_loss1:0.5835; train_loss2:0.3053
sample number: 5810.0
sample number: 1623.0
sample number: 1623.0
epoch:60; train_fscore:78.10%; train_loss:0.806; train_loss1:0.5446; train_loss2:0.2614
sample number: 5810.0
sample number: 1623.0
sample number: 1623.0
epoch:61; train_fscore:78.43%; train_loss:0.8218; train_loss1:0.5444; train_loss2:0.2775
sample number: 5810.0
sample number: 1623.0
sample number: 1623.0
epoch:62; train_fscore:80.57%; train_loss:0.7943; train_loss1:0.5105; train_loss2:0.2838
sample number: 5810.0
sample number: 1623.0
sample number: 1623.0
epoch:63; train_fscore:79.79%; train_loss:0.7747; train_loss1:0.5014; train_loss2:0.2733
sample number: 5810.0
sample number: 1623.0
sample number: 1623.0
epoch:64; train_fscore:80.96%; train_loss:0.7805; train_loss1:0.4901; train_loss2:0.2903
sample number: 5810.0
sample number: 1623.0
sample number: 1623.0
epoch:65; train_fscore:80.85%; train_loss:0.7628; train_loss1:0.4871; train_loss2:0.2757
sample number: 5810.0
sample number: 1623.0
sample number: 1623.0
epoch:66; train_fscore:81.77%; train_loss:0.7369; train_loss1:0.4654; train_loss2:0.2715
sample number: 5810.0
sample number: 1623.0
sample number: 1623.0
epoch:67; train_fscore:83.20%; train_loss:0.7373; train_loss1:0.4428; train_loss2:0.2945
sample number: 5810.0
sample number: 1623.0
sample number: 1623.0
epoch:68; train_fscore:82.29%; train_loss:0.7671; train_loss1:0.4558; train_loss2:0.3113
sample number: 5810.0
sample number: 1623.0
sample number: 1623.0
epoch:69; train_fscore:82.61%; train_loss:0.7119; train_loss1:0.4352; train_loss2:0.2767
sample number: 5810.0
sample number: 1623.0
sample number: 1623.0
epoch:70; train_fscore:82.39%; train_loss:0.7218; train_loss1:0.4489; train_loss2:0.2729
sample number: 5810.0
sample number: 1623.0
sample number: 1623.0
epoch:71; train_fscore:81.95%; train_loss:0.733; train_loss1:0.4518; train_loss2:0.2812
sample number: 5810.0
sample number: 1623.0
sample number: 1623.0
epoch:72; train_fscore:82.00%; train_loss:0.7507; train_loss1:0.4508; train_loss2:0.2998
sample number: 5810.0
sample number: 1623.0
sample number: 1623.0
epoch:73; train_fscore:82.55%; train_loss:0.7186; train_loss1:0.4226; train_loss2:0.296
sample number: 5810.0
sample number: 1623.0
sample number: 1623.0
epoch:74; train_fscore:82.97%; train_loss:0.7235; train_loss1:0.4378; train_loss2:0.2857
sample number: 5810.0
sample number: 1623.0
sample number: 1623.0
epoch:75; train_fscore:83.64%; train_loss:0.6746; train_loss1:0.4103; train_loss2:0.2643
sample number: 5810.0
sample number: 1623.0
sample number: 1623.0
epoch:76; train_fscore:83.46%; train_loss:0.6951; train_loss1:0.4165; train_loss2:0.2786
sample number: 5810.0
sample number: 1623.0
sample number: 1623.0
epoch:77; train_fscore:83.39%; train_loss:0.677; train_loss1:0.4149; train_loss2:0.2621
sample number: 5810.0
sample number: 1623.0
sample number: 1623.0
epoch:78; train_fscore:84.01%; train_loss:0.6702; train_loss1:0.4094; train_loss2:0.2608
sample number: 5810.0
sample number: 1623.0
sample number: 1623.0
epoch:79; train_fscore:84.11%; train_loss:0.649; train_loss1:0.391; train_loss2:0.2581
sample number: 5810.0
sample number: 1623.0
sample number: 1623.0
epoch:80; train_fscore:85.88%; train_loss:0.6064; train_loss1:0.3641; train_loss2:0.2424
sample number: 5810.0
sample number: 1623.0
sample number: 1623.0
epoch:81; train_fscore:85.08%; train_loss:0.6537; train_loss1:0.377; train_loss2:0.2767
sample number: 5810.0
sample number: 1623.0
sample number: 1623.0
epoch:82; train_fscore:85.67%; train_loss:0.6478; train_loss1:0.3674; train_loss2:0.2803
sample number: 5810.0
sample number: 1623.0
sample number: 1623.0
epoch:83; train_fscore:85.99%; train_loss:0.6066; train_loss1:0.3462; train_loss2:0.2604
sample number: 5810.0
sample number: 1623.0
sample number: 1623.0
epoch:84; train_fscore:86.58%; train_loss:0.6683; train_loss1:0.3602; train_loss2:0.3081
sample number: 5810.0
sample number: 1623.0
sample number: 1623.0
epoch:85; train_fscore:85.00%; train_loss:0.6587; train_loss1:0.3775; train_loss2:0.2812
sample number: 5810.0
sample number: 1623.0
sample number: 1623.0
epoch:86; train_fscore:85.29%; train_loss:0.6299; train_loss1:0.3735; train_loss2:0.2564
sample number: 5810.0
sample number: 1623.0
sample number: 1623.0
epoch:87; train_fscore:85.65%; train_loss:0.6431; train_loss1:0.3672; train_loss2:0.2759
sample number: 5810.0
sample number: 1623.0
sample number: 1623.0
epoch:88; train_fscore:86.45%; train_loss:0.6116; train_loss1:0.3335; train_loss2:0.278
sample number: 5810.0
sample number: 1623.0
sample number: 1623.0
epoch:89; train_fscore:87.17%; train_loss:0.5866; train_loss1:0.3263; train_loss2:0.2603
sample number: 5810.0
sample number: 1623.0
sample number: 1623.0
epoch:90; train_fscore:86.60%; train_loss:0.6356; train_loss1:0.3482; train_loss2:0.2874
sample number: 5810.0
sample number: 1623.0
sample number: 1623.0
epoch:91; train_fscore:86.04%; train_loss:0.6293; train_loss1:0.3428; train_loss2:0.2866
sample number: 5810.0
sample number: 1623.0
sample number: 1623.0
epoch:92; train_fscore:86.64%; train_loss:0.5808; train_loss1:0.3275; train_loss2:0.2532
sample number: 5810.0
sample number: 1623.0
sample number: 1623.0
epoch:93; train_fscore:87.40%; train_loss:0.5829; train_loss1:0.3145; train_loss2:0.2684
sample number: 5810.0
sample number: 1623.0
sample number: 1623.0
epoch:94; train_fscore:88.93%; train_loss:0.555; train_loss1:0.2857; train_loss2:0.2692
sample number: 5810.0
sample number: 1623.0
sample number: 1623.0
epoch:95; train_fscore:89.46%; train_loss:0.5349; train_loss1:0.2732; train_loss2:0.2617
sample number: 5810.0
sample number: 1623.0
sample number: 1623.0
epoch:96; train_fscore:90.10%; train_loss:0.5288; train_loss1:0.2588; train_loss2:0.27
sample number: 5810.0
sample number: 1623.0
sample number: 1623.0
epoch:97; train_fscore:90.08%; train_loss:0.5133; train_loss1:0.2459; train_loss2:0.2674
sample number: 5810.0
sample number: 1623.0
sample number: 1623.0
epoch:98; train_fscore:90.30%; train_loss:0.5252; train_loss1:0.2491; train_loss2:0.2762
sample number: 5810.0
sample number: 1623.0
sample number: 1623.0
epoch:99; train_fscore:90.28%; train_loss:0.5506; train_loss1:0.2455; train_loss2:0.3052
sample number: 5810.0
sample number: 1623.0
sample number: 1623.0
epoch:100; train_fscore:89.81%; train_loss:0.5108; train_loss1:0.2602; train_loss2:0.2506
Step3: saving and testing on the 5 folder
>>>>> Finish: training on the 5 folder, duration: 364.9558665752411 >>>>>
====== Saving =======
SMOKE_ONLY=False
save results in /data2/yb/paper/experiments/second_graph_aggregation_iemocap6_20260825_phase_b/formal/rtdr/miss_0p2/seed_66/fold_5/saved/iemocapsix_original_addition_relationtrack_diagonal_f5_s66_m0p2_1787700130.5928426.npz
