Namespace(allow_short_run=False, audio_feature='wav2vec-large-c-UTT', base_model='LSTM', batch_size=32, branch_fusion='addition', data_root='/data2/yb/paper/GCNet_TPAMI_modality_jepa_20260818/dataset/IEMOCAP', dataset='IEMOCAPSix', dropout=0.5, epochs=100, fold_index=5, graph_conv_variant='original', hidden=200, l2=1e-05, loss_recon=True, lower_bound=False, lr=0.001, mask_bank_root='/data2/yb/paper/experiments/mpfilm_iemocap6_20260824/mask_banks', mask_seed=66, mask_type='constant-0.7', n_classes=6, n_speakers=2, no_cuda=False, num_folder=5, num_threads=6, output_dir='/data2/yb/paper/experiments/second_graph_aggregation_iemocap6_20260825/formal/genagg/miss_0p7/seed_66/fold_5/saved', post_graph_context='bilstm', pre_graph_context='bilstm', reccls_flag=False, second_graph_aggregation='genagg', seed=66, text_feature='deberta-large-4-UTT', time_attn=False, video_feature='manet_UTT', windowf=2, windowp=2)
====== Reading Data =======
audio dimension: 512; text dimension: 1024; video dimension: 1024
stage-aware mask bundle: sha256=0c8d4f876b36101ae981c332b0ea9efd62e7a8868b677b3f04e413cbdbeb22e4 requested=0.7000 realized=0.6667
====== Training and Evaluation =======
>>>>> Cross-validation: training on the 5 folder >>>>>
Step1: build model (each folder has its own model)
Model have 36419934 paramerters in total
Graph NN with LSTM as base model.
Step2: training (multiple epoches)
sample number: 5810.0
sample number: 1623.0
sample number: 1623.0
epoch:1; train_fscore:13.60%; train_loss:5.9573; train_loss1:1.7814; train_loss2:3.7647
sample number: 5810.0
sample number: 1623.0
sample number: 1623.0
epoch:2; train_fscore:15.49%; train_loss:4.8768; train_loss1:1.9233; train_loss2:2.8084
sample number: 5810.0
sample number: 1623.0
sample number: 1623.0
epoch:3; train_fscore:15.19%; train_loss:4.1765; train_loss1:1.7644; train_loss2:2.3132
sample number: 5810.0
sample number: 1623.0
sample number: 1623.0
epoch:4; train_fscore:12.73%; train_loss:3.9655; train_loss1:1.7907; train_loss2:2.1065
sample number: 5810.0
sample number: 1623.0
sample number: 1623.0
epoch:5; train_fscore:14.16%; train_loss:3.723; train_loss1:1.7739; train_loss2:1.9005
sample number: 5810.0
sample number: 1623.0
sample number: 1623.0
epoch:6; train_fscore:16.58%; train_loss:3.0865; train_loss1:1.7608; train_loss2:1.2893
sample number: 5810.0
sample number: 1623.0
sample number: 1623.0
epoch:7; train_fscore:14.33%; train_loss:3.0483; train_loss1:1.7652; train_loss2:1.2535
sample number: 5810.0
sample number: 1623.0
sample number: 1623.0
epoch:8; train_fscore:17.08%; train_loss:2.9498; train_loss1:1.8003; train_loss2:1.1252
sample number: 5810.0
sample number: 1623.0
sample number: 1623.0
epoch:9; train_fscore:14.63%; train_loss:2.8962; train_loss1:1.7978; train_loss2:1.0776
sample number: 5810.0
sample number: 1623.0
sample number: 1623.0
epoch:10; train_fscore:14.39%; train_loss:2.8527; train_loss1:1.81; train_loss2:1.0247
sample number: 5810.0
sample number: 1623.0
sample number: 1623.0
epoch:11; train_fscore:16.09%; train_loss:2.8185; train_loss1:1.7668; train_loss2:1.0358
sample number: 5810.0
sample number: 1623.0
sample number: 1623.0
epoch:12; train_fscore:14.22%; train_loss:2.7061; train_loss1:1.7473; train_loss2:0.9445
sample number: 5810.0
sample number: 1623.0
sample number: 1623.0
epoch:13; train_fscore:12.50%; train_loss:2.7764; train_loss1:1.7767; train_loss2:0.9866
sample number: 5810.0
sample number: 1623.0
sample number: 1623.0
epoch:14; train_fscore:14.06%; train_loss:2.6962; train_loss1:1.743; train_loss2:0.9412
sample number: 5810.0
sample number: 1623.0
sample number: 1623.0
epoch:15; train_fscore:13.92%; train_loss:2.6987; train_loss1:1.7721; train_loss2:0.9155
sample number: 5810.0
sample number: 1623.0
sample number: 1623.0
epoch:16; train_fscore:14.46%; train_loss:2.755; train_loss1:1.7563; train_loss2:0.9883
sample number: 5810.0
sample number: 1623.0
sample number: 1623.0
epoch:17; train_fscore:14.53%; train_loss:2.8003; train_loss1:1.7551; train_loss2:1.0356
sample number: 5810.0
sample number: 1623.0
sample number: 1623.0
epoch:18; train_fscore:13.50%; train_loss:2.7515; train_loss1:1.7577; train_loss2:0.9848
sample number: 5810.0
sample number: 1623.0
sample number: 1623.0
epoch:19; train_fscore:14.63%; train_loss:2.7179; train_loss1:1.7336; train_loss2:0.9758
sample number: 5810.0
sample number: 1623.0
sample number: 1623.0
epoch:20; train_fscore:15.55%; train_loss:2.727; train_loss1:1.7621; train_loss2:0.9569
sample number: 5810.0
sample number: 1623.0
sample number: 1623.0
epoch:21; train_fscore:14.76%; train_loss:2.6699; train_loss1:1.7611; train_loss2:0.9013
sample number: 5810.0
sample number: 1623.0
sample number: 1623.0
epoch:22; train_fscore:14.65%; train_loss:2.7927; train_loss1:1.755; train_loss2:1.0305
sample number: 5810.0
sample number: 1623.0
sample number: 1623.0
epoch:23; train_fscore:14.36%; train_loss:2.7389; train_loss1:1.7399; train_loss2:0.9923
sample number: 5810.0
sample number: 1623.0
sample number: 1623.0
epoch:24; train_fscore:13.18%; train_loss:2.7493; train_loss1:1.7651; train_loss2:0.9778
sample number: 5810.0
sample number: 1623.0
sample number: 1623.0
epoch:25; train_fscore:8.46%; train_loss:2.7591; train_loss1:1.7528; train_loss2:1.0002
sample number: 5810.0
sample number: 1623.0
sample number: 1623.0
epoch:26; train_fscore:12.34%; train_loss:2.7319; train_loss1:1.7655; train_loss2:0.9606
sample number: 5810.0
sample number: 1623.0
sample number: 1623.0
epoch:27; train_fscore:13.43%; train_loss:2.6859; train_loss1:1.7534; train_loss2:0.927
sample number: 5810.0
sample number: 1623.0
sample number: 1623.0
epoch:28; train_fscore:14.94%; train_loss:2.6946; train_loss1:1.7371; train_loss2:0.9522
sample number: 5810.0
sample number: 1623.0
sample number: 1623.0
epoch:29; train_fscore:16.09%; train_loss:2.7011; train_loss1:1.7229; train_loss2:0.9732
sample number: 5810.0
sample number: 1623.0
sample number: 1623.0
epoch:30; train_fscore:15.71%; train_loss:2.5958; train_loss1:1.7256; train_loss2:0.8654
sample number: 5810.0
sample number: 1623.0
sample number: 1623.0
epoch:31; train_fscore:14.71%; train_loss:2.6964; train_loss1:1.7538; train_loss2:0.9375
sample number: 5810.0
sample number: 1623.0
sample number: 1623.0
epoch:32; train_fscore:13.65%; train_loss:2.7722; train_loss1:1.745; train_loss2:1.021
sample number: 5810.0
sample number: 1623.0
sample number: 1623.0
epoch:33; train_fscore:11.85%; train_loss:2.7198; train_loss1:1.7534; train_loss2:0.9609
sample number: 5810.0
sample number: 1623.0
sample number: 1623.0
epoch:34; train_fscore:13.29%; train_loss:2.7036; train_loss1:1.7482; train_loss2:0.9504
sample number: 5810.0
sample number: 1623.0
sample number: 1623.0
epoch:35; train_fscore:13.50%; train_loss:2.841; train_loss1:1.7454; train_loss2:1.0907
sample number: 5810.0
sample number: 1623.0
sample number: 1623.0
epoch:36; train_fscore:16.01%; train_loss:2.7412; train_loss1:1.7649; train_loss2:0.9714
sample number: 5810.0
sample number: 1623.0
sample number: 1623.0
epoch:37; train_fscore:23.01%; train_loss:2.6969; train_loss1:1.71; train_loss2:0.9823
sample number: 5810.0
sample number: 1623.0
sample number: 1623.0
epoch:38; train_fscore:23.83%; train_loss:2.6594; train_loss1:1.7076; train_loss2:0.9474
sample number: 5810.0
sample number: 1623.0
sample number: 1623.0
epoch:39; train_fscore:17.43%; train_loss:2.5501; train_loss1:1.704; train_loss2:0.8413
sample number: 5810.0
sample number: 1623.0
sample number: 1623.0
epoch:40; train_fscore:21.34%; train_loss:2.6151; train_loss1:1.6852; train_loss2:0.9253
sample number: 5810.0
sample number: 1623.0
sample number: 1623.0
epoch:41; train_fscore:21.70%; train_loss:2.7757; train_loss1:1.7028; train_loss2:1.0652
sample number: 5810.0
sample number: 1623.0
sample number: 1623.0
epoch:42; train_fscore:20.55%; train_loss:2.6398; train_loss1:1.7019; train_loss2:0.9183
sample number: 5810.0
sample number: 1623.0
sample number: 1623.0
epoch:43; train_fscore:23.73%; train_loss:2.7205; train_loss1:1.6955; train_loss2:1.0094
sample number: 5810.0
sample number: 1623.0
sample number: 1623.0
epoch:44; train_fscore:19.08%; train_loss:2.6487; train_loss1:1.6863; train_loss2:0.9488
sample number: 5810.0
sample number: 1623.0
sample number: 1623.0
epoch:45; train_fscore:22.79%; train_loss:2.6649; train_loss1:1.6952; train_loss2:0.9616
sample number: 5810.0
sample number: 1623.0
sample number: 1623.0
epoch:46; train_fscore:23.03%; train_loss:2.6296; train_loss1:1.6709; train_loss2:0.9517
sample number: 5810.0
sample number: 1623.0
sample number: 1623.0
epoch:47; train_fscore:23.81%; train_loss:2.6225; train_loss1:1.667; train_loss2:0.9492
sample number: 5810.0
sample number: 1623.0
sample number: 1623.0
epoch:48; train_fscore:25.39%; train_loss:2.6198; train_loss1:1.6586; train_loss2:0.9536
sample number: 5810.0
sample number: 1623.0
sample number: 1623.0
epoch:49; train_fscore:26.42%; train_loss:2.6739; train_loss1:1.6846; train_loss2:0.9762
sample number: 5810.0
sample number: 1623.0
sample number: 1623.0
epoch:50; train_fscore:20.43%; train_loss:2.744; train_loss1:1.6721; train_loss2:1.0509
sample number: 5810.0
sample number: 1623.0
sample number: 1623.0
epoch:51; train_fscore:21.12%; train_loss:2.6456; train_loss1:1.6499; train_loss2:0.972
sample number: 5810.0
sample number: 1623.0
sample number: 1623.0
epoch:52; train_fscore:26.03%; train_loss:2.5457; train_loss1:1.5322; train_loss2:0.9775
sample number: 5810.0
sample number: 1623.0
sample number: 1623.0
epoch:53; train_fscore:27.90%; train_loss:2.5558; train_loss1:1.5019; train_loss2:1.0178
sample number: 5810.0
sample number: 1623.0
sample number: 1623.0
epoch:54; train_fscore:26.94%; train_loss:2.4032; train_loss1:1.439; train_loss2:0.9308
sample number: 5810.0
sample number: 1623.0
sample number: 1623.0
epoch:55; train_fscore:33.95%; train_loss:2.3618; train_loss1:1.4204; train_loss2:0.9124
sample number: 5810.0
sample number: 1623.0
sample number: 1623.0
epoch:56; train_fscore:33.76%; train_loss:2.3226; train_loss1:1.3736; train_loss2:0.9248
sample number: 5810.0
sample number: 1623.0
sample number: 1623.0
epoch:57; train_fscore:38.13%; train_loss:2.3138; train_loss1:1.3581; train_loss2:0.9322
sample number: 5810.0
sample number: 1623.0
sample number: 1623.0
epoch:58; train_fscore:31.52%; train_loss:2.4001; train_loss1:1.4392; train_loss2:0.927
sample number: 5810.0
sample number: 1623.0
sample number: 1623.0
epoch:59; train_fscore:35.62%; train_loss:2.492; train_loss1:1.4312; train_loss2:1.0201
sample number: 5810.0
sample number: 1623.0
sample number: 1623.0
epoch:60; train_fscore:34.72%; train_loss:2.3557; train_loss1:1.3812; train_loss2:0.932
sample number: 5810.0
sample number: 1623.0
sample number: 1623.0
epoch:61; train_fscore:35.17%; train_loss:2.4039; train_loss1:1.3704; train_loss2:0.9992
sample number: 5810.0
sample number: 1623.0
sample number: 1623.0
epoch:62; train_fscore:39.92%; train_loss:2.3026; train_loss1:1.2961; train_loss2:0.9731
sample number: 5810.0
sample number: 1623.0
sample number: 1623.0
epoch:63; train_fscore:39.14%; train_loss:2.2523; train_loss1:1.3139; train_loss2:0.9108
sample number: 5810.0
sample number: 1623.0
sample number: 1623.0
epoch:64; train_fscore:42.15%; train_loss:2.2198; train_loss1:1.2925; train_loss2:0.9047
sample number: 5810.0
sample number: 1623.0
sample number: 1623.0
epoch:65; train_fscore:40.36%; train_loss:2.254; train_loss1:1.3029; train_loss2:0.9205
sample number: 5810.0
sample number: 1623.0
sample number: 1623.0
epoch:66; train_fscore:40.40%; train_loss:2.2021; train_loss1:1.2802; train_loss2:0.8932
sample number: 5810.0
sample number: 1623.0
sample number: 1623.0
epoch:67; train_fscore:44.13%; train_loss:2.2265; train_loss1:1.2267; train_loss2:0.9729
sample number: 5810.0
sample number: 1623.0
sample number: 1623.0
epoch:68; train_fscore:46.39%; train_loss:2.1199; train_loss1:1.2163; train_loss2:0.8798
sample number: 5810.0
sample number: 1623.0
sample number: 1623.0
epoch:69; train_fscore:46.36%; train_loss:2.1166; train_loss1:1.1697; train_loss2:0.9245
sample number: 5810.0
sample number: 1623.0
sample number: 1623.0
epoch:70; train_fscore:48.11%; train_loss:2.0877; train_loss1:1.1724; train_loss2:0.8928
sample number: 5810.0
sample number: 1623.0
sample number: 1623.0
epoch:71; train_fscore:49.28%; train_loss:2.1; train_loss1:1.163; train_loss2:0.9157
sample number: 5810.0
sample number: 1623.0
sample number: 1623.0
epoch:72; train_fscore:46.04%; train_loss:2.1576; train_loss1:1.1641; train_loss2:0.9727
sample number: 5810.0
sample number: 1623.0
sample number: 1623.0
epoch:73; train_fscore:50.56%; train_loss:2.0548; train_loss1:1.0877; train_loss2:0.9483
sample number: 5810.0
sample number: 1623.0
sample number: 1623.0
epoch:74; train_fscore:48.45%; train_loss:2.0813; train_loss1:1.1146; train_loss2:0.9483
sample number: 5810.0
sample number: 1623.0
sample number: 1623.0
epoch:75; train_fscore:49.47%; train_loss:2.0325; train_loss1:1.1048; train_loss2:0.9094
sample number: 5810.0
sample number: 1623.0
sample number: 1623.0
epoch:76; train_fscore:50.88%; train_loss:2.0885; train_loss1:1.1286; train_loss2:0.9411
sample number: 5810.0
sample number: 1623.0
sample number: 1623.0
epoch:77; train_fscore:48.29%; train_loss:2.088; train_loss1:1.1436; train_loss2:0.9267
sample number: 5810.0
sample number: 1623.0
sample number: 1623.0
epoch:78; train_fscore:50.23%; train_loss:2.083; train_loss1:1.1491; train_loss2:0.9158
sample number: 5810.0
sample number: 1623.0
sample number: 1623.0
epoch:79; train_fscore:49.50%; train_loss:2.0942; train_loss1:1.1804; train_loss2:0.8917
sample number: 5810.0
sample number: 1623.0
sample number: 1623.0
epoch:80; train_fscore:51.46%; train_loss:2.0071; train_loss1:1.0856; train_loss2:0.8899
sample number: 5810.0
sample number: 1623.0
sample number: 1623.0
epoch:81; train_fscore:51.74%; train_loss:2.0778; train_loss1:1.0866; train_loss2:0.9704
sample number: 5810.0
sample number: 1623.0
sample number: 1623.0
epoch:82; train_fscore:50.30%; train_loss:2.0874; train_loss1:1.0924; train_loss2:0.9681
sample number: 5810.0
sample number: 1623.0
sample number: 1623.0
epoch:83; train_fscore:51.49%; train_loss:2.0048; train_loss1:1.0898; train_loss2:0.8963
sample number: 5810.0
sample number: 1623.0
sample number: 1623.0
epoch:84; train_fscore:53.12%; train_loss:2.0448; train_loss1:1.0507; train_loss2:0.9779
sample number: 5810.0
sample number: 1623.0
sample number: 1623.0
epoch:85; train_fscore:54.99%; train_loss:1.9662; train_loss1:1.0306; train_loss2:0.9198
sample number: 5810.0
sample number: 1623.0
sample number: 1623.0
epoch:86; train_fscore:56.48%; train_loss:1.9458; train_loss1:0.9984; train_loss2:0.9321
sample number: 5810.0
sample number: 1623.0
sample number: 1623.0
epoch:87; train_fscore:54.41%; train_loss:1.9052; train_loss1:1.0035; train_loss2:0.8864
sample number: 5810.0
sample number: 1623.0
sample number: 1623.0
epoch:88; train_fscore:56.51%; train_loss:1.9309; train_loss1:0.9732; train_loss2:0.9439
sample number: 5810.0
sample number: 1623.0
sample number: 1623.0
epoch:89; train_fscore:55.84%; train_loss:1.9242; train_loss1:0.9976; train_loss2:0.9137
sample number: 5810.0
sample number: 1623.0
sample number: 1623.0
epoch:90; train_fscore:51.65%; train_loss:2.0022; train_loss1:1.0301; train_loss2:0.9599
sample number: 5810.0
sample number: 1623.0
sample number: 1623.0
epoch:91; train_fscore:54.16%; train_loss:1.9852; train_loss1:1.0245; train_loss2:0.9452
sample number: 5810.0
sample number: 1623.0
sample number: 1623.0
epoch:92; train_fscore:56.58%; train_loss:1.8827; train_loss1:0.9938; train_loss2:0.8749
sample number: 5810.0
sample number: 1623.0
sample number: 1623.0
epoch:93; train_fscore:55.98%; train_loss:1.9912; train_loss1:0.9896; train_loss2:0.9878
sample number: 5810.0
sample number: 1623.0
sample number: 1623.0
epoch:94; train_fscore:56.39%; train_loss:1.9224; train_loss1:0.9648; train_loss2:0.9431
sample number: 5810.0
sample number: 1623.0
sample number: 1623.0
epoch:95; train_fscore:59.32%; train_loss:1.7855; train_loss1:0.9341; train_loss2:0.8383
sample number: 5810.0
sample number: 1623.0
sample number: 1623.0
epoch:96; train_fscore:58.66%; train_loss:1.8857; train_loss1:0.9476; train_loss2:0.9262
sample number: 5810.0
sample number: 1623.0
sample number: 1623.0
epoch:97; train_fscore:60.18%; train_loss:1.8656; train_loss1:0.9067; train_loss2:0.9465
sample number: 5810.0
sample number: 1623.0
sample number: 1623.0
epoch:98; train_fscore:62.60%; train_loss:1.7963; train_loss1:0.8806; train_loss2:0.9022
sample number: 5810.0
sample number: 1623.0
sample number: 1623.0
epoch:99; train_fscore:61.49%; train_loss:1.9118; train_loss1:0.8926; train_loss2:1.0082
sample number: 5810.0
sample number: 1623.0
sample number: 1623.0
epoch:100; train_fscore:61.11%; train_loss:1.8074; train_loss1:0.9197; train_loss2:0.8758
Step3: saving and testing on the 5 folder
>>>>> Finish: training on the 5 folder, duration: 608.9644575119019 >>>>>
====== Saving =======
SMOKE_ONLY=False
save results in /data2/yb/paper/experiments/second_graph_aggregation_iemocap6_20260825/formal/genagg/miss_0p7/seed_66/fold_5/saved/iemocapsix_original_addition_secondagg_genagg_f5_s66_m0p7_1787675390.5340202.npz
